Archive member included because of file (symbol)

c:/program files (x86)/atmel/atmel toolchain/arm gcc/native/4.8.1443/arm-gnu-toolchain/bin/../lib/gcc/arm-none-eabi/4.8.4/armv6-m\libgcc.a(_udivsi3.o)
                              src/ASF/thirdparty/freertos/trace/trcBase.o (__aeabi_uidiv)
c:/program files (x86)/atmel/atmel toolchain/arm gcc/native/4.8.1443/arm-gnu-toolchain/bin/../lib/gcc/arm-none-eabi/4.8.4/armv6-m\libgcc.a(_dvmd_tls.o)
                              c:/program files (x86)/atmel/atmel toolchain/arm gcc/native/4.8.1443/arm-gnu-toolchain/bin/../lib/gcc/arm-none-eabi/4.8.4/armv6-m\libgcc.a(_udivsi3.o) (__aeabi_idiv0)
c:/program files (x86)/atmel/atmel toolchain/arm gcc/native/4.8.1443/arm-gnu-toolchain/bin/../lib/gcc/arm-none-eabi/4.8.4/armv6-m\libgcc.a(_muldi3.o)
                              src/ASF/sam0/drivers/sercom/sercom.o (__aeabi_lmul)
c:/program files (x86)/atmel/atmel toolchain/arm gcc/native/4.8.1443/arm-gnu-toolchain/bin/../lib/gcc/arm-none-eabi/4.8.4/armv6-m\libgcc.a(truncdfsf2.o)
                              src/ASF/thirdparty/freertos/trace/trcUser.o (__aeabi_d2f)
c:/program files (x86)/atmel/atmel toolchain/arm gcc/native/4.8.1443/arm-gnu-toolchain/bin/../lib/gcc/arm-none-eabi/4.8.4/../../../../arm-none-eabi/lib/armv6-m\libc.a(lib_a-exit.o)
                              c:/program files (x86)/atmel/atmel toolchain/arm gcc/native/4.8.1443/arm-gnu-toolchain/bin/../lib/gcc/arm-none-eabi/4.8.4/../../../../arm-none-eabi/lib/armv6-m/crt0.o (exit)
c:/program files (x86)/atmel/atmel toolchain/arm gcc/native/4.8.1443/arm-gnu-toolchain/bin/../lib/gcc/arm-none-eabi/4.8.4/../../../../arm-none-eabi/lib/armv6-m\libc.a(lib_a-impure.o)
                              c:/program files (x86)/atmel/atmel toolchain/arm gcc/native/4.8.1443/arm-gnu-toolchain/bin/../lib/gcc/arm-none-eabi/4.8.4/../../../../arm-none-eabi/lib/armv6-m\libc.a(lib_a-exit.o) (_global_impure_ptr)
c:/program files (x86)/atmel/atmel toolchain/arm gcc/native/4.8.1443/arm-gnu-toolchain/bin/../lib/gcc/arm-none-eabi/4.8.4/../../../../arm-none-eabi/lib/armv6-m\libc.a(lib_a-init.o)
                              c:/program files (x86)/atmel/atmel toolchain/arm gcc/native/4.8.1443/arm-gnu-toolchain/bin/../lib/gcc/arm-none-eabi/4.8.4/../../../../arm-none-eabi/lib/armv6-m/crt0.o (__libc_init_array)
c:/program files (x86)/atmel/atmel toolchain/arm gcc/native/4.8.1443/arm-gnu-toolchain/bin/../lib/gcc/arm-none-eabi/4.8.4/../../../../arm-none-eabi/lib/armv6-m\libc.a(lib_a-memcpy-stub.o)
                              src/ASF/sam0/drivers/sercom/sercom_interrupt.o (memcpy)
c:/program files (x86)/atmel/atmel toolchain/arm gcc/native/4.8.1443/arm-gnu-toolchain/bin/../lib/gcc/arm-none-eabi/4.8.4/../../../../arm-none-eabi/lib/armv6-m\libc.a(lib_a-memset.o)
                              c:/program files (x86)/atmel/atmel toolchain/arm gcc/native/4.8.1443/arm-gnu-toolchain/bin/../lib/gcc/arm-none-eabi/4.8.4/../../../../arm-none-eabi/lib/armv6-m/crt0.o (memset)
c:/program files (x86)/atmel/atmel toolchain/arm gcc/native/4.8.1443/arm-gnu-toolchain/bin/../lib/gcc/arm-none-eabi/4.8.4/../../../../arm-none-eabi/lib/armv6-m\libc.a(lib_a-printf.o)
                              src/ASF/sam0/utils/syscalls/gcc/syscalls.o (printf)
c:/program files (x86)/atmel/atmel toolchain/arm gcc/native/4.8.1443/arm-gnu-toolchain/bin/../lib/gcc/arm-none-eabi/4.8.4/../../../../arm-none-eabi/lib/armv6-m\libc.a(lib_a-strncmp.o)
                              src/ASF/thirdparty/freertos/trace/trcBase.o (strncmp)
c:/program files (x86)/atmel/atmel toolchain/arm gcc/native/4.8.1443/arm-gnu-toolchain/bin/../lib/gcc/arm-none-eabi/4.8.4/../../../../arm-none-eabi/lib/armv6-m\libc.a(lib_a-strncpy.o)
                              src/ASF/thirdparty/freertos/trace/trcBase.o (strncpy)
c:/program files (x86)/atmel/atmel toolchain/arm gcc/native/4.8.1443/arm-gnu-toolchain/bin/../lib/gcc/arm-none-eabi/4.8.4/../../../../arm-none-eabi/lib/armv6-m\libc.a(lib_a-vfprintf.o)
                              c:/program files (x86)/atmel/atmel toolchain/arm gcc/native/4.8.1443/arm-gnu-toolchain/bin/../lib/gcc/arm-none-eabi/4.8.4/../../../../arm-none-eabi/lib/armv6-m\libc.a(lib_a-printf.o) (_vfprintf_r)
c:/program files (x86)/atmel/atmel toolchain/arm gcc/native/4.8.1443/arm-gnu-toolchain/bin/../lib/gcc/arm-none-eabi/4.8.4/../../../../arm-none-eabi/lib/armv6-m\libc.a(lib_a-wsetup.o)
                              c:/program files (x86)/atmel/atmel toolchain/arm gcc/native/4.8.1443/arm-gnu-toolchain/bin/../lib/gcc/arm-none-eabi/4.8.4/../../../../arm-none-eabi/lib/armv6-m\libc.a(lib_a-vfprintf.o) (__swsetup_r)
c:/program files (x86)/atmel/atmel toolchain/arm gcc/native/4.8.1443/arm-gnu-toolchain/bin/../lib/gcc/arm-none-eabi/4.8.4/../../../../arm-none-eabi/lib/armv6-m\libc.a(lib_a-__call_atexit.o)
[...]
Memory Configuration

Name             Origin             Length             Attributes
rom              0x00000000         0x00040000         xr
ram              0x20000000         0x00008000         xrw
*default*        0x00000000         0xffffffff

Linker script and memory map

LOAD c:/program files (x86)/atmel/atmel toolchain/arm gcc/native/4.8.1443/arm-gnu-toolchain/bin/../lib/gcc/arm-none-eabi/4.8.4/armv6-m/crti.o
LOAD c:/program files (x86)/atmel/atmel toolchain/arm gcc/native/4.8.1443/arm-gnu-toolchain/bin/../lib/gcc/arm-none-eabi/4.8.4/armv6-m/crtbegin.o
LOAD c:/program files (x86)/atmel/atmel toolchain/arm gcc/native/4.8.1443/arm-gnu-toolchain/bin/../lib/gcc/arm-none-eabi/4.8.4/../../../../arm-none-eabi/lib/armv6-m/crt0.o
LOAD Bastian_freeRTOS-TRACE.o
LOAD src/ASF/sam0/drivers/sercom/sercom.o
LOAD src/Peripherals/bastian_sercom.o
LOAD src/ASF/sam0/drivers/sercom/sercom_interrupt.o
LOAD src/ASF/sam0/drivers/sercom/usart/usart.o
LOAD src/ASF/sam0/drivers/sercom/usart/usart_interrupt.o
LOAD src/ASF/thirdparty/freertos/freertos-8.0.1/Source/croutine.o
LOAD src/ASF/thirdparty/freertos/freertos-8.0.1/Source/event_groups.o
LOAD src/ASF/thirdparty/freertos/trace/trcBase.o
LOAD src/ASF/thirdparty/freertos/trace/trcHardwarePort.o
LOAD src/ASF/thirdparty/freertos/trace/trcKernel.o
LOAD src/ASF/thirdparty/freertos/trace/trcKernelPort.o
LOAD src/ASF/thirdparty/freertos/trace/trcUser.o
LOAD src/ASF/thirdparty/freertos/freertos-8.0.1/Source/list.o
LOAD src/ASF/thirdparty/freertos/freertos-8.0.1/Source/portable/GCC/ARM_CM0/port.o
LOAD src/ASF/thirdparty/freertos/freertos-8.0.1/Source/portable/MemMang/heap_1.o
LOAD src/ASF/thirdparty/freertos/freertos-8.0.1/Source/queue.o
LOAD src/ASF/thirdparty/freertos/freertos-8.0.1/Source/tasks.o
LOAD src/ASF/thirdparty/freertos/freertos-8.0.1/Source/timers.o
LOAD src/ASF/sam0/utils/cmsis/samd21/source/gcc/startup_samd21.o
LOAD src/ASF/sam0/utils/cmsis/samd21/source/system_samd21.o
LOAD src/ASF/sam0/utils/syscalls/gcc/syscalls.o
LOAD src/ASF/sam0/drivers/system/clock/clock_samd21_r21_da/clock.o
LOAD src/ASF/sam0/drivers/system/clock/clock_samd21_r21_da/gclk.o
LOAD src/ASF/sam0/drivers/system/interrupt/system_interrupt.o
LOAD src/ASF/sam0/drivers/system/system.o
LOAD src/ASF/common/utils/interrupt/interrupt_sam_nvic.o
LOAD src/ASF/sam0/drivers/port/port.o
LOAD src/ASF/sam0/drivers/system/pinmux/pinmux.o
START GROUP
LOAD ../src/ASF/thirdparty/CMSIS/Lib/GCC\libarm_cortexM0l_math.a
LOAD c:/program files (x86)/atmel/atmel toolchain/arm gcc/native/4.8.1443/arm-gnu-toolchain/bin/../lib/gcc/arm-none-eabi/4.8.4/../../../../arm-none-eabi/lib/armv6-m\libm.a
END GROUP
START GROUP
LOAD c:/program files (x86)/atmel/atmel toolchain/arm gcc/native/4.8.1443/arm-gnu-toolchain/bin/../lib/gcc/arm-none-eabi/4.8.4/armv6-m\libgcc.a
LOAD c:/program files (x86)/atmel/atmel toolchain/arm gcc/native/4.8.1443/arm-gnu-toolchain/bin/../lib/gcc/arm-none-eabi/4.8.4/../../../../arm-none-eabi/lib/armv6-m\libc.a
END GROUP
LOAD c:/program files (x86)/atmel/atmel toolchain/arm gcc/native/4.8.1443/arm-gnu-toolchain/bin/../lib/gcc/arm-none-eabi/4.8.4/armv6-m/crtend.o
LOAD c:/program files (x86)/atmel/atmel toolchain/arm gcc/native/4.8.1443/arm-gnu-toolchain/bin/../lib/gcc/arm-none-eabi/4.8.4/armv6-m/crtn.o
                0x00002000                STACK_SIZE = DEFINED (STACK_SIZE)?STACK_SIZE:DEFINED (__stack_size__)?__stack_size__:0x2000

.text           0x00000000     0x6b7c
                0x00000000                . = ALIGN (0x4)
                0x00000000                _sfixed = .
 *(.vectors .vectors.*)
 .vectors       0x00000000       0xb0 src/ASF/sam0/utils/cmsis/samd21/source/gcc/startup_samd21.o
                0x00000000                exception_table
 *(.text .text.* .gnu.linkonce.t.*)
 .text          0x000000b0       0x60 c:/program files (x86)/atmel/atmel toolchain/arm gcc/native/4.8.1443/arm-gnu-toolchain/bin/../lib/gcc/arm-none-eabi/4.8.4/armv6-m/crtbegin.o
 .text.irda_communication_task
                0x00000110      0x124 Bastian_freeRTOS-TRACE.o
                0x00000110                irda_communication_task
 .text.timer_irda_sync_callback
                0x00000234       0x38 Bastian_freeRTOS-TRACE.o
                0x00000234                timer_irda_sync_callback
 .text.timer_irda_ping_callback
                0x0000026c       0x74 Bastian_freeRTOS-TRACE.o
                0x0000026c                timer_irda_ping_callback
 .text.main     0x000002e0       0xf0 Bastian_freeRTOS-TRACE.o
                0x000002e0                main
 .text._sercom_get_sync_baud_val
                0x000003d0       0x28 src/ASF/sam0/drivers/sercom/sercom.o
                0x000003d0                _sercom_get_sync_baud_val
 .text._sercom_get_async_baud_val
                0x000003f8      0x1b0 src/ASF/sam0/drivers/sercom/sercom.o
                0x000003f8                _sercom_get_async_baud_val
 .text.sercom_set_gclk_generator
                0x000005a8       0x50 src/ASF/sam0/drivers/sercom/sercom.o
                0x000005a8                sercom_set_gclk_generator
 .text._sercom_get_default_pad
                0x000005f8      0x108 src/ASF/sam0/drivers/sercom/sercom.o
                0x000005f8                _sercom_get_default_pad
 .text._sercom_get_sercom_inst_index
                0x00000700       0x44 src/ASF/sam0/drivers/sercom/sercom.o
                0x00000700                _sercom_get_sercom_inst_index
 .text.irda_master_callback_transmitted
                0x00000744       0x8c src/Peripherals/bastian_sercom.o
 .text.irda_master_callback_received
                0x000007d0      0x124 src/Peripherals/bastian_sercom.o
 .text.bastian_IrDA_configuration
                0x000008f4       0xe4 src/Peripherals/bastian_sercom.o
                0x000008f4                bastian_IrDA_configuration
 .text._sercom_default_handler
                0x000009d8        0x4 src/ASF/sam0/drivers/sercom/sercom_interrupt.o
 .text._sercom_set_handler
                0x000009dc       0x3c src/ASF/sam0/drivers/sercom/sercom_interrupt.o
                0x000009dc                _sercom_set_handler
 .text._sercom_get_interrupt_vector
                0x00000a18       0x2c src/ASF/sam0/drivers/sercom/sercom_interrupt.o
                0x00000a18                _sercom_get_interrupt_vector
 .text.SERCOM0_Handler
                0x00000a44       0x10 src/ASF/sam0/drivers/sercom/sercom_interrupt.o
                0x00000a44                SERCOM0_Handler
 .text.SERCOM1_Handler
                0x00000a54       0x10 src/ASF/sam0/drivers/sercom/sercom_interrupt.o
                0x00000a54                SERCOM1_Handler
 .text.SERCOM2_Handler
                0x00000a64       0x10 src/ASF/sam0/drivers/sercom/sercom_interrupt.o
                0x00000a64                SERCOM2_Handler
 .text.SERCOM3_Handler
                0x00000a74       0x10 src/ASF/sam0/drivers/sercom/sercom_interrupt.o
                0x00000a74                SERCOM3_Handler
 .text.usart_init
                0x00000a84      0x2f8 src/ASF/sam0/drivers/sercom/usart/usart.o
                0x00000a84                usart_init
 .text._usart_write_buffer
                0x00000d7c       0x3c src/ASF/sam0/drivers/sercom/usart/usart_interrupt.o
                0x00000d7c                _usart_write_buffer
 .text._usart_read_buffer
                0x00000db8       0x50 src/ASF/sam0/drivers/sercom/usart/usart_interrupt.o
                0x00000db8                _usart_read_buffer
 .text.usart_register_callback
                0x00000e08       0x18 src/ASF/sam0/drivers/sercom/usart/usart_interrupt.o
                0x00000e08                usart_register_callback
 .text.usart_write_buffer_job
                0x00000e20       0x20 src/ASF/sam0/drivers/sercom/usart/usart_interrupt.o
                0x00000e20                usart_write_buffer_job
 .text.usart_read_buffer_job
                0x00000e40       0x20 src/ASF/sam0/drivers/sercom/usart/usart_interrupt.o
                0x00000e40                usart_read_buffer_job
 .text.usart_abort_job
                0x00000e60       0x20 src/ASF/sam0/drivers/sercom/usart/usart_interrupt.o
                0x00000e60                usart_abort_job
 .text._usart_interrupt_handler
                0x00000e80      0x19c src/ASF/sam0/drivers/sercom/usart/usart_interrupt.o
                0x00000e80                _usart_interrupt_handler
 .text.vTraceError
                0x0000101c       0x5c src/ASF/thirdparty/freertos/trace/trcBase.o
                0x0000101c                vTraceError
 .text.prvTraceInitTraceData
                0x00001078      0x1b0 src/ASF/thirdparty/freertos/trace/trcBase.o
                0x00001078                prvTraceInitTraceData
 .text.xTraceNextFreeEventBufferSlot
                0x00001228       0x40 src/ASF/thirdparty/freertos/trace/trcBase.o
                0x00001228                xTraceNextFreeEventBufferSlot
 .text.uiIndexOfObject
                0x00001268       0x54 src/ASF/thirdparty/freertos/trace/trcBase.o
                0x00001268                uiIndexOfObject
 .text.xTraceGetObjectHandle
                0x000012bc      0x154 src/ASF/thirdparty/freertos/trace/trcBase.o
                0x000012bc                xTraceGetObjectHandle
 .text.vTraceFreeObjectHandle
                0x00001410       0x70 src/ASF/thirdparty/freertos/trace/trcBase.o
                0x00001410                vTraceFreeObjectHandle
 .text.vTraceSetObjectName
                0x00001480       0x90 src/ASF/thirdparty/freertos/trace/trcBase.o
                0x00001480                vTraceSetObjectName
 .text.prvCheckDataToBeOverwrittenForMultiEntryEvents
                0x00001510       0xc0 src/ASF/thirdparty/freertos/trace/trcBase.o
                0x00001510                prvCheckDataToBeOverwrittenForMultiEntryEvents
 .text.prvTraceUpdateCounters
                0x000015d0       0x3c src/ASF/thirdparty/freertos/trace/trcBase.o
                0x000015d0                prvTraceUpdateCounters
 .text.prvTraceGetDTS
                0x0000160c      0x11c src/ASF/thirdparty/freertos/trace/trcBase.o
                0x0000160c                prvTraceGetDTS
 .text.prvTraceLookupSymbolTableEntry
                0x00001728       0xd0 src/ASF/thirdparty/freertos/trace/trcBase.o
                0x00001728                prvTraceLookupSymbolTableEntry
 .text.prvTraceCreateSymbolTableEntry
                0x000017f8       0xdc src/ASF/thirdparty/freertos/trace/trcBase.o
                0x000017f8                prvTraceCreateSymbolTableEntry
 .text.prvTraceGetChecksum
                0x000018d4       0x60 src/ASF/thirdparty/freertos/trace/trcBase.o
                0x000018d4                prvTraceGetChecksum
 .text.prvTraceOpenSymbol
                0x00001934       0x9c src/ASF/thirdparty/freertos/trace/trcBase.o
                0x00001934                prvTraceOpenSymbol
 .text.vTracePortGetTimeStamp
                0x000019d0       0x78 src/ASF/thirdparty/freertos/trace/trcHardwarePort.o
                0x000019d0                vTracePortGetTimeStamp
 .text.vTraceStoreTaskReady
                0x00001a48       0xb8 src/ASF/thirdparty/freertos/trace/trcKernel.o
                0x00001a48                vTraceStoreTaskReady
 .text.vTraceStoreKernelCall
                0x00001b00      0x104 src/ASF/thirdparty/freertos/trace/trcKernel.o
                0x00001b00                vTraceStoreKernelCall
 .text.vTraceStoreKernelCallWithParam
                0x00001c04      0x134 src/ASF/thirdparty/freertos/trace/trcKernel.o
                0x00001c04                vTraceStoreKernelCallWithParam
 .text.vTraceStoreKernelCallWithNumericParamOnly
                0x00001d38       0xf4 src/ASF/thirdparty/freertos/trace/trcKernel.o
                0x00001d38                vTraceStoreKernelCallWithNumericParamOnly
 .text.vTraceStoreObjectNameOnCloseEvent
                0x00001e2c       0x74 src/ASF/thirdparty/freertos/trace/trcKernel.o
                0x00001e2c                vTraceStoreObjectNameOnCloseEvent
 .text.vTraceStoreObjectPropertiesOnCloseEvent
                0x00001ea0       0x9c src/ASF/thirdparty/freertos/trace/trcKernel.o
                0x00001ea0                vTraceStoreObjectPropertiesOnCloseEvent
 .text.vTraceSetPriorityProperty
                0x00001f3c       0x58 src/ASF/thirdparty/freertos/trace/trcKernel.o
                0x00001f3c                vTraceSetPriorityProperty
 .text.uiTraceGetPriorityProperty
                0x00001f94       0x5c src/ASF/thirdparty/freertos/trace/trcKernel.o
                0x00001f94                uiTraceGetPriorityProperty
 .text.vTraceSetObjectState
                0x00001ff0       0x58 src/ASF/thirdparty/freertos/trace/trcKernel.o
                0x00001ff0                vTraceSetObjectState
 .text.uiTraceGetObjectState
                0x00002048       0x5c src/ASF/thirdparty/freertos/trace/trcKernel.o
                0x00002048                uiTraceGetObjectState
 .text.vTraceStoreTaskswitch
                0x000020a4       0xd0 src/ASF/thirdparty/freertos/trace/trcKernel.o
                0x000020a4                vTraceStoreTaskswitch
 .text.vTraceSetTaskInstanceFinished
                0x00002174       0x40 src/ASF/thirdparty/freertos/trace/trcKernel.o
                0x00002174                vTraceSetTaskInstanceFinished
 .text.prvTraceGetObjectNumber
                0x000021b4       0x10 src/ASF/thirdparty/freertos/trace/trcKernelPort.o
                0x000021b4                prvTraceGetObjectNumber
 .text.prvTraceGetObjectType
                0x000021c4        0xc src/ASF/thirdparty/freertos/trace/trcKernelPort.o
                0x000021c4                prvTraceGetObjectType
 .text.prvTraceGetTaskNumber
                0x000021d0       0x10 src/ASF/thirdparty/freertos/trace/trcKernelPort.o
                0x000021d0                prvTraceGetTaskNumber
 .text.prvTraceGetCurrentTaskHandle
                0x000021e0        0xc src/ASF/thirdparty/freertos/trace/trcKernelPort.o
                0x000021e0                prvTraceGetCurrentTaskHandle
 .text.vTraceInitObjectPropertyTable
                0x000021ec       0xb0 src/ASF/thirdparty/freertos/trace/trcKernelPort.o
                0x000021ec                vTraceInitObjectPropertyTable
 .text.vTraceInitObjectHandleStack
                0x0000229c       0x50 src/ASF/thirdparty/freertos/trace/trcKernelPort.o
                0x0000229c                vTraceInitObjectHandleStack
 .text.pszTraceGetErrorNotEnoughHandles
                0x000022ec       0x50 src/ASF/thirdparty/freertos/trace/trcKernelPort.o
                0x000022ec                pszTraceGetErrorNotEnoughHandles
 .text.uiTraceIsObjectExcluded
                0x0000233c       0xdc src/ASF/thirdparty/freertos/trace/trcKernelPort.o
                0x0000233c                uiTraceIsObjectExcluded
 .text.writeInt32
                0x00002418       0x50 src/ASF/thirdparty/freertos/trace/trcUser.o
 .text.writeInt16
                0x00002468       0x50 src/ASF/thirdparty/freertos/trace/trcUser.o
 .text.vTraceInitTraceData
                0x000024b8        0xc src/ASF/thirdparty/freertos/trace/trcUser.o
                0x000024b8                vTraceInitTraceData
 .text.uiTraceStart
                0x000024c4       0xb0 src/ASF/thirdparty/freertos/trace/trcUser.o
                0x000024c4                uiTraceStart
 .text.xTraceOpenLabel
                0x00002574       0x24 src/ASF/thirdparty/freertos/trace/trcUser.o
                0x00002574                xTraceOpenLabel
 .text.vTracePrintF_Helper
                0x00002598      0x3b8 src/ASF/thirdparty/freertos/trace/trcUser.o
                0x00002598                vTracePrintF_Helper
 .text.vTracePrintF
                0x00002950       0x20 src/ASF/thirdparty/freertos/trace/trcUser.o
                0x00002950                vTracePrintF
 .text.vListInitialise
                0x00002970       0x18 src/ASF/thirdparty/freertos/freertos-8.0.1/Source/list.o
                0x00002970                vListInitialise
 .text.vListInitialiseItem
                0x00002988        0x8 src/ASF/thirdparty/freertos/freertos-8.0.1/Source/list.o
                0x00002988                vListInitialiseItem
 .text.vListInsertEnd
                0x00002990       0x18 src/ASF/thirdparty/freertos/freertos-8.0.1/Source/list.o
                0x00002990                vListInsertEnd
 .text.vListInsert
                0x000029a8       0x30 src/ASF/thirdparty/freertos/freertos-8.0.1/Source/list.o
                0x000029a8                vListInsert
 .text.uxListRemove
                0x000029d8       0x24 src/ASF/thirdparty/freertos/freertos-8.0.1/Source/list.o
                0x000029d8                uxListRemove
 .text.prvTaskExitError
                0x000029fc       0x14 src/ASF/thirdparty/freertos/freertos-8.0.1/Source/portable/GCC/ARM_CM0/port.o
 .text.vPortStartFirstTask
                0x00002a10       0x20 src/ASF/thirdparty/freertos/freertos-8.0.1/Source/portable/GCC/ARM_CM0/port.o
 .text.pxPortInitialiseStack
                0x00002a30       0x20 src/ASF/thirdparty/freertos/freertos-8.0.1/Source/portable/GCC/ARM_CM0/port.o
                0x00002a30                pxPortInitialiseStack
 .text.SVC_Handler
                0x00002a50        0x4 src/ASF/thirdparty/freertos/freertos-8.0.1/Source/portable/GCC/ARM_CM0/port.o
                0x00002a50                SVC_Handler
 .text.vPortYield
                0x00002a54       0x18 src/ASF/thirdparty/freertos/freertos-8.0.1/Source/portable/GCC/ARM_CM0/port.o
                0x00002a54                vPortYield
 .text.vPortEnterCritical
                0x00002a6c       0x18 src/ASF/thirdparty/freertos/freertos-8.0.1/Source/portable/GCC/ARM_CM0/port.o
                0x00002a6c                vPortEnterCritical
 .text.vPortExitCritical
                0x00002a84       0x20 src/ASF/thirdparty/freertos/freertos-8.0.1/Source/portable/GCC/ARM_CM0/port.o
                0x00002a84                vPortExitCritical
 .text.ulSetInterruptMaskFromISR
                0x00002aa4        0xc src/ASF/thirdparty/freertos/freertos-8.0.1/Source/portable/GCC/ARM_CM0/port.o
                0x00002aa4                ulSetInterruptMaskFromISR
 .text.vClearInterruptMaskFromISR
                0x00002ab0        0x8 src/ASF/thirdparty/freertos/freertos-8.0.1/Source/portable/GCC/ARM_CM0/port.o
                0x00002ab0                vClearInterruptMaskFromISR
 .text.PendSV_Handler
                0x00002ab8       0x44 src/ASF/thirdparty/freertos/freertos-8.0.1/Source/portable/GCC/ARM_CM0/port.o
                0x00002ab8                PendSV_Handler
 .text.SysTick_Handler
                0x00002afc       0x30 src/ASF/thirdparty/freertos/freertos-8.0.1/Source/portable/GCC/ARM_CM0/port.o
                0x00002afc                SysTick_Handler
 .text.vPortSetupTimerInterrupt
                0x00002b2c       0x24 src/ASF/thirdparty/freertos/freertos-8.0.1/Source/portable/GCC/ARM_CM0/port.o
                0x00002b2c                vPortSetupTimerInterrupt
 .text.xPortStartScheduler
                0x00002b50       0x40 src/ASF/thirdparty/freertos/freertos-8.0.1/Source/portable/GCC/ARM_CM0/port.o
                0x00002b50                xPortStartScheduler
 .text.pvPortMalloc
                0x00002b90       0x64 src/ASF/thirdparty/freertos/freertos-8.0.1/Source/portable/MemMang/heap_1.o
                0x00002b90                pvPortMalloc
 .text.vPortFree
                0x00002bf4        0xc src/ASF/thirdparty/freertos/freertos-8.0.1/Source/portable/MemMang/heap_1.o
                0x00002bf4                vPortFree
 .text.prvCopyDataToQueue
                0x00002c00       0x78 src/ASF/thirdparty/freertos/freertos-8.0.1/Source/queue.o
 .text.prvNotifyQueueSetContainer
                0x00002c78       0xc8 src/ASF/thirdparty/freertos/freertos-8.0.1/Source/queue.o
 .text.prvCopyDataFromQueue
                0x00002d40       0x28 src/ASF/thirdparty/freertos/freertos-8.0.1/Source/queue.o
 .text.prvUnlockQueue
                0x00002d68       0xa8 src/ASF/thirdparty/freertos/freertos-8.0.1/Source/queue.o
 .text.xQueueGenericReset
                0x00002e10       0x78 src/ASF/thirdparty/freertos/freertos-8.0.1/Source/queue.o
                0x00002e10                xQueueGenericReset
 .text.xQueueGenericCreate
                0x00002e88       0xd4 src/ASF/thirdparty/freertos/freertos-8.0.1/Source/queue.o
                0x00002e88                xQueueGenericCreate
 .text.xQueueGenericSend
                0x00002f5c      0x250 src/ASF/thirdparty/freertos/freertos-8.0.1/Source/queue.o
                0x00002f5c                xQueueGenericSend
 .text.xQueueGenericSendFromISR
                0x000031ac      0x15c src/ASF/thirdparty/freertos/freertos-8.0.1/Source/queue.o
                0x000031ac                xQueueGenericSendFromISR
 .text.xQueueGenericReceive
                0x00003308      0x2c0 src/ASF/thirdparty/freertos/freertos-8.0.1/Source/queue.o
                0x00003308                xQueueGenericReceive
 .text.uxQueueGetQueueNumber
                0x000035c8        0x4 src/ASF/thirdparty/freertos/freertos-8.0.1/Source/queue.o
                0x000035c8                uxQueueGetQueueNumber
 .text.ucQueueGetQueueType
                0x000035cc        0x8 src/ASF/thirdparty/freertos/freertos-8.0.1/Source/queue.o
                0x000035cc                ucQueueGetQueueType
 .text.vQueueWaitForMessageRestricted
                0x000035d4       0x4c src/ASF/thirdparty/freertos/freertos-8.0.1/Source/queue.o
                0x000035d4                vQueueWaitForMessageRestricted
 .text.prvTaskIsTaskSuspended
                0x00003620       0x2c src/ASF/thirdparty/freertos/freertos-8.0.1/Source/tasks.o
 .text.prvResetNextTaskUnblockTime
                0x0000364c       0x2c src/ASF/thirdparty/freertos/freertos-8.0.1/Source/tasks.o
 .text.prvAddCurrentTaskToDelayedList
                0x00003678       0x44 src/ASF/thirdparty/freertos/freertos-8.0.1/Source/tasks.o
 .text.xTaskGenericCreate
                0x000036bc      0x24c src/ASF/thirdparty/freertos/freertos-8.0.1/Source/tasks.o
                0x000036bc                xTaskGenericCreate
 .text.vTaskResume
                0x00003908       0xa4 src/ASF/thirdparty/freertos/freertos-8.0.1/Source/tasks.o
                0x00003908                vTaskResume
 .text.xTaskResumeFromISR
                0x000039ac       0xb4 src/ASF/thirdparty/freertos/freertos-8.0.1/Source/tasks.o
                0x000039ac                xTaskResumeFromISR
 .text.vTaskStartScheduler
                0x00003a60       0x60 src/ASF/thirdparty/freertos/freertos-8.0.1/Source/tasks.o
                0x00003a60                vTaskStartScheduler
 .text.vTaskSuspendAll
                0x00003ac0       0x10 src/ASF/thirdparty/freertos/freertos-8.0.1/Source/tasks.o
                0x00003ac0                vTaskSuspendAll
 .text.xTaskGetTickCount
                0x00003ad0       0x20 src/ASF/thirdparty/freertos/freertos-8.0.1/Source/tasks.o
                0x00003ad0                xTaskGetTickCount
 .text.xTaskGetTickCountFromISR
                0x00003af0       0x20 src/ASF/thirdparty/freertos/freertos-8.0.1/Source/tasks.o
                0x00003af0                xTaskGetTickCountFromISR
 .text.xTaskIncrementTick
                0x00003b10      0x14c src/ASF/thirdparty/freertos/freertos-8.0.1/Source/tasks.o
                0x00003b10                xTaskIncrementTick
 .text.xTaskResumeAll
                0x00003c5c       0xfc src/ASF/thirdparty/freertos/freertos-8.0.1/Source/tasks.o
                0x00003c5c                xTaskResumeAll
 .text.prvIdleTask
                0x00003d58       0x7c src/ASF/thirdparty/freertos/freertos-8.0.1/Source/tasks.o
 .text.vTaskSwitchContext
                0x00003dd4       0xa8 src/ASF/thirdparty/freertos/freertos-8.0.1/Source/tasks.o
                0x00003dd4                vTaskSwitchContext
 .text.vTaskSuspend
                0x00003e7c       0xcc src/ASF/thirdparty/freertos/freertos-8.0.1/Source/tasks.o
                0x00003e7c                vTaskSuspend
 .text.vTaskPlaceOnEventList
                0x00003f48       0x50 src/ASF/thirdparty/freertos/freertos-8.0.1/Source/tasks.o
                0x00003f48                vTaskPlaceOnEventList
 .text.vTaskPlaceOnEventListRestricted
                0x00003f98       0x64 src/ASF/thirdparty/freertos/freertos-8.0.1/Source/tasks.o
                0x00003f98                vTaskPlaceOnEventListRestricted
 .text.xTaskRemoveFromEventList
                0x00003ffc       0x90 src/ASF/thirdparty/freertos/freertos-8.0.1/Source/tasks.o
                0x00003ffc                xTaskRemoveFromEventList
 .text.vTaskSetTimeOutState
                0x0000408c       0x20 src/ASF/thirdparty/freertos/freertos-8.0.1/Source/tasks.o
                0x0000408c                vTaskSetTimeOutState
 .text.xTaskCheckForTimeOut
                0x000040ac       0x70 src/ASF/thirdparty/freertos/freertos-8.0.1/Source/tasks.o
                0x000040ac                xTaskCheckForTimeOut
 .text.vTaskMissedYield
                0x0000411c        0xc src/ASF/thirdparty/freertos/freertos-8.0.1/Source/tasks.o
                0x0000411c                vTaskMissedYield
 .text.uxTaskGetTaskNumber
                0x00004128        0xc src/ASF/thirdparty/freertos/freertos-8.0.1/Source/tasks.o
                0x00004128                uxTaskGetTaskNumber
 .text.xTaskGetCurrentTaskHandle
                0x00004134        0xc src/ASF/thirdparty/freertos/freertos-8.0.1/Source/tasks.o
                0x00004134                xTaskGetCurrentTaskHandle
 .text.xTaskGetSchedulerState
                0x00004140       0x1c src/ASF/thirdparty/freertos/freertos-8.0.1/Source/tasks.o
                0x00004140                xTaskGetSchedulerState
 .text.vTaskPriorityInherit
                0x0000415c       0xd4 src/ASF/thirdparty/freertos/freertos-8.0.1/Source/tasks.o
                0x0000415c                vTaskPriorityInherit
 .text.vTaskPriorityDisinherit
                0x00004230       0xa8 src/ASF/thirdparty/freertos/freertos-8.0.1/Source/tasks.o
                0x00004230                vTaskPriorityDisinherit
 .text.prvInsertTimerInActiveList
                0x000042d8       0x44 src/ASF/thirdparty/freertos/freertos-8.0.1/Source/timers.o
 .text.prvCheckForValidListAndQueue
                0x0000431c       0x58 src/ASF/thirdparty/freertos/freertos-8.0.1/Source/timers.o
 .text.xTimerCreateTimerTask
                0x00004374       0x4c src/ASF/thirdparty/freertos/freertos-8.0.1/Source/timers.o
                0x00004374                xTimerCreateTimerTask
 .text.xTimerCreate
                0x000043c0       0x90 src/ASF/thirdparty/freertos/freertos-8.0.1/Source/timers.o
                0x000043c0                xTimerCreate
 .text.xTimerGenericCommand
                0x00004450       0xf4 src/ASF/thirdparty/freertos/freertos-8.0.1/Source/timers.o
                0x00004450                xTimerGenericCommand
 .text.prvSampleTimeNow
                0x00004544       0xb4 src/ASF/thirdparty/freertos/freertos-8.0.1/Source/timers.o
 .text.prvTimerTask
                0x000045f8      0x174 src/ASF/thirdparty/freertos/freertos-8.0.1/Source/timers.o
 .text.Dummy_Handler
                0x0000476c        0x4 src/ASF/sam0/utils/cmsis/samd21/source/gcc/startup_samd21.o
                0x0000476c                DMAC_Handler
                0x0000476c                HardFault_Handler
                0x0000476c                AC_Handler
                0x0000476c                NMI_Handler
                0x0000476c                ADC_Handler
                0x0000476c                TCC1_Handler
                0x0000476c                TCC0_Handler
                0x0000476c                RTC_Handler
                0x0000476c                EIC_Handler
                0x0000476c                WDT_Handler
                0x0000476c                TC4_Handler
                0x0000476c                USB_Handler
                0x0000476c                TC3_Handler
                0x0000476c                Dummy_Handler
                0x0000476c                PM_Handler
                0x0000476c                TCC2_Handler
                0x0000476c                EVSYS_Handler
                0x0000476c                I2S_Handler
                0x0000476c                NVMCTRL_Handler
                0x0000476c                DAC_Handler
                0x0000476c                PTC_Handler
                0x0000476c                TC5_Handler
                0x0000476c                SYSCTRL_Handler
 .text.Reset_Handler
                0x00004770       0xec src/ASF/sam0/utils/cmsis/samd21/source/gcc/startup_samd21.o
                0x00004770                Reset_Handler
 .text.system_clock_source_get_hz
                0x0000485c       0x90 src/ASF/sam0/drivers/system/clock/clock_samd21_r21_da/clock.o
                0x0000485c                system_clock_source_get_hz
 .text.system_clock_source_osc8m_set_config
                0x000048ec       0x3c src/ASF/sam0/drivers/system/clock/clock_samd21_r21_da/clock.o
                0x000048ec                system_clock_source_osc8m_set_config
 .text.system_clock_source_xosc32k_set_config
                0x00004928       0xb4 src/ASF/sam0/drivers/system/clock/clock_samd21_r21_da/clock.o
                0x00004928                system_clock_source_xosc32k_set_config
 .text.system_clock_source_dpll_set_config
                0x000049dc       0xa0 src/ASF/sam0/drivers/system/clock/clock_samd21_r21_da/clock.o
                0x000049dc                system_clock_source_dpll_set_config
 .text.system_clock_source_enable
                0x00004a7c       0xa8 src/ASF/sam0/drivers/system/clock/clock_samd21_r21_da/clock.o
                0x00004a7c                system_clock_source_enable
 .text.system_clock_source_disable
                0x00004b24       0x7c src/ASF/sam0/drivers/system/clock/clock_samd21_r21_da/clock.o
                0x00004b24                system_clock_source_disable
 .text.system_clock_source_is_ready
                0x00004ba0       0x54 src/ASF/sam0/drivers/system/clock/clock_samd21_r21_da/clock.o
                0x00004ba0                system_clock_source_is_ready
 .text.system_clock_init
                0x00004bf4      0x144 src/ASF/sam0/drivers/system/clock/clock_samd21_r21_da/clock.o
                0x00004bf4                system_clock_init
 .text.system_gclk_init
                0x00004d38       0x24 src/ASF/sam0/drivers/system/clock/clock_samd21_r21_da/gclk.o
                0x00004d38                system_gclk_init
 .text.system_gclk_gen_set_config
                0x00004d5c       0xb4 src/ASF/sam0/drivers/system/clock/clock_samd21_r21_da/gclk.o
                0x00004d5c                system_gclk_gen_set_config
 .text.system_gclk_gen_enable
                0x00004e10       0x44 src/ASF/sam0/drivers/system/clock/clock_samd21_r21_da/gclk.o
                0x00004e10                system_gclk_gen_enable
 .text.system_gclk_gen_get_hz
                0x00004e54       0x8c src/ASF/sam0/drivers/system/clock/clock_samd21_r21_da/gclk.o
                0x00004e54                system_gclk_gen_get_hz
 .text.system_gclk_chan_enable
                0x00004ee0       0x30 src/ASF/sam0/drivers/system/clock/clock_samd21_r21_da/gclk.o
                0x00004ee0                system_gclk_chan_enable
 .text.system_gclk_chan_disable
                0x00004f10       0x5c src/ASF/sam0/drivers/system/clock/clock_samd21_r21_da/gclk.o
                0x00004f10                system_gclk_chan_disable
 .text.system_gclk_chan_set_config
                0x00004f6c       0x1c src/ASF/sam0/drivers/system/clock/clock_samd21_r21_da/gclk.o
                0x00004f6c                system_gclk_chan_set_config
 .text.system_gclk_chan_get_hz
                0x00004f88       0x34 src/ASF/sam0/drivers/system/clock/clock_samd21_r21_da/gclk.o
                0x00004f88                system_gclk_chan_get_hz
 .text._system_dummy_init
                0x00004fbc        0x4 src/ASF/sam0/drivers/system/system.o
                0x00004fbc                _system_extint_init
                0x00004fbc                system_board_init
                0x00004fbc                _system_events_init
                0x00004fbc                _system_dummy_init
                0x00004fbc                _system_divas_init
 .text.system_init
                0x00004fc0       0x2c src/ASF/sam0/drivers/system/system.o
                0x00004fc0                system_init
 .text.cpu_irq_enter_critical
                0x00004fec       0x3c src/ASF/common/utils/interrupt/interrupt_sam_nvic.o
                0x00004fec                cpu_irq_enter_critical
 .text.cpu_irq_leave_critical
                0x00005028       0x2c src/ASF/common/utils/interrupt/interrupt_sam_nvic.o
                0x00005028                cpu_irq_leave_critical
 .text.port_pin_set_config
                0x00005054       0x24 src/ASF/sam0/drivers/port/port.o
                0x00005054                port_pin_set_config
 .text._system_pinmux_config
                0x00005078       0x8c src/ASF/sam0/drivers/system/pinmux/pinmux.o
 .text.system_pinmux_pin_set_config
                0x00005104       0x2c src/ASF/sam0/drivers/system/pinmux/pinmux.o
                0x00005104                system_pinmux_pin_set_config
 .text          0x00005130       0x9c c:/program files (x86)/atmel/atmel toolchain/arm gcc/native/4.8.1443/arm-gnu-toolchain/bin/../lib/gcc/arm-none-eabi/4.8.4/armv6-m\libgcc.a(_udivsi3.o)
                0x00005130                __aeabi_uidiv
                0x00005130                __udivsi3
                0x000051b8                __aeabi_uidivmod
 .text          0x000051cc        0x4 c:/program files (x86)/atmel/atmel toolchain/arm gcc/native/4.8.1443/arm-gnu-toolchain/bin/../lib/gcc/arm-none-eabi/4.8.4/armv6-m\libgcc.a(_dvmd_tls.o)
                0x000051cc                __aeabi_idiv0
                0x000051cc                __aeabi_ldiv0
 .text          0x000051d0       0x44 c:/program files (x86)/atmel/atmel toolchain/arm gcc/native/4.8.1443/arm-gnu-toolchain/bin/../lib/gcc/arm-none-eabi/4.8.4/armv6-m\libgcc.a(_muldi3.o)
                0x000051d0                __muldi3
                0x000051d0                __aeabi_lmul
 .text          0x00005214      0x118 c:/program files (x86)/atmel/atmel toolchain/arm gcc/native/4.8.1443/arm-gnu-toolchain/bin/../lib/gcc/arm-none-eabi/4.8.4/armv6-m\libgcc.a(truncdfsf2.o)
                0x00005214                __aeabi_d2f
 .text.__libc_init_array
                0x0000532c       0x48 c:/program files (x86)/atmel/atmel toolchain/arm gcc/native/4.8.1443/arm-gnu-toolchain/bin/../lib/gcc/arm-none-eabi/4.8.4/../../../../arm-none-eabi/lib/armv6-m\libc.a(lib_a-init.o)
                0x0000532c                __libc_init_array
 .text.memcpy   0x00005374       0x84 c:/program files (x86)/atmel/atmel toolchain/arm gcc/native/4.8.1443/arm-gnu-toolchain/bin/../lib/gcc/arm-none-eabi/4.8.4/../../../../arm-none-eabi/lib/armv6-m\libc.a(lib_a-memcpy-stub.o)
                0x00005374                memcpy
 .text.memset   0x000053f8       0x9c c:/program files (x86)/atmel/atmel toolchain/arm gcc/native/4.8.1443/arm-gnu-toolchain/bin/../lib/gcc/arm-none-eabi/4.8.4/../../../../arm-none-eabi/lib/armv6-m\libc.a(lib_a-memset.o)
                0x000053f8                memset
 .text.strncmp  0x00005494       0xb8 c:/program files (x86)/atmel/atmel toolchain/arm gcc/native/4.8.1443/arm-gnu-toolchain/bin/../lib/gcc/arm-none-eabi/4.8.4/../../../../arm-none-eabi/lib/armv6-m\libc.a(lib_a-strncmp.o)
                0x00005494                strncmp
 .text.strncpy  0x0000554c       0x74 c:/program files (x86)/atmel/atmel toolchain/arm gcc/native/4.8.1443/arm-gnu-toolchain/bin/../lib/gcc/arm-none-eabi/4.8.4/../../../../arm-none-eabi/lib/armv6-m\libc.a(lib_a-strncpy.o)
                0x0000554c                strncpy
 .text.startup.register_fini
                0x000055c0       0x18 c:/program files (x86)/atmel/atmel toolchain/arm gcc/native/4.8.1443/arm-gnu-toolchain/bin/../lib/gcc/arm-none-eabi/4.8.4/../../../../arm-none-eabi/lib/armv6-m\libc.a(lib_a-__call_atexit.o)
 .text.atexit   0x000055d8       0x10 c:/program files (x86)/atmel/atmel toolchain/arm gcc/native/4.8.1443/arm-gnu-toolchain/bin/../lib/gcc/arm-none-eabi/4.8.4/../../../../arm-none-eabi/lib/armv6-m\libc.a(lib_a-atexit.o)
                0x000055d8                atexit
 .text.__libc_fini_array
                0x000055e8       0x30 c:/program files (x86)/atmel/atmel toolchain/arm gcc/native/4.8.1443/arm-gnu-toolchain/bin/../lib/gcc/arm-none-eabi/4.8.4/../../../../arm-none-eabi/lib/armv6-m\libc.a(lib_a-fini.o)
                0x000055e8                __libc_fini_array
 .text.__register_exitproc
                0x00005618       0xc0 c:/program files (x86)/atmel/atmel toolchain/arm gcc/native/4.8.1443/arm-gnu-toolchain/bin/../lib/gcc/arm-none-eabi/4.8.4/../../../../arm-none-eabi/lib/armv6-m\libc.a(lib_a-__atexit.o)
                0x00005618                __register_exitproc
 *(.glue_7t)
 .glue_7t       0x00000000        0x0 linker stubs
 *(.glue_7)
 .glue_7        0x00000000        0x0 linker stubs
 *(.rodata .rodata* .gnu.linkonce.r.*)
 .rodata.str1.4
                0x000056d8       0x29 Bastian_freeRTOS-TRACE.o
                                 0x2c (size before relaxing)
 *fill*         0x00005701        0x3 
 .rodata        0x00005704       0x10 src/ASF/sam0/drivers/sercom/sercom.o
 .rodata.str1.4
                0x00005714       0x40 src/Peripherals/bastian_sercom.o
 .rodata        0x00005754        0x4 src/ASF/sam0/drivers/sercom/sercom_interrupt.o
 .rodata        0x00005758       0x1c src/ASF/thirdparty/freertos/trace/trcBase.o
 .rodata.str1.4
                0x00005774      0x56f src/ASF/thirdparty/freertos/trace/trcBase.o
                                0x570 (size before relaxing)
 *fill*         0x00005ce3        0x1 
 .rodata.str1.4
                0x00005ce4      0x71a src/ASF/thirdparty/freertos/trace/trcKernel.o
                                0x71c (size before relaxing)
 *fill*         0x000063fe        0x2 
 .rodata        0x00006400       0x38 src/ASF/thirdparty/freertos/trace/trcKernelPort.o
 .rodata.str1.4
                0x00006438      0x298 src/ASF/thirdparty/freertos/trace/trcKernelPort.o
 .rodata        0x000066d0       0x84 src/ASF/thirdparty/freertos/trace/trcUser.o
 .rodata.str1.4
                0x00006754      0x331 src/ASF/thirdparty/freertos/trace/trcUser.o
                                0x334 (size before relaxing)
 *fill*         0x00006a85        0x3 
 .rodata.str1.4
                0x00006a88        0x5 src/ASF/thirdparty/freertos/freertos-8.0.1/Source/tasks.o
                                  0x8 (size before relaxing)
 *fill*         0x00006a8d        0x3 
 .rodata        0x00006a90       0x28 src/ASF/thirdparty/freertos/freertos-8.0.1/Source/timers.o
 .rodata.str1.4
                0x00006ab8        0x8 src/ASF/thirdparty/freertos/freertos-8.0.1/Source/timers.o
 .rodata        0x00006ac0       0x90 src/ASF/sam0/drivers/system/clock/clock_samd21_r21_da/clock.o
 .rodata.str1.4
                0x00006b50        0x4 c:/program files (x86)/atmel/atmel toolchain/arm gcc/native/4.8.1443/arm-gnu-toolchain/bin/../lib/gcc/arm-none-eabi/4.8.4/../../../../arm-none-eabi/lib/armv6-m\libc.a(lib_a-impure.o)
 .rodata._global_impure_ptr
                0x00006b54        0x4 c:/program files (x86)/atmel/atmel toolchain/arm gcc/native/4.8.1443/arm-gnu-toolchain/bin/../lib/gcc/arm-none-eabi/4.8.4/../../../../arm-none-eabi/lib/armv6-m\libc.a(lib_a-impure.o)
                0x00006b54                _global_impure_ptr
 *(.ARM.extab* .gnu.linkonce.armextab.*)
                0x00006b58                . = ALIGN (0x4)
 *(.init)
 .init          0x00006b58        0x4 c:/program files (x86)/atmel/atmel toolchain/arm gcc/native/4.8.1443/arm-gnu-toolchain/bin/../lib/gcc/arm-none-eabi/4.8.4/armv6-m/crti.o
                0x00006b58                _init
 .init          0x00006b5c        0x8 c:/program files (x86)/atmel/atmel toolchain/arm gcc/native/4.8.1443/arm-gnu-toolchain/bin/../lib/gcc/arm-none-eabi/4.8.4/armv6-m/crtn.o
                0x00006b64                . = ALIGN (0x4)
                0x00006b64                __preinit_array_start = .
 *(.preinit_array)
                0x00006b64                __preinit_array_end = .
                0x00006b64                . = ALIGN (0x4)
                0x00006b64                __init_array_start = .
 *(SORT(.init_array.*))
 .init_array.00000
                0x00006b64        0x4 c:/program files (x86)/atmel/atmel toolchain/arm gcc/native/4.8.1443/arm-gnu-toolchain/bin/../lib/gcc/arm-none-eabi/4.8.4/../../../../arm-none-eabi/lib/armv6-m\libc.a(lib_a-__call_atexit.o)
 *(.init_array)
 .init_array    0x00006b68        0x4 c:/program files (x86)/atmel/atmel toolchain/arm gcc/native/4.8.1443/arm-gnu-toolchain/bin/../lib/gcc/arm-none-eabi/4.8.4/armv6-m/crtbegin.o
                0x00006b6c                __init_array_end = .
                0x00006b6c                . = ALIGN (0x4)
 *crtbegin.o(.ctors)
 *(EXCLUDE_FILE(*crtend.o) .ctors)
 *(SORT(.ctors.*))
 *crtend.o(.ctors)
                0x00006b6c                . = ALIGN (0x4)
 *(.fini)
 .fini          0x00006b6c        0x4 c:/program files (x86)/atmel/atmel toolchain/arm gcc/native/4.8.1443/arm-gnu-toolchain/bin/../lib/gcc/arm-none-eabi/4.8.4/armv6-m/crti.o
                0x00006b6c                _fini
 .fini          0x00006b70        0x8 c:/program files (x86)/atmel/atmel toolchain/arm gcc/native/4.8.1443/arm-gnu-toolchain/bin/../lib/gcc/arm-none-eabi/4.8.4/armv6-m/crtn.o
                0x00006b78                . = ALIGN (0x4)
                0x00006b78                __fini_array_start = .
 *(.fini_array)
 .fini_array    0x00006b78        0x4 c:/program files (x86)/atmel/atmel toolchain/arm gcc/native/4.8.1443/arm-gnu-toolchain/bin/../lib/gcc/arm-none-eabi/4.8.4/armv6-m/crtbegin.o
 *(SORT(.fini_array.*))
                0x00006b7c                __fini_array_end = .
 *crtbegin.o(.dtors)
 *(EXCLUDE_FILE(*crtend.o) .dtors)
 *(SORT(.dtors.*))
 *crtend.o(.dtors)
                0x00006b7c                . = ALIGN (0x4)
                0x00006b7c                _efixed = .
                0x00006b7c                PROVIDE (__exidx_start, .)

.vfp11_veneer   0x00006b7c        0x0
 .vfp11_veneer  0x00000000        0x0 linker stubs

.v4_bx          0x00006b7c        0x0
 .v4_bx         0x00000000        0x0 linker stubs

.iplt           0x00006b7c        0x0
 .iplt          0x00000000        0x0 c:/program files (x86)/atmel/atmel toolchain/arm gcc/native/4.8.1443/arm-gnu-toolchain/bin/../lib/gcc/arm-none-eabi/4.8.4/armv6-m/crtbegin.o

.eh_frame       0x00006b7c        0x0
 .eh_frame      0x00006b7c        0x0 c:/program files (x86)/atmel/atmel toolchain/arm gcc/native/4.8.1443/arm-gnu-toolchain/bin/../lib/gcc/arm-none-eabi/4.8.4/armv6-m/crtbegin.o

.rel.dyn        0x00006b7c        0x0
 .rel.iplt      0x00000000        0x0 c:/program files (x86)/atmel/atmel toolchain/arm gcc/native/4.8.1443/arm-gnu-toolchain/bin/../lib/gcc/arm-none-eabi/4.8.4/armv6-m/crtbegin.o

.jcr            0x00006b7c        0x0
 .jcr           0x00006b7c        0x0 c:/program files (x86)/atmel/atmel toolchain/arm gcc/native/4.8.1443/arm-gnu-toolchain/bin/../lib/gcc/arm-none-eabi/4.8.4/armv6-m/crtbegin.o

.igot.plt       0x00006b7c        0x0
 .igot.plt      0x00000000        0x0 c:/program files (x86)/atmel/atmel toolchain/arm gcc/native/4.8.1443/arm-gnu-toolchain/bin/../lib/gcc/arm-none-eabi/4.8.4/armv6-m/crtbegin.o

.ARM.exidx
 *(.ARM.exidx* .gnu.linkonce.armexidx.*)
                0x00006b7c                PROVIDE (__exidx_end, .)
                0x00006b7c                . = ALIGN (0x4)
                0x00006b7c                _etext = .

.relocate       0x20000000      0x448 load address 0x00006b7c
                0x20000000                . = ALIGN (0x4)
                0x20000000                _srelocate = .
 *(.ramfunc .ramfunc.*)
 *(.data .data.*)
 .data          0x20000000        0x4 src/Peripherals/bastian_sercom.o
                0x20000000                lock_allow_main_discovery
 .data          0x20000004        0x4 src/ASF/thirdparty/freertos/trace/trcKernel.o
 .data          0x20000008        0x8 src/ASF/thirdparty/freertos/trace/trcKernelPort.o
                0x20000008                TraceObjectClassTable
 .data          0x20000010        0x4 src/ASF/thirdparty/freertos/freertos-8.0.1/Source/portable/GCC/ARM_CM0/port.o
 .data          0x20000014        0x4 src/ASF/thirdparty/freertos/freertos-8.0.1/Source/tasks.o
 .data          0x20000018        0x1 src/ASF/common/utils/interrupt/interrupt_sam_nvic.o
                0x20000018                g_interrupt_enabled
 *fill*         0x20000019        0x7 
 .data.impure_data
                0x20000020      0x428 c:/program files (x86)/atmel/atmel toolchain/arm gcc/native/4.8.1443/arm-gnu-toolchain/bin/../lib/gcc/arm-none-eabi/4.8.4/../../../../arm-none-eabi/lib/armv6-m\libc.a(lib_a-impure.o)
                0x20000448                . = ALIGN (0x4)
                0x20000448                _erelocate = .

.bss            0x20000448     0x2ab4 load address 0x00006fc4
                0x20000448                . = ALIGN (0x4)
                0x20000448                _sbss = .
                0x20000448                _szero = .
 *(.bss .bss.*)
 .bss           0x20000448       0x1c c:/program files (x86)/atmel/atmel toolchain/arm gcc/native/4.8.1443/arm-gnu-toolchain/bin/../lib/gcc/arm-none-eabi/4.8.4/armv6-m/crtbegin.o
 .bss           0x20000464       0x14 Bastian_freeRTOS-TRACE.o
                0x20000464                irda_rx_array
                0x2000046c                irda_tx_array
 .bss           0x20000478        0x8 src/ASF/sam0/drivers/sercom/sercom.o
 .bss           0x20000480       0x10 src/Peripherals/bastian_sercom.o
                0x20000480                irda_timed_out
                0x20000484                lock_trace
 .bss           0x20000490       0x1c src/ASF/sam0/drivers/sercom/sercom_interrupt.o
 .bss           0x200004ac       0xb4 src/ASF/thirdparty/freertos/trace/trcBase.o
                0x200004ac                RecorderDataPtr
                0x200004b0                traceErrorMessage
                0x200004b4                objectHandleStacks
                0x20000528                excludedObjects
                0x20000538                recorder_busy
                0x2000053c                excludedEventCodes
 .bss           0x20000560       0x18 src/ASF/thirdparty/freertos/trace/trcHardwarePort.o
                0x20000560                trace_disable_timestamp
                0x20000564                last_timestamp
                0x2000056c                uiTraceTickCount
                0x20000574                DWT_CYCLES_ADDED
 .bss           0x20000578        0x3 src/ASF/thirdparty/freertos/trace/trcKernel.o
                0x20000578                handle_of_last_logged_task
                0x20000579                nISRactive
                0x2000057a                inExcludedTask
 *fill*         0x2000057b        0x1 
 .bss           0x2000057c      0xfa8 src/ASF/thirdparty/freertos/freertos-8.0.1/Source/portable/MemMang/heap_1.o
 .bss           0x20001524       0xfc src/ASF/thirdparty/freertos/freertos-8.0.1/Source/tasks.o
                0x20001550                pxCurrentTCB
 .bss           0x20001620       0x3c src/ASF/thirdparty/freertos/freertos-8.0.1/Source/timers.o
 .bss           0x2000165c       0x20 src/ASF/sam0/drivers/system/clock/clock_samd21_r21_da/clock.o
 .bss           0x2000167c        0x8 src/ASF/common/utils/interrupt/interrupt_sam_nvic.o
 *(COMMON)
 COMMON         0x20001684       0x7c Bastian_freeRTOS-TRACE.o
                0x20001684                event_channel
                0x20001688                timer_IrDA_Sync
                0x2000168c                irda_comm_state
                0x20001690                ser_master
                0x200016c4                irda_master
                0x200016f8                timer_IrDA_Ping
                0x200016fc                irda_task_handler
 COMMON         0x20001700        0x8 src/Peripherals/bastian_sercom.o
                0x20001700                unlock_count
                0x20001704                lock_main_discovery_count
 COMMON         0x20001708       0x10 src/ASF/sam0/drivers/sercom/sercom_interrupt.o
                0x20001708                _sercom_instances
 COMMON         0x20001718     0x17e4 src/ASF/thirdparty/freertos/trace/trcBase.o
                0x20001718                RecorderData
                0x20002ef8                init_hwtc_count
                0x20002efc                . = ALIGN (0x4)
                0x20002efc                _ebss = .
                0x20002efc                _ezero = .

.stack          0x20002efc     0x2004 load address 0x00009a78
                0x20002f00                . = ALIGN (0x8)
 *fill*         0x20002efc        0x4 
                0x20002f00                _sstack = .
                0x20004f00                . = (. + STACK_SIZE)
 *fill*         0x20002f00     0x2000 
                0x20004f00                . = ALIGN (0x8)
                0x20004f00                _estack = .
                0x20004f00                . = ALIGN (0x4)
                0x20004f00                _end = .
OUTPUT(Bastian_freeRTOS-TRACE.elf elf32-littlearm)

.ARM.attributes
                0x00000000       0x28
 .ARM.attributes
                0x00000000       0x1e c:/program files (x86)/atmel/atmel toolchain/arm gcc/native/4.8.1443/arm-gnu-toolchain/bin/../lib/gcc/arm-none-eabi/4.8.4/armv6-m/crti.o
 .ARM.attributes
                0x0000001e       0x2c c:/program files (x86)/atmel/atmel toolchain/arm gcc/native/4.8.1443/arm-gnu-toolchain/bin/../lib/gcc/arm-none-eabi/4.8.4/armv6-m/crtbegin.o
 .ARM.attributes
                0x0000004a       0x32 Bastian_freeRTOS-TRACE.o
 .ARM.attributes
                0x0000007c       0x32 src/ASF/sam0/drivers/sercom/sercom.o
 .ARM.attributes
                0x000000ae       0x32 src/Peripherals/bastian_sercom.o
 .ARM.attributes
                0x000000e0       0x32 src/ASF/sam0/drivers/sercom/sercom_interrupt.o
 .ARM.attributes
                0x00000112       0x32 src/ASF/sam0/drivers/sercom/usart/usart.o
 .ARM.attributes
                0x00000144       0x32 src/ASF/sam0/drivers/sercom/usart/usart_interrupt.o
 .ARM.attributes
                0x00000176       0x32 src/ASF/thirdparty/freertos/trace/trcBase.o
 .ARM.attributes
                0x000001a8       0x32 src/ASF/thirdparty/freertos/trace/trcHardwarePort.o
 .ARM.attributes
                0x000001da       0x32 src/ASF/thirdparty/freertos/trace/trcKernel.o
 .ARM.attributes
                0x0000020c       0x32 src/ASF/thirdparty/freertos/trace/trcKernelPort.o
 .ARM.attributes
                0x0000023e       0x32 src/ASF/thirdparty/freertos/trace/trcUser.o
 .ARM.attributes
                0x00000270       0x32 src/ASF/thirdparty/freertos/freertos-8.0.1/Source/list.o
 .ARM.attributes
                0x000002a2       0x32 src/ASF/thirdparty/freertos/freertos-8.0.1/Source/portable/GCC/ARM_CM0/port.o
 .ARM.attributes
                0x000002d4       0x32 src/ASF/thirdparty/freertos/freertos-8.0.1/Source/portable/MemMang/heap_1.o
 .ARM.attributes
                0x00000306       0x32 src/ASF/thirdparty/freertos/freertos-8.0.1/Source/queue.o
 .ARM.attributes
                0x00000338       0x32 src/ASF/thirdparty/freertos/freertos-8.0.1/Source/tasks.o
 .ARM.attributes
                0x0000036a       0x32 src/ASF/thirdparty/freertos/freertos-8.0.1/Source/timers.o
 .ARM.attributes
                0x0000039c       0x32 src/ASF/sam0/utils/cmsis/samd21/source/gcc/startup_samd21.o
 .ARM.attributes
                0x000003ce       0x32 src/ASF/sam0/drivers/system/clock/clock_samd21_r21_da/clock.o
 .ARM.attributes
                0x00000400       0x32 src/ASF/sam0/drivers/system/clock/clock_samd21_r21_da/gclk.o
 .ARM.attributes
                0x00000432       0x32 src/ASF/sam0/drivers/system/system.o
 .ARM.attributes
                0x00000464       0x32 src/ASF/common/utils/interrupt/interrupt_sam_nvic.o
 .ARM.attributes
                0x00000496       0x32 src/ASF/sam0/drivers/port/port.o
 .ARM.attributes
                0x000004c8       0x32 src/ASF/sam0/drivers/system/pinmux/pinmux.o
 .ARM.attributes
                0x000004fa       0x1e c:/program files (x86)/atmel/atmel toolchain/arm gcc/native/4.8.1443/arm-gnu-toolchain/bin/../lib/gcc/arm-none-eabi/4.8.4/armv6-m\libgcc.a(_udivsi3.o)
 .ARM.attributes
                0x00000518       0x1e c:/program files (x86)/atmel/atmel toolchain/arm gcc/native/4.8.1443/arm-gnu-toolchain/bin/../lib/gcc/arm-none-eabi/4.8.4/armv6-m\libgcc.a(_dvmd_tls.o)
 .ARM.attributes
                0x00000536       0x2c c:/program files (x86)/atmel/atmel toolchain/arm gcc/native/4.8.1443/arm-gnu-toolchain/bin/../lib/gcc/arm-none-eabi/4.8.4/armv6-m\libgcc.a(_muldi3.o)
 .ARM.attributes
                0x00000562       0x2c c:/program files (x86)/atmel/atmel toolchain/arm gcc/native/4.8.1443/arm-gnu-toolchain/bin/../lib/gcc/arm-none-eabi/4.8.4/armv6-m\libgcc.a(truncdfsf2.o)
 .ARM.attributes
                0x0000058e       0x2c c:/program files (x86)/atmel/atmel toolchain/arm gcc/native/4.8.1443/arm-gnu-toolchain/bin/../lib/gcc/arm-none-eabi/4.8.4/../../../../arm-none-eabi/lib/armv6-m\libc.a(lib_a-impure.o)
 .ARM.attributes
                0x000005ba       0x2c c:/program files (x86)/atmel/atmel toolchain/arm gcc/native/4.8.1443/arm-gnu-toolchain/bin/../lib/gcc/arm-none-eabi/4.8.4/../../../../arm-none-eabi/lib/armv6-m\libc.a(lib_a-init.o)
 .ARM.attributes
                0x000005e6       0x2c c:/program files (x86)/atmel/atmel toolchain/arm gcc/native/4.8.1443/arm-gnu-toolchain/bin/../lib/gcc/arm-none-eabi/4.8.4/../../../../arm-none-eabi/lib/armv6-m\libc.a(lib_a-memcpy-stub.o)
 .ARM.attributes
                0x00000612       0x2c c:/program files (x86)/atmel/atmel toolchain/arm gcc/native/4.8.1443/arm-gnu-toolchain/bin/../lib/gcc/arm-none-eabi/4.8.4/../../../../arm-none-eabi/lib/armv6-m\libc.a(lib_a-memset.o)
 .ARM.attributes
                0x0000063e       0x2c c:/program files (x86)/atmel/atmel toolchain/arm gcc/native/4.8.1443/arm-gnu-toolchain/bin/../lib/gcc/arm-none-eabi/4.8.4/../../../../arm-none-eabi/lib/armv6-m\libc.a(lib_a-strncmp.o)
 .ARM.attributes
                0x0000066a       0x2c c:/program files (x86)/atmel/atmel toolchain/arm gcc/native/4.8.1443/arm-gnu-toolchain/bin/../lib/gcc/arm-none-eabi/4.8.4/../../../../arm-none-eabi/lib/armv6-m\libc.a(lib_a-strncpy.o)
 .ARM.attributes
                0x00000696       0x2c c:/program files (x86)/atmel/atmel toolchain/arm gcc/native/4.8.1443/arm-gnu-toolchain/bin/../lib/gcc/arm-none-eabi/4.8.4/../../../../arm-none-eabi/lib/armv6-m\libc.a(lib_a-__call_atexit.o)
 .ARM.attributes
                0x000006c2       0x2c c:/program files (x86)/atmel/atmel toolchain/arm gcc/native/4.8.1443/arm-gnu-toolchain/bin/../lib/gcc/arm-none-eabi/4.8.4/../../../../arm-none-eabi/lib/armv6-m\libc.a(lib_a-atexit.o)
 .ARM.attributes
                0x000006ee       0x2c c:/program files (x86)/atmel/atmel toolchain/arm gcc/native/4.8.1443/arm-gnu-toolchain/bin/../lib/gcc/arm-none-eabi/4.8.4/../../../../arm-none-eabi/lib/armv6-m\libc.a(lib_a-fini.o)
 .ARM.attributes
                0x0000071a       0x2c c:/program files (x86)/atmel/atmel toolchain/arm gcc/native/4.8.1443/arm-gnu-toolchain/bin/../lib/gcc/arm-none-eabi/4.8.4/../../../../arm-none-eabi/lib/armv6-m\libc.a(lib_a-__atexit.o)
 .ARM.attributes
                0x00000746       0x1e c:/program files (x86)/atmel/atmel toolchain/arm gcc/native/4.8.1443/arm-gnu-toolchain/bin/../lib/gcc/arm-none-eabi/4.8.4/armv6-m/crtn.o

.comment        0x00000000       0x5b
 .comment       0x00000000       0x5b Bastian_freeRTOS-TRACE.o
                                 0x5c (size before relaxing)
 .comment       0x00000000       0x5c src/ASF/sam0/drivers/sercom/sercom.o
 .comment       0x00000000       0x5c src/Peripherals/bastian_sercom.o
 .comment       0x00000000       0x5c src/ASF/sam0/drivers/sercom/sercom_interrupt.o
 .comment       0x00000000       0x5c src/ASF/sam0/drivers/sercom/usart/usart.o
 .comment       0x00000000       0x5c src/ASF/sam0/drivers/sercom/usart/usart_interrupt.o
 .comment       0x00000000       0x5c src/ASF/thirdparty/freertos/trace/trcBase.o
 .comment       0x00000000       0x5c src/ASF/thirdparty/freertos/trace/trcHardwarePort.o
 .comment       0x00000000       0x5c src/ASF/thirdparty/freertos/trace/trcKernel.o
 .comment       0x00000000       0x5c src/ASF/thirdparty/freertos/trace/trcKernelPort.o
 .comment       0x00000000       0x5c src/ASF/thirdparty/freertos/trace/trcUser.o
 .comment       0x00000000       0x5c src/ASF/thirdparty/freertos/freertos-8.0.1/Source/list.o
 .comment       0x00000000       0x5c src/ASF/thirdparty/freertos/freertos-8.0.1/Source/portable/GCC/ARM_CM0/port.o
 .comment       0x00000000       0x5c src/ASF/thirdparty/freertos/freertos-8.0.1/Source/portable/MemMang/heap_1.o
 .comment       0x00000000       0x5c src/ASF/thirdparty/freertos/freertos-8.0.1/Source/queue.o
 .comment       0x00000000       0x5c src/ASF/thirdparty/freertos/freertos-8.0.1/Source/tasks.o
 .comment       0x00000000       0x5c src/ASF/thirdparty/freertos/freertos-8.0.1/Source/timers.o
 .comment       0x00000000       0x5c src/ASF/sam0/utils/cmsis/samd21/source/gcc/startup_samd21.o
 .comment       0x00000000       0x5c src/ASF/sam0/drivers/system/clock/clock_samd21_r21_da/clock.o
 .comment       0x00000000       0x5c src/ASF/sam0/drivers/system/clock/clock_samd21_r21_da/gclk.o
 .comment       0x00000000       0x5c src/ASF/sam0/drivers/system/system.o
 .comment       0x00000000       0x5c src/ASF/common/utils/interrupt/interrupt_sam_nvic.o
 .comment       0x00000000       0x5c src/ASF/sam0/drivers/port/port.o
 .comment       0x00000000       0x5c src/ASF/sam0/drivers/system/pinmux/pinmux.o

.debug_info     0x00000000    0x23a8b
 .debug_info    0x00000000     0x3106 Bastian_freeRTOS-TRACE.o
 .debug_info    0x00003106     0x252d src/ASF/sam0/drivers/sercom/sercom.o
 .debug_info    0x00005633     0x33ee src/Peripherals/bastian_sercom.o
 .debug_info    0x00008a21     0x22b9 src/ASF/sam0/drivers/sercom/sercom_interrupt.o
 .debug_info    0x0000acda     0x4145 src/ASF/sam0/drivers/sercom/usart/usart.o
 .debug_info    0x0000ee1f     0x2777 src/ASF/sam0/drivers/sercom/usart/usart_interrupt.o
 .debug_info    0x00011596      0xf9e src/ASF/thirdparty/freertos/trace/trcBase.o
 .debug_info    0x00012534      0x153 src/ASF/thirdparty/freertos/trace/trcHardwarePort.o
 .debug_info    0x00012687     0x124e src/ASF/thirdparty/freertos/trace/trcKernel.o
 .debug_info    0x000138d5      0x864 src/ASF/thirdparty/freertos/trace/trcKernelPort.o
 .debug_info    0x00014139     0x12e5 src/ASF/thirdparty/freertos/trace/trcUser.o
 .debug_info    0x0001541e      0x2d0 src/ASF/thirdparty/freertos/freertos-8.0.1/Source/list.o
 .debug_info    0x000156ee      0x2d5 src/ASF/thirdparty/freertos/freertos-8.0.1/Source/portable/GCC/ARM_CM0/port.o
 .debug_info    0x000159c3      0x1a3 src/ASF/thirdparty/freertos/freertos-8.0.1/Source/portable/MemMang/heap_1.o
 .debug_info    0x00015b66     0x1c6b src/ASF/thirdparty/freertos/freertos-8.0.1/Source/queue.o
 .debug_info    0x000177d1     0x1f5c src/ASF/thirdparty/freertos/freertos-8.0.1/Source/tasks.o
 .debug_info    0x0001972d      0xd2e src/ASF/thirdparty/freertos/freertos-8.0.1/Source/timers.o
 .debug_info    0x0001a45b     0x3a6e src/ASF/sam0/utils/cmsis/samd21/source/gcc/startup_samd21.o
 .debug_info    0x0001dec9     0x2f70 src/ASF/sam0/drivers/system/clock/clock_samd21_r21_da/clock.o
 .debug_info    0x00020e39     0x154f src/ASF/sam0/drivers/system/clock/clock_samd21_r21_da/gclk.o
 .debug_info    0x00022388      0x176 src/ASF/sam0/drivers/system/system.o
 .debug_info    0x000224fe      0x1e8 src/ASF/common/utils/interrupt/interrupt_sam_nvic.o
 .debug_info    0x000226e6      0x962 src/ASF/sam0/drivers/port/port.o
 .debug_info    0x00023048      0xa43 src/ASF/sam0/drivers/system/pinmux/pinmux.o

.debug_abbrev   0x00000000     0x38a1
 .debug_abbrev  0x00000000      0x301 Bastian_freeRTOS-TRACE.o
 .debug_abbrev  0x00000301      0x2fa src/ASF/sam0/drivers/sercom/sercom.o
 .debug_abbrev  0x000005fb      0x322 src/Peripherals/bastian_sercom.o
 .debug_abbrev  0x0000091d      0x22b src/ASF/sam0/drivers/sercom/sercom_interrupt.o
 .debug_abbrev  0x00000b48      0x3c3 src/ASF/sam0/drivers/sercom/usart/usart.o
 .debug_abbrev  0x00000f0b      0x378 src/ASF/sam0/drivers/sercom/usart/usart_interrupt.o
 .debug_abbrev  0x00001283      0x268 src/ASF/thirdparty/freertos/trace/trcBase.o
 .debug_abbrev  0x000014eb       0x9a src/ASF/thirdparty/freertos/trace/trcHardwarePort.o
 .debug_abbrev  0x00001585      0x2a5 src/ASF/thirdparty/freertos/trace/trcKernel.o
 .debug_abbrev  0x0000182a      0x190 src/ASF/thirdparty/freertos/trace/trcKernelPort.o
 .debug_abbrev  0x000019ba      0x3a8 src/ASF/thirdparty/freertos/trace/trcUser.o
 .debug_abbrev  0x00001d62       0xf8 src/ASF/thirdparty/freertos/freertos-8.0.1/Source/list.o
 .debug_abbrev  0x00001e5a      0x181 src/ASF/thirdparty/freertos/freertos-8.0.1/Source/portable/GCC/ARM_CM0/port.o
 .debug_abbrev  0x00001fdb      0x108 src/ASF/thirdparty/freertos/freertos-8.0.1/Source/portable/MemMang/heap_1.o
 .debug_abbrev  0x000020e3      0x2b2 src/ASF/thirdparty/freertos/freertos-8.0.1/Source/queue.o
 .debug_abbrev  0x00002395      0x34e src/ASF/thirdparty/freertos/freertos-8.0.1/Source/tasks.o
 .debug_abbrev  0x000026e3      0x293 src/ASF/thirdparty/freertos/freertos-8.0.1/Source/timers.o
 .debug_abbrev  0x00002976      0x210 src/ASF/sam0/utils/cmsis/samd21/source/gcc/startup_samd21.o
 .debug_abbrev  0x00002b86      0x3f3 src/ASF/sam0/drivers/system/clock/clock_samd21_r21_da/clock.o
 .debug_abbrev  0x00002f79      0x324 src/ASF/sam0/drivers/system/clock/clock_samd21_r21_da/gclk.o
 .debug_abbrev  0x0000329d       0xb6 src/ASF/sam0/drivers/system/system.o
 .debug_abbrev  0x00003353       0xf3 src/ASF/common/utils/interrupt/interrupt_sam_nvic.o
 .debug_abbrev  0x00003446      0x1d7 src/ASF/sam0/drivers/port/port.o
 .debug_abbrev  0x0000361d      0x284 src/ASF/sam0/drivers/system/pinmux/pinmux.o

.debug_loc      0x00000000     0xa94e
 .debug_loc     0x00000000      0x24f Bastian_freeRTOS-TRACE.o
 .debug_loc     0x0000024f      0x8d4 src/ASF/sam0/drivers/sercom/sercom.o
 .debug_loc     0x00000b23      0x1e1 src/Peripherals/bastian_sercom.o
 .debug_loc     0x00000d04      0x170 src/ASF/sam0/drivers/sercom/sercom_interrupt.o
 .debug_loc     0x00000e74      0xe95 src/ASF/sam0/drivers/sercom/usart/usart.o
 .debug_loc     0x00001d09      0x579 src/ASF/sam0/drivers/sercom/usart/usart_interrupt.o
 .debug_loc     0x00002282      0xf5c src/ASF/thirdparty/freertos/trace/trcBase.o
 .debug_loc     0x000031de       0x95 src/ASF/thirdparty/freertos/trace/trcHardwarePort.o
 .debug_loc     0x00003273      0xf4a src/ASF/thirdparty/freertos/trace/trcKernel.o
 .debug_loc     0x000041bd      0x2f9 src/ASF/thirdparty/freertos/trace/trcKernelPort.o
 .debug_loc     0x000044b6     0x14c3 src/ASF/thirdparty/freertos/trace/trcUser.o
 .debug_loc     0x00005979       0x85 src/ASF/thirdparty/freertos/freertos-8.0.1/Source/list.o
 .debug_loc     0x000059fe      0x113 src/ASF/thirdparty/freertos/freertos-8.0.1/Source/portable/GCC/ARM_CM0/port.o
 .debug_loc     0x00005b11       0x7f src/ASF/thirdparty/freertos/freertos-8.0.1/Source/portable/MemMang/heap_1.o
 .debug_loc     0x00005b90     0x15ee src/ASF/thirdparty/freertos/freertos-8.0.1/Source/queue.o
 .debug_loc     0x0000717e     0x1393 src/ASF/thirdparty/freertos/freertos-8.0.1/Source/tasks.o
 .debug_loc     0x00008511      0xa0a src/ASF/thirdparty/freertos/freertos-8.0.1/Source/timers.o
 .debug_loc     0x00008f1b       0x7c src/ASF/sam0/utils/cmsis/samd21/source/gcc/startup_samd21.o
 .debug_loc     0x00008f97     0x1021 src/ASF/sam0/drivers/system/clock/clock_samd21_r21_da/clock.o
 .debug_loc     0x00009fb8      0x508 src/ASF/sam0/drivers/system/clock/clock_samd21_r21_da/gclk.o
 .debug_loc     0x0000a4c0       0x20 src/ASF/sam0/drivers/system/system.o
 .debug_loc     0x0000a4e0       0x1e src/ASF/common/utils/interrupt/interrupt_sam_nvic.o
 .debug_loc     0x0000a4fe      0x16d src/ASF/sam0/drivers/port/port.o
 .debug_loc     0x0000a66b      0x2e3 src/ASF/sam0/drivers/system/pinmux/pinmux.o

.debug_aranges  0x00000000      0x9a8
 .debug_aranges
                0x00000000       0x38 Bastian_freeRTOS-TRACE.o
 .debug_aranges
                0x00000038       0x40 src/ASF/sam0/drivers/sercom/sercom.o
 .debug_aranges
                0x00000078       0x30 src/Peripherals/bastian_sercom.o
 .debug_aranges
                0x000000a8       0x50 src/ASF/sam0/drivers/sercom/sercom_interrupt.o
 .debug_aranges
                0x000000f8       0x40 src/ASF/sam0/drivers/sercom/usart/usart.o
 .debug_aranges
                0x00000138       0x70 src/ASF/sam0/drivers/sercom/usart/usart_interrupt.o
 .debug_aranges
                0x000001a8       0x88 src/ASF/thirdparty/freertos/trace/trcBase.o
 .debug_aranges
                0x00000230       0x20 src/ASF/thirdparty/freertos/trace/trcHardwarePort.o
 .debug_aranges
                0x00000250       0x88 src/ASF/thirdparty/freertos/trace/trcKernel.o
 .debug_aranges
                0x000002d8       0x70 src/ASF/thirdparty/freertos/trace/trcKernelPort.o
 .debug_aranges
                0x00000348       0xc8 src/ASF/thirdparty/freertos/trace/trcUser.o
 .debug_aranges
                0x00000410       0x40 src/ASF/thirdparty/freertos/freertos-8.0.1/Source/list.o
 .debug_aranges
                0x00000450       0x88 src/ASF/thirdparty/freertos/freertos-8.0.1/Source/portable/GCC/ARM_CM0/port.o
 .debug_aranges
                0x000004d8       0x38 src/ASF/thirdparty/freertos/freertos-8.0.1/Source/portable/MemMang/heap_1.o
 .debug_aranges
                0x00000510      0x108 src/ASF/thirdparty/freertos/freertos-8.0.1/Source/queue.o
 .debug_aranges
                0x00000618      0x150 src/ASF/thirdparty/freertos/freertos-8.0.1/Source/tasks.o
 .debug_aranges
                0x00000768       0x70 src/ASF/thirdparty/freertos/freertos-8.0.1/Source/timers.o
 .debug_aranges
                0x000007d8       0x28 src/ASF/sam0/utils/cmsis/samd21/source/gcc/startup_samd21.o
 .debug_aranges
                0x00000800       0x78 src/ASF/sam0/drivers/system/clock/clock_samd21_r21_da/clock.o
 .debug_aranges
                0x00000878       0x80 src/ASF/sam0/drivers/system/clock/clock_samd21_r21_da/gclk.o
 .debug_aranges
                0x000008f8       0x28 src/ASF/sam0/drivers/system/system.o
 .debug_aranges
                0x00000920       0x28 src/ASF/common/utils/interrupt/interrupt_sam_nvic.o
 .debug_aranges
                0x00000948       0x28 src/ASF/sam0/drivers/port/port.o
 .debug_aranges
                0x00000970       0x38 src/ASF/sam0/drivers/system/pinmux/pinmux.o

.debug_ranges   0x00000000      0xa60
 .debug_ranges  0x00000000       0x28 Bastian_freeRTOS-TRACE.o
 .debug_ranges  0x00000028       0x60 src/ASF/sam0/drivers/sercom/sercom.o
 .debug_ranges  0x00000088       0x20 src/Peripherals/bastian_sercom.o
 .debug_ranges  0x000000a8       0x40 src/ASF/sam0/drivers/sercom/sercom_interrupt.o
 .debug_ranges  0x000000e8       0xf0 src/ASF/sam0/drivers/sercom/usart/usart.o
 .debug_ranges  0x000001d8       0x60 src/ASF/sam0/drivers/sercom/usart/usart_interrupt.o
 .debug_ranges  0x00000238       0xb8 src/ASF/thirdparty/freertos/trace/trcBase.o
 .debug_ranges  0x000002f0       0x10 src/ASF/thirdparty/freertos/trace/trcHardwarePort.o
 .debug_ranges  0x00000300       0x78 src/ASF/thirdparty/freertos/trace/trcKernel.o
 .debug_ranges  0x00000378       0x60 src/ASF/thirdparty/freertos/trace/trcKernelPort.o
 .debug_ranges  0x000003d8      0x100 src/ASF/thirdparty/freertos/trace/trcUser.o
 .debug_ranges  0x000004d8       0x30 src/ASF/thirdparty/freertos/freertos-8.0.1/Source/list.o
 .debug_ranges  0x00000508       0x78 src/ASF/thirdparty/freertos/freertos-8.0.1/Source/portable/GCC/ARM_CM0/port.o
 .debug_ranges  0x00000580       0x28 src/ASF/thirdparty/freertos/freertos-8.0.1/Source/portable/MemMang/heap_1.o
 .debug_ranges  0x000005a8       0xf8 src/ASF/thirdparty/freertos/freertos-8.0.1/Source/queue.o
 .debug_ranges  0x000006a0      0x1c8 src/ASF/thirdparty/freertos/freertos-8.0.1/Source/tasks.o
 .debug_ranges  0x00000868       0x98 src/ASF/thirdparty/freertos/freertos-8.0.1/Source/timers.o
 .debug_ranges  0x00000900       0x18 src/ASF/sam0/utils/cmsis/samd21/source/gcc/startup_samd21.o
 .debug_ranges  0x00000918       0x68 src/ASF/sam0/drivers/system/clock/clock_samd21_r21_da/clock.o
 .debug_ranges  0x00000980       0x70 src/ASF/sam0/drivers/system/clock/clock_samd21_r21_da/gclk.o
 .debug_ranges  0x000009f0       0x18 src/ASF/sam0/drivers/system/system.o
 .debug_ranges  0x00000a08       0x18 src/ASF/common/utils/interrupt/interrupt_sam_nvic.o
 .debug_ranges  0x00000a20       0x18 src/ASF/sam0/drivers/port/port.o
 .debug_ranges  0x00000a38       0x28 src/ASF/sam0/drivers/system/pinmux/pinmux.o

.debug_line     0x00000000     0x6ac2
 .debug_line    0x00000000      0x640 Bastian_freeRTOS-TRACE.o
 .debug_line    0x00000640      0x3e7 src/ASF/sam0/drivers/sercom/sercom.o
 .debug_line    0x00000a27      0x681 src/Peripherals/bastian_sercom.o
 .debug_line    0x000010a8      0x3b0 src/ASF/sam0/drivers/sercom/sercom_interrupt.o
 .debug_line    0x00001458      0x5eb src/ASF/sam0/drivers/sercom/usart/usart.o
 .debug_line    0x00001a43      0x4c3 src/ASF/sam0/drivers/sercom/usart/usart_interrupt.o
 .debug_line    0x00001f06      0x4e4 src/ASF/thirdparty/freertos/trace/trcBase.o
 .debug_line    0x000023ea      0x185 src/ASF/thirdparty/freertos/trace/trcHardwarePort.o
 .debug_line    0x0000256f      0x40d src/ASF/thirdparty/freertos/trace/trcKernel.o
 .debug_line    0x0000297c      0x30c src/ASF/thirdparty/freertos/trace/trcKernelPort.o
 .debug_line    0x00002c88      0x5ad src/ASF/thirdparty/freertos/trace/trcUser.o
 .debug_line    0x00003235      0x27f src/ASF/thirdparty/freertos/freertos-8.0.1/Source/list.o
 .debug_line    0x000034b4      0x2f4 src/ASF/thirdparty/freertos/freertos-8.0.1/Source/portable/GCC/ARM_CM0/port.o
 .debug_line    0x000037a8      0x25d src/ASF/thirdparty/freertos/freertos-8.0.1/Source/portable/MemMang/heap_1.o
 .debug_line    0x00003a05      0x874 src/ASF/thirdparty/freertos/freertos-8.0.1/Source/queue.o
 .debug_line    0x00004279      0xa72 src/ASF/thirdparty/freertos/freertos-8.0.1/Source/tasks.o
 .debug_line    0x00004ceb      0x40d src/ASF/thirdparty/freertos/freertos-8.0.1/Source/timers.o
 .debug_line    0x000050f8      0x331 src/ASF/sam0/utils/cmsis/samd21/source/gcc/startup_samd21.o
 .debug_line    0x00005429      0x5bf src/ASF/sam0/drivers/system/clock/clock_samd21_r21_da/clock.o
 .debug_line    0x000059e8      0x62f src/ASF/sam0/drivers/system/clock/clock_samd21_r21_da/gclk.o
 .debug_line    0x00006017      0x1d2 src/ASF/sam0/drivers/system/system.o
 .debug_line    0x000061e9      0x279 src/ASF/common/utils/interrupt/interrupt_sam_nvic.o
 .debug_line    0x00006462      0x321 src/ASF/sam0/drivers/port/port.o
 .debug_line    0x00006783      0x33f src/ASF/sam0/drivers/system/pinmux/pinmux.o

.debug_str      0x00000000     0x79f4
 .debug_str     0x00000000     0x1454 Bastian_freeRTOS-TRACE.o
                               0x1587 (size before relaxing)
 .debug_str     0x00001454      0x386 src/ASF/sam0/drivers/sercom/sercom.o
                               0x10d9 (size before relaxing)
 .debug_str     0x000017da      0x9f1 src/Peripherals/bastian_sercom.o
                               0x1e8b (size before relaxing)
 .debug_str     0x000021cb       0xf6 src/ASF/sam0/drivers/sercom/sercom_interrupt.o
                                0xf45 (size before relaxing)
 .debug_str     0x000022c1      0x6c0 src/ASF/sam0/drivers/sercom/usart/usart.o
                               0x1d8e (size before relaxing)
 .debug_str     0x00002981      0x199 src/ASF/sam0/drivers/sercom/usart/usart_interrupt.o
                               0x109f (size before relaxing)
 .debug_str     0x00002b1a      0x6f0 src/ASF/thirdparty/freertos/trace/trcBase.o
                                0x91d (size before relaxing)
 .debug_str     0x0000320a       0xc6 src/ASF/thirdparty/freertos/trace/trcHardwarePort.o
                                0x26f (size before relaxing)
 .debug_str     0x000032d0      0x332 src/ASF/thirdparty/freertos/trace/trcKernel.o
                                0x95e (size before relaxing)
 .debug_str     0x00003602      0x18e src/ASF/thirdparty/freertos/trace/trcKernelPort.o
                                0x7f1 (size before relaxing)
 .debug_str     0x00003790      0x307 src/ASF/thirdparty/freertos/trace/trcUser.o
                                0x9a3 (size before relaxing)
 .debug_str     0x00003a97      0x165 src/ASF/thirdparty/freertos/freertos-8.0.1/Source/list.o
                                0x30a (size before relaxing)
 .debug_str     0x00003bfc      0x194 src/ASF/thirdparty/freertos/freertos-8.0.1/Source/portable/GCC/ARM_CM0/port.o
                                0x370 (size before relaxing)
 .debug_str     0x00003d90       0xd1 src/ASF/thirdparty/freertos/freertos-8.0.1/Source/portable/MemMang/heap_1.o
                                0x272 (size before relaxing)
 .debug_str     0x00003e61      0x559 src/ASF/thirdparty/freertos/freertos-8.0.1/Source/queue.o
                                0x84b (size before relaxing)
 .debug_str     0x000043ba      0x8cf src/ASF/thirdparty/freertos/freertos-8.0.1/Source/tasks.o
                                0xc59 (size before relaxing)
 .debug_str     0x00004c89      0x3e8 src/ASF/thirdparty/freertos/freertos-8.0.1/Source/timers.o
                                0x716 (size before relaxing)
 .debug_str     0x00005071     0x100d src/ASF/sam0/utils/cmsis/samd21/source/gcc/startup_samd21.o
                               0x133e (size before relaxing)
 .debug_str     0x0000607e     0x14bc src/ASF/sam0/drivers/system/clock/clock_samd21_r21_da/clock.o
                               0x2017 (size before relaxing)
 .debug_str     0x0000753a      0x27d src/ASF/sam0/drivers/system/clock/clock_samd21_r21_da/gclk.o
                                0xd8a (size before relaxing)
 .debug_str     0x000077b7       0x47 src/ASF/sam0/drivers/system/system.o
                                0x2af (size before relaxing)
 .debug_str     0x000077fe       0x73 src/ASF/common/utils/interrupt/interrupt_sam_nvic.o
                                0x303 (size before relaxing)
 .debug_str     0x00007871       0x53 src/ASF/sam0/drivers/port/port.o
                                0x663 (size before relaxing)
 .debug_str     0x000078c4      0x130 src/ASF/sam0/drivers/system/pinmux/pinmux.o
                                0x6cb (size before relaxing)

.debug_frame    0x00000000     0x1bc0
 .debug_frame   0x00000000       0x8c Bastian_freeRTOS-TRACE.o
 .debug_frame   0x0000008c       0xa0 src/ASF/sam0/drivers/sercom/sercom.o
 .debug_frame   0x0000012c       0x64 src/Peripherals/bastian_sercom.o
 .debug_frame   0x00000190       0xb8 src/ASF/sam0/drivers/sercom/sercom_interrupt.o
 .debug_frame   0x00000248       0xc0 src/ASF/sam0/drivers/sercom/usart/usart.o
 .debug_frame   0x00000308      0x110 src/ASF/sam0/drivers/sercom/usart/usart_interrupt.o
 .debug_frame   0x00000418      0x1c4 src/ASF/thirdparty/freertos/trace/trcBase.o
 .debug_frame   0x000005dc       0x2c src/ASF/thirdparty/freertos/trace/trcHardwarePort.o
 .debug_frame   0x00000608      0x198 src/ASF/thirdparty/freertos/trace/trcKernel.o
 .debug_frame   0x000007a0      0x108 src/ASF/thirdparty/freertos/trace/trcKernelPort.o
 .debug_frame   0x000008a8      0x230 src/ASF/thirdparty/freertos/trace/trcUser.o
 .debug_frame   0x00000ad8       0x6c src/ASF/thirdparty/freertos/freertos-8.0.1/Source/list.o
 .debug_frame   0x00000b44      0x108 src/ASF/thirdparty/freertos/freertos-8.0.1/Source/portable/GCC/ARM_CM0/port.o
 .debug_frame   0x00000c4c       0x5c src/ASF/thirdparty/freertos/freertos-8.0.1/Source/portable/MemMang/heap_1.o
 .debug_frame   0x00000ca8      0x378 src/ASF/thirdparty/freertos/freertos-8.0.1/Source/queue.o
 .debug_frame   0x00001020      0x410 src/ASF/thirdparty/freertos/freertos-8.0.1/Source/tasks.o
 .debug_frame   0x00001430      0x144 src/ASF/thirdparty/freertos/freertos-8.0.1/Source/timers.o
 .debug_frame   0x00001574       0x3c src/ASF/sam0/utils/cmsis/samd21/source/gcc/startup_samd21.o
 .debug_frame   0x000015b0      0x154 src/ASF/sam0/drivers/system/clock/clock_samd21_r21_da/clock.o
 .debug_frame   0x00001704      0x14c src/ASF/sam0/drivers/system/clock/clock_samd21_r21_da/gclk.o
 .debug_frame   0x00001850       0x38 src/ASF/sam0/drivers/system/system.o
 .debug_frame   0x00001888       0x30 src/ASF/common/utils/interrupt/interrupt_sam_nvic.o
 .debug_frame   0x000018b8       0x44 src/ASF/sam0/drivers/port/port.o
 .debug_frame   0x000018fc       0x7c src/ASF/sam0/drivers/system/pinmux/pinmux.o
 .debug_frame   0x00001978       0x20 c:/program files (x86)/atmel/atmel toolchain/arm gcc/native/4.8.1443/arm-gnu-toolchain/bin/../lib/gcc/arm-none-eabi/4.8.4/armv6-m\libgcc.a(_udivsi3.o)
 .debug_frame   0x00001998       0x30 c:/program files (x86)/atmel/atmel toolchain/arm gcc/native/4.8.1443/arm-gnu-toolchain/bin/../lib/gcc/arm-none-eabi/4.8.4/armv6-m\libgcc.a(_muldi3.o)
 .debug_frame   0x000019c8       0x30 c:/program files (x86)/atmel/atmel toolchain/arm gcc/native/4.8.1443/arm-gnu-toolchain/bin/../lib/gcc/arm-none-eabi/4.8.4/armv6-m\libgcc.a(truncdfsf2.o)
 .debug_frame   0x000019f8       0x2c c:/program files (x86)/atmel/atmel toolchain/arm gcc/native/4.8.1443/arm-gnu-toolchain/bin/../lib/gcc/arm-none-eabi/4.8.4/../../../../arm-none-eabi/lib/armv6-m\libc.a(lib_a-init.o)
 .debug_frame   0x00001a24       0x30 c:/program files (x86)/atmel/atmel toolchain/arm gcc/native/4.8.1443/arm-gnu-toolchain/bin/../lib/gcc/arm-none-eabi/4.8.4/../../../../arm-none-eabi/lib/armv6-m\libc.a(lib_a-memcpy-stub.o)
 .debug_frame   0x00001a54       0x30 c:/program files (x86)/atmel/atmel toolchain/arm gcc/native/4.8.1443/arm-gnu-toolchain/bin/../lib/gcc/arm-none-eabi/4.8.4/../../../../arm-none-eabi/lib/armv6-m\libc.a(lib_a-memset.o)
 .debug_frame   0x00001a84       0x2c c:/program files (x86)/atmel/atmel toolchain/arm gcc/native/4.8.1443/arm-gnu-toolchain/bin/../lib/gcc/arm-none-eabi/4.8.4/../../../../arm-none-eabi/lib/armv6-m\libc.a(lib_a-strncmp.o)
 .debug_frame   0x00001ab0       0x30 c:/program files (x86)/atmel/atmel toolchain/arm gcc/native/4.8.1443/arm-gnu-toolchain/bin/../lib/gcc/arm-none-eabi/4.8.4/../../../../arm-none-eabi/lib/armv6-m\libc.a(lib_a-strncpy.o)
 .debug_frame   0x00001ae0       0x54 c:/program files (x86)/atmel/atmel toolchain/arm gcc/native/4.8.1443/arm-gnu-toolchain/bin/../lib/gcc/arm-none-eabi/4.8.4/../../../../arm-none-eabi/lib/armv6-m\libc.a(lib_a-__call_atexit.o)
 .debug_frame   0x00001b34       0x28 c:/program files (x86)/atmel/atmel toolchain/arm gcc/native/4.8.1443/arm-gnu-toolchain/bin/../lib/gcc/arm-none-eabi/4.8.4/../../../../arm-none-eabi/lib/armv6-m\libc.a(lib_a-atexit.o)
 .debug_frame   0x00001b5c       0x2c c:/program files (x86)/atmel/atmel toolchain/arm gcc/native/4.8.1443/arm-gnu-toolchain/bin/../lib/gcc/arm-none-eabi/4.8.4/../../../../arm-none-eabi/lib/armv6-m\libc.a(lib_a-fini.o)
 .debug_frame   0x00001b88       0x38 c:/program files (x86)/atmel/atmel toolchain/arm gcc/native/4.8.1443/arm-gnu-toolchain/bin/../lib/gcc/arm-none-eabi/4.8.4/../../../../arm-none-eabi/lib/armv6-m\libc.a(lib_a-__atexit.o)
