Archive member included because of file (symbol)

c:/program files (x86)/atmel/atmel toolchain/arm gcc/native/4.8.1443/arm-gnu-toolchain/bin/../lib/gcc/arm-none-eabi/4.8.4/armv6-m\libgcc.a(_thumb1_case_uqi.o)
                              Bastian_freeRTOS-TRACE.o (__gnu_thumb1_case_uqi)
c:/program files (x86)/atmel/atmel toolchain/arm gcc/native/4.8.1443/arm-gnu-toolchain/bin/../lib/gcc/arm-none-eabi/4.8.4/armv6-m\libgcc.a(_thumb1_case_uhi.o)
                              src/ASF/thirdparty/freertos/trace/trcUser.o (__gnu_thumb1_case_uhi)
c:/program files (x86)/atmel/atmel toolchain/arm gcc/native/4.8.1443/arm-gnu-toolchain/bin/../lib/gcc/arm-none-eabi/4.8.4/armv6-m\libgcc.a(_udivsi3.o)
                              src/ASF/thirdparty/freertos/trace/trcBase.o (__aeabi_uidiv)
c:/program files (x86)/atmel/atmel toolchain/arm gcc/native/4.8.1443/arm-gnu-toolchain/bin/../lib/gcc/arm-none-eabi/4.8.4/armv6-m\libgcc.a(_dvmd_tls.o)
                              c:/program files (x86)/atmel/atmel toolchain/arm gcc/native/4.8.1443/arm-gnu-toolchain/bin/../lib/gcc/arm-none-eabi/4.8.4/armv6-m\libgcc.a(_udivsi3.o) (__aeabi_idiv0)
c:/program files (x86)/atmel/atmel toolchain/arm gcc/native/4.8.1443/arm-gnu-toolchain/bin/../lib/gcc/arm-none-eabi/4.8.4/armv6-m\libgcc.a(_muldi3.o)
                              src/ASF/sam0/drivers/sercom/sercom.o (__aeabi_lmul)
c:/program files (x86)/atmel/atmel toolchain/arm gcc/native/4.8.1443/arm-gnu-toolchain/bin/../lib/gcc/arm-none-eabi/4.8.4/armv6-m\libgcc.a(truncdfsf2.o)
                              src/ASF/thirdparty/freertos/trace/trcUser.o (__aeabi_d2f)
c:/program files (x86)/atmel/atmel toolchain/arm gcc/native/4.8.1443/arm-gnu-toolchain/bin/../lib/gcc/arm-none-eabi/4.8.4/../../../../arm-none-eabi/lib/armv6-m\libc.a(lib_a-exit.o)
                              c:/program files (x86)/atmel/atmel toolchain/arm gcc/native/4.8.1443/arm-gnu-toolchain/bin/../lib/gcc/arm-none-eabi/4.8.4/../../../../arm-none-eabi/lib/armv6-m/crt0.o (exit)
c:/program files (x86)/atmel/atmel toolchain/arm gcc/native/4.8.1443/arm-gnu-toolchain/bin/../lib/gcc/arm-none-eabi/4.8.4/../../../../arm-none-eabi/lib/armv6-m\libc.a(lib_a-impure.o)
                              c:/program files (x86)/atmel/atmel toolchain/arm gcc/native/4.8.1443/arm-gnu-toolchain/bin/../lib/gcc/arm-none-eabi/4.8.4/../../../../arm-none-eabi/lib/armv6-m\libc.a(lib_a-exit.o) (_global_impure_ptr)
c:/program files (x86)/atmel/atmel toolchain/arm gcc/native/4.8.1443/arm-gnu-toolchain/bin/../lib/gcc/arm-none-eabi/4.8.4/../../../../arm-none-eabi/lib/armv6-m\libc.a(lib_a-init.o)
                              c:/program files (x86)/atmel/atmel toolchain/arm gcc/native/4.8.1443/arm-gnu-toolchain/bin/../lib/gcc/arm-none-eabi/4.8.4/../../../../arm-none-eabi/lib/armv6-m/crt0.o (__libc_init_array)
c:/program files (x86)/atmel/atmel toolchain/arm gcc/native/4.8.1443/arm-gnu-toolchain/bin/../lib/gcc/arm-none-eabi/4.8.4/../../../../arm-none-eabi/lib/armv6-m\libc.a(lib_a-memcpy-stub.o)
                              src/ASF/sam0/drivers/sercom/sercom_interrupt.o (memcpy)
c:/program files (x86)/atmel/atmel toolchain/arm gcc/native/4.8.1443/arm-gnu-toolchain/bin/../lib/gcc/arm-none-eabi/4.8.4/../../../../arm-none-eabi/lib/armv6-m\libc.a(lib_a-memset.o)
                              c:/program files (x86)/atmel/atmel toolchain/arm gcc/native/4.8.1443/arm-gnu-toolchain/bin/../lib/gcc/arm-none-eabi/4.8.4/../../../../arm-none-eabi/lib/armv6-m/crt0.o (memset)
c:/program files (x86)/atmel/atmel toolchain/arm gcc/native/4.8.1443/arm-gnu-toolchain/bin/../lib/gcc/arm-none-eabi/4.8.4/../../../../arm-none-eabi/lib/armv6-m\libc.a(lib_a-printf.o)
                              src/ASF/sam0/utils/syscalls/gcc/syscalls.o (printf)
c:/program files (x86)/atmel/atmel toolchain/arm gcc/native/4.8.1443/arm-gnu-toolchain/bin/../lib/gcc/arm-none-eabi/4.8.4/../../../../arm-none-eabi/lib/armv6-m\libc.a(lib_a-strncmp.o)
                              src/ASF/thirdparty/freertos/trace/trcBase.o (strncmp)
c:/program files (x86)/atmel/atmel toolchain/arm gcc/native/4.8.1443/arm-gnu-toolchain/bin/../lib/gcc/arm-none-eabi/4.8.4/../../../../arm-none-eabi/lib/armv6-m\libc.a(lib_a-strncpy.o)
                              src/ASF/thirdparty/freertos/trace/trcBase.o (strncpy)
c:/program files (x86)/atmel/atmel toolchain/arm gcc/native/4.8.1443/arm-gnu-toolchain/bin/../lib/gcc/arm-none-eabi/4.8.4/../../../../arm-none-eabi/lib/armv6-m\libc.a(lib_a-vfprintf.o)
                              c:/program files (x86)/atmel/atmel toolchain/arm gcc/native/4.8.1443/arm-gnu-toolchain/bin/../lib/gcc/arm-none-eabi/4.8.4/../../../../arm-none-eabi/lib/armv6-m\libc.a(lib_a-printf.o) (_vfprintf_r)
c:/program files (x86)/atmel/atmel toolchain/arm gcc/native/4.8.1443/arm-gnu-toolchain/bin/../lib/gcc/arm-none-eabi/4.8.4/../../../../arm-none-eabi/lib/armv6-m\libc.a(lib_a-wsetup.o)
[...]
Memory Configuration

Name             Origin             Length             Attributes
rom              0x00000000         0x00040000         xr
ram              0x20000000         0x00008000         xrw
*default*        0x00000000         0xffffffff

Linker script and memory map

LOAD c:/program files (x86)/atmel/atmel toolchain/arm gcc/native/4.8.1443/arm-gnu-toolchain/bin/../lib/gcc/arm-none-eabi/4.8.4/armv6-m/crti.o
LOAD c:/program files (x86)/atmel/atmel toolchain/arm gcc/native/4.8.1443/arm-gnu-toolchain/bin/../lib/gcc/arm-none-eabi/4.8.4/armv6-m/crtbegin.o
LOAD c:/program files (x86)/atmel/atmel toolchain/arm gcc/native/4.8.1443/arm-gnu-toolchain/bin/../lib/gcc/arm-none-eabi/4.8.4/../../../../arm-none-eabi/lib/armv6-m/crt0.o
LOAD Bastian_freeRTOS-TRACE.o
LOAD src/ASF/sam0/drivers/sercom/sercom.o
LOAD src/Peripherals/bastian_sercom.o
LOAD src/Peripherals/crc_utility.o
LOAD src/ASF/sam0/drivers/sercom/sercom_interrupt.o
LOAD src/ASF/sam0/drivers/sercom/usart/usart.o
LOAD src/ASF/sam0/drivers/sercom/usart/usart_interrupt.o
LOAD src/ASF/thirdparty/freertos/freertos-8.0.1/Source/croutine.o
LOAD src/ASF/thirdparty/freertos/freertos-8.0.1/Source/event_groups.o
LOAD src/ASF/thirdparty/freertos/trace/trcBase.o
LOAD src/ASF/thirdparty/freertos/trace/trcHardwarePort.o
LOAD src/ASF/thirdparty/freertos/trace/trcKernel.o
LOAD src/ASF/thirdparty/freertos/trace/trcKernelPort.o
LOAD src/ASF/thirdparty/freertos/trace/trcUser.o
LOAD src/ASF/thirdparty/freertos/freertos-8.0.1/Source/list.o
LOAD src/ASF/thirdparty/freertos/freertos-8.0.1/Source/portable/GCC/ARM_CM0/port.o
LOAD src/ASF/thirdparty/freertos/freertos-8.0.1/Source/portable/MemMang/heap_1.o
LOAD src/ASF/thirdparty/freertos/freertos-8.0.1/Source/queue.o
LOAD src/ASF/thirdparty/freertos/freertos-8.0.1/Source/tasks.o
LOAD src/ASF/thirdparty/freertos/freertos-8.0.1/Source/timers.o
LOAD src/ASF/sam0/utils/cmsis/samd21/source/gcc/startup_samd21.o
LOAD src/ASF/sam0/utils/cmsis/samd21/source/system_samd21.o
LOAD src/ASF/sam0/utils/syscalls/gcc/syscalls.o
LOAD src/ASF/sam0/drivers/system/clock/clock_samd21_r21_da/clock.o
LOAD src/ASF/sam0/drivers/system/clock/clock_samd21_r21_da/gclk.o
LOAD src/ASF/sam0/drivers/system/interrupt/system_interrupt.o
LOAD src/ASF/sam0/drivers/system/system.o
LOAD src/ASF/common/utils/interrupt/interrupt_sam_nvic.o
LOAD src/ASF/sam0/drivers/port/port.o
LOAD src/ASF/sam0/drivers/system/pinmux/pinmux.o
START GROUP
LOAD ../src/ASF/thirdparty/CMSIS/Lib/GCC\libarm_cortexM0l_math.a
LOAD c:/program files (x86)/atmel/atmel toolchain/arm gcc/native/4.8.1443/arm-gnu-toolchain/bin/../lib/gcc/arm-none-eabi/4.8.4/../../../../arm-none-eabi/lib/armv6-m\libm.a
END GROUP
START GROUP
LOAD c:/program files (x86)/atmel/atmel toolchain/arm gcc/native/4.8.1443/arm-gnu-toolchain/bin/../lib/gcc/arm-none-eabi/4.8.4/armv6-m\libgcc.a
LOAD c:/program files (x86)/atmel/atmel toolchain/arm gcc/native/4.8.1443/arm-gnu-toolchain/bin/../lib/gcc/arm-none-eabi/4.8.4/../../../../arm-none-eabi/lib/armv6-m\libc.a
END GROUP
LOAD c:/program files (x86)/atmel/atmel toolchain/arm gcc/native/4.8.1443/arm-gnu-toolchain/bin/../lib/gcc/arm-none-eabi/4.8.4/armv6-m/crtend.o
LOAD c:/program files (x86)/atmel/atmel toolchain/arm gcc/native/4.8.1443/arm-gnu-toolchain/bin/../lib/gcc/arm-none-eabi/4.8.4/armv6-m/crtn.o
                0x00002000                STACK_SIZE = DEFINED (STACK_SIZE)?STACK_SIZE:DEFINED (__stack_size__)?__stack_size__:0x2000

.text           0x00000000     0x7e08
                0x00000000                . = ALIGN (0x4)
                0x00000000                _sfixed = .
 *(.vectors .vectors.*)
 .vectors       0x00000000       0xb0 src/ASF/sam0/utils/cmsis/samd21/source/gcc/startup_samd21.o
                0x00000000                exception_table
 *(.text .text.* .gnu.linkonce.t.*)
 .text          0x000000b0       0x60 c:/program files (x86)/atmel/atmel toolchain/arm gcc/native/4.8.1443/arm-gnu-toolchain/bin/../lib/gcc/arm-none-eabi/4.8.4/armv6-m/crtbegin.o
 .text.irda_communication_task
                0x00000110      0x19c Bastian_freeRTOS-TRACE.o
                0x00000110                irda_communication_task
 .text.timer_irda_ping_callback
                0x000002ac       0xcc Bastian_freeRTOS-TRACE.o
                0x000002ac                timer_irda_ping_callback
 .text.get_system_address
                0x00000378       0xc4 Bastian_freeRTOS-TRACE.o
                0x00000378                get_system_address
 .text.main     0x0000043c      0x158 Bastian_freeRTOS-TRACE.o
                0x0000043c                main
 .text._sercom_get_sync_baud_val
                0x00000594       0x28 src/ASF/sam0/drivers/sercom/sercom.o
                0x00000594                _sercom_get_sync_baud_val
 *fill*         0x000005bc        0x4 
 .text._sercom_get_async_baud_val
                0x000005c0      0x1c8 src/ASF/sam0/drivers/sercom/sercom.o
                0x000005c0                _sercom_get_async_baud_val
 .text.sercom_set_gclk_generator
                0x00000788       0x68 src/ASF/sam0/drivers/sercom/sercom.o
                0x00000788                sercom_set_gclk_generator
 .text._sercom_get_default_pad
                0x000007f0       0xf0 src/ASF/sam0/drivers/sercom/sercom.o
                0x000007f0                _sercom_get_default_pad
 .text._sercom_get_sercom_inst_index
                0x000008e0       0x48 src/ASF/sam0/drivers/sercom/sercom.o
                0x000008e0                _sercom_get_sercom_inst_index
 .text.irda_master_callback_received
                0x00000928      0x290 src/Peripherals/bastian_sercom.o
 .text.irda_master_callback_transmitted
                0x00000bb8      0x110 src/Peripherals/bastian_sercom.o
 .text.bastian_IrDA_configuration
                0x00000cc8       0xf8 src/Peripherals/bastian_sercom.o
                0x00000cc8                bastian_IrDA_configuration
 .text.crc_check
                0x00000dc0       0x34 src/Peripherals/crc_utility.o
                0x00000dc0                crc_check
 .text.crc_generate
                0x00000df4       0x30 src/Peripherals/crc_utility.o
                0x00000df4                crc_generate
 .text._sercom_default_handler
                0x00000e24        0x4 src/ASF/sam0/drivers/sercom/sercom_interrupt.o
 .text._sercom_set_handler
                0x00000e28       0x58 src/ASF/sam0/drivers/sercom/sercom_interrupt.o
                0x00000e28                _sercom_set_handler
 .text._sercom_get_interrupt_vector
                0x00000e80       0x38 src/ASF/sam0/drivers/sercom/sercom_interrupt.o
                0x00000e80                _sercom_get_interrupt_vector
 .text.SERCOM0_Handler
                0x00000eb8       0x14 src/ASF/sam0/drivers/sercom/sercom_interrupt.o
                0x00000eb8                SERCOM0_Handler
 .text.SERCOM1_Handler
                0x00000ecc       0x14 src/ASF/sam0/drivers/sercom/sercom_interrupt.o
                0x00000ecc                SERCOM1_Handler
 .text.SERCOM2_Handler
                0x00000ee0       0x14 src/ASF/sam0/drivers/sercom/sercom_interrupt.o
                0x00000ee0                SERCOM2_Handler
 .text.SERCOM3_Handler
                0x00000ef4       0x14 src/ASF/sam0/drivers/sercom/sercom_interrupt.o
                0x00000ef4                SERCOM3_Handler
 .text.usart_init
                0x00000f08      0x36c src/ASF/sam0/drivers/sercom/usart/usart.o
                0x00000f08                usart_init
 .text._usart_write_buffer
                0x00001274       0x58 src/ASF/sam0/drivers/sercom/usart/usart_interrupt.o
                0x00001274                _usart_write_buffer
 .text._usart_read_buffer
                0x000012cc       0x6c src/ASF/sam0/drivers/sercom/usart/usart_interrupt.o
                0x000012cc                _usart_read_buffer
 .text.usart_register_callback
                0x00001338       0x18 src/ASF/sam0/drivers/sercom/usart/usart_interrupt.o
                0x00001338                usart_register_callback
 .text.usart_write_buffer_job
                0x00001350       0x2c src/ASF/sam0/drivers/sercom/usart/usart_interrupt.o
                0x00001350                usart_write_buffer_job
 .text.usart_read_buffer_job
                0x0000137c       0x2c src/ASF/sam0/drivers/sercom/usart/usart_interrupt.o
                0x0000137c                usart_read_buffer_job
 .text.usart_abort_job
                0x000013a8       0x20 src/ASF/sam0/drivers/sercom/usart/usart_interrupt.o
                0x000013a8                usart_abort_job
 .text._usart_interrupt_handler
                0x000013c8      0x1a8 src/ASF/sam0/drivers/sercom/usart/usart_interrupt.o
                0x000013c8                _usart_interrupt_handler
 .text.vTraceError
                0x00001570       0x84 src/ASF/thirdparty/freertos/trace/trcBase.o
                0x00001570                vTraceError
 .text.prvTraceInitTraceData
                0x000015f4      0x1d8 src/ASF/thirdparty/freertos/trace/trcBase.o
                0x000015f4                prvTraceInitTraceData
 .text.xTraceNextFreeEventBufferSlot
                0x000017cc       0x50 src/ASF/thirdparty/freertos/trace/trcBase.o
                0x000017cc                xTraceNextFreeEventBufferSlot
 .text.uiIndexOfObject
                0x0000181c       0x70 src/ASF/thirdparty/freertos/trace/trcBase.o
                0x0000181c                uiIndexOfObject
 .text.xTraceGetObjectHandle
                0x0000188c      0x17c src/ASF/thirdparty/freertos/trace/trcBase.o
                0x0000188c                xTraceGetObjectHandle
 .text.vTraceFreeObjectHandle
                0x00001a08       0x94 src/ASF/thirdparty/freertos/trace/trcBase.o
                0x00001a08                vTraceFreeObjectHandle
 .text.vTraceSetObjectName
                0x00001a9c       0xbc src/ASF/thirdparty/freertos/trace/trcBase.o
                0x00001a9c                vTraceSetObjectName
 .text.prvCheckDataToBeOverwrittenForMultiEntryEvents
                0x00001b58       0xe0 src/ASF/thirdparty/freertos/trace/trcBase.o
                0x00001b58                prvCheckDataToBeOverwrittenForMultiEntryEvents
 .text.prvTraceUpdateCounters
                0x00001c38       0x4c src/ASF/thirdparty/freertos/trace/trcBase.o
                0x00001c38                prvTraceUpdateCounters
 .text.prvTraceGetDTS
                0x00001c84      0x14c src/ASF/thirdparty/freertos/trace/trcBase.o
                0x00001c84                prvTraceGetDTS
 .text.prvTraceLookupSymbolTableEntry
                0x00001dd0       0xfc src/ASF/thirdparty/freertos/trace/trcBase.o
                0x00001dd0                prvTraceLookupSymbolTableEntry
 .text.prvTraceCreateSymbolTableEntry
                0x00001ecc      0x10c src/ASF/thirdparty/freertos/trace/trcBase.o
                0x00001ecc                prvTraceCreateSymbolTableEntry
 .text.prvTraceGetChecksum
                0x00001fd8       0x7c src/ASF/thirdparty/freertos/trace/trcBase.o
                0x00001fd8                prvTraceGetChecksum
 .text.prvTraceOpenSymbol
                0x00002054       0xbc src/ASF/thirdparty/freertos/trace/trcBase.o
                0x00002054                prvTraceOpenSymbol
 .text.vTracePortGetTimeStamp
                0x00002110       0xa4 src/ASF/thirdparty/freertos/trace/trcHardwarePort.o
                0x00002110                vTracePortGetTimeStamp
 .text.vTraceStoreTaskReady
                0x000021b4       0xe8 src/ASF/thirdparty/freertos/trace/trcKernel.o
                0x000021b4                vTraceStoreTaskReady
 .text.vTraceStoreKernelCall
                0x0000229c      0x158 src/ASF/thirdparty/freertos/trace/trcKernel.o
                0x0000229c                vTraceStoreKernelCall
 .text.vTraceStoreKernelCallWithParam
                0x000023f4      0x188 src/ASF/thirdparty/freertos/trace/trcKernel.o
                0x000023f4                vTraceStoreKernelCallWithParam
 .text.vTraceStoreKernelCallWithNumericParamOnly
                0x0000257c      0x140 src/ASF/thirdparty/freertos/trace/trcKernel.o
                0x0000257c                vTraceStoreKernelCallWithNumericParamOnly
 .text.vTraceStoreObjectNameOnCloseEvent
                0x000026bc       0x94 src/ASF/thirdparty/freertos/trace/trcKernel.o
                0x000026bc                vTraceStoreObjectNameOnCloseEvent
 .text.vTraceStoreObjectPropertiesOnCloseEvent
                0x00002750       0xbc src/ASF/thirdparty/freertos/trace/trcKernel.o
                0x00002750                vTraceStoreObjectPropertiesOnCloseEvent
 .text.vTraceSetPriorityProperty
                0x0000280c       0x74 src/ASF/thirdparty/freertos/trace/trcKernel.o
                0x0000280c                vTraceSetPriorityProperty
 .text.uiTraceGetPriorityProperty
                0x00002880       0x74 src/ASF/thirdparty/freertos/trace/trcKernel.o
                0x00002880                uiTraceGetPriorityProperty
 .text.vTraceSetObjectState
                0x000028f4       0x74 src/ASF/thirdparty/freertos/trace/trcKernel.o
                0x000028f4                vTraceSetObjectState
 .text.uiTraceGetObjectState
                0x00002968       0x74 src/ASF/thirdparty/freertos/trace/trcKernel.o
                0x00002968                uiTraceGetObjectState
 .text.vTraceStoreTaskswitch
                0x000029dc      0x110 src/ASF/thirdparty/freertos/trace/trcKernel.o
                0x000029dc                vTraceStoreTaskswitch
 .text.vTraceSetTaskInstanceFinished
                0x00002aec       0x58 src/ASF/thirdparty/freertos/trace/trcKernel.o
                0x00002aec                vTraceSetTaskInstanceFinished
 .text.prvTraceGetObjectNumber
                0x00002b44       0x20 src/ASF/thirdparty/freertos/trace/trcKernelPort.o
                0x00002b44                prvTraceGetObjectNumber
 .text.prvTraceGetObjectType
                0x00002b64       0x1c src/ASF/thirdparty/freertos/trace/trcKernelPort.o
                0x00002b64                prvTraceGetObjectType
 .text.prvTraceGetTaskNumber
                0x00002b80       0x20 src/ASF/thirdparty/freertos/trace/trcKernelPort.o
                0x00002b80                prvTraceGetTaskNumber
 .text.prvTraceGetCurrentTaskHandle
                0x00002ba0       0x1c src/ASF/thirdparty/freertos/trace/trcKernelPort.o
                0x00002ba0                prvTraceGetCurrentTaskHandle
 .text.vTraceInitObjectPropertyTable
                0x00002bbc       0xbc src/ASF/thirdparty/freertos/trace/trcKernelPort.o
                0x00002bbc                vTraceInitObjectPropertyTable
 .text.vTraceInitObjectHandleStack
                0x00002c78       0x58 src/ASF/thirdparty/freertos/trace/trcKernelPort.o
                0x00002c78                vTraceInitObjectHandleStack
 .text.pszTraceGetErrorNotEnoughHandles
                0x00002cd0       0x64 src/ASF/thirdparty/freertos/trace/trcKernelPort.o
                0x00002cd0                pszTraceGetErrorNotEnoughHandles
 .text.uiTraceIsObjectExcluded
                0x00002d34      0x104 src/ASF/thirdparty/freertos/trace/trcKernelPort.o
                0x00002d34                uiTraceIsObjectExcluded
 .text.writeInt32
                0x00002e38       0x60 src/ASF/thirdparty/freertos/trace/trcUser.o
 .text.writeInt16
                0x00002e98       0x60 src/ASF/thirdparty/freertos/trace/trcUser.o
 .text.vTraceInitTraceData
                0x00002ef8       0x1c src/ASF/thirdparty/freertos/trace/trcUser.o
                0x00002ef8                vTraceInitTraceData
 .text.xTraceOpenLabel
                0x00002f14       0x3c src/ASF/thirdparty/freertos/trace/trcUser.o
                0x00002f14                xTraceOpenLabel
 .text.vTracePrintF_Helper
                0x00002f50      0x468 src/ASF/thirdparty/freertos/trace/trcUser.o
                0x00002f50                vTracePrintF_Helper
 .text.vTracePrintF
                0x000033b8       0x2c src/ASF/thirdparty/freertos/trace/trcUser.o
                0x000033b8                vTracePrintF
 .text.vListInitialise
                0x000033e4       0x18 src/ASF/thirdparty/freertos/freertos-8.0.1/Source/list.o
                0x000033e4                vListInitialise
 .text.vListInitialiseItem
                0x000033fc        0x8 src/ASF/thirdparty/freertos/freertos-8.0.1/Source/list.o
                0x000033fc                vListInitialiseItem
 .text.vListInsertEnd
                0x00003404       0x18 src/ASF/thirdparty/freertos/freertos-8.0.1/Source/list.o
                0x00003404                vListInsertEnd
 .text.vListInsert
                0x0000341c       0x30 src/ASF/thirdparty/freertos/freertos-8.0.1/Source/list.o
                0x0000341c                vListInsert
 .text.uxListRemove
                0x0000344c       0x24 src/ASF/thirdparty/freertos/freertos-8.0.1/Source/list.o
                0x0000344c                uxListRemove
 .text.prvTaskExitError
                0x00003470       0x18 src/ASF/thirdparty/freertos/freertos-8.0.1/Source/portable/GCC/ARM_CM0/port.o
 .text.vPortStartFirstTask
                0x00003488       0x20 src/ASF/thirdparty/freertos/freertos-8.0.1/Source/portable/GCC/ARM_CM0/port.o
 .text.pxPortInitialiseStack
                0x000034a8       0x24 src/ASF/thirdparty/freertos/freertos-8.0.1/Source/portable/GCC/ARM_CM0/port.o
                0x000034a8                pxPortInitialiseStack
 .text.SVC_Handler
                0x000034cc        0x4 src/ASF/thirdparty/freertos/freertos-8.0.1/Source/portable/GCC/ARM_CM0/port.o
                0x000034cc                SVC_Handler
 .text.vPortYield
                0x000034d0       0x18 src/ASF/thirdparty/freertos/freertos-8.0.1/Source/portable/GCC/ARM_CM0/port.o
                0x000034d0                vPortYield
 .text.vPortEnterCritical
                0x000034e8       0x1c src/ASF/thirdparty/freertos/freertos-8.0.1/Source/portable/GCC/ARM_CM0/port.o
                0x000034e8                vPortEnterCritical
 .text.vPortExitCritical
                0x00003504       0x28 src/ASF/thirdparty/freertos/freertos-8.0.1/Source/portable/GCC/ARM_CM0/port.o
                0x00003504                vPortExitCritical
 .text.ulSetInterruptMaskFromISR
                0x0000352c        0xc src/ASF/thirdparty/freertos/freertos-8.0.1/Source/portable/GCC/ARM_CM0/port.o
                0x0000352c                ulSetInterruptMaskFromISR
 .text.vClearInterruptMaskFromISR
                0x00003538        0x8 src/ASF/thirdparty/freertos/freertos-8.0.1/Source/portable/GCC/ARM_CM0/port.o
                0x00003538                vClearInterruptMaskFromISR
 .text.PendSV_Handler
                0x00003540       0x44 src/ASF/thirdparty/freertos/freertos-8.0.1/Source/portable/GCC/ARM_CM0/port.o
                0x00003540                PendSV_Handler
 .text.SysTick_Handler
                0x00003584       0x44 src/ASF/thirdparty/freertos/freertos-8.0.1/Source/portable/GCC/ARM_CM0/port.o
                0x00003584                SysTick_Handler
 .text.vPortSetupTimerInterrupt
                0x000035c8       0x24 src/ASF/thirdparty/freertos/freertos-8.0.1/Source/portable/GCC/ARM_CM0/port.o
                0x000035c8                vPortSetupTimerInterrupt
 .text.xPortStartScheduler
                0x000035ec       0x50 src/ASF/thirdparty/freertos/freertos-8.0.1/Source/portable/GCC/ARM_CM0/port.o
                0x000035ec                xPortStartScheduler
 .text.pvPortMalloc
                0x0000363c       0x8c src/ASF/thirdparty/freertos/freertos-8.0.1/Source/portable/MemMang/heap_1.o
                0x0000363c                pvPortMalloc
 .text.vPortFree
                0x000036c8        0xc src/ASF/thirdparty/freertos/freertos-8.0.1/Source/portable/MemMang/heap_1.o
                0x000036c8                vPortFree
 .text.prvCopyDataToQueue
                0x000036d4       0x90 src/ASF/thirdparty/freertos/freertos-8.0.1/Source/queue.o
 .text.prvNotifyQueueSetContainer
                0x00003764       0xe8 src/ASF/thirdparty/freertos/freertos-8.0.1/Source/queue.o
 .text.prvCopyDataFromQueue
                0x0000384c       0x38 src/ASF/thirdparty/freertos/freertos-8.0.1/Source/queue.o
 .text.prvUnlockQueue
                0x00003884       0xcc src/ASF/thirdparty/freertos/freertos-8.0.1/Source/queue.o
 .text.xQueueGenericReset
                0x00003950       0x90 src/ASF/thirdparty/freertos/freertos-8.0.1/Source/queue.o
                0x00003950                xQueueGenericReset
 .text.xQueueGenericCreate
                0x000039e0      0x104 src/ASF/thirdparty/freertos/freertos-8.0.1/Source/queue.o
                0x000039e0                xQueueGenericCreate
 .text.xQueueGenericSend
                0x00003ae4      0x2dc src/ASF/thirdparty/freertos/freertos-8.0.1/Source/queue.o
                0x00003ae4                xQueueGenericSend
 .text.xQueueGenericSendFromISR
                0x00003dc0      0x19c src/ASF/thirdparty/freertos/freertos-8.0.1/Source/queue.o
                0x00003dc0                xQueueGenericSendFromISR
 .text.xQueueGenericReceive
                0x00003f5c      0x364 src/ASF/thirdparty/freertos/freertos-8.0.1/Source/queue.o
                0x00003f5c                xQueueGenericReceive
 .text.uxQueueGetQueueNumber
                0x000042c0        0x4 src/ASF/thirdparty/freertos/freertos-8.0.1/Source/queue.o
                0x000042c0                uxQueueGetQueueNumber
 .text.ucQueueGetQueueType
                0x000042c4        0x8 src/ASF/thirdparty/freertos/freertos-8.0.1/Source/queue.o
                0x000042c4                ucQueueGetQueueType
 .text.vQueueWaitForMessageRestricted
                0x000042cc       0x60 src/ASF/thirdparty/freertos/freertos-8.0.1/Source/queue.o
                0x000042cc                vQueueWaitForMessageRestricted
 .text.prvTaskIsTaskSuspended
                0x0000432c       0x34 src/ASF/thirdparty/freertos/freertos-8.0.1/Source/tasks.o
 .text.prvResetNextTaskUnblockTime
                0x00004360       0x3c src/ASF/thirdparty/freertos/freertos-8.0.1/Source/tasks.o
 .text.prvAddCurrentTaskToDelayedList
                0x0000439c       0x80 src/ASF/thirdparty/freertos/freertos-8.0.1/Source/tasks.o
 .text.xTaskGenericCreate
                0x0000441c      0x2c4 src/ASF/thirdparty/freertos/freertos-8.0.1/Source/tasks.o
                0x0000441c                xTaskGenericCreate
 .text.vTaskResume
                0x000046e0       0xd4 src/ASF/thirdparty/freertos/freertos-8.0.1/Source/tasks.o
                0x000046e0                vTaskResume
 .text.xTaskResumeFromISR
                0x000047b4       0xfc src/ASF/thirdparty/freertos/freertos-8.0.1/Source/tasks.o
                0x000047b4                xTaskResumeFromISR
 .text.vTaskStartScheduler
                0x000048b0       0x78 src/ASF/thirdparty/freertos/freertos-8.0.1/Source/tasks.o
                0x000048b0                vTaskStartScheduler
 .text.vTaskSuspendAll
                0x00004928       0x10 src/ASF/thirdparty/freertos/freertos-8.0.1/Source/tasks.o
                0x00004928                vTaskSuspendAll
 .text.xTaskGetTickCount
                0x00004938       0x30 src/ASF/thirdparty/freertos/freertos-8.0.1/Source/tasks.o
                0x00004938                xTaskGetTickCount
 .text.xTaskGetTickCountFromISR
                0x00004968       0x30 src/ASF/thirdparty/freertos/freertos-8.0.1/Source/tasks.o
                0x00004968                xTaskGetTickCountFromISR
 .text.xTaskIncrementTick
                0x00004998      0x1dc src/ASF/thirdparty/freertos/freertos-8.0.1/Source/tasks.o
                0x00004998                xTaskIncrementTick
 .text.xTaskResumeAll
                0x00004b74      0x174 src/ASF/thirdparty/freertos/freertos-8.0.1/Source/tasks.o
                0x00004b74                xTaskResumeAll
 .text.prvIdleTask
                0x00004ce8       0xb8 src/ASF/thirdparty/freertos/freertos-8.0.1/Source/tasks.o
 .text.vTaskSwitchContext
                0x00004da0       0xf4 src/ASF/thirdparty/freertos/freertos-8.0.1/Source/tasks.o
                0x00004da0                vTaskSwitchContext
 .text.vTaskSuspend
                0x00004e94      0x110 src/ASF/thirdparty/freertos/freertos-8.0.1/Source/tasks.o
                0x00004e94                vTaskSuspend
 .text.vTaskPlaceOnEventList
                0x00004fa4       0x74 src/ASF/thirdparty/freertos/freertos-8.0.1/Source/tasks.o
                0x00004fa4                vTaskPlaceOnEventList
 .text.vTaskPlaceOnEventListRestricted
                0x00005018       0x88 src/ASF/thirdparty/freertos/freertos-8.0.1/Source/tasks.o
                0x00005018                vTaskPlaceOnEventListRestricted
 .text.xTaskRemoveFromEventList
                0x000050a0       0xc8 src/ASF/thirdparty/freertos/freertos-8.0.1/Source/tasks.o
                0x000050a0                xTaskRemoveFromEventList
 .text.vTaskSetTimeOutState
                0x00005168       0x24 src/ASF/thirdparty/freertos/freertos-8.0.1/Source/tasks.o
                0x00005168                vTaskSetTimeOutState
 .text.xTaskCheckForTimeOut
                0x0000518c       0x84 src/ASF/thirdparty/freertos/freertos-8.0.1/Source/tasks.o
                0x0000518c                xTaskCheckForTimeOut
 .text.vTaskMissedYield
                0x00005210       0x10 src/ASF/thirdparty/freertos/freertos-8.0.1/Source/tasks.o
                0x00005210                vTaskMissedYield
 .text.uxTaskGetTaskNumber
                0x00005220        0xc src/ASF/thirdparty/freertos/freertos-8.0.1/Source/tasks.o
                0x00005220                uxTaskGetTaskNumber
 .text.xTaskGetCurrentTaskHandle
                0x0000522c       0x14 src/ASF/thirdparty/freertos/freertos-8.0.1/Source/tasks.o
                0x0000522c                xTaskGetCurrentTaskHandle
 .text.xTaskGetSchedulerState
                0x00005240       0x24 src/ASF/thirdparty/freertos/freertos-8.0.1/Source/tasks.o
                0x00005240                xTaskGetSchedulerState
 .text.vTaskPriorityInherit
                0x00005264      0x110 src/ASF/thirdparty/freertos/freertos-8.0.1/Source/tasks.o
                0x00005264                vTaskPriorityInherit
 .text.vTaskPriorityDisinherit
                0x00005374       0xd4 src/ASF/thirdparty/freertos/freertos-8.0.1/Source/tasks.o
                0x00005374                vTaskPriorityDisinherit
 .text.prvInsertTimerInActiveList
                0x00005448       0x5c src/ASF/thirdparty/freertos/freertos-8.0.1/Source/timers.o
 .text.prvCheckForValidListAndQueue
                0x000054a4       0x80 src/ASF/thirdparty/freertos/freertos-8.0.1/Source/timers.o
 .text.xTimerCreateTimerTask
                0x00005524       0x64 src/ASF/thirdparty/freertos/freertos-8.0.1/Source/timers.o
                0x00005524                xTimerCreateTimerTask
 .text.xTimerCreate
                0x00005588       0xb0 src/ASF/thirdparty/freertos/freertos-8.0.1/Source/timers.o
                0x00005588                xTimerCreate
 .text.xTimerGenericCommand
                0x00005638      0x124 src/ASF/thirdparty/freertos/freertos-8.0.1/Source/timers.o
                0x00005638                xTimerGenericCommand
 .text.prvSampleTimeNow
                0x0000575c       0xe8 src/ASF/thirdparty/freertos/freertos-8.0.1/Source/timers.o
 .text.prvTimerTask
                0x00005844      0x200 src/ASF/thirdparty/freertos/freertos-8.0.1/Source/timers.o
 .text.Dummy_Handler
                0x00005a44        0x4 src/ASF/sam0/utils/cmsis/samd21/source/gcc/startup_samd21.o
                0x00005a44                DMAC_Handler
                0x00005a44                HardFault_Handler
                0x00005a44                AC_Handler
                0x00005a44                NMI_Handler
                0x00005a44                ADC_Handler
                0x00005a44                TCC1_Handler
                0x00005a44                TCC0_Handler
                0x00005a44                RTC_Handler
                0x00005a44                EIC_Handler
                0x00005a44                WDT_Handler
                0x00005a44                TC4_Handler
                0x00005a44                USB_Handler
                0x00005a44                TC3_Handler
                0x00005a44                Dummy_Handler
                0x00005a44                PM_Handler
                0x00005a44                TCC2_Handler
                0x00005a44                EVSYS_Handler
                0x00005a44                I2S_Handler
                0x00005a44                NVMCTRL_Handler
                0x00005a44                DAC_Handler
                0x00005a44                PTC_Handler
                0x00005a44                TC5_Handler
                0x00005a44                SYSCTRL_Handler
 .text.Reset_Handler
                0x00005a48      0x12c src/ASF/sam0/utils/cmsis/samd21/source/gcc/startup_samd21.o
                0x00005a48                Reset_Handler
 .text.system_clock_source_get_hz
                0x00005b74       0xc0 src/ASF/sam0/drivers/system/clock/clock_samd21_r21_da/clock.o
                0x00005b74                system_clock_source_get_hz
 .text.system_clock_source_osc8m_set_config
                0x00005c34       0x3c src/ASF/sam0/drivers/system/clock/clock_samd21_r21_da/clock.o
                0x00005c34                system_clock_source_osc8m_set_config
 .text.system_clock_source_xosc32k_set_config
                0x00005c70       0xb8 src/ASF/sam0/drivers/system/clock/clock_samd21_r21_da/clock.o
                0x00005c70                system_clock_source_xosc32k_set_config
 .text.system_clock_source_dpll_set_config
                0x00005d28       0xb4 src/ASF/sam0/drivers/system/clock/clock_samd21_r21_da/clock.o
                0x00005d28                system_clock_source_dpll_set_config
 .text.system_clock_source_enable
                0x00005ddc       0xbc src/ASF/sam0/drivers/system/clock/clock_samd21_r21_da/clock.o
                0x00005ddc                system_clock_source_enable
 .text.system_clock_source_is_ready
                0x00005e98       0x58 src/ASF/sam0/drivers/system/clock/clock_samd21_r21_da/clock.o
                0x00005e98                system_clock_source_is_ready
 .text.system_clock_init
                0x00005ef0      0x160 src/ASF/sam0/drivers/system/clock/clock_samd21_r21_da/clock.o
                0x00005ef0                system_clock_init
 .text.system_gclk_init
                0x00006050       0x24 src/ASF/sam0/drivers/system/clock/clock_samd21_r21_da/gclk.o
                0x00006050                system_gclk_init
 .text.system_gclk_gen_set_config
                0x00006074       0xd4 src/ASF/sam0/drivers/system/clock/clock_samd21_r21_da/gclk.o
                0x00006074                system_gclk_gen_set_config
 .text.system_gclk_gen_enable
                0x00006148       0x54 src/ASF/sam0/drivers/system/clock/clock_samd21_r21_da/gclk.o
                0x00006148                system_gclk_gen_enable
 .text.system_gclk_gen_get_hz
                0x0000619c       0xa0 src/ASF/sam0/drivers/system/clock/clock_samd21_r21_da/gclk.o
                0x0000619c                system_gclk_gen_get_hz
 .text.system_gclk_chan_enable
                0x0000623c       0x40 src/ASF/sam0/drivers/system/clock/clock_samd21_r21_da/gclk.o
                0x0000623c                system_gclk_chan_enable
 .text.system_gclk_chan_disable
                0x0000627c       0x6c src/ASF/sam0/drivers/system/clock/clock_samd21_r21_da/gclk.o
                0x0000627c                system_gclk_chan_disable
 .text.system_gclk_chan_set_config
                0x000062e8       0x2c src/ASF/sam0/drivers/system/clock/clock_samd21_r21_da/gclk.o
                0x000062e8                system_gclk_chan_set_config
 .text.system_gclk_chan_get_hz
                0x00006314       0x48 src/ASF/sam0/drivers/system/clock/clock_samd21_r21_da/gclk.o
                0x00006314                system_gclk_chan_get_hz
 .text._system_dummy_init
                0x0000635c        0x4 src/ASF/sam0/drivers/system/system.o
                0x0000635c                _system_extint_init
                0x0000635c                system_board_init
                0x0000635c                _system_events_init
                0x0000635c                _system_dummy_init
                0x0000635c                _system_divas_init
 .text.system_init
                0x00006360       0x44 src/ASF/sam0/drivers/system/system.o
                0x00006360                system_init
 .text.cpu_irq_enter_critical
                0x000063a4       0x60 src/ASF/common/utils/interrupt/interrupt_sam_nvic.o
                0x000063a4                cpu_irq_enter_critical
 .text.cpu_irq_leave_critical
                0x00006404       0x48 src/ASF/common/utils/interrupt/interrupt_sam_nvic.o
                0x00006404                cpu_irq_leave_critical
 .text.port_pin_set_config
                0x0000644c       0x30 src/ASF/sam0/drivers/port/port.o
                0x0000644c                port_pin_set_config
 .text._system_pinmux_config
                0x0000647c       0x8c src/ASF/sam0/drivers/system/pinmux/pinmux.o
 .text.system_pinmux_pin_set_config
                0x00006508       0x30 src/ASF/sam0/drivers/system/pinmux/pinmux.o
                0x00006508                system_pinmux_pin_set_config
 .text          0x00006538       0x14 c:/program files (x86)/atmel/atmel toolchain/arm gcc/native/4.8.1443/arm-gnu-toolchain/bin/../lib/gcc/arm-none-eabi/4.8.4/armv6-m\libgcc.a(_thumb1_case_uqi.o)
                0x00006538                __gnu_thumb1_case_uqi
 .text          0x0000654c       0x14 c:/program files (x86)/atmel/atmel toolchain/arm gcc/native/4.8.1443/arm-gnu-toolchain/bin/../lib/gcc/arm-none-eabi/4.8.4/armv6-m\libgcc.a(_thumb1_case_uhi.o)
                0x0000654c                __gnu_thumb1_case_uhi
 .text          0x00006560       0x9c c:/program files (x86)/atmel/atmel toolchain/arm gcc/native/4.8.1443/arm-gnu-toolchain/bin/../lib/gcc/arm-none-eabi/4.8.4/armv6-m\libgcc.a(_udivsi3.o)
                0x00006560                __aeabi_uidiv
                0x00006560                __udivsi3
                0x000065e8                __aeabi_uidivmod
 .text          0x000065fc        0x4 c:/program files (x86)/atmel/atmel toolchain/arm gcc/native/4.8.1443/arm-gnu-toolchain/bin/../lib/gcc/arm-none-eabi/4.8.4/armv6-m\libgcc.a(_dvmd_tls.o)
                0x000065fc                __aeabi_idiv0
                0x000065fc                __aeabi_ldiv0
 .text          0x00006600       0x44 c:/program files (x86)/atmel/atmel toolchain/arm gcc/native/4.8.1443/arm-gnu-toolchain/bin/../lib/gcc/arm-none-eabi/4.8.4/armv6-m\libgcc.a(_muldi3.o)
                0x00006600                __muldi3
                0x00006600                __aeabi_lmul
 .text          0x00006644      0x118 c:/program files (x86)/atmel/atmel toolchain/arm gcc/native/4.8.1443/arm-gnu-toolchain/bin/../lib/gcc/arm-none-eabi/4.8.4/armv6-m\libgcc.a(truncdfsf2.o)
                0x00006644                __aeabi_d2f
 .text.__libc_init_array
                0x0000675c       0x48 c:/program files (x86)/atmel/atmel toolchain/arm gcc/native/4.8.1443/arm-gnu-toolchain/bin/../lib/gcc/arm-none-eabi/4.8.4/../../../../arm-none-eabi/lib/armv6-m\libc.a(lib_a-init.o)
                0x0000675c                __libc_init_array
 .text.memcpy   0x000067a4       0x84 c:/program files (x86)/atmel/atmel toolchain/arm gcc/native/4.8.1443/arm-gnu-toolchain/bin/../lib/gcc/arm-none-eabi/4.8.4/../../../../arm-none-eabi/lib/armv6-m\libc.a(lib_a-memcpy-stub.o)
                0x000067a4                memcpy
 .text.memset   0x00006828       0x9c c:/program files (x86)/atmel/atmel toolchain/arm gcc/native/4.8.1443/arm-gnu-toolchain/bin/../lib/gcc/arm-none-eabi/4.8.4/../../../../arm-none-eabi/lib/armv6-m\libc.a(lib_a-memset.o)
                0x00006828                memset
 .text.strncmp  0x000068c4       0xb8 c:/program files (x86)/atmel/atmel toolchain/arm gcc/native/4.8.1443/arm-gnu-toolchain/bin/../lib/gcc/arm-none-eabi/4.8.4/../../../../arm-none-eabi/lib/armv6-m\libc.a(lib_a-strncmp.o)
                0x000068c4                strncmp
 .text.strncpy  0x0000697c       0x74 c:/program files (x86)/atmel/atmel toolchain/arm gcc/native/4.8.1443/arm-gnu-toolchain/bin/../lib/gcc/arm-none-eabi/4.8.4/../../../../arm-none-eabi/lib/armv6-m\libc.a(lib_a-strncpy.o)
                0x0000697c                strncpy
 .text.startup.register_fini
                0x000069f0       0x18 c:/program files (x86)/atmel/atmel toolchain/arm gcc/native/4.8.1443/arm-gnu-toolchain/bin/../lib/gcc/arm-none-eabi/4.8.4/../../../../arm-none-eabi/lib/armv6-m\libc.a(lib_a-__call_atexit.o)
 .text.atexit   0x00006a08       0x10 c:/program files (x86)/atmel/atmel toolchain/arm gcc/native/4.8.1443/arm-gnu-toolchain/bin/../lib/gcc/arm-none-eabi/4.8.4/../../../../arm-none-eabi/lib/armv6-m\libc.a(lib_a-atexit.o)
                0x00006a08                atexit
 .text.__libc_fini_array
                0x00006a18       0x30 c:/program files (x86)/atmel/atmel toolchain/arm gcc/native/4.8.1443/arm-gnu-toolchain/bin/../lib/gcc/arm-none-eabi/4.8.4/../../../../arm-none-eabi/lib/armv6-m\libc.a(lib_a-fini.o)
                0x00006a18                __libc_fini_array
 .text.__register_exitproc
                0x00006a48       0xc0 c:/program files (x86)/atmel/atmel toolchain/arm gcc/native/4.8.1443/arm-gnu-toolchain/bin/../lib/gcc/arm-none-eabi/4.8.4/../../../../arm-none-eabi/lib/armv6-m\libc.a(lib_a-__atexit.o)
                0x00006a48                __register_exitproc
 *(.glue_7t)
 .glue_7t       0x00000000        0x0 linker stubs
 *(.glue_7)
 .glue_7        0x00000000        0x0 linker stubs
 *(.rodata .rodata* .gnu.linkonce.r.*)
 .rodata.str1.4
                0x00006b08       0x21 Bastian_freeRTOS-TRACE.o
                                 0x24 (size before relaxing)
 *fill*         0x00006b29        0x3 
 .rodata        0x00006b2c       0x10 src/ASF/sam0/drivers/sercom/sercom.o
 .rodata.str1.4
                0x00006b3c       0x34 src/Peripherals/bastian_sercom.o
 .rodata        0x00006b70        0x4 src/ASF/sam0/drivers/sercom/sercom_interrupt.o
 .rodata.str1.4
                0x00006b74      0x56f src/ASF/thirdparty/freertos/trace/trcBase.o
                                0x570 (size before relaxing)
 *fill*         0x000070e3        0x1 
 .rodata.str1.4
                0x000070e4      0x71a src/ASF/thirdparty/freertos/trace/trcKernel.o
                                0x71c (size before relaxing)
 *fill*         0x000077fe        0x2 
 .rodata.str1.4
                0x00007800      0x298 src/ASF/thirdparty/freertos/trace/trcKernelPort.o
 .rodata.str1.4
                0x00007a98      0x331 src/ASF/thirdparty/freertos/trace/trcUser.o
                                0x334 (size before relaxing)
 *fill*         0x00007dc9        0x3 
 .rodata.str1.4
                0x00007dcc        0x5 src/ASF/thirdparty/freertos/freertos-8.0.1/Source/tasks.o
                                  0x8 (size before relaxing)
 *fill*         0x00007dd1        0x3 
 .rodata.str1.4
                0x00007dd4        0x8 src/ASF/thirdparty/freertos/freertos-8.0.1/Source/timers.o
 .rodata.str1.4
                0x00007ddc        0x4 c:/program files (x86)/atmel/atmel toolchain/arm gcc/native/4.8.1443/arm-gnu-toolchain/bin/../lib/gcc/arm-none-eabi/4.8.4/../../../../arm-none-eabi/lib/armv6-m\libc.a(lib_a-impure.o)
 .rodata._global_impure_ptr
                0x00007de0        0x4 c:/program files (x86)/atmel/atmel toolchain/arm gcc/native/4.8.1443/arm-gnu-toolchain/bin/../lib/gcc/arm-none-eabi/4.8.4/../../../../arm-none-eabi/lib/armv6-m\libc.a(lib_a-impure.o)
                0x00007de0                _global_impure_ptr
 *(.ARM.extab* .gnu.linkonce.armextab.*)
                0x00007de4                . = ALIGN (0x4)
 *(.init)
 .init          0x00007de4        0x4 c:/program files (x86)/atmel/atmel toolchain/arm gcc/native/4.8.1443/arm-gnu-toolchain/bin/../lib/gcc/arm-none-eabi/4.8.4/armv6-m/crti.o
                0x00007de4                _init
 .init          0x00007de8        0x8 c:/program files (x86)/atmel/atmel toolchain/arm gcc/native/4.8.1443/arm-gnu-toolchain/bin/../lib/gcc/arm-none-eabi/4.8.4/armv6-m/crtn.o
                0x00007df0                . = ALIGN (0x4)
                0x00007df0                __preinit_array_start = .
 *(.preinit_array)
                0x00007df0                __preinit_array_end = .
                0x00007df0                . = ALIGN (0x4)
                0x00007df0                __init_array_start = .
 *(SORT(.init_array.*))
 .init_array.00000
                0x00007df0        0x4 c:/program files (x86)/atmel/atmel toolchain/arm gcc/native/4.8.1443/arm-gnu-toolchain/bin/../lib/gcc/arm-none-eabi/4.8.4/../../../../arm-none-eabi/lib/armv6-m\libc.a(lib_a-__call_atexit.o)
 *(.init_array)
 .init_array    0x00007df4        0x4 c:/program files (x86)/atmel/atmel toolchain/arm gcc/native/4.8.1443/arm-gnu-toolchain/bin/../lib/gcc/arm-none-eabi/4.8.4/armv6-m/crtbegin.o
                0x00007df8                __init_array_end = .
                0x00007df8                . = ALIGN (0x4)
 *crtbegin.o(.ctors)
 *(EXCLUDE_FILE(*crtend.o) .ctors)
 *(SORT(.ctors.*))
 *crtend.o(.ctors)
                0x00007df8                . = ALIGN (0x4)
 *(.fini)
 .fini          0x00007df8        0x4 c:/program files (x86)/atmel/atmel toolchain/arm gcc/native/4.8.1443/arm-gnu-toolchain/bin/../lib/gcc/arm-none-eabi/4.8.4/armv6-m/crti.o
                0x00007df8                _fini
 .fini          0x00007dfc        0x8 c:/program files (x86)/atmel/atmel toolchain/arm gcc/native/4.8.1443/arm-gnu-toolchain/bin/../lib/gcc/arm-none-eabi/4.8.4/armv6-m/crtn.o
                0x00007e04                . = ALIGN (0x4)
                0x00007e04                __fini_array_start = .
 *(.fini_array)
 .fini_array    0x00007e04        0x4 c:/program files (x86)/atmel/atmel toolchain/arm gcc/native/4.8.1443/arm-gnu-toolchain/bin/../lib/gcc/arm-none-eabi/4.8.4/armv6-m/crtbegin.o
 *(SORT(.fini_array.*))
                0x00007e08                __fini_array_end = .
 *crtbegin.o(.dtors)
 *(EXCLUDE_FILE(*crtend.o) .dtors)
 *(SORT(.dtors.*))
 *crtend.o(.dtors)
                0x00007e08                . = ALIGN (0x4)
                0x00007e08                _efixed = .
                0x00007e08                PROVIDE (__exidx_start, .)

.vfp11_veneer   0x00007e08        0x0
 .vfp11_veneer  0x00000000        0x0 linker stubs

.v4_bx          0x00007e08        0x0
 .v4_bx         0x00000000        0x0 linker stubs

.iplt           0x00007e08        0x0
 .iplt          0x00000000        0x0 c:/program files (x86)/atmel/atmel toolchain/arm gcc/native/4.8.1443/arm-gnu-toolchain/bin/../lib/gcc/arm-none-eabi/4.8.4/armv6-m/crtbegin.o

.eh_frame       0x00007e08        0x0
 .eh_frame      0x00007e08        0x0 c:/program files (x86)/atmel/atmel toolchain/arm gcc/native/4.8.1443/arm-gnu-toolchain/bin/../lib/gcc/arm-none-eabi/4.8.4/armv6-m/crtbegin.o

.rel.dyn        0x00007e08        0x0
 .rel.iplt      0x00000000        0x0 c:/program files (x86)/atmel/atmel toolchain/arm gcc/native/4.8.1443/arm-gnu-toolchain/bin/../lib/gcc/arm-none-eabi/4.8.4/armv6-m/crtbegin.o
 .rel.got       0x00000000        0x0 c:/program files (x86)/atmel/atmel toolchain/arm gcc/native/4.8.1443/arm-gnu-toolchain/bin/../lib/gcc/arm-none-eabi/4.8.4/armv6-m/crtbegin.o

.jcr            0x00007e08        0x0
 .jcr           0x00007e08        0x0 c:/program files (x86)/atmel/atmel toolchain/arm gcc/native/4.8.1443/arm-gnu-toolchain/bin/../lib/gcc/arm-none-eabi/4.8.4/armv6-m/crtbegin.o

.igot.plt       0x00007e08        0x0
 .igot.plt      0x00000000        0x0 c:/program files (x86)/atmel/atmel toolchain/arm gcc/native/4.8.1443/arm-gnu-toolchain/bin/../lib/gcc/arm-none-eabi/4.8.4/armv6-m/crtbegin.o

.got            0x00007e08      0x2cc
 .got           0x00007e08      0x2cc c:/program files (x86)/atmel/atmel toolchain/arm gcc/native/4.8.1443/arm-gnu-toolchain/bin/../lib/gcc/arm-none-eabi/4.8.4/armv6-m/crtbegin.o

.got.plt        0x000080d4        0xc
 .got.plt       0x000080d4        0xc c:/program files (x86)/atmel/atmel toolchain/arm gcc/native/4.8.1443/arm-gnu-toolchain/bin/../lib/gcc/arm-none-eabi/4.8.4/armv6-m/crtbegin.o
                0x000080d4                _GLOBAL_OFFSET_TABLE_

.ARM.exidx
 *(.ARM.exidx* .gnu.linkonce.armexidx.*)
                0x000080e0                PROVIDE (__exidx_end, .)
                0x000080e0                . = ALIGN (0x4)
                0x000080e0                _etext = .

.relocate       0x20000000      0x448 load address 0x000080e0
                0x20000000                . = ALIGN (0x4)
                0x20000000                _srelocate = .
 *(.ramfunc .ramfunc.*)
 *(.data .data.*)
 .data          0x20000000        0x4 src/Peripherals/bastian_sercom.o
                0x20000000                lock_allow_main_discovery
 .data          0x20000004        0x4 src/ASF/thirdparty/freertos/trace/trcKernel.o
 .data          0x20000008        0x8 src/ASF/thirdparty/freertos/trace/trcKernelPort.o
                0x20000008                TraceObjectClassTable
 .data          0x20000010        0x4 src/ASF/thirdparty/freertos/freertos-8.0.1/Source/portable/GCC/ARM_CM0/port.o
 .data          0x20000014        0x4 src/ASF/thirdparty/freertos/freertos-8.0.1/Source/tasks.o
 .data          0x20000018        0x1 src/ASF/common/utils/interrupt/interrupt_sam_nvic.o
                0x20000018                g_interrupt_enabled
 *fill*         0x20000019        0x7 
 .data.impure_data
                0x20000020      0x428 c:/program files (x86)/atmel/atmel toolchain/arm gcc/native/4.8.1443/arm-gnu-toolchain/bin/../lib/gcc/arm-none-eabi/4.8.4/../../../../arm-none-eabi/lib/armv6-m\libc.a(lib_a-impure.o)
                0x20000448                . = ALIGN (0x4)
                0x20000448                _erelocate = .

.bss            0x20000448     0x2ab0 load address 0x00008528
                0x20000448                . = ALIGN (0x4)
                0x20000448                _sbss = .
                0x20000448                _szero = .
 *(.bss .bss.*)
 .bss           0x20000448       0x1c c:/program files (x86)/atmel/atmel toolchain/arm gcc/native/4.8.1443/arm-gnu-toolchain/bin/../lib/gcc/arm-none-eabi/4.8.4/armv6-m/crtbegin.o
 .bss           0x20000464       0x14 Bastian_freeRTOS-TRACE.o
                0x20000464                irda_rx_array
                0x2000046c                irda_tx_array
 .bss           0x20000478        0x8 src/ASF/sam0/drivers/sercom/sercom.o
 .bss           0x20000480       0x10 src/Peripherals/bastian_sercom.o
                0x20000480                irda_timed_out
                0x20000484                lock_trace
 .bss           0x20000490       0x1c src/ASF/sam0/drivers/sercom/sercom_interrupt.o
 .bss           0x200004ac       0xb4 src/ASF/thirdparty/freertos/trace/trcBase.o
                0x200004b8                traceErrorMessage
                0x200004bc                recorder_busy
                0x200004c0                RecorderDataPtr
                0x200004c4                objectHandleStacks
                0x20000534                excludedEventCodes
                0x20000558                excludedObjects
 .bss           0x20000560       0x18 src/ASF/thirdparty/freertos/trace/trcHardwarePort.o
                0x20000568                DWT_CYCLES_ADDED
                0x2000056c                uiTraceTickCount
                0x20000570                last_timestamp
                0x20000574                trace_disable_timestamp
 .bss           0x20000578        0x3 src/ASF/thirdparty/freertos/trace/trcKernel.o
                0x20000578                inExcludedTask
                0x20000579                handle_of_last_logged_task
                0x2000057a                nISRactive
 *fill*         0x2000057b        0x1 
 .bss           0x2000057c      0xfa8 src/ASF/thirdparty/freertos/freertos-8.0.1/Source/portable/MemMang/heap_1.o
 .bss           0x20001524       0xfc src/ASF/thirdparty/freertos/freertos-8.0.1/Source/tasks.o
                0x2000161c                pxCurrentTCB
 .bss           0x20001620       0x3c src/ASF/thirdparty/freertos/freertos-8.0.1/Source/timers.o
 .bss           0x2000165c       0x20 src/ASF/sam0/drivers/system/clock/clock_samd21_r21_da/clock.o
 .bss           0x2000167c        0x8 src/ASF/common/utils/interrupt/interrupt_sam_nvic.o
 *(COMMON)
 COMMON         0x20001684       0x78 Bastian_freeRTOS-TRACE.o
                0x20001684                slat
                0x20001686                event_channel
                0x20001688                irda_comm_state
                0x2000168c                ser_master
                0x200016c0                irda_master
                0x200016f4                timer_IrDA_Ping
                0x200016f8                irda_task_handler
 COMMON         0x200016fc        0x8 src/Peripherals/bastian_sercom.o
                0x200016fc                unlock_count
                0x20001700                lock_main_discovery_count
 COMMON         0x20001704       0x10 src/ASF/sam0/drivers/sercom/sercom_interrupt.o
                0x20001704                _sercom_instances
 COMMON         0x20001714     0x17e4 src/ASF/thirdparty/freertos/trace/trcBase.o
                0x20001714                RecorderData
                0x20002ef4                init_hwtc_count
                0x20002ef8                . = ALIGN (0x4)
                0x20002ef8                _ebss = .
                0x20002ef8                _ezero = .

.stack          0x20002ef8     0x2000 load address 0x0000afd8
                0x20002ef8                . = ALIGN (0x8)
                0x20002ef8                _sstack = .
                0x20004ef8                . = (. + STACK_SIZE)
 *fill*         0x20002ef8     0x2000 
                0x20004ef8                . = ALIGN (0x8)
                0x20004ef8                _estack = .
                0x20004ef8                . = ALIGN (0x4)
                0x20004ef8                _end = .
OUTPUT(Bastian_freeRTOS-TRACE.elf elf32-littlearm)

.ARM.attributes
                0x00000000       0x28
 .ARM.attributes
                0x00000000       0x1e c:/program files (x86)/atmel/atmel toolchain/arm gcc/native/4.8.1443/arm-gnu-toolchain/bin/../lib/gcc/arm-none-eabi/4.8.4/armv6-m/crti.o
 .ARM.attributes
                0x0000001e       0x2c c:/program files (x86)/atmel/atmel toolchain/arm gcc/native/4.8.1443/arm-gnu-toolchain/bin/../lib/gcc/arm-none-eabi/4.8.4/armv6-m/crtbegin.o
 .ARM.attributes
                0x0000004a       0x32 Bastian_freeRTOS-TRACE.o
 .ARM.attributes
                0x0000007c       0x32 src/ASF/sam0/drivers/sercom/sercom.o
 .ARM.attributes
                0x000000ae       0x32 src/Peripherals/bastian_sercom.o
 .ARM.attributes
                0x000000e0       0x32 src/Peripherals/crc_utility.o
 .ARM.attributes
                0x00000112       0x32 src/ASF/sam0/drivers/sercom/sercom_interrupt.o
 .ARM.attributes
                0x00000144       0x32 src/ASF/sam0/drivers/sercom/usart/usart.o
 .ARM.attributes
                0x00000176       0x32 src/ASF/sam0/drivers/sercom/usart/usart_interrupt.o
 .ARM.attributes
                0x000001a8       0x32 src/ASF/thirdparty/freertos/trace/trcBase.o
 .ARM.attributes
                0x000001da       0x32 src/ASF/thirdparty/freertos/trace/trcHardwarePort.o
 .ARM.attributes
                0x0000020c       0x32 src/ASF/thirdparty/freertos/trace/trcKernel.o
 .ARM.attributes
                0x0000023e       0x32 src/ASF/thirdparty/freertos/trace/trcKernelPort.o
 .ARM.attributes
                0x00000270       0x32 src/ASF/thirdparty/freertos/trace/trcUser.o
 .ARM.attributes
                0x000002a2       0x32 src/ASF/thirdparty/freertos/freertos-8.0.1/Source/list.o
 .ARM.attributes
                0x000002d4       0x32 src/ASF/thirdparty/freertos/freertos-8.0.1/Source/portable/GCC/ARM_CM0/port.o
 .ARM.attributes
                0x00000306       0x32 src/ASF/thirdparty/freertos/freertos-8.0.1/Source/portable/MemMang/heap_1.o
 .ARM.attributes
                0x00000338       0x32 src/ASF/thirdparty/freertos/freertos-8.0.1/Source/queue.o
 .ARM.attributes
                0x0000036a       0x32 src/ASF/thirdparty/freertos/freertos-8.0.1/Source/tasks.o
 .ARM.attributes
                0x0000039c       0x32 src/ASF/thirdparty/freertos/freertos-8.0.1/Source/timers.o
 .ARM.attributes
                0x000003ce       0x32 src/ASF/sam0/utils/cmsis/samd21/source/gcc/startup_samd21.o
 .ARM.attributes
                0x00000400       0x32 src/ASF/sam0/drivers/system/clock/clock_samd21_r21_da/clock.o
 .ARM.attributes
                0x00000432       0x32 src/ASF/sam0/drivers/system/clock/clock_samd21_r21_da/gclk.o
 .ARM.attributes
                0x00000464       0x32 src/ASF/sam0/drivers/system/system.o
 .ARM.attributes
                0x00000496       0x32 src/ASF/common/utils/interrupt/interrupt_sam_nvic.o
 .ARM.attributes
                0x000004c8       0x32 src/ASF/sam0/drivers/port/port.o
 .ARM.attributes
                0x000004fa       0x32 src/ASF/sam0/drivers/system/pinmux/pinmux.o
 .ARM.attributes
                0x0000052c       0x1e c:/program files (x86)/atmel/atmel toolchain/arm gcc/native/4.8.1443/arm-gnu-toolchain/bin/../lib/gcc/arm-none-eabi/4.8.4/armv6-m\libgcc.a(_thumb1_case_uqi.o)
 .ARM.attributes
                0x0000054a       0x1e c:/program files (x86)/atmel/atmel toolchain/arm gcc/native/4.8.1443/arm-gnu-toolchain/bin/../lib/gcc/arm-none-eabi/4.8.4/armv6-m\libgcc.a(_thumb1_case_uhi.o)
 .ARM.attributes
                0x00000568       0x1e c:/program files (x86)/atmel/atmel toolchain/arm gcc/native/4.8.1443/arm-gnu-toolchain/bin/../lib/gcc/arm-none-eabi/4.8.4/armv6-m\libgcc.a(_udivsi3.o)
 .ARM.attributes
                0x00000586       0x1e c:/program files (x86)/atmel/atmel toolchain/arm gcc/native/4.8.1443/arm-gnu-toolchain/bin/../lib/gcc/arm-none-eabi/4.8.4/armv6-m\libgcc.a(_dvmd_tls.o)
 .ARM.attributes
                0x000005a4       0x2c c:/program files (x86)/atmel/atmel toolchain/arm gcc/native/4.8.1443/arm-gnu-toolchain/bin/../lib/gcc/arm-none-eabi/4.8.4/armv6-m\libgcc.a(_muldi3.o)
 .ARM.attributes
                0x000005d0       0x2c c:/program files (x86)/atmel/atmel toolchain/arm gcc/native/4.8.1443/arm-gnu-toolchain/bin/../lib/gcc/arm-none-eabi/4.8.4/armv6-m\libgcc.a(truncdfsf2.o)
 .ARM.attributes
                0x000005fc       0x2c c:/program files (x86)/atmel/atmel toolchain/arm gcc/native/4.8.1443/arm-gnu-toolchain/bin/../lib/gcc/arm-none-eabi/4.8.4/../../../../arm-none-eabi/lib/armv6-m\libc.a(lib_a-impure.o)
 .ARM.attributes
                0x00000628       0x2c c:/program files (x86)/atmel/atmel toolchain/arm gcc/native/4.8.1443/arm-gnu-toolchain/bin/../lib/gcc/arm-none-eabi/4.8.4/../../../../arm-none-eabi/lib/armv6-m\libc.a(lib_a-init.o)
 .ARM.attributes
                0x00000654       0x2c c:/program files (x86)/atmel/atmel toolchain/arm gcc/native/4.8.1443/arm-gnu-toolchain/bin/../lib/gcc/arm-none-eabi/4.8.4/../../../../arm-none-eabi/lib/armv6-m\libc.a(lib_a-memcpy-stub.o)
 .ARM.attributes
                0x00000680       0x2c c:/program files (x86)/atmel/atmel toolchain/arm gcc/native/4.8.1443/arm-gnu-toolchain/bin/../lib/gcc/arm-none-eabi/4.8.4/../../../../arm-none-eabi/lib/armv6-m\libc.a(lib_a-memset.o)
 .ARM.attributes
                0x000006ac       0x2c c:/program files (x86)/atmel/atmel toolchain/arm gcc/native/4.8.1443/arm-gnu-toolchain/bin/../lib/gcc/arm-none-eabi/4.8.4/../../../../arm-none-eabi/lib/armv6-m\libc.a(lib_a-strncmp.o)
 .ARM.attributes
                0x000006d8       0x2c c:/program files (x86)/atmel/atmel toolchain/arm gcc/native/4.8.1443/arm-gnu-toolchain/bin/../lib/gcc/arm-none-eabi/4.8.4/../../../../arm-none-eabi/lib/armv6-m\libc.a(lib_a-strncpy.o)
 .ARM.attributes
                0x00000704       0x2c c:/program files (x86)/atmel/atmel toolchain/arm gcc/native/4.8.1443/arm-gnu-toolchain/bin/../lib/gcc/arm-none-eabi/4.8.4/../../../../arm-none-eabi/lib/armv6-m\libc.a(lib_a-__call_atexit.o)
 .ARM.attributes
                0x00000730       0x2c c:/program files (x86)/atmel/atmel toolchain/arm gcc/native/4.8.1443/arm-gnu-toolchain/bin/../lib/gcc/arm-none-eabi/4.8.4/../../../../arm-none-eabi/lib/armv6-m\libc.a(lib_a-atexit.o)
 .ARM.attributes
                0x0000075c       0x2c c:/program files (x86)/atmel/atmel toolchain/arm gcc/native/4.8.1443/arm-gnu-toolchain/bin/../lib/gcc/arm-none-eabi/4.8.4/../../../../arm-none-eabi/lib/armv6-m\libc.a(lib_a-fini.o)
 .ARM.attributes
                0x00000788       0x2c c:/program files (x86)/atmel/atmel toolchain/arm gcc/native/4.8.1443/arm-gnu-toolchain/bin/../lib/gcc/arm-none-eabi/4.8.4/../../../../arm-none-eabi/lib/armv6-m\libc.a(lib_a-__atexit.o)
 .ARM.attributes
                0x000007b4       0x1e c:/program files (x86)/atmel/atmel toolchain/arm gcc/native/4.8.1443/arm-gnu-toolchain/bin/../lib/gcc/arm-none-eabi/4.8.4/armv6-m/crtn.o

.comment        0x00000000       0x5b
 .comment       0x00000000       0x5b Bastian_freeRTOS-TRACE.o
                                 0x5c (size before relaxing)
 .comment       0x00000000       0x5c src/ASF/sam0/drivers/sercom/sercom.o
 .comment       0x00000000       0x5c src/Peripherals/bastian_sercom.o
 .comment       0x00000000       0x5c src/Peripherals/crc_utility.o
 .comment       0x00000000       0x5c src/ASF/sam0/drivers/sercom/sercom_interrupt.o
 .comment       0x00000000       0x5c src/ASF/sam0/drivers/sercom/usart/usart.o
 .comment       0x00000000       0x5c src/ASF/sam0/drivers/sercom/usart/usart_interrupt.o
 .comment       0x00000000       0x5c src/ASF/thirdparty/freertos/trace/trcBase.o
 .comment       0x00000000       0x5c src/ASF/thirdparty/freertos/trace/trcHardwarePort.o
 .comment       0x00000000       0x5c src/ASF/thirdparty/freertos/trace/trcKernel.o
 .comment       0x00000000       0x5c src/ASF/thirdparty/freertos/trace/trcKernelPort.o
 .comment       0x00000000       0x5c src/ASF/thirdparty/freertos/trace/trcUser.o
 .comment       0x00000000       0x5c src/ASF/thirdparty/freertos/freertos-8.0.1/Source/list.o
 .comment       0x00000000       0x5c src/ASF/thirdparty/freertos/freertos-8.0.1/Source/portable/GCC/ARM_CM0/port.o
 .comment       0x00000000       0x5c src/ASF/thirdparty/freertos/freertos-8.0.1/Source/portable/MemMang/heap_1.o
 .comment       0x00000000       0x5c src/ASF/thirdparty/freertos/freertos-8.0.1/Source/queue.o
 .comment       0x00000000       0x5c src/ASF/thirdparty/freertos/freertos-8.0.1/Source/tasks.o
 .comment       0x00000000       0x5c src/ASF/thirdparty/freertos/freertos-8.0.1/Source/timers.o
 .comment       0x00000000       0x5c src/ASF/sam0/utils/cmsis/samd21/source/gcc/startup_samd21.o
 .comment       0x00000000       0x5c src/ASF/sam0/drivers/system/clock/clock_samd21_r21_da/clock.o
 .comment       0x00000000       0x5c src/ASF/sam0/drivers/system/clock/clock_samd21_r21_da/gclk.o
 .comment       0x00000000       0x5c src/ASF/sam0/drivers/system/system.o
 .comment       0x00000000       0x5c src/ASF/common/utils/interrupt/interrupt_sam_nvic.o
 .comment       0x00000000       0x5c src/ASF/sam0/drivers/port/port.o
 .comment       0x00000000       0x5c src/ASF/sam0/drivers/system/pinmux/pinmux.o

.debug_info     0x00000000    0x25646
 .debug_info    0x00000000     0x33c2 Bastian_freeRTOS-TRACE.o
 .debug_info    0x000033c2     0x2532 src/ASF/sam0/drivers/sercom/sercom.o
 .debug_info    0x000058f4     0x368c src/Peripherals/bastian_sercom.o
 .debug_info    0x00008f80     0x234f src/Peripherals/crc_utility.o
 .debug_info    0x0000b2cf     0x22b4 src/ASF/sam0/drivers/sercom/sercom_interrupt.o
 .debug_info    0x0000d583     0x412f src/ASF/sam0/drivers/sercom/usart/usart.o
 .debug_info    0x000116b2     0x2735 src/ASF/sam0/drivers/sercom/usart/usart_interrupt.o
 .debug_info    0x00013de7      0xd1b src/ASF/thirdparty/freertos/trace/trcBase.o
 .debug_info    0x00014b02      0x157 src/ASF/thirdparty/freertos/trace/trcHardwarePort.o
 .debug_info    0x00014c59      0xfa9 src/ASF/thirdparty/freertos/trace/trcKernel.o
 .debug_info    0x00015c02      0x850 src/ASF/thirdparty/freertos/trace/trcKernelPort.o
 .debug_info    0x00016452     0x1146 src/ASF/thirdparty/freertos/trace/trcUser.o
 .debug_info    0x00017598      0x2d4 src/ASF/thirdparty/freertos/freertos-8.0.1/Source/list.o
 .debug_info    0x0001786c      0x2ac src/ASF/thirdparty/freertos/freertos-8.0.1/Source/portable/GCC/ARM_CM0/port.o
 .debug_info    0x00017b18      0x19d src/ASF/thirdparty/freertos/freertos-8.0.1/Source/portable/MemMang/heap_1.o
 .debug_info    0x00017cb5     0x1af1 src/ASF/thirdparty/freertos/freertos-8.0.1/Source/queue.o
 .debug_info    0x000197a6     0x1d18 src/ASF/thirdparty/freertos/freertos-8.0.1/Source/tasks.o
 .debug_info    0x0001b4be      0xcbd src/ASF/thirdparty/freertos/freertos-8.0.1/Source/timers.o
 .debug_info    0x0001c17b     0x3a68 src/ASF/sam0/utils/cmsis/samd21/source/gcc/startup_samd21.o
 .debug_info    0x0001fbe3     0x2f07 src/ASF/sam0/drivers/system/clock/clock_samd21_r21_da/clock.o
 .debug_info    0x00022aea     0x1489 src/ASF/sam0/drivers/system/clock/clock_samd21_r21_da/gclk.o
 .debug_info    0x00023f73      0x13e src/ASF/sam0/drivers/system/system.o
 .debug_info    0x000240b1      0x1ee src/ASF/common/utils/interrupt/interrupt_sam_nvic.o
 .debug_info    0x0002429f      0x966 src/ASF/sam0/drivers/port/port.o
 .debug_info    0x00024c05      0xa41 src/ASF/sam0/drivers/system/pinmux/pinmux.o

.debug_abbrev   0x00000000     0x3b68
 .debug_abbrev  0x00000000      0x39b Bastian_freeRTOS-TRACE.o
 .debug_abbrev  0x0000039b      0x2e1 src/ASF/sam0/drivers/sercom/sercom.o
 .debug_abbrev  0x0000067c      0x329 src/Peripherals/bastian_sercom.o
 .debug_abbrev  0x000009a5      0x213 src/Peripherals/crc_utility.o
 .debug_abbrev  0x00000bb8      0x22e src/ASF/sam0/drivers/sercom/sercom_interrupt.o
 .debug_abbrev  0x00000de6      0x3d9 src/ASF/sam0/drivers/sercom/usart/usart.o
 .debug_abbrev  0x000011bf      0x37d src/ASF/sam0/drivers/sercom/usart/usart_interrupt.o
 .debug_abbrev  0x0000153c      0x270 src/ASF/thirdparty/freertos/trace/trcBase.o
 .debug_abbrev  0x000017ac       0x9d src/ASF/thirdparty/freertos/trace/trcHardwarePort.o
 .debug_abbrev  0x00001849      0x286 src/ASF/thirdparty/freertos/trace/trcKernel.o
 .debug_abbrev  0x00001acf      0x18e src/ASF/thirdparty/freertos/trace/trcKernelPort.o
 .debug_abbrev  0x00001c5d      0x3d6 src/ASF/thirdparty/freertos/trace/trcUser.o
 .debug_abbrev  0x00002033       0xfb src/ASF/thirdparty/freertos/freertos-8.0.1/Source/list.o
 .debug_abbrev  0x0000212e      0x191 src/ASF/thirdparty/freertos/freertos-8.0.1/Source/portable/GCC/ARM_CM0/port.o
 .debug_abbrev  0x000022bf      0x102 src/ASF/thirdparty/freertos/freertos-8.0.1/Source/portable/MemMang/heap_1.o
 .debug_abbrev  0x000023c1      0x2ac src/ASF/thirdparty/freertos/freertos-8.0.1/Source/queue.o
 .debug_abbrev  0x0000266d      0x376 src/ASF/thirdparty/freertos/freertos-8.0.1/Source/tasks.o
 .debug_abbrev  0x000029e3      0x2c0 src/ASF/thirdparty/freertos/freertos-8.0.1/Source/timers.o
 .debug_abbrev  0x00002ca3      0x20a src/ASF/sam0/utils/cmsis/samd21/source/gcc/startup_samd21.o
 .debug_abbrev  0x00002ead      0x3b8 src/ASF/sam0/drivers/system/clock/clock_samd21_r21_da/clock.o
 .debug_abbrev  0x00003265      0x304 src/ASF/sam0/drivers/system/clock/clock_samd21_r21_da/gclk.o
 .debug_abbrev  0x00003569       0xab src/ASF/sam0/drivers/system/system.o
 .debug_abbrev  0x00003614       0xf6 src/ASF/common/utils/interrupt/interrupt_sam_nvic.o
 .debug_abbrev  0x0000370a      0x1da src/ASF/sam0/drivers/port/port.o
 .debug_abbrev  0x000038e4      0x284 src/ASF/sam0/drivers/system/pinmux/pinmux.o

.debug_loc      0x00000000     0xb45b
 .debug_loc     0x00000000      0x2b1 Bastian_freeRTOS-TRACE.o
 .debug_loc     0x000002b1      0x773 src/ASF/sam0/drivers/sercom/sercom.o
 .debug_loc     0x00000a24      0x404 src/Peripherals/bastian_sercom.o
 .debug_loc     0x00000e28      0x18e src/Peripherals/crc_utility.o
 .debug_loc     0x00000fb6      0x170 src/ASF/sam0/drivers/sercom/sercom_interrupt.o
 .debug_loc     0x00001126      0xedd src/ASF/sam0/drivers/sercom/usart/usart.o
 .debug_loc     0x00002003      0x5e5 src/ASF/sam0/drivers/sercom/usart/usart_interrupt.o
 .debug_loc     0x000025e8     0x1016 src/ASF/thirdparty/freertos/trace/trcBase.o
 .debug_loc     0x000035fe       0x95 src/ASF/thirdparty/freertos/trace/trcHardwarePort.o
 .debug_loc     0x00003693      0xff2 src/ASF/thirdparty/freertos/trace/trcKernel.o
 .debug_loc     0x00004685      0x4a5 src/ASF/thirdparty/freertos/trace/trcKernelPort.o
 .debug_loc     0x00004b2a     0x12e3 src/ASF/thirdparty/freertos/trace/trcUser.o
 .debug_loc     0x00005e0d       0x85 src/ASF/thirdparty/freertos/freertos-8.0.1/Source/list.o
 .debug_loc     0x00005e92      0x12b src/ASF/thirdparty/freertos/freertos-8.0.1/Source/portable/GCC/ARM_CM0/port.o
 .debug_loc     0x00005fbd       0x8b src/ASF/thirdparty/freertos/freertos-8.0.1/Source/portable/MemMang/heap_1.o
 .debug_loc     0x00006048     0x177b src/ASF/thirdparty/freertos/freertos-8.0.1/Source/queue.o
 .debug_loc     0x000077c3     0x14f0 src/ASF/thirdparty/freertos/freertos-8.0.1/Source/tasks.o
 .debug_loc     0x00008cb3      0xa18 src/ASF/thirdparty/freertos/freertos-8.0.1/Source/timers.o
 .debug_loc     0x000096cb       0x88 src/ASF/sam0/utils/cmsis/samd21/source/gcc/startup_samd21.o
 .debug_loc     0x00009753     0x127f src/ASF/sam0/drivers/system/clock/clock_samd21_r21_da/clock.o
 .debug_loc     0x0000a9d2      0x5af src/ASF/sam0/drivers/system/clock/clock_samd21_r21_da/gclk.o
 .debug_loc     0x0000af81       0x2c src/ASF/sam0/drivers/system/system.o
 .debug_loc     0x0000afad       0x5e src/ASF/common/utils/interrupt/interrupt_sam_nvic.o
 .debug_loc     0x0000b00b      0x16d src/ASF/sam0/drivers/port/port.o
 .debug_loc     0x0000b178      0x2e3 src/ASF/sam0/drivers/system/pinmux/pinmux.o

.debug_aranges  0x00000000      0x9d8
 .debug_aranges
                0x00000000       0x40 Bastian_freeRTOS-TRACE.o
 .debug_aranges
                0x00000040       0x40 src/ASF/sam0/drivers/sercom/sercom.o
 .debug_aranges
                0x00000080       0x30 src/Peripherals/bastian_sercom.o
 .debug_aranges
                0x000000b0       0x28 src/Peripherals/crc_utility.o
 .debug_aranges
                0x000000d8       0x50 src/ASF/sam0/drivers/sercom/sercom_interrupt.o
 .debug_aranges
                0x00000128       0x40 src/ASF/sam0/drivers/sercom/usart/usart.o
 .debug_aranges
                0x00000168       0x70 src/ASF/sam0/drivers/sercom/usart/usart_interrupt.o
 .debug_aranges
                0x000001d8       0x88 src/ASF/thirdparty/freertos/trace/trcBase.o
 .debug_aranges
                0x00000260       0x20 src/ASF/thirdparty/freertos/trace/trcHardwarePort.o
 .debug_aranges
                0x00000280       0x88 src/ASF/thirdparty/freertos/trace/trcKernel.o
 .debug_aranges
                0x00000308       0x70 src/ASF/thirdparty/freertos/trace/trcKernelPort.o
 .debug_aranges
                0x00000378       0xc8 src/ASF/thirdparty/freertos/trace/trcUser.o
 .debug_aranges
                0x00000440       0x40 src/ASF/thirdparty/freertos/freertos-8.0.1/Source/list.o
 .debug_aranges
                0x00000480       0x88 src/ASF/thirdparty/freertos/freertos-8.0.1/Source/portable/GCC/ARM_CM0/port.o
 .debug_aranges
                0x00000508       0x38 src/ASF/thirdparty/freertos/freertos-8.0.1/Source/portable/MemMang/heap_1.o
 .debug_aranges
                0x00000540      0x108 src/ASF/thirdparty/freertos/freertos-8.0.1/Source/queue.o
 .debug_aranges
                0x00000648      0x150 src/ASF/thirdparty/freertos/freertos-8.0.1/Source/tasks.o
 .debug_aranges
                0x00000798       0x70 src/ASF/thirdparty/freertos/freertos-8.0.1/Source/timers.o
 .debug_aranges
                0x00000808       0x28 src/ASF/sam0/utils/cmsis/samd21/source/gcc/startup_samd21.o
 .debug_aranges
                0x00000830       0x78 src/ASF/sam0/drivers/system/clock/clock_samd21_r21_da/clock.o
 .debug_aranges
                0x000008a8       0x80 src/ASF/sam0/drivers/system/clock/clock_samd21_r21_da/gclk.o
 .debug_aranges
                0x00000928       0x28 src/ASF/sam0/drivers/system/system.o
 .debug_aranges
                0x00000950       0x28 src/ASF/common/utils/interrupt/interrupt_sam_nvic.o
 .debug_aranges
                0x00000978       0x28 src/ASF/sam0/drivers/port/port.o
 .debug_aranges
                0x000009a0       0x38 src/ASF/sam0/drivers/system/pinmux/pinmux.o

.debug_ranges   0x00000000      0xaa0
 .debug_ranges  0x00000000       0x30 Bastian_freeRTOS-TRACE.o
 .debug_ranges  0x00000030       0x60 src/ASF/sam0/drivers/sercom/sercom.o
 .debug_ranges  0x00000090       0x20 src/Peripherals/bastian_sercom.o
 .debug_ranges  0x000000b0       0x18 src/Peripherals/crc_utility.o
 .debug_ranges  0x000000c8       0x40 src/ASF/sam0/drivers/sercom/sercom_interrupt.o
 .debug_ranges  0x00000108       0xf8 src/ASF/sam0/drivers/sercom/usart/usart.o
 .debug_ranges  0x00000200       0x60 src/ASF/sam0/drivers/sercom/usart/usart_interrupt.o
 .debug_ranges  0x00000260       0xb8 src/ASF/thirdparty/freertos/trace/trcBase.o
 .debug_ranges  0x00000318       0x10 src/ASF/thirdparty/freertos/trace/trcHardwarePort.o
 .debug_ranges  0x00000328       0x78 src/ASF/thirdparty/freertos/trace/trcKernel.o
 .debug_ranges  0x000003a0       0x60 src/ASF/thirdparty/freertos/trace/trcKernelPort.o
 .debug_ranges  0x00000400      0x108 src/ASF/thirdparty/freertos/trace/trcUser.o
 .debug_ranges  0x00000508       0x30 src/ASF/thirdparty/freertos/freertos-8.0.1/Source/list.o
 .debug_ranges  0x00000538       0x78 src/ASF/thirdparty/freertos/freertos-8.0.1/Source/portable/GCC/ARM_CM0/port.o
 .debug_ranges  0x000005b0       0x28 src/ASF/thirdparty/freertos/freertos-8.0.1/Source/portable/MemMang/heap_1.o
 .debug_ranges  0x000005d8       0xf8 src/ASF/thirdparty/freertos/freertos-8.0.1/Source/queue.o
 .debug_ranges  0x000006d0      0x1c8 src/ASF/thirdparty/freertos/freertos-8.0.1/Source/tasks.o
 .debug_ranges  0x00000898       0xa8 src/ASF/thirdparty/freertos/freertos-8.0.1/Source/timers.o
 .debug_ranges  0x00000940       0x18 src/ASF/sam0/utils/cmsis/samd21/source/gcc/startup_samd21.o
 .debug_ranges  0x00000958       0x68 src/ASF/sam0/drivers/system/clock/clock_samd21_r21_da/clock.o
 .debug_ranges  0x000009c0       0x70 src/ASF/sam0/drivers/system/clock/clock_samd21_r21_da/gclk.o
 .debug_ranges  0x00000a30       0x18 src/ASF/sam0/drivers/system/system.o
 .debug_ranges  0x00000a48       0x18 src/ASF/common/utils/interrupt/interrupt_sam_nvic.o
 .debug_ranges  0x00000a60       0x18 src/ASF/sam0/drivers/port/port.o
 .debug_ranges  0x00000a78       0x28 src/ASF/sam0/drivers/system/pinmux/pinmux.o

.debug_macro    0x00000000    0x19cb0
 .debug_macro   0x00000000      0x678 Bastian_freeRTOS-TRACE.o
 .debug_macro   0x00000678      0x838 Bastian_freeRTOS-TRACE.o
 .debug_macro   0x00000eb0      0x166 Bastian_freeRTOS-TRACE.o
 .debug_macro   0x00001016      0x636 Bastian_freeRTOS-TRACE.o
 .debug_macro   0x0000164c       0x16 Bastian_freeRTOS-TRACE.o
 .debug_macro   0x00001662       0x44 Bastian_freeRTOS-TRACE.o
 .debug_macro   0x000016a6      0x209 Bastian_freeRTOS-TRACE.o
 .debug_macro   0x000018af       0x10 Bastian_freeRTOS-TRACE.o
 .debug_macro   0x000018bf       0x76 Bastian_freeRTOS-TRACE.o
 .debug_macro   0x00001935       0x16 Bastian_freeRTOS-TRACE.o
 .debug_macro   0x0000194b      0x6e5 Bastian_freeRTOS-TRACE.o
 .debug_macro   0x00002030      0xde2 Bastian_freeRTOS-TRACE.o
 .debug_macro   0x00002e12       0x22 Bastian_freeRTOS-TRACE.o
 .debug_macro   0x00002e34       0x40 Bastian_freeRTOS-TRACE.o
 .debug_macro   0x00002e74       0x3a Bastian_freeRTOS-TRACE.o
 .debug_macro   0x00002eae       0x1f Bastian_freeRTOS-TRACE.o
 .debug_macro   0x00002ecd      0x250 Bastian_freeRTOS-TRACE.o
 .debug_macro   0x0000311d      0x682 Bastian_freeRTOS-TRACE.o
 .debug_macro   0x0000379f      0x8bf Bastian_freeRTOS-TRACE.o
 .debug_macro   0x0000405e      0x235 Bastian_freeRTOS-TRACE.o
 .debug_macro   0x00004293      0xd63 Bastian_freeRTOS-TRACE.o
 .debug_macro   0x00004ff6      0x4ce Bastian_freeRTOS-TRACE.o
 .debug_macro   0x000054c4      0x9f8 Bastian_freeRTOS-TRACE.o
 .debug_macro   0x00005ebc      0x82b Bastian_freeRTOS-TRACE.o
 .debug_macro   0x000066e7      0x45f Bastian_freeRTOS-TRACE.o
 .debug_macro   0x00006b46       0x5e Bastian_freeRTOS-TRACE.o
 .debug_macro   0x00006ba4      0x906 Bastian_freeRTOS-TRACE.o
 .debug_macro   0x000074aa      0x225 Bastian_freeRTOS-TRACE.o
 .debug_macro   0x000076cf      0x7e2 Bastian_freeRTOS-TRACE.o
 .debug_macro   0x00007eb1       0x5e Bastian_freeRTOS-TRACE.o
 .debug_macro   0x00007f0f      0x67f Bastian_freeRTOS-TRACE.o
 .debug_macro   0x0000858e      0x3b6 Bastian_freeRTOS-TRACE.o
 .debug_macro   0x00008944      0xc55 Bastian_freeRTOS-TRACE.o
 .debug_macro   0x00009599     0x1092 Bastian_freeRTOS-TRACE.o
 .debug_macro   0x0000a62b      0xc4a Bastian_freeRTOS-TRACE.o
 .debug_macro   0x0000b275      0x6bf Bastian_freeRTOS-TRACE.o
 .debug_macro   0x0000b934     0x1b4b Bastian_freeRTOS-TRACE.o
 .debug_macro   0x0000d47f     0x144a Bastian_freeRTOS-TRACE.o
 .debug_macro   0x0000e8c9      0x34e Bastian_freeRTOS-TRACE.o
 .debug_macro   0x0000ec17       0x7c Bastian_freeRTOS-TRACE.o
 .debug_macro   0x0000ec93       0xa0 Bastian_freeRTOS-TRACE.o
 .debug_macro   0x0000ed33       0x4c Bastian_freeRTOS-TRACE.o
 .debug_macro   0x0000ed7f       0xca Bastian_freeRTOS-TRACE.o
 .debug_macro   0x0000ee49       0x94 Bastian_freeRTOS-TRACE.o
 .debug_macro   0x0000eedd       0x58 Bastian_freeRTOS-TRACE.o
 .debug_macro   0x0000ef35      0x387 Bastian_freeRTOS-TRACE.o
 .debug_macro   0x0000f2bc       0x82 Bastian_freeRTOS-TRACE.o
 .debug_macro   0x0000f33e      0x197 Bastian_freeRTOS-TRACE.o
 .debug_macro   0x0000f4d5       0xb8 Bastian_freeRTOS-TRACE.o
 .debug_macro   0x0000f58d       0xa0 Bastian_freeRTOS-TRACE.o
 .debug_macro   0x0000f62d       0xbe Bastian_freeRTOS-TRACE.o
 .debug_macro   0x0000f6eb       0x1c Bastian_freeRTOS-TRACE.o
 .debug_macro   0x0000f707       0x1c Bastian_freeRTOS-TRACE.o
 .debug_macro   0x0000f723       0x1c Bastian_freeRTOS-TRACE.o
 .debug_macro   0x0000f73f       0x82 Bastian_freeRTOS-TRACE.o
 .debug_macro   0x0000f7c1      0x161 Bastian_freeRTOS-TRACE.o
 .debug_macro   0x0000f922       0xdc Bastian_freeRTOS-TRACE.o
 .debug_macro   0x0000f9fe      0x12f Bastian_freeRTOS-TRACE.o
 .debug_macro   0x0000fb2d      0x12f Bastian_freeRTOS-TRACE.o
 .debug_macro   0x0000fc5c      0x12f Bastian_freeRTOS-TRACE.o
 .debug_macro   0x0000fd8b      0x12f Bastian_freeRTOS-TRACE.o
 .debug_macro   0x0000feba      0x11e Bastian_freeRTOS-TRACE.o
 .debug_macro   0x0000ffd8       0xe2 Bastian_freeRTOS-TRACE.o
 .debug_macro   0x000100ba       0xe2 Bastian_freeRTOS-TRACE.o
 .debug_macro   0x0001019c       0xe2 Bastian_freeRTOS-TRACE.o
 .debug_macro   0x0001027e      0x133 Bastian_freeRTOS-TRACE.o
 .debug_macro   0x000103b1      0x106 Bastian_freeRTOS-TRACE.o
 .debug_macro   0x000104b7       0xfa Bastian_freeRTOS-TRACE.o
 .debug_macro   0x000105b1      0x40f Bastian_freeRTOS-TRACE.o
 .debug_macro   0x000109c0       0x40 Bastian_freeRTOS-TRACE.o
 .debug_macro   0x00010a00      0x345 Bastian_freeRTOS-TRACE.o
 .debug_macro   0x00010d45      0xf7a Bastian_freeRTOS-TRACE.o
 .debug_macro   0x00011cbf       0x51 Bastian_freeRTOS-TRACE.o
 .debug_macro   0x00011d10       0x58 Bastian_freeRTOS-TRACE.o
 .debug_macro   0x00011d68       0x35 Bastian_freeRTOS-TRACE.o
 .debug_macro   0x00011d9d       0xa3 Bastian_freeRTOS-TRACE.o
 .debug_macro   0x00011e40       0x16 Bastian_freeRTOS-TRACE.o
 .debug_macro   0x00011e56       0x35 Bastian_freeRTOS-TRACE.o
 .debug_macro   0x00011e8b       0x10 Bastian_freeRTOS-TRACE.o
 .debug_macro   0x00011e9b       0x52 Bastian_freeRTOS-TRACE.o
 .debug_macro   0x00011eed       0x16 Bastian_freeRTOS-TRACE.o
 .debug_macro   0x00011f03       0x43 Bastian_freeRTOS-TRACE.o
 .debug_macro   0x00011f46      0x180 Bastian_freeRTOS-TRACE.o
 .debug_macro   0x000120c6       0x10 Bastian_freeRTOS-TRACE.o
 .debug_macro   0x000120d6       0x22 Bastian_freeRTOS-TRACE.o
 .debug_macro   0x000120f8       0xbd Bastian_freeRTOS-TRACE.o
 .debug_macro   0x000121b5       0x16 Bastian_freeRTOS-TRACE.o
 .debug_macro   0x000121cb      0x16c Bastian_freeRTOS-TRACE.o
 .debug_macro   0x00012337       0x16 Bastian_freeRTOS-TRACE.o
 .debug_macro   0x0001234d       0x16 Bastian_freeRTOS-TRACE.o
 .debug_macro   0x00012363       0x29 Bastian_freeRTOS-TRACE.o
 .debug_macro   0x0001238c       0x51 Bastian_freeRTOS-TRACE.o
 .debug_macro   0x000123dd       0x3f Bastian_freeRTOS-TRACE.o
 .debug_macro   0x0001241c      0x3df Bastian_freeRTOS-TRACE.o
 .debug_macro   0x000127fb       0x40 Bastian_freeRTOS-TRACE.o
 .debug_macro   0x0001283b      0x148 Bastian_freeRTOS-TRACE.o
 .debug_macro   0x00012983       0x88 Bastian_freeRTOS-TRACE.o
 .debug_macro   0x00012a0b      0x103 Bastian_freeRTOS-TRACE.o
 .debug_macro   0x00012b0e       0x2e Bastian_freeRTOS-TRACE.o
 .debug_macro   0x00012b3c       0xf2 Bastian_freeRTOS-TRACE.o
 .debug_macro   0x00012c2e      0x12c Bastian_freeRTOS-TRACE.o
 .debug_macro   0x00012d5a       0x2e Bastian_freeRTOS-TRACE.o
 .debug_macro   0x00012d88      0x2a6 Bastian_freeRTOS-TRACE.o
 .debug_macro   0x0001302e       0x10 Bastian_freeRTOS-TRACE.o
 .debug_macro   0x0001303e       0x1f Bastian_freeRTOS-TRACE.o
 .debug_macro   0x0001305d       0x63 Bastian_freeRTOS-TRACE.o
 .debug_macro   0x000130c0       0x16 Bastian_freeRTOS-TRACE.o
 .debug_macro   0x000130d6      0x815 Bastian_freeRTOS-TRACE.o
 .debug_macro   0x000138eb       0xa9 Bastian_freeRTOS-TRACE.o
 .debug_macro   0x00013994       0x12 Bastian_freeRTOS-TRACE.o
 .debug_macro   0x000139a6       0x1f Bastian_freeRTOS-TRACE.o
 .debug_macro   0x000139c5      0x14d Bastian_freeRTOS-TRACE.o
 .debug_macro   0x00013b12       0x16 Bastian_freeRTOS-TRACE.o
 .debug_macro   0x00013b28       0x79 Bastian_freeRTOS-TRACE.o
 .debug_macro   0x00013ba1       0x43 Bastian_freeRTOS-TRACE.o
 .debug_macro   0x00013be4       0x6f Bastian_freeRTOS-TRACE.o
 .debug_macro   0x00013c53       0x91 Bastian_freeRTOS-TRACE.o
 .debug_macro   0x00013ce4       0xb0 Bastian_freeRTOS-TRACE.o
 .debug_macro   0x00013d94       0x7e Bastian_freeRTOS-TRACE.o
 .debug_macro   0x00013e12       0x11 Bastian_freeRTOS-TRACE.o
 .debug_macro   0x00013e23       0x11 Bastian_freeRTOS-TRACE.o
 .debug_macro   0x00013e34       0x2e Bastian_freeRTOS-TRACE.o
 .debug_macro   0x00013e62       0x7a Bastian_freeRTOS-TRACE.o
 .debug_macro   0x00013edc       0x10 Bastian_freeRTOS-TRACE.o
 .debug_macro   0x00013eec       0x57 Bastian_freeRTOS-TRACE.o
 .debug_macro   0x00013f43       0x76 Bastian_freeRTOS-TRACE.o
 .debug_macro   0x00013fb9      0x4d1 src/ASF/sam0/drivers/sercom/sercom.o
 .debug_macro   0x0001448a      0x679 src/Peripherals/bastian_sercom.o
 .debug_macro   0x00014b03      0x678 src/Peripherals/crc_utility.o
 .debug_macro   0x0001517b      0x4ce src/ASF/sam0/drivers/sercom/sercom_interrupt.o
 .debug_macro   0x00015649      0x4e2 src/ASF/sam0/drivers/sercom/usart/usart.o
 .debug_macro   0x00015b2b       0x51 src/ASF/sam0/drivers/sercom/usart/usart.o
 .debug_macro   0x00015b7c      0x4e2 src/ASF/sam0/drivers/sercom/usart/usart_interrupt.o
 .debug_macro   0x0001605e      0x203 src/ASF/thirdparty/freertos/trace/trcBase.o
 .debug_macro   0x00016261      0x2a4 src/ASF/thirdparty/freertos/trace/trcBase.o
 .debug_macro   0x00016505       0x10 src/ASF/thirdparty/freertos/trace/trcBase.o
 .debug_macro   0x00016515      0x203 src/ASF/thirdparty/freertos/trace/trcHardwarePort.o
 .debug_macro   0x00016718       0x82 src/ASF/thirdparty/freertos/trace/trcHardwarePort.o
 .debug_macro   0x0001679a      0x203 src/ASF/thirdparty/freertos/trace/trcKernel.o
 .debug_macro   0x0001699d      0x211 src/ASF/thirdparty/freertos/trace/trcKernelPort.o
 .debug_macro   0x00016bae      0x214 src/ASF/thirdparty/freertos/trace/trcUser.o
 .debug_macro   0x00016dc2       0x52 src/ASF/thirdparty/freertos/trace/trcUser.o
 .debug_macro   0x00016e14      0x224 src/ASF/thirdparty/freertos/freertos-8.0.1/Source/list.o
 .debug_macro   0x00017038      0x265 src/ASF/thirdparty/freertos/freertos-8.0.1/Source/portable/GCC/ARM_CM0/port.o
 .debug_macro   0x0001729d      0x245 src/ASF/thirdparty/freertos/freertos-8.0.1/Source/portable/MemMang/heap_1.o
 .debug_macro   0x000174e2      0x27f src/ASF/thirdparty/freertos/freertos-8.0.1/Source/queue.o
 .debug_macro   0x00017761      0x2c2 src/ASF/thirdparty/freertos/freertos-8.0.1/Source/tasks.o
 .debug_macro   0x00017a23      0x261 src/ASF/thirdparty/freertos/freertos-8.0.1/Source/timers.o
 .debug_macro   0x00017c84      0x2b0 src/ASF/sam0/utils/cmsis/samd21/source/gcc/startup_samd21.o
 .debug_macro   0x00017f34       0x3a src/ASF/sam0/utils/cmsis/samd21/source/gcc/startup_samd21.o
 .debug_macro   0x00017f6e      0x4b5 src/ASF/sam0/drivers/system/clock/clock_samd21_r21_da/clock.o
 .debug_macro   0x00018423      0x296 src/ASF/sam0/drivers/system/clock/clock_samd21_r21_da/clock.o
 .debug_macro   0x000186b9      0x479 src/ASF/sam0/drivers/system/clock/clock_samd21_r21_da/gclk.o
 .debug_macro   0x00018b32      0x487 src/ASF/sam0/drivers/system/system.o
 .debug_macro   0x00018fb9      0x443 src/ASF/common/utils/interrupt/interrupt_sam_nvic.o
 .debug_macro   0x000193fc      0x45f src/ASF/sam0/drivers/port/port.o
 .debug_macro   0x0001985b      0x455 src/ASF/sam0/drivers/system/pinmux/pinmux.o

.debug_line     0x00000000    0x100ed
 .debug_line    0x00000000     0x1070 Bastian_freeRTOS-TRACE.o
 .debug_line    0x00001070      0xc29 src/ASF/sam0/drivers/sercom/sercom.o
 .debug_line    0x00001c99      0xffa src/Peripherals/bastian_sercom.o
 .debug_line    0x00002c93      0xee8 src/Peripherals/crc_utility.o
 .debug_line    0x00003b7b      0xbcd src/ASF/sam0/drivers/sercom/sercom_interrupt.o
 .debug_line    0x00004748      0xd8c src/ASF/sam0/drivers/sercom/usart/usart.o
 .debug_line    0x000054d4      0xd16 src/ASF/sam0/drivers/sercom/usart/usart_interrupt.o
 .debug_line    0x000061ea      0x833 src/ASF/thirdparty/freertos/trace/trcBase.o
 .debug_line    0x00006a1d      0x576 src/ASF/thirdparty/freertos/trace/trcHardwarePort.o
 .debug_line    0x00006f93      0x7b9 src/ASF/thirdparty/freertos/trace/trcKernel.o
 .debug_line    0x0000774c      0x66f src/ASF/thirdparty/freertos/trace/trcKernelPort.o
 .debug_line    0x00007dbb      0x8d1 src/ASF/thirdparty/freertos/trace/trcUser.o
 .debug_line    0x0000868c      0x5fe src/ASF/thirdparty/freertos/freertos-8.0.1/Source/list.o
 .debug_line    0x00008c8a      0x655 src/ASF/thirdparty/freertos/freertos-8.0.1/Source/portable/GCC/ARM_CM0/port.o
 .debug_line    0x000092df      0x5ff src/ASF/thirdparty/freertos/freertos-8.0.1/Source/portable/MemMang/heap_1.o
 .debug_line    0x000098de      0xb2b src/ASF/thirdparty/freertos/freertos-8.0.1/Source/queue.o
 .debug_line    0x0000a409      0xd41 src/ASF/thirdparty/freertos/freertos-8.0.1/Source/tasks.o
 .debug_line    0x0000b14a      0x75b src/ASF/thirdparty/freertos/freertos-8.0.1/Source/timers.o
 .debug_line    0x0000b8a5      0x758 src/ASF/sam0/utils/cmsis/samd21/source/gcc/startup_samd21.o
 .debug_line    0x0000bffd      0xd0e src/ASF/sam0/drivers/system/clock/clock_samd21_r21_da/clock.o
 .debug_line    0x0000cd0b      0xcf5 src/ASF/sam0/drivers/system/clock/clock_samd21_r21_da/gclk.o
 .debug_line    0x0000da00      0xa72 src/ASF/sam0/drivers/system/system.o
 .debug_line    0x0000e472      0x957 src/ASF/common/utils/interrupt/interrupt_sam_nvic.o
 .debug_line    0x0000edc9      0x983 src/ASF/sam0/drivers/port/port.o
 .debug_line    0x0000f74c      0x9a1 src/ASF/sam0/drivers/system/pinmux/pinmux.o

.debug_str      0x00000000    0x90a23
 .debug_str     0x00000000    0x87d32 Bastian_freeRTOS-TRACE.o
                              0x8829d (size before relaxing)
 .debug_str     0x00087d32      0x49f src/ASF/sam0/drivers/sercom/sercom.o
                              0x79b5e (size before relaxing)
 .debug_str     0x000881d1      0x9f1 src/Peripherals/bastian_sercom.o
                              0x88b74 (size before relaxing)
 .debug_str     0x00088bc2       0x43 src/Peripherals/crc_utility.o
                              0x87d8d (size before relaxing)
 .debug_str     0x00088c05      0x1aa src/ASF/sam0/drivers/sercom/sercom_interrupt.o
                              0x79971 (size before relaxing)
 .debug_str     0x00088daf      0x6c0 src/ASF/sam0/drivers/sercom/usart/usart.o
                              0x7a878 (size before relaxing)
 .debug_str     0x0008946f      0x199 src/ASF/sam0/drivers/sercom/usart/usart_interrupt.o
                              0x79b89 (size before relaxing)
 .debug_str     0x00089608      0xf59 src/ASF/thirdparty/freertos/trace/trcBase.o
                              0x11580 (size before relaxing)
 .debug_str     0x0008a561       0xc6 src/ASF/thirdparty/freertos/trace/trcHardwarePort.o
                              0x10ed2 (size before relaxing)
 .debug_str     0x0008a627      0x332 src/ASF/thirdparty/freertos/trace/trcKernel.o
                              0x115c1 (size before relaxing)
 .debug_str     0x0008a959      0x18e src/ASF/thirdparty/freertos/trace/trcKernelPort.o
                              0x11dd7 (size before relaxing)
 .debug_str     0x0008aae7      0x3f5 src/ASF/thirdparty/freertos/trace/trcUser.o
                              0x1173b (size before relaxing)
 .debug_str     0x0008aedc      0x165 src/ASF/thirdparty/freertos/freertos-8.0.1/Source/list.o
                              0x10db9 (size before relaxing)
 .debug_str     0x0008b041      0x40b src/ASF/thirdparty/freertos/freertos-8.0.1/Source/portable/GCC/ARM_CM0/port.o
                              0x1136e (size before relaxing)
 .debug_str     0x0008b44c      0x15b src/ASF/thirdparty/freertos/freertos-8.0.1/Source/portable/MemMang/heap_1.o
                              0x1115b (size before relaxing)
 .debug_str     0x0008b5a7      0x77e src/ASF/thirdparty/freertos/freertos-8.0.1/Source/queue.o
                              0x12336 (size before relaxing)
 .debug_str     0x0008bd25      0xde7 src/ASF/thirdparty/freertos/freertos-8.0.1/Source/tasks.o
                              0x12853 (size before relaxing)
 .debug_str     0x0008cb0c      0x3c7 src/ASF/thirdparty/freertos/freertos-8.0.1/Source/timers.o
                              0x12799 (size before relaxing)
 .debug_str     0x0008ced3     0x100d src/ASF/sam0/utils/cmsis/samd21/source/gcc/startup_samd21.o
                              0x662da (size before relaxing)
 .debug_str     0x0008dee0     0x2689 src/ASF/sam0/drivers/system/clock/clock_samd21_r21_da/clock.o
                              0x7b7de (size before relaxing)
 .debug_str     0x00090569      0x27d src/ASF/sam0/drivers/system/clock/clock_samd21_r21_da/gclk.o
                              0x79314 (size before relaxing)
 .debug_str     0x000907e6       0x47 src/ASF/sam0/drivers/system/system.o
                              0x7871a (size before relaxing)
 .debug_str     0x0009082d       0x73 src/ASF/common/utils/interrupt/interrupt_sam_nvic.o
                              0x78695 (size before relaxing)
 .debug_str     0x000908a0       0x53 src/ASF/sam0/drivers/port/port.o
                              0x78a4a (size before relaxing)
 .debug_str     0x000908f3      0x130 src/ASF/sam0/drivers/system/pinmux/pinmux.o
                              0x78a8c (size before relaxing)

.debug_frame    0x00000000     0x1e04
 .debug_frame   0x00000000       0xa4 Bastian_freeRTOS-TRACE.o
 .debug_frame   0x000000a4       0xa8 src/ASF/sam0/drivers/sercom/sercom.o
 .debug_frame   0x0000014c       0x68 src/Peripherals/bastian_sercom.o
 .debug_frame   0x000001b4       0x44 src/Peripherals/crc_utility.o
 .debug_frame   0x000001f8       0xbc src/ASF/sam0/drivers/sercom/sercom_interrupt.o
 .debug_frame   0x000002b4       0xc4 src/ASF/sam0/drivers/sercom/usart/usart.o
 .debug_frame   0x00000378      0x130 src/ASF/sam0/drivers/sercom/usart/usart_interrupt.o
 .debug_frame   0x000004a8      0x1f0 src/ASF/thirdparty/freertos/trace/trcBase.o
 .debug_frame   0x00000698       0x2c src/ASF/thirdparty/freertos/trace/trcHardwarePort.o
 .debug_frame   0x000006c4      0x1d0 src/ASF/thirdparty/freertos/trace/trcKernel.o
 .debug_frame   0x00000894      0x110 src/ASF/thirdparty/freertos/trace/trcKernelPort.o
 .debug_frame   0x000009a4      0x25c src/ASF/thirdparty/freertos/trace/trcUser.o
 .debug_frame   0x00000c00       0x6c src/ASF/thirdparty/freertos/freertos-8.0.1/Source/list.o
 .debug_frame   0x00000c6c      0x10c src/ASF/thirdparty/freertos/freertos-8.0.1/Source/portable/GCC/ARM_CM0/port.o
 .debug_frame   0x00000d78       0x60 src/ASF/thirdparty/freertos/freertos-8.0.1/Source/portable/MemMang/heap_1.o
 .debug_frame   0x00000dd8      0x3b8 src/ASF/thirdparty/freertos/freertos-8.0.1/Source/queue.o
 .debug_frame   0x00001190      0x46c src/ASF/thirdparty/freertos/freertos-8.0.1/Source/tasks.o
 .debug_frame   0x000015fc      0x15c src/ASF/thirdparty/freertos/freertos-8.0.1/Source/timers.o
 .debug_frame   0x00001758       0x40 src/ASF/sam0/utils/cmsis/samd21/source/gcc/startup_samd21.o
 .debug_frame   0x00001798      0x16c src/ASF/sam0/drivers/system/clock/clock_samd21_r21_da/clock.o
 .debug_frame   0x00001904      0x180 src/ASF/sam0/drivers/system/clock/clock_samd21_r21_da/gclk.o
 .debug_frame   0x00001a84       0x3c src/ASF/sam0/drivers/system/system.o
 .debug_frame   0x00001ac0       0x38 src/ASF/common/utils/interrupt/interrupt_sam_nvic.o
 .debug_frame   0x00001af8       0x48 src/ASF/sam0/drivers/port/port.o
 .debug_frame   0x00001b40       0x7c src/ASF/sam0/drivers/system/pinmux/pinmux.o
 .debug_frame   0x00001bbc       0x20 c:/program files (x86)/atmel/atmel toolchain/arm gcc/native/4.8.1443/arm-gnu-toolchain/bin/../lib/gcc/arm-none-eabi/4.8.4/armv6-m\libgcc.a(_udivsi3.o)
 .debug_frame   0x00001bdc       0x30 c:/program files (x86)/atmel/atmel toolchain/arm gcc/native/4.8.1443/arm-gnu-toolchain/bin/../lib/gcc/arm-none-eabi/4.8.4/armv6-m\libgcc.a(_muldi3.o)
 .debug_frame   0x00001c0c       0x30 c:/program files (x86)/atmel/atmel toolchain/arm gcc/native/4.8.1443/arm-gnu-toolchain/bin/../lib/gcc/arm-none-eabi/4.8.4/armv6-m\libgcc.a(truncdfsf2.o)
 .debug_frame   0x00001c3c       0x2c c:/program files (x86)/atmel/atmel toolchain/arm gcc/native/4.8.1443/arm-gnu-toolchain/bin/../lib/gcc/arm-none-eabi/4.8.4/../../../../arm-none-eabi/lib/armv6-m\libc.a(lib_a-init.o)
 .debug_frame   0x00001c68       0x30 c:/program files (x86)/atmel/atmel toolchain/arm gcc/native/4.8.1443/arm-gnu-toolchain/bin/../lib/gcc/arm-none-eabi/4.8.4/../../../../arm-none-eabi/lib/armv6-m\libc.a(lib_a-memcpy-stub.o)
 .debug_frame   0x00001c98       0x30 c:/program files (x86)/atmel/atmel toolchain/arm gcc/native/4.8.1443/arm-gnu-toolchain/bin/../lib/gcc/arm-none-eabi/4.8.4/../../../../arm-none-eabi/lib/armv6-m\libc.a(lib_a-memset.o)
 .debug_frame   0x00001cc8       0x2c c:/program files (x86)/atmel/atmel toolchain/arm gcc/native/4.8.1443/arm-gnu-toolchain/bin/../lib/gcc/arm-none-eabi/4.8.4/../../../../arm-none-eabi/lib/armv6-m\libc.a(lib_a-strncmp.o)
 .debug_frame   0x00001cf4       0x30 c:/program files (x86)/atmel/atmel toolchain/arm gcc/native/4.8.1443/arm-gnu-toolchain/bin/../lib/gcc/arm-none-eabi/4.8.4/../../../../arm-none-eabi/lib/armv6-m\libc.a(lib_a-strncpy.o)
 .debug_frame   0x00001d24       0x54 c:/program files (x86)/atmel/atmel toolchain/arm gcc/native/4.8.1443/arm-gnu-toolchain/bin/../lib/gcc/arm-none-eabi/4.8.4/../../../../arm-none-eabi/lib/armv6-m\libc.a(lib_a-__call_atexit.o)
 .debug_frame   0x00001d78       0x28 c:/program files (x86)/atmel/atmel toolchain/arm gcc/native/4.8.1443/arm-gnu-toolchain/bin/../lib/gcc/arm-none-eabi/4.8.4/../../../../arm-none-eabi/lib/armv6-m\libc.a(lib_a-atexit.o)
 .debug_frame   0x00001da0       0x2c c:/program files (x86)/atmel/atmel toolchain/arm gcc/native/4.8.1443/arm-gnu-toolchain/bin/../lib/gcc/arm-none-eabi/4.8.4/../../../../arm-none-eabi/lib/armv6-m\libc.a(lib_a-fini.o)
 .debug_frame   0x00001dcc       0x38 c:/program files (x86)/atmel/atmel toolchain/arm gcc/native/4.8.1443/arm-gnu-toolchain/bin/../lib/gcc/arm-none-eabi/4.8.4/../../../../arm-none-eabi/lib/armv6-m\libc.a(lib_a-__atexit.o)
