Archive member included because of file (symbol)

c:/program files (x86)/atmel/atmel toolchain/arm gcc/native/4.8.1443/arm-gnu-toolchain/bin/../lib/gcc/arm-none-eabi/4.8.4/armv6-m\libgcc.a(_udivsi3.o)
                              src/ASF/thirdparty/freertos/trace/trcBase.o (__aeabi_uidiv)
c:/program files (x86)/atmel/atmel toolchain/arm gcc/native/4.8.1443/arm-gnu-toolchain/bin/../lib/gcc/arm-none-eabi/4.8.4/armv6-m\libgcc.a(_dvmd_tls.o)
                              c:/program files (x86)/atmel/atmel toolchain/arm gcc/native/4.8.1443/arm-gnu-toolchain/bin/../lib/gcc/arm-none-eabi/4.8.4/armv6-m\libgcc.a(_udivsi3.o) (__aeabi_idiv0)
c:/program files (x86)/atmel/atmel toolchain/arm gcc/native/4.8.1443/arm-gnu-toolchain/bin/../lib/gcc/arm-none-eabi/4.8.4/armv6-m\libgcc.a(_muldi3.o)
                              src/ASF/sam0/drivers/sercom/sercom.o (__aeabi_lmul)
c:/program files (x86)/atmel/atmel toolchain/arm gcc/native/4.8.1443/arm-gnu-toolchain/bin/../lib/gcc/arm-none-eabi/4.8.4/armv6-m\libgcc.a(truncdfsf2.o)
                              src/ASF/thirdparty/freertos/trace/trcUser.o (__aeabi_d2f)
c:/program files (x86)/atmel/atmel toolchain/arm gcc/native/4.8.1443/arm-gnu-toolchain/bin/../lib/gcc/arm-none-eabi/4.8.4/../../../../arm-none-eabi/lib/armv6-m\libc.a(lib_a-exit.o)
                              c:/program files (x86)/atmel/atmel toolchain/arm gcc/native/4.8.1443/arm-gnu-toolchain/bin/../lib/gcc/arm-none-eabi/4.8.4/../../../../arm-none-eabi/lib/armv6-m/crt0.o (exit)
c:/program files (x86)/atmel/atmel toolchain/arm gcc/native/4.8.1443/arm-gnu-toolchain/bin/../lib/gcc/arm-none-eabi/4.8.4/../../../../arm-none-eabi/lib/armv6-m\libc.a(lib_a-impure.o)
                              c:/program files (x86)/atmel/atmel toolchain/arm gcc/native/4.8.1443/arm-gnu-toolchain/bin/../lib/gcc/arm-none-eabi/4.8.4/../../../../arm-none-eabi/lib/armv6-m\libc.a(lib_a-exit.o) (_global_impure_ptr)
c:/program files (x86)/atmel/atmel toolchain/arm gcc/native/4.8.1443/arm-gnu-toolchain/bin/../lib/gcc/arm-none-eabi/4.8.4/../../../../arm-none-eabi/lib/armv6-m\libc.a(lib_a-init.o)
                              c:/program files (x86)/atmel/atmel toolchain/arm gcc/native/4.8.1443/arm-gnu-toolchain/bin/../lib/gcc/arm-none-eabi/4.8.4/../../../../arm-none-eabi/lib/armv6-m/crt0.o (__libc_init_array)
c:/program files (x86)/atmel/atmel toolchain/arm gcc/native/4.8.1443/arm-gnu-toolchain/bin/../lib/gcc/arm-none-eabi/4.8.4/../../../../arm-none-eabi/lib/armv6-m\libc.a(lib_a-memcpy-stub.o)
                              src/ASF/sam0/drivers/sercom/sercom_interrupt.o (memcpy)
c:/program files (x86)/atmel/atmel toolchain/arm gcc/native/4.8.1443/arm-gnu-toolchain/bin/../lib/gcc/arm-none-eabi/4.8.4/../../../../arm-none-eabi/lib/armv6-m\libc.a(lib_a-memset.o)
                              c:/program files (x86)/atmel/atmel toolchain/arm gcc/native/4.8.1443/arm-gnu-toolchain/bin/../lib/gcc/arm-none-eabi/4.8.4/../../../../arm-none-eabi/lib/armv6-m/crt0.o (memset)
c:/program files (x86)/atmel/atmel toolchain/arm gcc/native/4.8.1443/arm-gnu-toolchain/bin/../lib/gcc/arm-none-eabi/4.8.4/../../../../arm-none-eabi/lib/armv6-m\libc.a(lib_a-printf.o)
                              src/ASF/sam0/utils/syscalls/gcc/syscalls.o (printf)
c:/program files (x86)/atmel/atmel toolchain/arm gcc/native/4.8.1443/arm-gnu-toolchain/bin/../lib/gcc/arm-none-eabi/4.8.4/../../../../arm-none-eabi/lib/armv6-m\libc.a(lib_a-strncmp.o)
                              src/ASF/thirdparty/freertos/trace/trcBase.o (strncmp)
c:/program files (x86)/atmel/atmel toolchain/arm gcc/native/4.8.1443/arm-gnu-toolchain/bin/../lib/gcc/arm-none-eabi/4.8.4/../../../../arm-none-eabi/lib/armv6-m\libc.a(lib_a-strncpy.o)
                              src/ASF/thirdparty/freertos/trace/trcBase.o (strncpy)
c:/program files (x86)/atmel/atmel toolchain/arm gcc/native/4.8.1443/arm-gnu-toolchain/bin/../lib/gcc/arm-none-eabi/4.8.4/../../../../arm-none-eabi/lib/armv6-m\libc.a(lib_a-vfprintf.o)
                              c:/program files (x86)/atmel/atmel toolchain/arm gcc/native/4.8.1443/arm-gnu-toolchain/bin/../lib/gcc/arm-none-eabi/4.8.4/../../../../arm-none-eabi/lib/armv6-m\libc.a(lib_a-printf.o) (_vfprintf_r)
c:/program files (x86)/atmel/atmel toolchain/arm gcc/native/4.8.1443/arm-gnu-toolchain/bin/../lib/gcc/arm-none-eabi/4.8.4/../../../../arm-none-eabi/lib/armv6-m\libc.a(lib_a-wsetup.o)
                              c:/program files (x86)/atmel/atmel toolchain/arm gcc/native/4.8.1443/arm-gnu-toolchain/bin/../lib/gcc/arm-none-eabi/4.8.4/../../../../arm-none-eabi/lib/armv6-m\libc.a(lib_a-vfprintf.o) (__swsetup_r)
c:/program files (x86)/atmel/atmel toolchain/arm gcc/native/4.8.1443/arm-gnu-toolchain/bin/../lib/gcc/arm-none-eabi/4.8.4/../../../../arm-none-eabi/lib/armv6-m\libc.a(lib_a-__call_atexit.o)
[...]
Memory Configuration

Name             Origin             Length             Attributes
rom              0x00000000         0x00040000         xr
ram              0x20000000         0x00008000         xrw
*default*        0x00000000         0xffffffff

Linker script and memory map

LOAD c:/program files (x86)/atmel/atmel toolchain/arm gcc/native/4.8.1443/arm-gnu-toolchain/bin/../lib/gcc/arm-none-eabi/4.8.4/armv6-m/crti.o
LOAD c:/program files (x86)/atmel/atmel toolchain/arm gcc/native/4.8.1443/arm-gnu-toolchain/bin/../lib/gcc/arm-none-eabi/4.8.4/armv6-m/crtbegin.o
LOAD c:/program files (x86)/atmel/atmel toolchain/arm gcc/native/4.8.1443/arm-gnu-toolchain/bin/../lib/gcc/arm-none-eabi/4.8.4/../../../../arm-none-eabi/lib/armv6-m/crt0.o
LOAD Bastian_freeRTOS-TRACE.o
LOAD src/ASF/sam0/drivers/sercom/sercom.o
LOAD src/Peripherals/bastian_sercom.o
LOAD src/ASF/sam0/drivers/sercom/sercom_interrupt.o
LOAD src/ASF/sam0/drivers/sercom/usart/usart.o
LOAD src/ASF/sam0/drivers/sercom/usart/usart_interrupt.o
LOAD src/ASF/thirdparty/freertos/freertos-8.0.1/Source/croutine.o
LOAD src/ASF/thirdparty/freertos/freertos-8.0.1/Source/event_groups.o
LOAD src/ASF/thirdparty/freertos/trace/trcBase.o
LOAD src/ASF/thirdparty/freertos/trace/trcHardwarePort.o
LOAD src/ASF/thirdparty/freertos/trace/trcKernel.o
LOAD src/ASF/thirdparty/freertos/trace/trcKernelPort.o
LOAD src/ASF/thirdparty/freertos/trace/trcUser.o
LOAD src/ASF/thirdparty/freertos/freertos-8.0.1/Source/list.o
LOAD src/ASF/thirdparty/freertos/freertos-8.0.1/Source/portable/GCC/ARM_CM0/port.o
LOAD src/ASF/thirdparty/freertos/freertos-8.0.1/Source/portable/MemMang/heap_1.o
LOAD src/ASF/thirdparty/freertos/freertos-8.0.1/Source/queue.o
LOAD src/ASF/thirdparty/freertos/freertos-8.0.1/Source/tasks.o
LOAD src/ASF/thirdparty/freertos/freertos-8.0.1/Source/timers.o
LOAD src/ASF/sam0/utils/cmsis/samd21/source/gcc/startup_samd21.o
LOAD src/ASF/sam0/utils/cmsis/samd21/source/system_samd21.o
LOAD src/ASF/sam0/utils/syscalls/gcc/syscalls.o
LOAD src/ASF/sam0/drivers/system/clock/clock_samd21_r21_da/clock.o
LOAD src/ASF/sam0/drivers/system/clock/clock_samd21_r21_da/gclk.o
LOAD src/ASF/sam0/drivers/system/interrupt/system_interrupt.o
LOAD src/ASF/sam0/drivers/system/system.o
LOAD src/ASF/common/utils/interrupt/interrupt_sam_nvic.o
LOAD src/ASF/sam0/drivers/port/port.o
LOAD src/ASF/sam0/drivers/system/pinmux/pinmux.o
START GROUP
LOAD ../src/ASF/thirdparty/CMSIS/Lib/GCC\libarm_cortexM0l_math.a
LOAD c:/program files (x86)/atmel/atmel toolchain/arm gcc/native/4.8.1443/arm-gnu-toolchain/bin/../lib/gcc/arm-none-eabi/4.8.4/../../../../arm-none-eabi/lib/armv6-m\libm.a
END GROUP
START GROUP
LOAD c:/program files (x86)/atmel/atmel toolchain/arm gcc/native/4.8.1443/arm-gnu-toolchain/bin/../lib/gcc/arm-none-eabi/4.8.4/armv6-m\libgcc.a
LOAD c:/program files (x86)/atmel/atmel toolchain/arm gcc/native/4.8.1443/arm-gnu-toolchain/bin/../lib/gcc/arm-none-eabi/4.8.4/../../../../arm-none-eabi/lib/armv6-m\libc.a
END GROUP
LOAD c:/program files (x86)/atmel/atmel toolchain/arm gcc/native/4.8.1443/arm-gnu-toolchain/bin/../lib/gcc/arm-none-eabi/4.8.4/armv6-m/crtend.o
LOAD c:/program files (x86)/atmel/atmel toolchain/arm gcc/native/4.8.1443/arm-gnu-toolchain/bin/../lib/gcc/arm-none-eabi/4.8.4/armv6-m/crtn.o
                0x00002000                STACK_SIZE = DEFINED (STACK_SIZE)?STACK_SIZE:DEFINED (__stack_size__)?__stack_size__:0x2000

.text           0x00000000     0x6b20
                0x00000000                . = ALIGN (0x4)
                0x00000000                _sfixed = .
 *(.vectors .vectors.*)
 .vectors       0x00000000       0xb0 src/ASF/sam0/utils/cmsis/samd21/source/gcc/startup_samd21.o
                0x00000000                exception_table
 *(.text .text.* .gnu.linkonce.t.*)
 .text          0x000000b0       0x60 c:/program files (x86)/atmel/atmel toolchain/arm gcc/native/4.8.1443/arm-gnu-toolchain/bin/../lib/gcc/arm-none-eabi/4.8.4/armv6-m/crtbegin.o
 .text.timer_irda_sync_callback
                0x00000110        0xc Bastian_freeRTOS-TRACE.o
                0x00000110                timer_irda_sync_callback
 .text.irda_communication_task
                0x0000011c       0xf0 Bastian_freeRTOS-TRACE.o
                0x0000011c                irda_communication_task
 .text.timer_irda_ping_callback
                0x0000020c       0x80 Bastian_freeRTOS-TRACE.o
                0x0000020c                timer_irda_ping_callback
 .text.main     0x0000028c       0xf0 Bastian_freeRTOS-TRACE.o
                0x0000028c                main
 .text._sercom_get_sync_baud_val
                0x0000037c       0x28 src/ASF/sam0/drivers/sercom/sercom.o
                0x0000037c                _sercom_get_sync_baud_val
 *fill*         0x000003a4        0x4 
 .text._sercom_get_async_baud_val
                0x000003a8      0x1b0 src/ASF/sam0/drivers/sercom/sercom.o
                0x000003a8                _sercom_get_async_baud_val
 .text.sercom_set_gclk_generator
                0x00000558       0x50 src/ASF/sam0/drivers/sercom/sercom.o
                0x00000558                sercom_set_gclk_generator
 .text._sercom_get_default_pad
                0x000005a8      0x108 src/ASF/sam0/drivers/sercom/sercom.o
                0x000005a8                _sercom_get_default_pad
 .text._sercom_get_sercom_inst_index
                0x000006b0       0x44 src/ASF/sam0/drivers/sercom/sercom.o
                0x000006b0                _sercom_get_sercom_inst_index
 .text.irda_master_callback_transmitted
                0x000006f4       0x60 src/Peripherals/bastian_sercom.o
 .text.irda_master_callback_received
                0x00000754      0x12c src/Peripherals/bastian_sercom.o
 .text.bastian_IrDA_configuration
                0x00000880       0xe4 src/Peripherals/bastian_sercom.o
                0x00000880                bastian_IrDA_configuration
 .text._sercom_default_handler
                0x00000964        0x4 src/ASF/sam0/drivers/sercom/sercom_interrupt.o
 .text._sercom_set_handler
                0x00000968       0x3c src/ASF/sam0/drivers/sercom/sercom_interrupt.o
                0x00000968                _sercom_set_handler
 .text._sercom_get_interrupt_vector
                0x000009a4       0x2c src/ASF/sam0/drivers/sercom/sercom_interrupt.o
                0x000009a4                _sercom_get_interrupt_vector
 .text.SERCOM0_Handler
                0x000009d0       0x10 src/ASF/sam0/drivers/sercom/sercom_interrupt.o
                0x000009d0                SERCOM0_Handler
 .text.SERCOM1_Handler
                0x000009e0       0x10 src/ASF/sam0/drivers/sercom/sercom_interrupt.o
                0x000009e0                SERCOM1_Handler
 .text.SERCOM2_Handler
                0x000009f0       0x10 src/ASF/sam0/drivers/sercom/sercom_interrupt.o
                0x000009f0                SERCOM2_Handler
 .text.SERCOM3_Handler
                0x00000a00       0x10 src/ASF/sam0/drivers/sercom/sercom_interrupt.o
                0x00000a00                SERCOM3_Handler
 .text.usart_init
                0x00000a10      0x2f8 src/ASF/sam0/drivers/sercom/usart/usart.o
                0x00000a10                usart_init
 .text._usart_write_buffer
                0x00000d08       0x3c src/ASF/sam0/drivers/sercom/usart/usart_interrupt.o
                0x00000d08                _usart_write_buffer
 .text._usart_read_buffer
                0x00000d44       0x50 src/ASF/sam0/drivers/sercom/usart/usart_interrupt.o
                0x00000d44                _usart_read_buffer
 .text.usart_register_callback
                0x00000d94       0x18 src/ASF/sam0/drivers/sercom/usart/usart_interrupt.o
                0x00000d94                usart_register_callback
 .text.usart_write_buffer_job
                0x00000dac       0x20 src/ASF/sam0/drivers/sercom/usart/usart_interrupt.o
                0x00000dac                usart_write_buffer_job
 .text.usart_read_buffer_job
                0x00000dcc       0x20 src/ASF/sam0/drivers/sercom/usart/usart_interrupt.o
                0x00000dcc                usart_read_buffer_job
 .text.usart_abort_job
                0x00000dec       0x20 src/ASF/sam0/drivers/sercom/usart/usart_interrupt.o
                0x00000dec                usart_abort_job
 .text._usart_interrupt_handler
                0x00000e0c      0x19c src/ASF/sam0/drivers/sercom/usart/usart_interrupt.o
                0x00000e0c                _usart_interrupt_handler
 .text.vTraceError
                0x00000fa8       0x5c src/ASF/thirdparty/freertos/trace/trcBase.o
                0x00000fa8                vTraceError
 .text.prvTraceInitTraceData
                0x00001004      0x1b0 src/ASF/thirdparty/freertos/trace/trcBase.o
                0x00001004                prvTraceInitTraceData
 .text.xTraceNextFreeEventBufferSlot
                0x000011b4       0x40 src/ASF/thirdparty/freertos/trace/trcBase.o
                0x000011b4                xTraceNextFreeEventBufferSlot
 .text.uiIndexOfObject
                0x000011f4       0x54 src/ASF/thirdparty/freertos/trace/trcBase.o
                0x000011f4                uiIndexOfObject
 .text.xTraceGetObjectHandle
                0x00001248      0x154 src/ASF/thirdparty/freertos/trace/trcBase.o
                0x00001248                xTraceGetObjectHandle
 .text.vTraceFreeObjectHandle
                0x0000139c       0x70 src/ASF/thirdparty/freertos/trace/trcBase.o
                0x0000139c                vTraceFreeObjectHandle
 .text.vTraceSetObjectName
                0x0000140c       0x90 src/ASF/thirdparty/freertos/trace/trcBase.o
                0x0000140c                vTraceSetObjectName
 .text.prvCheckDataToBeOverwrittenForMultiEntryEvents
                0x0000149c       0xc0 src/ASF/thirdparty/freertos/trace/trcBase.o
                0x0000149c                prvCheckDataToBeOverwrittenForMultiEntryEvents
 .text.prvTraceUpdateCounters
                0x0000155c       0x3c src/ASF/thirdparty/freertos/trace/trcBase.o
                0x0000155c                prvTraceUpdateCounters
 .text.prvTraceGetDTS
                0x00001598      0x11c src/ASF/thirdparty/freertos/trace/trcBase.o
                0x00001598                prvTraceGetDTS
 .text.prvTraceLookupSymbolTableEntry
                0x000016b4       0xd0 src/ASF/thirdparty/freertos/trace/trcBase.o
                0x000016b4                prvTraceLookupSymbolTableEntry
 .text.prvTraceCreateSymbolTableEntry
                0x00001784       0xdc src/ASF/thirdparty/freertos/trace/trcBase.o
                0x00001784                prvTraceCreateSymbolTableEntry
 .text.prvTraceGetChecksum
                0x00001860       0x60 src/ASF/thirdparty/freertos/trace/trcBase.o
                0x00001860                prvTraceGetChecksum
 .text.prvTraceOpenSymbol
                0x000018c0       0x9c src/ASF/thirdparty/freertos/trace/trcBase.o
                0x000018c0                prvTraceOpenSymbol
 .text.vTracePortGetTimeStamp
                0x0000195c       0x78 src/ASF/thirdparty/freertos/trace/trcHardwarePort.o
                0x0000195c                vTracePortGetTimeStamp
 .text.vTraceStoreTaskReady
                0x000019d4       0xb8 src/ASF/thirdparty/freertos/trace/trcKernel.o
                0x000019d4                vTraceStoreTaskReady
 .text.vTraceStoreKernelCall
                0x00001a8c      0x104 src/ASF/thirdparty/freertos/trace/trcKernel.o
                0x00001a8c                vTraceStoreKernelCall
 .text.vTraceStoreKernelCallWithParam
                0x00001b90      0x134 src/ASF/thirdparty/freertos/trace/trcKernel.o
                0x00001b90                vTraceStoreKernelCallWithParam
 .text.vTraceStoreKernelCallWithNumericParamOnly
                0x00001cc4       0xf4 src/ASF/thirdparty/freertos/trace/trcKernel.o
                0x00001cc4                vTraceStoreKernelCallWithNumericParamOnly
 .text.vTraceStoreObjectNameOnCloseEvent
                0x00001db8       0x74 src/ASF/thirdparty/freertos/trace/trcKernel.o
                0x00001db8                vTraceStoreObjectNameOnCloseEvent
 .text.vTraceStoreObjectPropertiesOnCloseEvent
                0x00001e2c       0x9c src/ASF/thirdparty/freertos/trace/trcKernel.o
                0x00001e2c                vTraceStoreObjectPropertiesOnCloseEvent
 .text.vTraceSetPriorityProperty
                0x00001ec8       0x58 src/ASF/thirdparty/freertos/trace/trcKernel.o
                0x00001ec8                vTraceSetPriorityProperty
 .text.uiTraceGetPriorityProperty
                0x00001f20       0x5c src/ASF/thirdparty/freertos/trace/trcKernel.o
                0x00001f20                uiTraceGetPriorityProperty
 .text.vTraceSetObjectState
                0x00001f7c       0x58 src/ASF/thirdparty/freertos/trace/trcKernel.o
                0x00001f7c                vTraceSetObjectState
 .text.uiTraceGetObjectState
                0x00001fd4       0x5c src/ASF/thirdparty/freertos/trace/trcKernel.o
                0x00001fd4                uiTraceGetObjectState
 .text.vTraceStoreTaskswitch
                0x00002030       0xd0 src/ASF/thirdparty/freertos/trace/trcKernel.o
                0x00002030                vTraceStoreTaskswitch
 .text.vTraceSetTaskInstanceFinished
                0x00002100       0x40 src/ASF/thirdparty/freertos/trace/trcKernel.o
                0x00002100                vTraceSetTaskInstanceFinished
 .text.prvTraceGetObjectNumber
                0x00002140       0x10 src/ASF/thirdparty/freertos/trace/trcKernelPort.o
                0x00002140                prvTraceGetObjectNumber
 .text.prvTraceGetObjectType
                0x00002150        0xc src/ASF/thirdparty/freertos/trace/trcKernelPort.o
                0x00002150                prvTraceGetObjectType
 .text.prvTraceGetTaskNumber
                0x0000215c       0x10 src/ASF/thirdparty/freertos/trace/trcKernelPort.o
                0x0000215c                prvTraceGetTaskNumber
 .text.prvTraceGetCurrentTaskHandle
                0x0000216c        0xc src/ASF/thirdparty/freertos/trace/trcKernelPort.o
                0x0000216c                prvTraceGetCurrentTaskHandle
 .text.vTraceInitObjectPropertyTable
                0x00002178       0xb0 src/ASF/thirdparty/freertos/trace/trcKernelPort.o
                0x00002178                vTraceInitObjectPropertyTable
 .text.vTraceInitObjectHandleStack
                0x00002228       0x50 src/ASF/thirdparty/freertos/trace/trcKernelPort.o
                0x00002228                vTraceInitObjectHandleStack
 .text.pszTraceGetErrorNotEnoughHandles
                0x00002278       0x50 src/ASF/thirdparty/freertos/trace/trcKernelPort.o
                0x00002278                pszTraceGetErrorNotEnoughHandles
 .text.uiTraceIsObjectExcluded
                0x000022c8       0xdc src/ASF/thirdparty/freertos/trace/trcKernelPort.o
                0x000022c8                uiTraceIsObjectExcluded
 .text.writeInt32
                0x000023a4       0x50 src/ASF/thirdparty/freertos/trace/trcUser.o
 .text.writeInt16
                0x000023f4       0x50 src/ASF/thirdparty/freertos/trace/trcUser.o
 .text.vTraceInitTraceData
                0x00002444        0xc src/ASF/thirdparty/freertos/trace/trcUser.o
                0x00002444                vTraceInitTraceData
 .text.uiTraceStart
                0x00002450       0xb0 src/ASF/thirdparty/freertos/trace/trcUser.o
                0x00002450                uiTraceStart
 .text.xTraceOpenLabel
                0x00002500       0x24 src/ASF/thirdparty/freertos/trace/trcUser.o
                0x00002500                xTraceOpenLabel
 .text.vTracePrintF_Helper
                0x00002524      0x3b8 src/ASF/thirdparty/freertos/trace/trcUser.o
                0x00002524                vTracePrintF_Helper
 .text.vTracePrintF
                0x000028dc       0x20 src/ASF/thirdparty/freertos/trace/trcUser.o
                0x000028dc                vTracePrintF
 .text.vListInitialise
                0x000028fc       0x18 src/ASF/thirdparty/freertos/freertos-8.0.1/Source/list.o
                0x000028fc                vListInitialise
 .text.vListInitialiseItem
                0x00002914        0x8 src/ASF/thirdparty/freertos/freertos-8.0.1/Source/list.o
                0x00002914                vListInitialiseItem
 .text.vListInsertEnd
                0x0000291c       0x18 src/ASF/thirdparty/freertos/freertos-8.0.1/Source/list.o
                0x0000291c                vListInsertEnd
 .text.vListInsert
                0x00002934       0x30 src/ASF/thirdparty/freertos/freertos-8.0.1/Source/list.o
                0x00002934                vListInsert
 .text.uxListRemove
                0x00002964       0x24 src/ASF/thirdparty/freertos/freertos-8.0.1/Source/list.o
                0x00002964                uxListRemove
 .text.prvTaskExitError
                0x00002988       0x14 src/ASF/thirdparty/freertos/freertos-8.0.1/Source/portable/GCC/ARM_CM0/port.o
 .text.vPortStartFirstTask
                0x0000299c       0x20 src/ASF/thirdparty/freertos/freertos-8.0.1/Source/portable/GCC/ARM_CM0/port.o
 .text.pxPortInitialiseStack
                0x000029bc       0x20 src/ASF/thirdparty/freertos/freertos-8.0.1/Source/portable/GCC/ARM_CM0/port.o
                0x000029bc                pxPortInitialiseStack
 .text.SVC_Handler
                0x000029dc        0x4 src/ASF/thirdparty/freertos/freertos-8.0.1/Source/portable/GCC/ARM_CM0/port.o
                0x000029dc                SVC_Handler
 .text.vPortYield
                0x000029e0       0x18 src/ASF/thirdparty/freertos/freertos-8.0.1/Source/portable/GCC/ARM_CM0/port.o
                0x000029e0                vPortYield
 .text.vPortEnterCritical
                0x000029f8       0x18 src/ASF/thirdparty/freertos/freertos-8.0.1/Source/portable/GCC/ARM_CM0/port.o
                0x000029f8                vPortEnterCritical
 .text.vPortExitCritical
                0x00002a10       0x20 src/ASF/thirdparty/freertos/freertos-8.0.1/Source/portable/GCC/ARM_CM0/port.o
                0x00002a10                vPortExitCritical
 .text.ulSetInterruptMaskFromISR
                0x00002a30        0xc src/ASF/thirdparty/freertos/freertos-8.0.1/Source/portable/GCC/ARM_CM0/port.o
                0x00002a30                ulSetInterruptMaskFromISR
 .text.vClearInterruptMaskFromISR
                0x00002a3c        0x8 src/ASF/thirdparty/freertos/freertos-8.0.1/Source/portable/GCC/ARM_CM0/port.o
                0x00002a3c                vClearInterruptMaskFromISR
 .text.PendSV_Handler
                0x00002a44       0x44 src/ASF/thirdparty/freertos/freertos-8.0.1/Source/portable/GCC/ARM_CM0/port.o
                0x00002a44                PendSV_Handler
 .text.SysTick_Handler
                0x00002a88       0x30 src/ASF/thirdparty/freertos/freertos-8.0.1/Source/portable/GCC/ARM_CM0/port.o
                0x00002a88                SysTick_Handler
 .text.vPortSetupTimerInterrupt
                0x00002ab8       0x24 src/ASF/thirdparty/freertos/freertos-8.0.1/Source/portable/GCC/ARM_CM0/port.o
                0x00002ab8                vPortSetupTimerInterrupt
 .text.xPortStartScheduler
                0x00002adc       0x40 src/ASF/thirdparty/freertos/freertos-8.0.1/Source/portable/GCC/ARM_CM0/port.o
                0x00002adc                xPortStartScheduler
 .text.pvPortMalloc
                0x00002b1c       0x64 src/ASF/thirdparty/freertos/freertos-8.0.1/Source/portable/MemMang/heap_1.o
                0x00002b1c                pvPortMalloc
 .text.vPortFree
                0x00002b80        0xc src/ASF/thirdparty/freertos/freertos-8.0.1/Source/portable/MemMang/heap_1.o
                0x00002b80                vPortFree
 .text.prvCopyDataToQueue
                0x00002b8c       0x78 src/ASF/thirdparty/freertos/freertos-8.0.1/Source/queue.o
 .text.prvNotifyQueueSetContainer
                0x00002c04       0xc8 src/ASF/thirdparty/freertos/freertos-8.0.1/Source/queue.o
 .text.prvCopyDataFromQueue
                0x00002ccc       0x28 src/ASF/thirdparty/freertos/freertos-8.0.1/Source/queue.o
 .text.prvUnlockQueue
                0x00002cf4       0xa8 src/ASF/thirdparty/freertos/freertos-8.0.1/Source/queue.o
 .text.xQueueGenericReset
                0x00002d9c       0x78 src/ASF/thirdparty/freertos/freertos-8.0.1/Source/queue.o
                0x00002d9c                xQueueGenericReset
 .text.xQueueGenericCreate
                0x00002e14       0xd4 src/ASF/thirdparty/freertos/freertos-8.0.1/Source/queue.o
                0x00002e14                xQueueGenericCreate
 .text.xQueueGenericSend
                0x00002ee8      0x250 src/ASF/thirdparty/freertos/freertos-8.0.1/Source/queue.o
                0x00002ee8                xQueueGenericSend
 .text.xQueueGenericSendFromISR
                0x00003138      0x15c src/ASF/thirdparty/freertos/freertos-8.0.1/Source/queue.o
                0x00003138                xQueueGenericSendFromISR
 .text.xQueueGenericReceive
                0x00003294      0x2c0 src/ASF/thirdparty/freertos/freertos-8.0.1/Source/queue.o
                0x00003294                xQueueGenericReceive
 .text.uxQueueGetQueueNumber
                0x00003554        0x4 src/ASF/thirdparty/freertos/freertos-8.0.1/Source/queue.o
                0x00003554                uxQueueGetQueueNumber
 .text.ucQueueGetQueueType
                0x00003558        0x8 src/ASF/thirdparty/freertos/freertos-8.0.1/Source/queue.o
                0x00003558                ucQueueGetQueueType
 .text.vQueueWaitForMessageRestricted
                0x00003560       0x4c src/ASF/thirdparty/freertos/freertos-8.0.1/Source/queue.o
                0x00003560                vQueueWaitForMessageRestricted
 .text.prvTaskIsTaskSuspended
                0x000035ac       0x2c src/ASF/thirdparty/freertos/freertos-8.0.1/Source/tasks.o
 .text.prvResetNextTaskUnblockTime
                0x000035d8       0x2c src/ASF/thirdparty/freertos/freertos-8.0.1/Source/tasks.o
 .text.prvAddCurrentTaskToDelayedList
                0x00003604       0x44 src/ASF/thirdparty/freertos/freertos-8.0.1/Source/tasks.o
 .text.xTaskGenericCreate
                0x00003648      0x24c src/ASF/thirdparty/freertos/freertos-8.0.1/Source/tasks.o
                0x00003648                xTaskGenericCreate
 .text.vTaskResume
                0x00003894       0xa4 src/ASF/thirdparty/freertos/freertos-8.0.1/Source/tasks.o
                0x00003894                vTaskResume
 .text.xTaskResumeFromISR
                0x00003938       0xb4 src/ASF/thirdparty/freertos/freertos-8.0.1/Source/tasks.o
                0x00003938                xTaskResumeFromISR
 .text.vTaskStartScheduler
                0x000039ec       0x60 src/ASF/thirdparty/freertos/freertos-8.0.1/Source/tasks.o
                0x000039ec                vTaskStartScheduler
 .text.vTaskSuspendAll
                0x00003a4c       0x10 src/ASF/thirdparty/freertos/freertos-8.0.1/Source/tasks.o
                0x00003a4c                vTaskSuspendAll
 .text.xTaskGetTickCount
                0x00003a5c       0x20 src/ASF/thirdparty/freertos/freertos-8.0.1/Source/tasks.o
                0x00003a5c                xTaskGetTickCount
 .text.xTaskGetTickCountFromISR
                0x00003a7c       0x20 src/ASF/thirdparty/freertos/freertos-8.0.1/Source/tasks.o
                0x00003a7c                xTaskGetTickCountFromISR
 .text.xTaskIncrementTick
                0x00003a9c      0x14c src/ASF/thirdparty/freertos/freertos-8.0.1/Source/tasks.o
                0x00003a9c                xTaskIncrementTick
 .text.xTaskResumeAll
                0x00003be8       0xfc src/ASF/thirdparty/freertos/freertos-8.0.1/Source/tasks.o
                0x00003be8                xTaskResumeAll
 .text.prvIdleTask
                0x00003ce4       0x7c src/ASF/thirdparty/freertos/freertos-8.0.1/Source/tasks.o
 .text.vTaskSwitchContext
                0x00003d60       0xa8 src/ASF/thirdparty/freertos/freertos-8.0.1/Source/tasks.o
                0x00003d60                vTaskSwitchContext
 .text.vTaskSuspend
                0x00003e08       0xcc src/ASF/thirdparty/freertos/freertos-8.0.1/Source/tasks.o
                0x00003e08                vTaskSuspend
 .text.vTaskPlaceOnEventList
                0x00003ed4       0x50 src/ASF/thirdparty/freertos/freertos-8.0.1/Source/tasks.o
                0x00003ed4                vTaskPlaceOnEventList
 .text.vTaskPlaceOnEventListRestricted
                0x00003f24       0x64 src/ASF/thirdparty/freertos/freertos-8.0.1/Source/tasks.o
                0x00003f24                vTaskPlaceOnEventListRestricted
 .text.xTaskRemoveFromEventList
                0x00003f88       0x90 src/ASF/thirdparty/freertos/freertos-8.0.1/Source/tasks.o
                0x00003f88                xTaskRemoveFromEventList
 .text.vTaskSetTimeOutState
                0x00004018       0x20 src/ASF/thirdparty/freertos/freertos-8.0.1/Source/tasks.o
                0x00004018                vTaskSetTimeOutState
 .text.xTaskCheckForTimeOut
                0x00004038       0x70 src/ASF/thirdparty/freertos/freertos-8.0.1/Source/tasks.o
                0x00004038                xTaskCheckForTimeOut
 .text.vTaskMissedYield
                0x000040a8        0xc src/ASF/thirdparty/freertos/freertos-8.0.1/Source/tasks.o
                0x000040a8                vTaskMissedYield
 .text.uxTaskGetTaskNumber
                0x000040b4        0xc src/ASF/thirdparty/freertos/freertos-8.0.1/Source/tasks.o
                0x000040b4                uxTaskGetTaskNumber
 .text.xTaskGetCurrentTaskHandle
                0x000040c0        0xc src/ASF/thirdparty/freertos/freertos-8.0.1/Source/tasks.o
                0x000040c0                xTaskGetCurrentTaskHandle
 .text.xTaskGetSchedulerState
                0x000040cc       0x1c src/ASF/thirdparty/freertos/freertos-8.0.1/Source/tasks.o
                0x000040cc                xTaskGetSchedulerState
 .text.vTaskPriorityInherit
                0x000040e8       0xd4 src/ASF/thirdparty/freertos/freertos-8.0.1/Source/tasks.o
                0x000040e8                vTaskPriorityInherit
 .text.vTaskPriorityDisinherit
                0x000041bc       0xa8 src/ASF/thirdparty/freertos/freertos-8.0.1/Source/tasks.o
                0x000041bc                vTaskPriorityDisinherit
 .text.prvInsertTimerInActiveList
                0x00004264       0x44 src/ASF/thirdparty/freertos/freertos-8.0.1/Source/timers.o
 .text.prvCheckForValidListAndQueue
                0x000042a8       0x58 src/ASF/thirdparty/freertos/freertos-8.0.1/Source/timers.o
 .text.xTimerCreateTimerTask
                0x00004300       0x4c src/ASF/thirdparty/freertos/freertos-8.0.1/Source/timers.o
                0x00004300                xTimerCreateTimerTask
 .text.xTimerCreate
                0x0000434c       0x90 src/ASF/thirdparty/freertos/freertos-8.0.1/Source/timers.o
                0x0000434c                xTimerCreate
 .text.xTimerGenericCommand
                0x000043dc       0xf4 src/ASF/thirdparty/freertos/freertos-8.0.1/Source/timers.o
                0x000043dc                xTimerGenericCommand
 .text.prvSampleTimeNow
                0x000044d0       0xb4 src/ASF/thirdparty/freertos/freertos-8.0.1/Source/timers.o
 .text.prvTimerTask
                0x00004584      0x174 src/ASF/thirdparty/freertos/freertos-8.0.1/Source/timers.o
 .text.Dummy_Handler
                0x000046f8        0x4 src/ASF/sam0/utils/cmsis/samd21/source/gcc/startup_samd21.o
                0x000046f8                DMAC_Handler
                0x000046f8                HardFault_Handler
                0x000046f8                AC_Handler
                0x000046f8                NMI_Handler
                0x000046f8                ADC_Handler
                0x000046f8                TCC1_Handler
                0x000046f8                TCC0_Handler
                0x000046f8                RTC_Handler
                0x000046f8                EIC_Handler
                0x000046f8                WDT_Handler
                0x000046f8                TC4_Handler
                0x000046f8                USB_Handler
                0x000046f8                TC3_Handler
                0x000046f8                Dummy_Handler
                0x000046f8                PM_Handler
                0x000046f8                TCC2_Handler
                0x000046f8                EVSYS_Handler
                0x000046f8                I2S_Handler
                0x000046f8                NVMCTRL_Handler
                0x000046f8                DAC_Handler
                0x000046f8                PTC_Handler
                0x000046f8                TC5_Handler
                0x000046f8                SYSCTRL_Handler
 .text.Reset_Handler
                0x000046fc       0xec src/ASF/sam0/utils/cmsis/samd21/source/gcc/startup_samd21.o
                0x000046fc                Reset_Handler
 .text.system_clock_source_get_hz
                0x000047e8       0x90 src/ASF/sam0/drivers/system/clock/clock_samd21_r21_da/clock.o
                0x000047e8                system_clock_source_get_hz
 .text.system_clock_source_osc8m_set_config
                0x00004878       0x3c src/ASF/sam0/drivers/system/clock/clock_samd21_r21_da/clock.o
                0x00004878                system_clock_source_osc8m_set_config
 .text.system_clock_source_xosc32k_set_config
                0x000048b4       0xb4 src/ASF/sam0/drivers/system/clock/clock_samd21_r21_da/clock.o
                0x000048b4                system_clock_source_xosc32k_set_config
 .text.system_clock_source_dpll_set_config
                0x00004968       0xa0 src/ASF/sam0/drivers/system/clock/clock_samd21_r21_da/clock.o
                0x00004968                system_clock_source_dpll_set_config
 .text.system_clock_source_enable
                0x00004a08       0xa8 src/ASF/sam0/drivers/system/clock/clock_samd21_r21_da/clock.o
                0x00004a08                system_clock_source_enable
 .text.system_clock_source_disable
                0x00004ab0       0x7c src/ASF/sam0/drivers/system/clock/clock_samd21_r21_da/clock.o
                0x00004ab0                system_clock_source_disable
 .text.system_clock_source_is_ready
                0x00004b2c       0x54 src/ASF/sam0/drivers/system/clock/clock_samd21_r21_da/clock.o
                0x00004b2c                system_clock_source_is_ready
 .text.system_clock_init
                0x00004b80      0x144 src/ASF/sam0/drivers/system/clock/clock_samd21_r21_da/clock.o
                0x00004b80                system_clock_init
 .text.system_gclk_init
                0x00004cc4       0x24 src/ASF/sam0/drivers/system/clock/clock_samd21_r21_da/gclk.o
                0x00004cc4                system_gclk_init
 .text.system_gclk_gen_set_config
                0x00004ce8       0xb4 src/ASF/sam0/drivers/system/clock/clock_samd21_r21_da/gclk.o
                0x00004ce8                system_gclk_gen_set_config
 .text.system_gclk_gen_enable
                0x00004d9c       0x44 src/ASF/sam0/drivers/system/clock/clock_samd21_r21_da/gclk.o
                0x00004d9c                system_gclk_gen_enable
 .text.system_gclk_gen_get_hz
                0x00004de0       0x8c src/ASF/sam0/drivers/system/clock/clock_samd21_r21_da/gclk.o
                0x00004de0                system_gclk_gen_get_hz
 .text.system_gclk_chan_enable
                0x00004e6c       0x30 src/ASF/sam0/drivers/system/clock/clock_samd21_r21_da/gclk.o
                0x00004e6c                system_gclk_chan_enable
 .text.system_gclk_chan_disable
                0x00004e9c       0x5c src/ASF/sam0/drivers/system/clock/clock_samd21_r21_da/gclk.o
                0x00004e9c                system_gclk_chan_disable
 .text.system_gclk_chan_set_config
                0x00004ef8       0x1c src/ASF/sam0/drivers/system/clock/clock_samd21_r21_da/gclk.o
                0x00004ef8                system_gclk_chan_set_config
 .text.system_gclk_chan_get_hz
                0x00004f14       0x34 src/ASF/sam0/drivers/system/clock/clock_samd21_r21_da/gclk.o
                0x00004f14                system_gclk_chan_get_hz
 .text._system_dummy_init
                0x00004f48        0x4 src/ASF/sam0/drivers/system/system.o
                0x00004f48                _system_extint_init
                0x00004f48                system_board_init
                0x00004f48                _system_events_init
                0x00004f48                _system_dummy_init
                0x00004f48                _system_divas_init
 .text.system_init
                0x00004f4c       0x2c src/ASF/sam0/drivers/system/system.o
                0x00004f4c                system_init
 .text.cpu_irq_enter_critical
                0x00004f78       0x3c src/ASF/common/utils/interrupt/interrupt_sam_nvic.o
                0x00004f78                cpu_irq_enter_critical
 .text.cpu_irq_leave_critical
                0x00004fb4       0x2c src/ASF/common/utils/interrupt/interrupt_sam_nvic.o
                0x00004fb4                cpu_irq_leave_critical
 .text.port_pin_set_config
                0x00004fe0       0x24 src/ASF/sam0/drivers/port/port.o
                0x00004fe0                port_pin_set_config
 .text._system_pinmux_config
                0x00005004       0x8c src/ASF/sam0/drivers/system/pinmux/pinmux.o
 .text.system_pinmux_pin_set_config
                0x00005090       0x2c src/ASF/sam0/drivers/system/pinmux/pinmux.o
                0x00005090                system_pinmux_pin_set_config
 .text          0x000050bc       0x9c c:/program files (x86)/atmel/atmel toolchain/arm gcc/native/4.8.1443/arm-gnu-toolchain/bin/../lib/gcc/arm-none-eabi/4.8.4/armv6-m\libgcc.a(_udivsi3.o)
                0x000050bc                __aeabi_uidiv
                0x000050bc                __udivsi3
                0x00005144                __aeabi_uidivmod
 .text          0x00005158        0x4 c:/program files (x86)/atmel/atmel toolchain/arm gcc/native/4.8.1443/arm-gnu-toolchain/bin/../lib/gcc/arm-none-eabi/4.8.4/armv6-m\libgcc.a(_dvmd_tls.o)
                0x00005158                __aeabi_idiv0
                0x00005158                __aeabi_ldiv0
 .text          0x0000515c       0x44 c:/program files (x86)/atmel/atmel toolchain/arm gcc/native/4.8.1443/arm-gnu-toolchain/bin/../lib/gcc/arm-none-eabi/4.8.4/armv6-m\libgcc.a(_muldi3.o)
                0x0000515c                __muldi3
                0x0000515c                __aeabi_lmul
 .text          0x000051a0      0x118 c:/program files (x86)/atmel/atmel toolchain/arm gcc/native/4.8.1443/arm-gnu-toolchain/bin/../lib/gcc/arm-none-eabi/4.8.4/armv6-m\libgcc.a(truncdfsf2.o)
                0x000051a0                __aeabi_d2f
 .text.__libc_init_array
                0x000052b8       0x48 c:/program files (x86)/atmel/atmel toolchain/arm gcc/native/4.8.1443/arm-gnu-toolchain/bin/../lib/gcc/arm-none-eabi/4.8.4/../../../../arm-none-eabi/lib/armv6-m\libc.a(lib_a-init.o)
                0x000052b8                __libc_init_array
 .text.memcpy   0x00005300       0x84 c:/program files (x86)/atmel/atmel toolchain/arm gcc/native/4.8.1443/arm-gnu-toolchain/bin/../lib/gcc/arm-none-eabi/4.8.4/../../../../arm-none-eabi/lib/armv6-m\libc.a(lib_a-memcpy-stub.o)
                0x00005300                memcpy
 .text.memset   0x00005384       0x9c c:/program files (x86)/atmel/atmel toolchain/arm gcc/native/4.8.1443/arm-gnu-toolchain/bin/../lib/gcc/arm-none-eabi/4.8.4/../../../../arm-none-eabi/lib/armv6-m\libc.a(lib_a-memset.o)
                0x00005384                memset
 .text.strncmp  0x00005420       0xb8 c:/program files (x86)/atmel/atmel toolchain/arm gcc/native/4.8.1443/arm-gnu-toolchain/bin/../lib/gcc/arm-none-eabi/4.8.4/../../../../arm-none-eabi/lib/armv6-m\libc.a(lib_a-strncmp.o)
                0x00005420                strncmp
 .text.strncpy  0x000054d8       0x74 c:/program files (x86)/atmel/atmel toolchain/arm gcc/native/4.8.1443/arm-gnu-toolchain/bin/../lib/gcc/arm-none-eabi/4.8.4/../../../../arm-none-eabi/lib/armv6-m\libc.a(lib_a-strncpy.o)
                0x000054d8                strncpy
 .text.startup.register_fini
                0x0000554c       0x18 c:/program files (x86)/atmel/atmel toolchain/arm gcc/native/4.8.1443/arm-gnu-toolchain/bin/../lib/gcc/arm-none-eabi/4.8.4/../../../../arm-none-eabi/lib/armv6-m\libc.a(lib_a-__call_atexit.o)
 .text.atexit   0x00005564       0x10 c:/program files (x86)/atmel/atmel toolchain/arm gcc/native/4.8.1443/arm-gnu-toolchain/bin/../lib/gcc/arm-none-eabi/4.8.4/../../../../arm-none-eabi/lib/armv6-m\libc.a(lib_a-atexit.o)
                0x00005564                atexit
 .text.__libc_fini_array
                0x00005574       0x30 c:/program files (x86)/atmel/atmel toolchain/arm gcc/native/4.8.1443/arm-gnu-toolchain/bin/../lib/gcc/arm-none-eabi/4.8.4/../../../../arm-none-eabi/lib/armv6-m\libc.a(lib_a-fini.o)
                0x00005574                __libc_fini_array
 .text.__register_exitproc
                0x000055a4       0xc0 c:/program files (x86)/atmel/atmel toolchain/arm gcc/native/4.8.1443/arm-gnu-toolchain/bin/../lib/gcc/arm-none-eabi/4.8.4/../../../../arm-none-eabi/lib/armv6-m\libc.a(lib_a-__atexit.o)
                0x000055a4                __register_exitproc
 *(.glue_7t)
 .glue_7t       0x00000000        0x0 linker stubs
 *(.glue_7)
 .glue_7        0x00000000        0x0 linker stubs
 *(.rodata .rodata* .gnu.linkonce.r.*)
 .rodata.str1.4
                0x00005664       0x35 Bastian_freeRTOS-TRACE.o
                                 0x38 (size before relaxing)
 *fill*         0x00005699        0x3 
 .rodata        0x0000569c       0x10 src/ASF/sam0/drivers/sercom/sercom.o
 .rodata.str1.4
                0x000056ac       0x4c src/Peripherals/bastian_sercom.o
 .rodata        0x000056f8        0x4 src/ASF/sam0/drivers/sercom/sercom_interrupt.o
 .rodata        0x000056fc       0x1c src/ASF/thirdparty/freertos/trace/trcBase.o
 .rodata.str1.4
                0x00005718      0x56f src/ASF/thirdparty/freertos/trace/trcBase.o
                                0x570 (size before relaxing)
 *fill*         0x00005c87        0x1 
 .rodata.str1.4
                0x00005c88      0x71a src/ASF/thirdparty/freertos/trace/trcKernel.o
                                0x71c (size before relaxing)
 *fill*         0x000063a2        0x2 
 .rodata        0x000063a4       0x38 src/ASF/thirdparty/freertos/trace/trcKernelPort.o
 .rodata.str1.4
                0x000063dc      0x298 src/ASF/thirdparty/freertos/trace/trcKernelPort.o
 .rodata        0x00006674       0x84 src/ASF/thirdparty/freertos/trace/trcUser.o
 .rodata.str1.4
                0x000066f8      0x331 src/ASF/thirdparty/freertos/trace/trcUser.o
                                0x334 (size before relaxing)
 *fill*         0x00006a29        0x3 
 .rodata.str1.4
                0x00006a2c        0x5 src/ASF/thirdparty/freertos/freertos-8.0.1/Source/tasks.o
                                  0x8 (size before relaxing)
 *fill*         0x00006a31        0x3 
 .rodata        0x00006a34       0x28 src/ASF/thirdparty/freertos/freertos-8.0.1/Source/timers.o
 .rodata.str1.4
                0x00006a5c        0x8 src/ASF/thirdparty/freertos/freertos-8.0.1/Source/timers.o
 .rodata        0x00006a64       0x90 src/ASF/sam0/drivers/system/clock/clock_samd21_r21_da/clock.o
 .rodata.str1.4
                0x00006af4        0x4 c:/program files (x86)/atmel/atmel toolchain/arm gcc/native/4.8.1443/arm-gnu-toolchain/bin/../lib/gcc/arm-none-eabi/4.8.4/../../../../arm-none-eabi/lib/armv6-m\libc.a(lib_a-impure.o)
 .rodata._global_impure_ptr
                0x00006af8        0x4 c:/program files (x86)/atmel/atmel toolchain/arm gcc/native/4.8.1443/arm-gnu-toolchain/bin/../lib/gcc/arm-none-eabi/4.8.4/../../../../arm-none-eabi/lib/armv6-m\libc.a(lib_a-impure.o)
                0x00006af8                _global_impure_ptr
 *(.ARM.extab* .gnu.linkonce.armextab.*)
                0x00006afc                . = ALIGN (0x4)
 *(.init)
 .init          0x00006afc        0x4 c:/program files (x86)/atmel/atmel toolchain/arm gcc/native/4.8.1443/arm-gnu-toolchain/bin/../lib/gcc/arm-none-eabi/4.8.4/armv6-m/crti.o
                0x00006afc                _init
 .init          0x00006b00        0x8 c:/program files (x86)/atmel/atmel toolchain/arm gcc/native/4.8.1443/arm-gnu-toolchain/bin/../lib/gcc/arm-none-eabi/4.8.4/armv6-m/crtn.o
                0x00006b08                . = ALIGN (0x4)
                0x00006b08                __preinit_array_start = .
 *(.preinit_array)
                0x00006b08                __preinit_array_end = .
                0x00006b08                . = ALIGN (0x4)
                0x00006b08                __init_array_start = .
 *(SORT(.init_array.*))
 .init_array.00000
                0x00006b08        0x4 c:/program files (x86)/atmel/atmel toolchain/arm gcc/native/4.8.1443/arm-gnu-toolchain/bin/../lib/gcc/arm-none-eabi/4.8.4/../../../../arm-none-eabi/lib/armv6-m\libc.a(lib_a-__call_atexit.o)
 *(.init_array)
 .init_array    0x00006b0c        0x4 c:/program files (x86)/atmel/atmel toolchain/arm gcc/native/4.8.1443/arm-gnu-toolchain/bin/../lib/gcc/arm-none-eabi/4.8.4/armv6-m/crtbegin.o
                0x00006b10                __init_array_end = .
                0x00006b10                . = ALIGN (0x4)
 *crtbegin.o(.ctors)
 *(EXCLUDE_FILE(*crtend.o) .ctors)
 *(SORT(.ctors.*))
 *crtend.o(.ctors)
                0x00006b10                . = ALIGN (0x4)
 *(.fini)
 .fini          0x00006b10        0x4 c:/program files (x86)/atmel/atmel toolchain/arm gcc/native/4.8.1443/arm-gnu-toolchain/bin/../lib/gcc/arm-none-eabi/4.8.4/armv6-m/crti.o
                0x00006b10                _fini
 .fini          0x00006b14        0x8 c:/program files (x86)/atmel/atmel toolchain/arm gcc/native/4.8.1443/arm-gnu-toolchain/bin/../lib/gcc/arm-none-eabi/4.8.4/armv6-m/crtn.o
                0x00006b1c                . = ALIGN (0x4)
                0x00006b1c                __fini_array_start = .
 *(.fini_array)
 .fini_array    0x00006b1c        0x4 c:/program files (x86)/atmel/atmel toolchain/arm gcc/native/4.8.1443/arm-gnu-toolchain/bin/../lib/gcc/arm-none-eabi/4.8.4/armv6-m/crtbegin.o
 *(SORT(.fini_array.*))
                0x00006b20                __fini_array_end = .
 *crtbegin.o(.dtors)
 *(EXCLUDE_FILE(*crtend.o) .dtors)
 *(SORT(.dtors.*))
 *crtend.o(.dtors)
                0x00006b20                . = ALIGN (0x4)
                0x00006b20                _efixed = .
                0x00006b20                PROVIDE (__exidx_start, .)

.vfp11_veneer   0x00006b20        0x0
 .vfp11_veneer  0x00000000        0x0 linker stubs

.v4_bx          0x00006b20        0x0
 .v4_bx         0x00000000        0x0 linker stubs

.iplt           0x00006b20        0x0
 .iplt          0x00000000        0x0 c:/program files (x86)/atmel/atmel toolchain/arm gcc/native/4.8.1443/arm-gnu-toolchain/bin/../lib/gcc/arm-none-eabi/4.8.4/armv6-m/crtbegin.o

.eh_frame       0x00006b20        0x0
 .eh_frame      0x00006b20        0x0 c:/program files (x86)/atmel/atmel toolchain/arm gcc/native/4.8.1443/arm-gnu-toolchain/bin/../lib/gcc/arm-none-eabi/4.8.4/armv6-m/crtbegin.o

.rel.dyn        0x00006b20        0x0
 .rel.iplt      0x00000000        0x0 c:/program files (x86)/atmel/atmel toolchain/arm gcc/native/4.8.1443/arm-gnu-toolchain/bin/../lib/gcc/arm-none-eabi/4.8.4/armv6-m/crtbegin.o

.jcr            0x00006b20        0x0
 .jcr           0x00006b20        0x0 c:/program files (x86)/atmel/atmel toolchain/arm gcc/native/4.8.1443/arm-gnu-toolchain/bin/../lib/gcc/arm-none-eabi/4.8.4/armv6-m/crtbegin.o

.igot.plt       0x00006b20        0x0
 .igot.plt      0x00000000        0x0 c:/program files (x86)/atmel/atmel toolchain/arm gcc/native/4.8.1443/arm-gnu-toolchain/bin/../lib/gcc/arm-none-eabi/4.8.4/armv6-m/crtbegin.o

.ARM.exidx
 *(.ARM.exidx* .gnu.linkonce.armexidx.*)
                0x00006b20                PROVIDE (__exidx_end, .)
                0x00006b20                . = ALIGN (0x4)
                0x00006b20                _etext = .

.relocate       0x20000000      0x448 load address 0x00006b20
                0x20000000                . = ALIGN (0x4)
                0x20000000                _srelocate = .
 *(.ramfunc .ramfunc.*)
 *(.data .data.*)
 .data          0x20000000        0x4 src/Peripherals/bastian_sercom.o
                0x20000000                lock_allow_main_discovery
 .data          0x20000004        0x4 src/ASF/thirdparty/freertos/trace/trcKernel.o
 .data          0x20000008        0x8 src/ASF/thirdparty/freertos/trace/trcKernelPort.o
                0x20000008                TraceObjectClassTable
 .data          0x20000010        0x4 src/ASF/thirdparty/freertos/freertos-8.0.1/Source/portable/GCC/ARM_CM0/port.o
 .data          0x20000014        0x4 src/ASF/thirdparty/freertos/freertos-8.0.1/Source/tasks.o
 .data          0x20000018        0x1 src/ASF/common/utils/interrupt/interrupt_sam_nvic.o
                0x20000018                g_interrupt_enabled
 *fill*         0x20000019        0x7 
 .data.impure_data
                0x20000020      0x428 c:/program files (x86)/atmel/atmel toolchain/arm gcc/native/4.8.1443/arm-gnu-toolchain/bin/../lib/gcc/arm-none-eabi/4.8.4/../../../../arm-none-eabi/lib/armv6-m\libc.a(lib_a-impure.o)
                0x20000448                . = ALIGN (0x4)
                0x20000448                _erelocate = .

.bss            0x20000448     0x2ab4 load address 0x00006f68
                0x20000448                . = ALIGN (0x4)
                0x20000448                _sbss = .
                0x20000448                _szero = .
 *(.bss .bss.*)
 .bss           0x20000448       0x1c c:/program files (x86)/atmel/atmel toolchain/arm gcc/native/4.8.1443/arm-gnu-toolchain/bin/../lib/gcc/arm-none-eabi/4.8.4/armv6-m/crtbegin.o
 .bss           0x20000464       0x14 Bastian_freeRTOS-TRACE.o
                0x20000464                irda_rx_array
                0x2000046c                irda_tx_array
 .bss           0x20000478        0x8 src/ASF/sam0/drivers/sercom/sercom.o
 .bss           0x20000480       0x10 src/Peripherals/bastian_sercom.o
                0x20000480                irda_timed_out
                0x20000484                lock_trace
 .bss           0x20000490       0x1c src/ASF/sam0/drivers/sercom/sercom_interrupt.o
 .bss           0x200004ac       0xb4 src/ASF/thirdparty/freertos/trace/trcBase.o
                0x200004ac                RecorderDataPtr
                0x200004b0                traceErrorMessage
                0x200004b4                objectHandleStacks
                0x20000528                excludedObjects
                0x20000538                recorder_busy
                0x2000053c                excludedEventCodes
 .bss           0x20000560       0x18 src/ASF/thirdparty/freertos/trace/trcHardwarePort.o
                0x20000560                trace_disable_timestamp
                0x20000564                last_timestamp
                0x2000056c                uiTraceTickCount
                0x20000574                DWT_CYCLES_ADDED
 .bss           0x20000578        0x3 src/ASF/thirdparty/freertos/trace/trcKernel.o
                0x20000578                handle_of_last_logged_task
                0x20000579                nISRactive
                0x2000057a                inExcludedTask
 *fill*         0x2000057b        0x1 
 .bss           0x2000057c      0xfa8 src/ASF/thirdparty/freertos/freertos-8.0.1/Source/portable/MemMang/heap_1.o
 .bss           0x20001524       0xfc src/ASF/thirdparty/freertos/freertos-8.0.1/Source/tasks.o
                0x20001550                pxCurrentTCB
 .bss           0x20001620       0x3c src/ASF/thirdparty/freertos/freertos-8.0.1/Source/timers.o
 .bss           0x2000165c       0x20 src/ASF/sam0/drivers/system/clock/clock_samd21_r21_da/clock.o
 .bss           0x2000167c        0x8 src/ASF/common/utils/interrupt/interrupt_sam_nvic.o
 *(COMMON)
 COMMON         0x20001684       0x7c Bastian_freeRTOS-TRACE.o
                0x20001684                event_channel
                0x20001688                timer_IrDA_Sync
                0x2000168c                irda_comm_state
                0x20001690                ser_master
                0x200016c4                irda_master
                0x200016f8                timer_IrDA_Ping
                0x200016fc                irda_task_handler
 COMMON         0x20001700        0x8 src/Peripherals/bastian_sercom.o
                0x20001700                unlock_count
                0x20001704                lock_main_discovery_count
 COMMON         0x20001708       0x10 src/ASF/sam0/drivers/sercom/sercom_interrupt.o
                0x20001708                _sercom_instances
 COMMON         0x20001718     0x17e4 src/ASF/thirdparty/freertos/trace/trcBase.o
                0x20001718                RecorderData
                0x20002ef8                init_hwtc_count
                0x20002efc                . = ALIGN (0x4)
                0x20002efc                _ebss = .
                0x20002efc                _ezero = .

.stack          0x20002efc     0x2004 load address 0x00009a1c
                0x20002f00                . = ALIGN (0x8)
 *fill*         0x20002efc        0x4 
                0x20002f00                _sstack = .
                0x20004f00                . = (. + STACK_SIZE)
 *fill*         0x20002f00     0x2000 
                0x20004f00                . = ALIGN (0x8)
                0x20004f00                _estack = .
                0x20004f00                . = ALIGN (0x4)
                0x20004f00                _end = .
OUTPUT(Bastian_freeRTOS-TRACE.elf elf32-littlearm)

.ARM.attributes
                0x00000000       0x28
 .ARM.attributes
                0x00000000       0x1e c:/program files (x86)/atmel/atmel toolchain/arm gcc/native/4.8.1443/arm-gnu-toolchain/bin/../lib/gcc/arm-none-eabi/4.8.4/armv6-m/crti.o
 .ARM.attributes
                0x0000001e       0x2c c:/program files (x86)/atmel/atmel toolchain/arm gcc/native/4.8.1443/arm-gnu-toolchain/bin/../lib/gcc/arm-none-eabi/4.8.4/armv6-m/crtbegin.o
 .ARM.attributes
                0x0000004a       0x32 Bastian_freeRTOS-TRACE.o
 .ARM.attributes
                0x0000007c       0x32 src/ASF/sam0/drivers/sercom/sercom.o
 .ARM.attributes
                0x000000ae       0x32 src/Peripherals/bastian_sercom.o
 .ARM.attributes
                0x000000e0       0x32 src/ASF/sam0/drivers/sercom/sercom_interrupt.o
 .ARM.attributes
                0x00000112       0x32 src/ASF/sam0/drivers/sercom/usart/usart.o
 .ARM.attributes
                0x00000144       0x32 src/ASF/sam0/drivers/sercom/usart/usart_interrupt.o
 .ARM.attributes
                0x00000176       0x32 src/ASF/thirdparty/freertos/trace/trcBase.o
 .ARM.attributes
                0x000001a8       0x32 src/ASF/thirdparty/freertos/trace/trcHardwarePort.o
 .ARM.attributes
                0x000001da       0x32 src/ASF/thirdparty/freertos/trace/trcKernel.o
 .ARM.attributes
                0x0000020c       0x32 src/ASF/thirdparty/freertos/trace/trcKernelPort.o
 .ARM.attributes
                0x0000023e       0x32 src/ASF/thirdparty/freertos/trace/trcUser.o
 .ARM.attributes
                0x00000270       0x32 src/ASF/thirdparty/freertos/freertos-8.0.1/Source/list.o
 .ARM.attributes
                0x000002a2       0x32 src/ASF/thirdparty/freertos/freertos-8.0.1/Source/portable/GCC/ARM_CM0/port.o
 .ARM.attributes
                0x000002d4       0x32 src/ASF/thirdparty/freertos/freertos-8.0.1/Source/portable/MemMang/heap_1.o
 .ARM.attributes
                0x00000306       0x32 src/ASF/thirdparty/freertos/freertos-8.0.1/Source/queue.o
 .ARM.attributes
                0x00000338       0x32 src/ASF/thirdparty/freertos/freertos-8.0.1/Source/tasks.o
 .ARM.attributes
                0x0000036a       0x32 src/ASF/thirdparty/freertos/freertos-8.0.1/Source/timers.o
 .ARM.attributes
                0x0000039c       0x32 src/ASF/sam0/utils/cmsis/samd21/source/gcc/startup_samd21.o
 .ARM.attributes
                0x000003ce       0x32 src/ASF/sam0/drivers/system/clock/clock_samd21_r21_da/clock.o
 .ARM.attributes
                0x00000400       0x32 src/ASF/sam0/drivers/system/clock/clock_samd21_r21_da/gclk.o
 .ARM.attributes
                0x00000432       0x32 src/ASF/sam0/drivers/system/system.o
 .ARM.attributes
                0x00000464       0x32 src/ASF/common/utils/interrupt/interrupt_sam_nvic.o
 .ARM.attributes
                0x00000496       0x32 src/ASF/sam0/drivers/port/port.o
 .ARM.attributes
                0x000004c8       0x32 src/ASF/sam0/drivers/system/pinmux/pinmux.o
 .ARM.attributes
                0x000004fa       0x1e c:/program files (x86)/atmel/atmel toolchain/arm gcc/native/4.8.1443/arm-gnu-toolchain/bin/../lib/gcc/arm-none-eabi/4.8.4/armv6-m\libgcc.a(_udivsi3.o)
 .ARM.attributes
                0x00000518       0x1e c:/program files (x86)/atmel/atmel toolchain/arm gcc/native/4.8.1443/arm-gnu-toolchain/bin/../lib/gcc/arm-none-eabi/4.8.4/armv6-m\libgcc.a(_dvmd_tls.o)
 .ARM.attributes
                0x00000536       0x2c c:/program files (x86)/atmel/atmel toolchain/arm gcc/native/4.8.1443/arm-gnu-toolchain/bin/../lib/gcc/arm-none-eabi/4.8.4/armv6-m\libgcc.a(_muldi3.o)
 .ARM.attributes
                0x00000562       0x2c c:/program files (x86)/atmel/atmel toolchain/arm gcc/native/4.8.1443/arm-gnu-toolchain/bin/../lib/gcc/arm-none-eabi/4.8.4/armv6-m\libgcc.a(truncdfsf2.o)
 .ARM.attributes
                0x0000058e       0x2c c:/program files (x86)/atmel/atmel toolchain/arm gcc/native/4.8.1443/arm-gnu-toolchain/bin/../lib/gcc/arm-none-eabi/4.8.4/../../../../arm-none-eabi/lib/armv6-m\libc.a(lib_a-impure.o)
 .ARM.attributes
                0x000005ba       0x2c c:/program files (x86)/atmel/atmel toolchain/arm gcc/native/4.8.1443/arm-gnu-toolchain/bin/../lib/gcc/arm-none-eabi/4.8.4/../../../../arm-none-eabi/lib/armv6-m\libc.a(lib_a-init.o)
 .ARM.attributes
                0x000005e6       0x2c c:/program files (x86)/atmel/atmel toolchain/arm gcc/native/4.8.1443/arm-gnu-toolchain/bin/../lib/gcc/arm-none-eabi/4.8.4/../../../../arm-none-eabi/lib/armv6-m\libc.a(lib_a-memcpy-stub.o)
 .ARM.attributes
                0x00000612       0x2c c:/program files (x86)/atmel/atmel toolchain/arm gcc/native/4.8.1443/arm-gnu-toolchain/bin/../lib/gcc/arm-none-eabi/4.8.4/../../../../arm-none-eabi/lib/armv6-m\libc.a(lib_a-memset.o)
 .ARM.attributes
                0x0000063e       0x2c c:/program files (x86)/atmel/atmel toolchain/arm gcc/native/4.8.1443/arm-gnu-toolchain/bin/../lib/gcc/arm-none-eabi/4.8.4/../../../../arm-none-eabi/lib/armv6-m\libc.a(lib_a-strncmp.o)
 .ARM.attributes
                0x0000066a       0x2c c:/program files (x86)/atmel/atmel toolchain/arm gcc/native/4.8.1443/arm-gnu-toolchain/bin/../lib/gcc/arm-none-eabi/4.8.4/../../../../arm-none-eabi/lib/armv6-m\libc.a(lib_a-strncpy.o)
 .ARM.attributes
                0x00000696       0x2c c:/program files (x86)/atmel/atmel toolchain/arm gcc/native/4.8.1443/arm-gnu-toolchain/bin/../lib/gcc/arm-none-eabi/4.8.4/../../../../arm-none-eabi/lib/armv6-m\libc.a(lib_a-__call_atexit.o)
 .ARM.attributes
                0x000006c2       0x2c c:/program files (x86)/atmel/atmel toolchain/arm gcc/native/4.8.1443/arm-gnu-toolchain/bin/../lib/gcc/arm-none-eabi/4.8.4/../../../../arm-none-eabi/lib/armv6-m\libc.a(lib_a-atexit.o)
 .ARM.attributes
                0x000006ee       0x2c c:/program files (x86)/atmel/atmel toolchain/arm gcc/native/4.8.1443/arm-gnu-toolchain/bin/../lib/gcc/arm-none-eabi/4.8.4/../../../../arm-none-eabi/lib/armv6-m\libc.a(lib_a-fini.o)
 .ARM.attributes
                0x0000071a       0x2c c:/program files (x86)/atmel/atmel toolchain/arm gcc/native/4.8.1443/arm-gnu-toolchain/bin/../lib/gcc/arm-none-eabi/4.8.4/../../../../arm-none-eabi/lib/armv6-m\libc.a(lib_a-__atexit.o)
 .ARM.attributes
                0x00000746       0x1e c:/program files (x86)/atmel/atmel toolchain/arm gcc/native/4.8.1443/arm-gnu-toolchain/bin/../lib/gcc/arm-none-eabi/4.8.4/armv6-m/crtn.o

.comment        0x00000000       0x5b
 .comment       0x00000000       0x5b Bastian_freeRTOS-TRACE.o
                                 0x5c (size before relaxing)
 .comment       0x00000000       0x5c src/ASF/sam0/drivers/sercom/sercom.o
 .comment       0x00000000       0x5c src/Peripherals/bastian_sercom.o
 .comment       0x00000000       0x5c src/ASF/sam0/drivers/sercom/sercom_interrupt.o
 .comment       0x00000000       0x5c src/ASF/sam0/drivers/sercom/usart/usart.o
 .comment       0x00000000       0x5c src/ASF/sam0/drivers/sercom/usart/usart_interrupt.o
 .comment       0x00000000       0x5c src/ASF/thirdparty/freertos/trace/trcBase.o
 .comment       0x00000000       0x5c src/ASF/thirdparty/freertos/trace/trcHardwarePort.o
 .comment       0x00000000       0x5c src/ASF/thirdparty/freertos/trace/trcKernel.o
 .comment       0x00000000       0x5c src/ASF/thirdparty/freertos/trace/trcKernelPort.o
 .comment       0x00000000       0x5c src/ASF/thirdparty/freertos/trace/trcUser.o
 .comment       0x00000000       0x5c src/ASF/thirdparty/freertos/freertos-8.0.1/Source/list.o
 .comment       0x00000000       0x5c src/ASF/thirdparty/freertos/freertos-8.0.1/Source/portable/GCC/ARM_CM0/port.o
 .comment       0x00000000       0x5c src/ASF/thirdparty/freertos/freertos-8.0.1/Source/portable/MemMang/heap_1.o
 .comment       0x00000000       0x5c src/ASF/thirdparty/freertos/freertos-8.0.1/Source/queue.o
 .comment       0x00000000       0x5c src/ASF/thirdparty/freertos/freertos-8.0.1/Source/tasks.o
 .comment       0x00000000       0x5c src/ASF/thirdparty/freertos/freertos-8.0.1/Source/timers.o
 .comment       0x00000000       0x5c src/ASF/sam0/utils/cmsis/samd21/source/gcc/startup_samd21.o
 .comment       0x00000000       0x5c src/ASF/sam0/drivers/system/clock/clock_samd21_r21_da/clock.o
 .comment       0x00000000       0x5c src/ASF/sam0/drivers/system/clock/clock_samd21_r21_da/gclk.o
 .comment       0x00000000       0x5c src/ASF/sam0/drivers/system/system.o
 .comment       0x00000000       0x5c src/ASF/common/utils/interrupt/interrupt_sam_nvic.o
 .comment       0x00000000       0x5c src/ASF/sam0/drivers/port/port.o
 .comment       0x00000000       0x5c src/ASF/sam0/drivers/system/pinmux/pinmux.o

.debug_info     0x00000000    0x23a67
 .debug_info    0x00000000     0x3088 Bastian_freeRTOS-TRACE.o
 .debug_info    0x00003088     0x252d src/ASF/sam0/drivers/sercom/sercom.o
 .debug_info    0x000055b5     0x3448 src/Peripherals/bastian_sercom.o
 .debug_info    0x000089fd     0x22b9 src/ASF/sam0/drivers/sercom/sercom_interrupt.o
 .debug_info    0x0000acb6     0x4145 src/ASF/sam0/drivers/sercom/usart/usart.o
 .debug_info    0x0000edfb     0x2777 src/ASF/sam0/drivers/sercom/usart/usart_interrupt.o
 .debug_info    0x00011572      0xf9e src/ASF/thirdparty/freertos/trace/trcBase.o
 .debug_info    0x00012510      0x153 src/ASF/thirdparty/freertos/trace/trcHardwarePort.o
 .debug_info    0x00012663     0x124e src/ASF/thirdparty/freertos/trace/trcKernel.o
 .debug_info    0x000138b1      0x864 src/ASF/thirdparty/freertos/trace/trcKernelPort.o
 .debug_info    0x00014115     0x12e5 src/ASF/thirdparty/freertos/trace/trcUser.o
 .debug_info    0x000153fa      0x2d0 src/ASF/thirdparty/freertos/freertos-8.0.1/Source/list.o
 .debug_info    0x000156ca      0x2d5 src/ASF/thirdparty/freertos/freertos-8.0.1/Source/portable/GCC/ARM_CM0/port.o
 .debug_info    0x0001599f      0x1a3 src/ASF/thirdparty/freertos/freertos-8.0.1/Source/portable/MemMang/heap_1.o
 .debug_info    0x00015b42     0x1c6b src/ASF/thirdparty/freertos/freertos-8.0.1/Source/queue.o
 .debug_info    0x000177ad     0x1f5c src/ASF/thirdparty/freertos/freertos-8.0.1/Source/tasks.o
 .debug_info    0x00019709      0xd2e src/ASF/thirdparty/freertos/freertos-8.0.1/Source/timers.o
 .debug_info    0x0001a437     0x3a6e src/ASF/sam0/utils/cmsis/samd21/source/gcc/startup_samd21.o
 .debug_info    0x0001dea5     0x2f70 src/ASF/sam0/drivers/system/clock/clock_samd21_r21_da/clock.o
 .debug_info    0x00020e15     0x154f src/ASF/sam0/drivers/system/clock/clock_samd21_r21_da/gclk.o
 .debug_info    0x00022364      0x176 src/ASF/sam0/drivers/system/system.o
 .debug_info    0x000224da      0x1e8 src/ASF/common/utils/interrupt/interrupt_sam_nvic.o
 .debug_info    0x000226c2      0x962 src/ASF/sam0/drivers/port/port.o
 .debug_info    0x00023024      0xa43 src/ASF/sam0/drivers/system/pinmux/pinmux.o

.debug_abbrev   0x00000000     0x38d7
 .debug_abbrev  0x00000000      0x32a Bastian_freeRTOS-TRACE.o
 .debug_abbrev  0x0000032a      0x2fa src/ASF/sam0/drivers/sercom/sercom.o
 .debug_abbrev  0x00000624      0x32f src/Peripherals/bastian_sercom.o
 .debug_abbrev  0x00000953      0x22b src/ASF/sam0/drivers/sercom/sercom_interrupt.o
 .debug_abbrev  0x00000b7e      0x3c3 src/ASF/sam0/drivers/sercom/usart/usart.o
 .debug_abbrev  0x00000f41      0x378 src/ASF/sam0/drivers/sercom/usart/usart_interrupt.o
 .debug_abbrev  0x000012b9      0x268 src/ASF/thirdparty/freertos/trace/trcBase.o
 .debug_abbrev  0x00001521       0x9a src/ASF/thirdparty/freertos/trace/trcHardwarePort.o
 .debug_abbrev  0x000015bb      0x2a5 src/ASF/thirdparty/freertos/trace/trcKernel.o
 .debug_abbrev  0x00001860      0x190 src/ASF/thirdparty/freertos/trace/trcKernelPort.o
 .debug_abbrev  0x000019f0      0x3a8 src/ASF/thirdparty/freertos/trace/trcUser.o
 .debug_abbrev  0x00001d98       0xf8 src/ASF/thirdparty/freertos/freertos-8.0.1/Source/list.o
 .debug_abbrev  0x00001e90      0x181 src/ASF/thirdparty/freertos/freertos-8.0.1/Source/portable/GCC/ARM_CM0/port.o
 .debug_abbrev  0x00002011      0x108 src/ASF/thirdparty/freertos/freertos-8.0.1/Source/portable/MemMang/heap_1.o
 .debug_abbrev  0x00002119      0x2b2 src/ASF/thirdparty/freertos/freertos-8.0.1/Source/queue.o
 .debug_abbrev  0x000023cb      0x34e src/ASF/thirdparty/freertos/freertos-8.0.1/Source/tasks.o
 .debug_abbrev  0x00002719      0x293 src/ASF/thirdparty/freertos/freertos-8.0.1/Source/timers.o
 .debug_abbrev  0x000029ac      0x210 src/ASF/sam0/utils/cmsis/samd21/source/gcc/startup_samd21.o
 .debug_abbrev  0x00002bbc      0x3f3 src/ASF/sam0/drivers/system/clock/clock_samd21_r21_da/clock.o
 .debug_abbrev  0x00002faf      0x324 src/ASF/sam0/drivers/system/clock/clock_samd21_r21_da/gclk.o
 .debug_abbrev  0x000032d3       0xb6 src/ASF/sam0/drivers/system/system.o
 .debug_abbrev  0x00003389       0xf3 src/ASF/common/utils/interrupt/interrupt_sam_nvic.o
 .debug_abbrev  0x0000347c      0x1d7 src/ASF/sam0/drivers/port/port.o
 .debug_abbrev  0x00003653      0x284 src/ASF/sam0/drivers/system/pinmux/pinmux.o

.debug_loc      0x00000000     0xa91f
 .debug_loc     0x00000000      0x1d0 Bastian_freeRTOS-TRACE.o
 .debug_loc     0x000001d0      0x8d4 src/ASF/sam0/drivers/sercom/sercom.o
 .debug_loc     0x00000aa4      0x231 src/Peripherals/bastian_sercom.o
 .debug_loc     0x00000cd5      0x170 src/ASF/sam0/drivers/sercom/sercom_interrupt.o
 .debug_loc     0x00000e45      0xe95 src/ASF/sam0/drivers/sercom/usart/usart.o
 .debug_loc     0x00001cda      0x579 src/ASF/sam0/drivers/sercom/usart/usart_interrupt.o
 .debug_loc     0x00002253      0xf5c src/ASF/thirdparty/freertos/trace/trcBase.o
 .debug_loc     0x000031af       0x95 src/ASF/thirdparty/freertos/trace/trcHardwarePort.o
 .debug_loc     0x00003244      0xf4a src/ASF/thirdparty/freertos/trace/trcKernel.o
 .debug_loc     0x0000418e      0x2f9 src/ASF/thirdparty/freertos/trace/trcKernelPort.o
 .debug_loc     0x00004487     0x14c3 src/ASF/thirdparty/freertos/trace/trcUser.o
 .debug_loc     0x0000594a       0x85 src/ASF/thirdparty/freertos/freertos-8.0.1/Source/list.o
 .debug_loc     0x000059cf      0x113 src/ASF/thirdparty/freertos/freertos-8.0.1/Source/portable/GCC/ARM_CM0/port.o
 .debug_loc     0x00005ae2       0x7f src/ASF/thirdparty/freertos/freertos-8.0.1/Source/portable/MemMang/heap_1.o
 .debug_loc     0x00005b61     0x15ee src/ASF/thirdparty/freertos/freertos-8.0.1/Source/queue.o
 .debug_loc     0x0000714f     0x1393 src/ASF/thirdparty/freertos/freertos-8.0.1/Source/tasks.o
 .debug_loc     0x000084e2      0xa0a src/ASF/thirdparty/freertos/freertos-8.0.1/Source/timers.o
 .debug_loc     0x00008eec       0x7c src/ASF/sam0/utils/cmsis/samd21/source/gcc/startup_samd21.o
 .debug_loc     0x00008f68     0x1021 src/ASF/sam0/drivers/system/clock/clock_samd21_r21_da/clock.o
 .debug_loc     0x00009f89      0x508 src/ASF/sam0/drivers/system/clock/clock_samd21_r21_da/gclk.o
 .debug_loc     0x0000a491       0x20 src/ASF/sam0/drivers/system/system.o
 .debug_loc     0x0000a4b1       0x1e src/ASF/common/utils/interrupt/interrupt_sam_nvic.o
 .debug_loc     0x0000a4cf      0x16d src/ASF/sam0/drivers/port/port.o
 .debug_loc     0x0000a63c      0x2e3 src/ASF/sam0/drivers/system/pinmux/pinmux.o

.debug_aranges  0x00000000      0x9a8
 .debug_aranges
                0x00000000       0x38 Bastian_freeRTOS-TRACE.o
 .debug_aranges
                0x00000038       0x40 src/ASF/sam0/drivers/sercom/sercom.o
 .debug_aranges
                0x00000078       0x30 src/Peripherals/bastian_sercom.o
 .debug_aranges
                0x000000a8       0x50 src/ASF/sam0/drivers/sercom/sercom_interrupt.o
 .debug_aranges
                0x000000f8       0x40 src/ASF/sam0/drivers/sercom/usart/usart.o
 .debug_aranges
                0x00000138       0x70 src/ASF/sam0/drivers/sercom/usart/usart_interrupt.o
 .debug_aranges
                0x000001a8       0x88 src/ASF/thirdparty/freertos/trace/trcBase.o
 .debug_aranges
                0x00000230       0x20 src/ASF/thirdparty/freertos/trace/trcHardwarePort.o
 .debug_aranges
                0x00000250       0x88 src/ASF/thirdparty/freertos/trace/trcKernel.o
 .debug_aranges
                0x000002d8       0x70 src/ASF/thirdparty/freertos/trace/trcKernelPort.o
 .debug_aranges
                0x00000348       0xc8 src/ASF/thirdparty/freertos/trace/trcUser.o
 .debug_aranges
                0x00000410       0x40 src/ASF/thirdparty/freertos/freertos-8.0.1/Source/list.o
 .debug_aranges
                0x00000450       0x88 src/ASF/thirdparty/freertos/freertos-8.0.1/Source/portable/GCC/ARM_CM0/port.o
 .debug_aranges
                0x000004d8       0x38 src/ASF/thirdparty/freertos/freertos-8.0.1/Source/portable/MemMang/heap_1.o
 .debug_aranges
                0x00000510      0x108 src/ASF/thirdparty/freertos/freertos-8.0.1/Source/queue.o
 .debug_aranges
                0x00000618      0x150 src/ASF/thirdparty/freertos/freertos-8.0.1/Source/tasks.o
 .debug_aranges
                0x00000768       0x70 src/ASF/thirdparty/freertos/freertos-8.0.1/Source/timers.o
 .debug_aranges
                0x000007d8       0x28 src/ASF/sam0/utils/cmsis/samd21/source/gcc/startup_samd21.o
 .debug_aranges
                0x00000800       0x78 src/ASF/sam0/drivers/system/clock/clock_samd21_r21_da/clock.o
 .debug_aranges
                0x00000878       0x80 src/ASF/sam0/drivers/system/clock/clock_samd21_r21_da/gclk.o
 .debug_aranges
                0x000008f8       0x28 src/ASF/sam0/drivers/system/system.o
 .debug_aranges
                0x00000920       0x28 src/ASF/common/utils/interrupt/interrupt_sam_nvic.o
 .debug_aranges
                0x00000948       0x28 src/ASF/sam0/drivers/port/port.o
 .debug_aranges
                0x00000970       0x38 src/ASF/sam0/drivers/system/pinmux/pinmux.o

.debug_ranges   0x00000000      0xa60
 .debug_ranges  0x00000000       0x28 Bastian_freeRTOS-TRACE.o
 .debug_ranges  0x00000028       0x60 src/ASF/sam0/drivers/sercom/sercom.o
 .debug_ranges  0x00000088       0x20 src/Peripherals/bastian_sercom.o
 .debug_ranges  0x000000a8       0x40 src/ASF/sam0/drivers/sercom/sercom_interrupt.o
 .debug_ranges  0x000000e8       0xf0 src/ASF/sam0/drivers/sercom/usart/usart.o
 .debug_ranges  0x000001d8       0x60 src/ASF/sam0/drivers/sercom/usart/usart_interrupt.o
 .debug_ranges  0x00000238       0xb8 src/ASF/thirdparty/freertos/trace/trcBase.o
 .debug_ranges  0x000002f0       0x10 src/ASF/thirdparty/freertos/trace/trcHardwarePort.o
 .debug_ranges  0x00000300       0x78 src/ASF/thirdparty/freertos/trace/trcKernel.o
 .debug_ranges  0x00000378       0x60 src/ASF/thirdparty/freertos/trace/trcKernelPort.o
 .debug_ranges  0x000003d8      0x100 src/ASF/thirdparty/freertos/trace/trcUser.o
 .debug_ranges  0x000004d8       0x30 src/ASF/thirdparty/freertos/freertos-8.0.1/Source/list.o
 .debug_ranges  0x00000508       0x78 src/ASF/thirdparty/freertos/freertos-8.0.1/Source/portable/GCC/ARM_CM0/port.o
 .debug_ranges  0x00000580       0x28 src/ASF/thirdparty/freertos/freertos-8.0.1/Source/portable/MemMang/heap_1.o
 .debug_ranges  0x000005a8       0xf8 src/ASF/thirdparty/freertos/freertos-8.0.1/Source/queue.o
 .debug_ranges  0x000006a0      0x1c8 src/ASF/thirdparty/freertos/freertos-8.0.1/Source/tasks.o
 .debug_ranges  0x00000868       0x98 src/ASF/thirdparty/freertos/freertos-8.0.1/Source/timers.o
 .debug_ranges  0x00000900       0x18 src/ASF/sam0/utils/cmsis/samd21/source/gcc/startup_samd21.o
 .debug_ranges  0x00000918       0x68 src/ASF/sam0/drivers/system/clock/clock_samd21_r21_da/clock.o
 .debug_ranges  0x00000980       0x70 src/ASF/sam0/drivers/system/clock/clock_samd21_r21_da/gclk.o
 .debug_ranges  0x000009f0       0x18 src/ASF/sam0/drivers/system/system.o
 .debug_ranges  0x00000a08       0x18 src/ASF/common/utils/interrupt/interrupt_sam_nvic.o
 .debug_ranges  0x00000a20       0x18 src/ASF/sam0/drivers/port/port.o
 .debug_ranges  0x00000a38       0x28 src/ASF/sam0/drivers/system/pinmux/pinmux.o

.debug_line     0x00000000     0x6ab5
 .debug_line    0x00000000      0x632 Bastian_freeRTOS-TRACE.o
 .debug_line    0x00000632      0x3e7 src/ASF/sam0/drivers/sercom/sercom.o
 .debug_line    0x00000a19      0x682 src/Peripherals/bastian_sercom.o
 .debug_line    0x0000109b      0x3b0 src/ASF/sam0/drivers/sercom/sercom_interrupt.o
 .debug_line    0x0000144b      0x5eb src/ASF/sam0/drivers/sercom/usart/usart.o
 .debug_line    0x00001a36      0x4c3 src/ASF/sam0/drivers/sercom/usart/usart_interrupt.o
 .debug_line    0x00001ef9      0x4e4 src/ASF/thirdparty/freertos/trace/trcBase.o
 .debug_line    0x000023dd      0x185 src/ASF/thirdparty/freertos/trace/trcHardwarePort.o
 .debug_line    0x00002562      0x40d src/ASF/thirdparty/freertos/trace/trcKernel.o
 .debug_line    0x0000296f      0x30c src/ASF/thirdparty/freertos/trace/trcKernelPort.o
 .debug_line    0x00002c7b      0x5ad src/ASF/thirdparty/freertos/trace/trcUser.o
 .debug_line    0x00003228      0x27f src/ASF/thirdparty/freertos/freertos-8.0.1/Source/list.o
 .debug_line    0x000034a7      0x2f4 src/ASF/thirdparty/freertos/freertos-8.0.1/Source/portable/GCC/ARM_CM0/port.o
 .debug_line    0x0000379b      0x25d src/ASF/thirdparty/freertos/freertos-8.0.1/Source/portable/MemMang/heap_1.o
 .debug_line    0x000039f8      0x874 src/ASF/thirdparty/freertos/freertos-8.0.1/Source/queue.o
 .debug_line    0x0000426c      0xa72 src/ASF/thirdparty/freertos/freertos-8.0.1/Source/tasks.o
 .debug_line    0x00004cde      0x40d src/ASF/thirdparty/freertos/freertos-8.0.1/Source/timers.o
 .debug_line    0x000050eb      0x331 src/ASF/sam0/utils/cmsis/samd21/source/gcc/startup_samd21.o
 .debug_line    0x0000541c      0x5bf src/ASF/sam0/drivers/system/clock/clock_samd21_r21_da/clock.o
 .debug_line    0x000059db      0x62f src/ASF/sam0/drivers/system/clock/clock_samd21_r21_da/gclk.o
 .debug_line    0x0000600a      0x1d2 src/ASF/sam0/drivers/system/system.o
 .debug_line    0x000061dc      0x279 src/ASF/common/utils/interrupt/interrupt_sam_nvic.o
 .debug_line    0x00006455      0x321 src/ASF/sam0/drivers/port/port.o
 .debug_line    0x00006776      0x33f src/ASF/sam0/drivers/system/pinmux/pinmux.o

.debug_str      0x00000000     0x79f4
 .debug_str     0x00000000     0x1454 Bastian_freeRTOS-TRACE.o
                               0x1587 (size before relaxing)
 .debug_str     0x00001454      0x386 src/ASF/sam0/drivers/sercom/sercom.o
                               0x10d9 (size before relaxing)
 .debug_str     0x000017da      0x9f1 src/Peripherals/bastian_sercom.o
                               0x1e8b (size before relaxing)
 .debug_str     0x000021cb       0xf6 src/ASF/sam0/drivers/sercom/sercom_interrupt.o
                                0xf45 (size before relaxing)
 .debug_str     0x000022c1      0x6c0 src/ASF/sam0/drivers/sercom/usart/usart.o
                               0x1d8e (size before relaxing)
 .debug_str     0x00002981      0x199 src/ASF/sam0/drivers/sercom/usart/usart_interrupt.o
                               0x109f (size before relaxing)
 .debug_str     0x00002b1a      0x6f0 src/ASF/thirdparty/freertos/trace/trcBase.o
                                0x91d (size before relaxing)
 .debug_str     0x0000320a       0xc6 src/ASF/thirdparty/freertos/trace/trcHardwarePort.o
                                0x26f (size before relaxing)
 .debug_str     0x000032d0      0x332 src/ASF/thirdparty/freertos/trace/trcKernel.o
                                0x95e (size before relaxing)
 .debug_str     0x00003602      0x18e src/ASF/thirdparty/freertos/trace/trcKernelPort.o
                                0x7f1 (size before relaxing)
 .debug_str     0x00003790      0x307 src/ASF/thirdparty/freertos/trace/trcUser.o
                                0x9a3 (size before relaxing)
 .debug_str     0x00003a97      0x165 src/ASF/thirdparty/freertos/freertos-8.0.1/Source/list.o
                                0x30a (size before relaxing)
 .debug_str     0x00003bfc      0x194 src/ASF/thirdparty/freertos/freertos-8.0.1/Source/portable/GCC/ARM_CM0/port.o
                                0x370 (size before relaxing)
 .debug_str     0x00003d90       0xd1 src/ASF/thirdparty/freertos/freertos-8.0.1/Source/portable/MemMang/heap_1.o
                                0x272 (size before relaxing)
 .debug_str     0x00003e61      0x559 src/ASF/thirdparty/freertos/freertos-8.0.1/Source/queue.o
                                0x84b (size before relaxing)
 .debug_str     0x000043ba      0x8cf src/ASF/thirdparty/freertos/freertos-8.0.1/Source/tasks.o
                                0xc59 (size before relaxing)
 .debug_str     0x00004c89      0x3e8 src/ASF/thirdparty/freertos/freertos-8.0.1/Source/timers.o
                                0x716 (size before relaxing)
 .debug_str     0x00005071     0x100d src/ASF/sam0/utils/cmsis/samd21/source/gcc/startup_samd21.o
                               0x133e (size before relaxing)
 .debug_str     0x0000607e     0x14bc src/ASF/sam0/drivers/system/clock/clock_samd21_r21_da/clock.o
                               0x2017 (size before relaxing)
 .debug_str     0x0000753a      0x27d src/ASF/sam0/drivers/system/clock/clock_samd21_r21_da/gclk.o
                                0xd8a (size before relaxing)
 .debug_str     0x000077b7       0x47 src/ASF/sam0/drivers/system/system.o
                                0x2af (size before relaxing)
 .debug_str     0x000077fe       0x73 src/ASF/common/utils/interrupt/interrupt_sam_nvic.o
                                0x303 (size before relaxing)
 .debug_str     0x00007871       0x53 src/ASF/sam0/drivers/port/port.o
                                0x663 (size before relaxing)
 .debug_str     0x000078c4      0x130 src/ASF/sam0/drivers/system/pinmux/pinmux.o
                                0x6cb (size before relaxing)

.debug_frame    0x00000000     0x1bb4
 .debug_frame   0x00000000       0x80 Bastian_freeRTOS-TRACE.o
 .debug_frame   0x00000080       0xa0 src/ASF/sam0/drivers/sercom/sercom.o
 .debug_frame   0x00000120       0x64 src/Peripherals/bastian_sercom.o
 .debug_frame   0x00000184       0xb8 src/ASF/sam0/drivers/sercom/sercom_interrupt.o
 .debug_frame   0x0000023c       0xc0 src/ASF/sam0/drivers/sercom/usart/usart.o
 .debug_frame   0x000002fc      0x110 src/ASF/sam0/drivers/sercom/usart/usart_interrupt.o
 .debug_frame   0x0000040c      0x1c4 src/ASF/thirdparty/freertos/trace/trcBase.o
 .debug_frame   0x000005d0       0x2c src/ASF/thirdparty/freertos/trace/trcHardwarePort.o
 .debug_frame   0x000005fc      0x198 src/ASF/thirdparty/freertos/trace/trcKernel.o
 .debug_frame   0x00000794      0x108 src/ASF/thirdparty/freertos/trace/trcKernelPort.o
 .debug_frame   0x0000089c      0x230 src/ASF/thirdparty/freertos/trace/trcUser.o
 .debug_frame   0x00000acc       0x6c src/ASF/thirdparty/freertos/freertos-8.0.1/Source/list.o
 .debug_frame   0x00000b38      0x108 src/ASF/thirdparty/freertos/freertos-8.0.1/Source/portable/GCC/ARM_CM0/port.o
 .debug_frame   0x00000c40       0x5c src/ASF/thirdparty/freertos/freertos-8.0.1/Source/portable/MemMang/heap_1.o
 .debug_frame   0x00000c9c      0x378 src/ASF/thirdparty/freertos/freertos-8.0.1/Source/queue.o
 .debug_frame   0x00001014      0x410 src/ASF/thirdparty/freertos/freertos-8.0.1/Source/tasks.o
 .debug_frame   0x00001424      0x144 src/ASF/thirdparty/freertos/freertos-8.0.1/Source/timers.o
 .debug_frame   0x00001568       0x3c src/ASF/sam0/utils/cmsis/samd21/source/gcc/startup_samd21.o
 .debug_frame   0x000015a4      0x154 src/ASF/sam0/drivers/system/clock/clock_samd21_r21_da/clock.o
 .debug_frame   0x000016f8      0x14c src/ASF/sam0/drivers/system/clock/clock_samd21_r21_da/gclk.o
 .debug_frame   0x00001844       0x38 src/ASF/sam0/drivers/system/system.o
 .debug_frame   0x0000187c       0x30 src/ASF/common/utils/interrupt/interrupt_sam_nvic.o
 .debug_frame   0x000018ac       0x44 src/ASF/sam0/drivers/port/port.o
 .debug_frame   0x000018f0       0x7c src/ASF/sam0/drivers/system/pinmux/pinmux.o
 .debug_frame   0x0000196c       0x20 c:/program files (x86)/atmel/atmel toolchain/arm gcc/native/4.8.1443/arm-gnu-toolchain/bin/../lib/gcc/arm-none-eabi/4.8.4/armv6-m\libgcc.a(_udivsi3.o)
 .debug_frame   0x0000198c       0x30 c:/program files (x86)/atmel/atmel toolchain/arm gcc/native/4.8.1443/arm-gnu-toolchain/bin/../lib/gcc/arm-none-eabi/4.8.4/armv6-m\libgcc.a(_muldi3.o)
 .debug_frame   0x000019bc       0x30 c:/program files (x86)/atmel/atmel toolchain/arm gcc/native/4.8.1443/arm-gnu-toolchain/bin/../lib/gcc/arm-none-eabi/4.8.4/armv6-m\libgcc.a(truncdfsf2.o)
 .debug_frame   0x000019ec       0x2c c:/program files (x86)/atmel/atmel toolchain/arm gcc/native/4.8.1443/arm-gnu-toolchain/bin/../lib/gcc/arm-none-eabi/4.8.4/../../../../arm-none-eabi/lib/armv6-m\libc.a(lib_a-init.o)
 .debug_frame   0x00001a18       0x30 c:/program files (x86)/atmel/atmel toolchain/arm gcc/native/4.8.1443/arm-gnu-toolchain/bin/../lib/gcc/arm-none-eabi/4.8.4/../../../../arm-none-eabi/lib/armv6-m\libc.a(lib_a-memcpy-stub.o)
 .debug_frame   0x00001a48       0x30 c:/program files (x86)/atmel/atmel toolchain/arm gcc/native/4.8.1443/arm-gnu-toolchain/bin/../lib/gcc/arm-none-eabi/4.8.4/../../../../arm-none-eabi/lib/armv6-m\libc.a(lib_a-memset.o)
 .debug_frame   0x00001a78       0x2c c:/program files (x86)/atmel/atmel toolchain/arm gcc/native/4.8.1443/arm-gnu-toolchain/bin/../lib/gcc/arm-none-eabi/4.8.4/../../../../arm-none-eabi/lib/armv6-m\libc.a(lib_a-strncmp.o)
 .debug_frame   0x00001aa4       0x30 c:/program files (x86)/atmel/atmel toolchain/arm gcc/native/4.8.1443/arm-gnu-toolchain/bin/../lib/gcc/arm-none-eabi/4.8.4/../../../../arm-none-eabi/lib/armv6-m\libc.a(lib_a-strncpy.o)
 .debug_frame   0x00001ad4       0x54 c:/program files (x86)/atmel/atmel toolchain/arm gcc/native/4.8.1443/arm-gnu-toolchain/bin/../lib/gcc/arm-none-eabi/4.8.4/../../../../arm-none-eabi/lib/armv6-m\libc.a(lib_a-__call_atexit.o)
 .debug_frame   0x00001b28       0x28 c:/program files (x86)/atmel/atmel toolchain/arm gcc/native/4.8.1443/arm-gnu-toolchain/bin/../lib/gcc/arm-none-eabi/4.8.4/../../../../arm-none-eabi/lib/armv6-m\libc.a(lib_a-atexit.o)
 .debug_frame   0x00001b50       0x2c c:/program files (x86)/atmel/atmel toolchain/arm gcc/native/4.8.1443/arm-gnu-toolchain/bin/../lib/gcc/arm-none-eabi/4.8.4/../../../../arm-none-eabi/lib/armv6-m\libc.a(lib_a-fini.o)
 .debug_frame   0x00001b7c       0x38 c:/program files (x86)/atmel/atmel toolchain/arm gcc/native/4.8.1443/arm-gnu-toolchain/bin/../lib/gcc/arm-none-eabi/4.8.4/../../../../arm-none-eabi/lib/armv6-m\libc.a(lib_a-__atexit.o)
