Archive member included because of file (symbol)

c:/program files (x86)/atmel/atmel toolchain/arm gcc/native/4.8.1443/arm-gnu-toolchain/bin/../lib/gcc/arm-none-eabi/4.8.4/armv6-m\libgcc.a(_thumb1_case_uqi.o)
                              Bastian_freeRTOS-TRACE.o (__gnu_thumb1_case_uqi)
c:/program files (x86)/atmel/atmel toolchain/arm gcc/native/4.8.1443/arm-gnu-toolchain/bin/../lib/gcc/arm-none-eabi/4.8.4/armv6-m\libgcc.a(_udivsi3.o)
                              src/Peripherals/ebm_papst_motor.o (__aeabi_uidiv)
c:/program files (x86)/atmel/atmel toolchain/arm gcc/native/4.8.1443/arm-gnu-toolchain/bin/../lib/gcc/arm-none-eabi/4.8.4/armv6-m\libgcc.a(_dvmd_tls.o)
                              c:/program files (x86)/atmel/atmel toolchain/arm gcc/native/4.8.1443/arm-gnu-toolchain/bin/../lib/gcc/arm-none-eabi/4.8.4/armv6-m\libgcc.a(_udivsi3.o) (__aeabi_idiv0)
c:/program files (x86)/atmel/atmel toolchain/arm gcc/native/4.8.1443/arm-gnu-toolchain/bin/../lib/gcc/arm-none-eabi/4.8.4/armv6-m\libgcc.a(_muldi3.o)
                              src/ASF/sam0/drivers/sercom/sercom.o (__aeabi_lmul)
c:/program files (x86)/atmel/atmel toolchain/arm gcc/native/4.8.1443/arm-gnu-toolchain/bin/../lib/gcc/arm-none-eabi/4.8.4/../../../../arm-none-eabi/lib/armv6-m\libc.a(lib_a-exit.o)
                              c:/program files (x86)/atmel/atmel toolchain/arm gcc/native/4.8.1443/arm-gnu-toolchain/bin/../lib/gcc/arm-none-eabi/4.8.4/../../../../arm-none-eabi/lib/armv6-m/crt0.o (exit)
c:/program files (x86)/atmel/atmel toolchain/arm gcc/native/4.8.1443/arm-gnu-toolchain/bin/../lib/gcc/arm-none-eabi/4.8.4/../../../../arm-none-eabi/lib/armv6-m\libc.a(lib_a-impure.o)
                              c:/program files (x86)/atmel/atmel toolchain/arm gcc/native/4.8.1443/arm-gnu-toolchain/bin/../lib/gcc/arm-none-eabi/4.8.4/../../../../arm-none-eabi/lib/armv6-m\libc.a(lib_a-exit.o) (_global_impure_ptr)
c:/program files (x86)/atmel/atmel toolchain/arm gcc/native/4.8.1443/arm-gnu-toolchain/bin/../lib/gcc/arm-none-eabi/4.8.4/../../../../arm-none-eabi/lib/armv6-m\libc.a(lib_a-init.o)
                              c:/program files (x86)/atmel/atmel toolchain/arm gcc/native/4.8.1443/arm-gnu-toolchain/bin/../lib/gcc/arm-none-eabi/4.8.4/../../../../arm-none-eabi/lib/armv6-m/crt0.o (__libc_init_array)
c:/program files (x86)/atmel/atmel toolchain/arm gcc/native/4.8.1443/arm-gnu-toolchain/bin/../lib/gcc/arm-none-eabi/4.8.4/../../../../arm-none-eabi/lib/armv6-m\libc.a(lib_a-memcpy-stub.o)
                              src/ASF/sam0/drivers/sercom/sercom_interrupt.o (memcpy)
c:/program files (x86)/atmel/atmel toolchain/arm gcc/native/4.8.1443/arm-gnu-toolchain/bin/../lib/gcc/arm-none-eabi/4.8.4/../../../../arm-none-eabi/lib/armv6-m\libc.a(lib_a-memset.o)
                              c:/program files (x86)/atmel/atmel toolchain/arm gcc/native/4.8.1443/arm-gnu-toolchain/bin/../lib/gcc/arm-none-eabi/4.8.4/../../../../arm-none-eabi/lib/armv6-m/crt0.o (memset)
c:/program files (x86)/atmel/atmel toolchain/arm gcc/native/4.8.1443/arm-gnu-toolchain/bin/../lib/gcc/arm-none-eabi/4.8.4/../../../../arm-none-eabi/lib/armv6-m\libc.a(lib_a-printf.o)
                              src/ASF/sam0/utils/syscalls/gcc/syscalls.o (printf)
c:/program files (x86)/atmel/atmel toolchain/arm gcc/native/4.8.1443/arm-gnu-toolchain/bin/../lib/gcc/arm-none-eabi/4.8.4/../../../../arm-none-eabi/lib/armv6-m\libc.a(lib_a-vfprintf.o)
                              c:/program files (x86)/atmel/atmel toolchain/arm gcc/native/4.8.1443/arm-gnu-toolchain/bin/../lib/gcc/arm-none-eabi/4.8.4/../../../../arm-none-eabi/lib/armv6-m\libc.a(lib_a-printf.o) (_vfprintf_r)
c:/program files (x86)/atmel/atmel toolchain/arm gcc/native/4.8.1443/arm-gnu-toolchain/bin/../lib/gcc/arm-none-eabi/4.8.4/../../../../arm-none-eabi/lib/armv6-m\libc.a(lib_a-wsetup.o)
                              c:/program files (x86)/atmel/atmel toolchain/arm gcc/native/4.8.1443/arm-gnu-toolchain/bin/../lib/gcc/arm-none-eabi/4.8.4/../../../../arm-none-eabi/lib/armv6-m\libc.a(lib_a-vfprintf.o) (__swsetup_r)
c:/program files (x86)/atmel/atmel toolchain/arm gcc/native/4.8.1443/arm-gnu-toolchain/bin/../lib/gcc/arm-none-eabi/4.8.4/../../../../arm-none-eabi/lib/armv6-m\libc.a(lib_a-__call_atexit.o)
                              c:/program files (x86)/atmel/atmel toolchain/arm gcc/native/4.8.1443/arm-gnu-toolchain/bin/../lib/gcc/arm-none-eabi/4.8.4/../../../../arm-none-eabi/lib/armv6-m\libc.a(lib_a-exit.o) (__call_exitprocs)
c:/program files (x86)/atmel/atmel toolchain/arm gcc/native/4.8.1443/arm-gnu-toolchain/bin/../lib/gcc/arm-none-eabi/4.8.4/../../../../arm-none-eabi/lib/armv6-m\libc.a(lib_a-atexit.o)
                              c:/program files (x86)/atmel/atmel toolchain/arm gcc/native/4.8.1443/arm-gnu-toolchain/bin/../lib/gcc/arm-none-eabi/4.8.4/../../../../arm-none-eabi/lib/armv6-m\libc.a(lib_a-__call_atexit.o) (atexit)
[...]
Memory Configuration

Name             Origin             Length             Attributes
rom              0x00000000         0x00040000         xr
ram              0x20000000         0x00008000         xrw
*default*        0x00000000         0xffffffff

Linker script and memory map

LOAD c:/program files (x86)/atmel/atmel toolchain/arm gcc/native/4.8.1443/arm-gnu-toolchain/bin/../lib/gcc/arm-none-eabi/4.8.4/armv6-m/crti.o
LOAD c:/program files (x86)/atmel/atmel toolchain/arm gcc/native/4.8.1443/arm-gnu-toolchain/bin/../lib/gcc/arm-none-eabi/4.8.4/armv6-m/crtbegin.o
LOAD c:/program files (x86)/atmel/atmel toolchain/arm gcc/native/4.8.1443/arm-gnu-toolchain/bin/../lib/gcc/arm-none-eabi/4.8.4/../../../../arm-none-eabi/lib/armv6-m/crt0.o
LOAD Bastian_freeRTOS-TRACE.o
LOAD src/ASF/sam0/drivers/sercom/sercom.o
LOAD src/Peripherals/bastian_sercom.o
LOAD src/Peripherals/crc_utility.o
LOAD src/Peripherals/ebm_papst_motor.o
LOAD src/ASF/sam0/drivers/sercom/sercom_interrupt.o
LOAD src/ASF/sam0/drivers/sercom/usart/usart.o
LOAD src/ASF/sam0/drivers/sercom/usart/usart_interrupt.o
LOAD src/ASF/thirdparty/freertos/freertos-8.0.1/Source/croutine.o
LOAD src/ASF/thirdparty/freertos/freertos-8.0.1/Source/event_groups.o
LOAD src/ASF/thirdparty/freertos/trace/trcBase.o
LOAD src/ASF/thirdparty/freertos/trace/trcHardwarePort.o
LOAD src/ASF/thirdparty/freertos/trace/trcKernel.o
LOAD src/ASF/thirdparty/freertos/trace/trcKernelPort.o
LOAD src/ASF/thirdparty/freertos/trace/trcUser.o
LOAD src/ASF/thirdparty/freertos/freertos-8.0.1/Source/list.o
LOAD src/ASF/thirdparty/freertos/freertos-8.0.1/Source/portable/GCC/ARM_CM0/port.o
LOAD src/ASF/thirdparty/freertos/freertos-8.0.1/Source/portable/MemMang/heap_1.o
LOAD src/ASF/thirdparty/freertos/freertos-8.0.1/Source/queue.o
LOAD src/ASF/thirdparty/freertos/freertos-8.0.1/Source/tasks.o
LOAD src/ASF/thirdparty/freertos/freertos-8.0.1/Source/timers.o
LOAD src/ASF/sam0/utils/cmsis/samd21/source/gcc/startup_samd21.o
LOAD src/ASF/sam0/utils/cmsis/samd21/source/system_samd21.o
LOAD src/ASF/sam0/utils/syscalls/gcc/syscalls.o
LOAD src/ASF/sam0/drivers/system/clock/clock_samd21_r21_da/clock.o
LOAD src/ASF/sam0/drivers/system/clock/clock_samd21_r21_da/gclk.o
LOAD src/ASF/sam0/drivers/system/interrupt/system_interrupt.o
LOAD src/ASF/sam0/drivers/system/system.o
LOAD src/ASF/common/utils/interrupt/interrupt_sam_nvic.o
LOAD src/ASF/sam0/drivers/port/port.o
LOAD src/ASF/sam0/drivers/system/pinmux/pinmux.o
START GROUP
LOAD ../src/ASF/thirdparty/CMSIS/Lib/GCC\libarm_cortexM0l_math.a
LOAD c:/program files (x86)/atmel/atmel toolchain/arm gcc/native/4.8.1443/arm-gnu-toolchain/bin/../lib/gcc/arm-none-eabi/4.8.4/../../../../arm-none-eabi/lib/armv6-m\libm.a
END GROUP
START GROUP
LOAD c:/program files (x86)/atmel/atmel toolchain/arm gcc/native/4.8.1443/arm-gnu-toolchain/bin/../lib/gcc/arm-none-eabi/4.8.4/armv6-m\libgcc.a
LOAD c:/program files (x86)/atmel/atmel toolchain/arm gcc/native/4.8.1443/arm-gnu-toolchain/bin/../lib/gcc/arm-none-eabi/4.8.4/../../../../arm-none-eabi/lib/armv6-m\libc.a
END GROUP
LOAD c:/program files (x86)/atmel/atmel toolchain/arm gcc/native/4.8.1443/arm-gnu-toolchain/bin/../lib/gcc/arm-none-eabi/4.8.4/armv6-m/crtend.o
LOAD c:/program files (x86)/atmel/atmel toolchain/arm gcc/native/4.8.1443/arm-gnu-toolchain/bin/../lib/gcc/arm-none-eabi/4.8.4/armv6-m/crtn.o
                0x00002000                STACK_SIZE = DEFINED (STACK_SIZE)?STACK_SIZE:DEFINED (__stack_size__)?__stack_size__:0x2000

.text           0x00000000     0x5a4c
                0x00000000                . = ALIGN (0x4)
                0x00000000                _sfixed = .
 *(.vectors .vectors.*)
 .vectors       0x00000000       0xb0 src/ASF/sam0/utils/cmsis/samd21/source/gcc/startup_samd21.o
                0x00000000                exception_table
 *(.text .text.* .gnu.linkonce.t.*)
 .text          0x000000b0       0x60 c:/program files (x86)/atmel/atmel toolchain/arm gcc/native/4.8.1443/arm-gnu-toolchain/bin/../lib/gcc/arm-none-eabi/4.8.4/armv6-m/crtbegin.o
 .text.irda_communication_task
                0x00000110      0x1d8 Bastian_freeRTOS-TRACE.o
                0x00000110                irda_communication_task
 .text.timer_irda_ping_callback
                0x000002e8       0xbc Bastian_freeRTOS-TRACE.o
                0x000002e8                timer_irda_ping_callback
 .text.get_system_address
                0x000003a4       0xc4 Bastian_freeRTOS-TRACE.o
                0x000003a4                get_system_address
 .text.main     0x00000468      0x144 Bastian_freeRTOS-TRACE.o
                0x00000468                main
 .text._sercom_get_sync_baud_val
                0x000005ac       0x28 src/ASF/sam0/drivers/sercom/sercom.o
                0x000005ac                _sercom_get_sync_baud_val
 *fill*         0x000005d4        0x4 
 .text._sercom_get_async_baud_val
                0x000005d8      0x1c8 src/ASF/sam0/drivers/sercom/sercom.o
                0x000005d8                _sercom_get_async_baud_val
 .text.sercom_set_gclk_generator
                0x000007a0       0x68 src/ASF/sam0/drivers/sercom/sercom.o
                0x000007a0                sercom_set_gclk_generator
 .text._sercom_get_default_pad
                0x00000808       0xf0 src/ASF/sam0/drivers/sercom/sercom.o
                0x00000808                _sercom_get_default_pad
 .text._sercom_get_sercom_inst_index
                0x000008f8       0x48 src/ASF/sam0/drivers/sercom/sercom.o
                0x000008f8                _sercom_get_sercom_inst_index
 .text.irda_master_callback_received
                0x00000940      0x2e8 src/Peripherals/bastian_sercom.o
 .text.irda_master_callback_transmitted
                0x00000c28      0x110 src/Peripherals/bastian_sercom.o
 .text.bastian_IrDA_configuration
                0x00000d38       0xf8 src/Peripherals/bastian_sercom.o
                0x00000d38                bastian_IrDA_configuration
 .text.crc_check
                0x00000e30       0x30 src/Peripherals/crc_utility.o
                0x00000e30                crc_check
 .text.crc_generate
                0x00000e60       0x30 src/Peripherals/crc_utility.o
                0x00000e60                crc_generate
 .text.motor_comm_ping_callback
                0x00000e90      0x1cc src/Peripherals/ebm_papst_motor.o
                0x00000e90                motor_comm_ping_callback
 .text.ebp_papst_motor_task_setup
                0x0000105c       0x48 src/Peripherals/ebm_papst_motor.o
                0x0000105c                ebp_papst_motor_task_setup
 .text.motor_enable_TX
                0x000010a4       0x10 src/Peripherals/ebm_papst_motor.o
                0x000010a4                motor_enable_TX
 .text.motor_enable_RX
                0x000010b4       0x10 src/Peripherals/ebm_papst_motor.o
                0x000010b4                motor_enable_RX
 .text.motor_callback_transmitted
                0x000010c4      0x110 src/Peripherals/ebm_papst_motor.o
 .text.motor_enable_A
                0x000011d4       0x10 src/Peripherals/ebm_papst_motor.o
                0x000011d4                motor_enable_A
 .text.motor_disable_A
                0x000011e4       0x10 src/Peripherals/ebm_papst_motor.o
                0x000011e4                motor_disable_A
 .text.ebp_papst_motor_setup
                0x000011f4      0x138 src/Peripherals/ebm_papst_motor.o
                0x000011f4                ebp_papst_motor_setup
 .text.motor_callback_received
                0x0000132c      0x93c src/Peripherals/ebm_papst_motor.o
 .text.motor_task
                0x00001c68      0x97c src/Peripherals/ebm_papst_motor.o
                0x00001c68                motor_task
 .text._sercom_default_handler
                0x000025e4        0x4 src/ASF/sam0/drivers/sercom/sercom_interrupt.o
 .text._sercom_set_handler
                0x000025e8       0x58 src/ASF/sam0/drivers/sercom/sercom_interrupt.o
                0x000025e8                _sercom_set_handler
 .text._sercom_get_interrupt_vector
                0x00002640       0x38 src/ASF/sam0/drivers/sercom/sercom_interrupt.o
                0x00002640                _sercom_get_interrupt_vector
 .text.SERCOM0_Handler
                0x00002678       0x14 src/ASF/sam0/drivers/sercom/sercom_interrupt.o
                0x00002678                SERCOM0_Handler
 .text.SERCOM1_Handler
                0x0000268c       0x14 src/ASF/sam0/drivers/sercom/sercom_interrupt.o
                0x0000268c                SERCOM1_Handler
 .text.SERCOM2_Handler
                0x000026a0       0x14 src/ASF/sam0/drivers/sercom/sercom_interrupt.o
                0x000026a0                SERCOM2_Handler
 .text.SERCOM3_Handler
                0x000026b4       0x14 src/ASF/sam0/drivers/sercom/sercom_interrupt.o
                0x000026b4                SERCOM3_Handler
 .text.usart_init
                0x000026c8      0x36c src/ASF/sam0/drivers/sercom/usart/usart.o
                0x000026c8                usart_init
 .text._usart_write_buffer
                0x00002a34       0x58 src/ASF/sam0/drivers/sercom/usart/usart_interrupt.o
                0x00002a34                _usart_write_buffer
 .text._usart_read_buffer
                0x00002a8c       0x6c src/ASF/sam0/drivers/sercom/usart/usart_interrupt.o
                0x00002a8c                _usart_read_buffer
 .text.usart_register_callback
                0x00002af8       0x18 src/ASF/sam0/drivers/sercom/usart/usart_interrupt.o
                0x00002af8                usart_register_callback
 .text.usart_write_buffer_job
                0x00002b10       0x2c src/ASF/sam0/drivers/sercom/usart/usart_interrupt.o
                0x00002b10                usart_write_buffer_job
 .text.usart_read_buffer_job
                0x00002b3c       0x2c src/ASF/sam0/drivers/sercom/usart/usart_interrupt.o
                0x00002b3c                usart_read_buffer_job
 .text.usart_abort_job
                0x00002b68       0x20 src/ASF/sam0/drivers/sercom/usart/usart_interrupt.o
                0x00002b68                usart_abort_job
 .text._usart_interrupt_handler
                0x00002b88      0x1a8 src/ASF/sam0/drivers/sercom/usart/usart_interrupt.o
                0x00002b88                _usart_interrupt_handler
 .text.vListInitialise
                0x00002d30       0x18 src/ASF/thirdparty/freertos/freertos-8.0.1/Source/list.o
                0x00002d30                vListInitialise
 .text.vListInitialiseItem
                0x00002d48        0x8 src/ASF/thirdparty/freertos/freertos-8.0.1/Source/list.o
                0x00002d48                vListInitialiseItem
 .text.vListInsertEnd
                0x00002d50       0x18 src/ASF/thirdparty/freertos/freertos-8.0.1/Source/list.o
                0x00002d50                vListInsertEnd
 .text.vListInsert
                0x00002d68       0x30 src/ASF/thirdparty/freertos/freertos-8.0.1/Source/list.o
                0x00002d68                vListInsert
 .text.uxListRemove
                0x00002d98       0x24 src/ASF/thirdparty/freertos/freertos-8.0.1/Source/list.o
                0x00002d98                uxListRemove
 .text.prvTaskExitError
                0x00002dbc       0x18 src/ASF/thirdparty/freertos/freertos-8.0.1/Source/portable/GCC/ARM_CM0/port.o
 .text.vPortStartFirstTask
                0x00002dd4       0x20 src/ASF/thirdparty/freertos/freertos-8.0.1/Source/portable/GCC/ARM_CM0/port.o
 .text.pxPortInitialiseStack
                0x00002df4       0x24 src/ASF/thirdparty/freertos/freertos-8.0.1/Source/portable/GCC/ARM_CM0/port.o
                0x00002df4                pxPortInitialiseStack
 .text.SVC_Handler
                0x00002e18        0x4 src/ASF/thirdparty/freertos/freertos-8.0.1/Source/portable/GCC/ARM_CM0/port.o
                0x00002e18                SVC_Handler
 .text.vPortYield
                0x00002e1c       0x18 src/ASF/thirdparty/freertos/freertos-8.0.1/Source/portable/GCC/ARM_CM0/port.o
                0x00002e1c                vPortYield
 .text.vPortEnterCritical
                0x00002e34       0x1c src/ASF/thirdparty/freertos/freertos-8.0.1/Source/portable/GCC/ARM_CM0/port.o
                0x00002e34                vPortEnterCritical
 .text.vPortExitCritical
                0x00002e50       0x28 src/ASF/thirdparty/freertos/freertos-8.0.1/Source/portable/GCC/ARM_CM0/port.o
                0x00002e50                vPortExitCritical
 .text.ulSetInterruptMaskFromISR
                0x00002e78        0xc src/ASF/thirdparty/freertos/freertos-8.0.1/Source/portable/GCC/ARM_CM0/port.o
                0x00002e78                ulSetInterruptMaskFromISR
 .text.vClearInterruptMaskFromISR
                0x00002e84        0x8 src/ASF/thirdparty/freertos/freertos-8.0.1/Source/portable/GCC/ARM_CM0/port.o
                0x00002e84                vClearInterruptMaskFromISR
 .text.PendSV_Handler
                0x00002e8c       0x44 src/ASF/thirdparty/freertos/freertos-8.0.1/Source/portable/GCC/ARM_CM0/port.o
                0x00002e8c                PendSV_Handler
 .text.SysTick_Handler
                0x00002ed0       0x44 src/ASF/thirdparty/freertos/freertos-8.0.1/Source/portable/GCC/ARM_CM0/port.o
                0x00002ed0                SysTick_Handler
 .text.vPortSetupTimerInterrupt
                0x00002f14       0x24 src/ASF/thirdparty/freertos/freertos-8.0.1/Source/portable/GCC/ARM_CM0/port.o
                0x00002f14                vPortSetupTimerInterrupt
 .text.xPortStartScheduler
                0x00002f38       0x50 src/ASF/thirdparty/freertos/freertos-8.0.1/Source/portable/GCC/ARM_CM0/port.o
                0x00002f38                xPortStartScheduler
 .text.pvPortMalloc
                0x00002f88       0x8c src/ASF/thirdparty/freertos/freertos-8.0.1/Source/portable/MemMang/heap_1.o
                0x00002f88                pvPortMalloc
 .text.vPortFree
                0x00003014        0xc src/ASF/thirdparty/freertos/freertos-8.0.1/Source/portable/MemMang/heap_1.o
                0x00003014                vPortFree
 .text.prvCopyDataToQueue
                0x00003020       0x90 src/ASF/thirdparty/freertos/freertos-8.0.1/Source/queue.o
 .text.prvNotifyQueueSetContainer
                0x000030b0       0x5c src/ASF/thirdparty/freertos/freertos-8.0.1/Source/queue.o
 .text.prvCopyDataFromQueue
                0x0000310c       0x38 src/ASF/thirdparty/freertos/freertos-8.0.1/Source/queue.o
 .text.prvUnlockQueue
                0x00003144       0xcc src/ASF/thirdparty/freertos/freertos-8.0.1/Source/queue.o
 .text.xQueueGenericReset
                0x00003210       0x90 src/ASF/thirdparty/freertos/freertos-8.0.1/Source/queue.o
                0x00003210                xQueueGenericReset
 .text.xQueueGenericCreate
                0x000032a0       0x68 src/ASF/thirdparty/freertos/freertos-8.0.1/Source/queue.o
                0x000032a0                xQueueGenericCreate
 .text.xQueueGenericSend
                0x00003308      0x1c8 src/ASF/thirdparty/freertos/freertos-8.0.1/Source/queue.o
                0x00003308                xQueueGenericSend
 .text.xQueueGenericSendFromISR
                0x000034d0       0xec src/ASF/thirdparty/freertos/freertos-8.0.1/Source/queue.o
                0x000034d0                xQueueGenericSendFromISR
 .text.xQueueGenericReceive
                0x000035bc      0x1ec src/ASF/thirdparty/freertos/freertos-8.0.1/Source/queue.o
                0x000035bc                xQueueGenericReceive
 .text.vQueueWaitForMessageRestricted
                0x000037a8       0x60 src/ASF/thirdparty/freertos/freertos-8.0.1/Source/queue.o
                0x000037a8                vQueueWaitForMessageRestricted
 .text.prvTaskIsTaskSuspended
                0x00003808       0x34 src/ASF/thirdparty/freertos/freertos-8.0.1/Source/tasks.o
 .text.prvResetNextTaskUnblockTime
                0x0000383c       0x3c src/ASF/thirdparty/freertos/freertos-8.0.1/Source/tasks.o
 .text.prvAddCurrentTaskToDelayedList
                0x00003878       0x80 src/ASF/thirdparty/freertos/freertos-8.0.1/Source/tasks.o
 .text.xTaskGenericCreate
                0x000038f8      0x244 src/ASF/thirdparty/freertos/freertos-8.0.1/Source/tasks.o
                0x000038f8                xTaskGenericCreate
 .text.vTaskResume
                0x00003b3c       0xac src/ASF/thirdparty/freertos/freertos-8.0.1/Source/tasks.o
                0x00003b3c                vTaskResume
 .text.xTaskResumeFromISR
                0x00003be8       0xcc src/ASF/thirdparty/freertos/freertos-8.0.1/Source/tasks.o
                0x00003be8                xTaskResumeFromISR
 .text.vTaskStartScheduler
                0x00003cb4       0x78 src/ASF/thirdparty/freertos/freertos-8.0.1/Source/tasks.o
                0x00003cb4                vTaskStartScheduler
 .text.vTaskSuspendAll
                0x00003d2c       0x10 src/ASF/thirdparty/freertos/freertos-8.0.1/Source/tasks.o
                0x00003d2c                vTaskSuspendAll
 .text.xTaskGetTickCount
                0x00003d3c       0x30 src/ASF/thirdparty/freertos/freertos-8.0.1/Source/tasks.o
                0x00003d3c                xTaskGetTickCount
 .text.xTaskGetTickCountFromISR
                0x00003d6c       0x30 src/ASF/thirdparty/freertos/freertos-8.0.1/Source/tasks.o
                0x00003d6c                xTaskGetTickCountFromISR
 .text.xTaskIncrementTick
                0x00003d9c      0x18c src/ASF/thirdparty/freertos/freertos-8.0.1/Source/tasks.o
                0x00003d9c                xTaskIncrementTick
 .text.xTaskResumeAll
                0x00003f28      0x160 src/ASF/thirdparty/freertos/freertos-8.0.1/Source/tasks.o
                0x00003f28                xTaskResumeAll
 .text.vTaskDelay
                0x00004088       0x78 src/ASF/thirdparty/freertos/freertos-8.0.1/Source/tasks.o
                0x00004088                vTaskDelay
 .text.prvIdleTask
                0x00004100       0xb8 src/ASF/thirdparty/freertos/freertos-8.0.1/Source/tasks.o
 .text.vTaskSwitchContext
                0x000041b8       0xd0 src/ASF/thirdparty/freertos/freertos-8.0.1/Source/tasks.o
                0x000041b8                vTaskSwitchContext
 .text.vTaskSuspend
                0x00004288       0xe8 src/ASF/thirdparty/freertos/freertos-8.0.1/Source/tasks.o
                0x00004288                vTaskSuspend
 .text.vTaskPlaceOnEventList
                0x00004370       0x74 src/ASF/thirdparty/freertos/freertos-8.0.1/Source/tasks.o
                0x00004370                vTaskPlaceOnEventList
 .text.vTaskPlaceOnEventListRestricted
                0x000043e4       0x54 src/ASF/thirdparty/freertos/freertos-8.0.1/Source/tasks.o
                0x000043e4                vTaskPlaceOnEventListRestricted
 .text.xTaskRemoveFromEventList
                0x00004438       0xb4 src/ASF/thirdparty/freertos/freertos-8.0.1/Source/tasks.o
                0x00004438                xTaskRemoveFromEventList
 .text.vTaskSetTimeOutState
                0x000044ec       0x24 src/ASF/thirdparty/freertos/freertos-8.0.1/Source/tasks.o
                0x000044ec                vTaskSetTimeOutState
 .text.xTaskCheckForTimeOut
                0x00004510       0x84 src/ASF/thirdparty/freertos/freertos-8.0.1/Source/tasks.o
                0x00004510                xTaskCheckForTimeOut
 .text.vTaskMissedYield
                0x00004594       0x10 src/ASF/thirdparty/freertos/freertos-8.0.1/Source/tasks.o
                0x00004594                vTaskMissedYield
 .text.xTaskGetCurrentTaskHandle
                0x000045a4       0x14 src/ASF/thirdparty/freertos/freertos-8.0.1/Source/tasks.o
                0x000045a4                xTaskGetCurrentTaskHandle
 .text.xTaskGetSchedulerState
                0x000045b8       0x24 src/ASF/thirdparty/freertos/freertos-8.0.1/Source/tasks.o
                0x000045b8                xTaskGetSchedulerState
 .text.vTaskPriorityInherit
                0x000045dc       0xb0 src/ASF/thirdparty/freertos/freertos-8.0.1/Source/tasks.o
                0x000045dc                vTaskPriorityInherit
 .text.vTaskPriorityDisinherit
                0x0000468c       0x74 src/ASF/thirdparty/freertos/freertos-8.0.1/Source/tasks.o
                0x0000468c                vTaskPriorityDisinherit
 .text.prvInsertTimerInActiveList
                0x00004700       0x5c src/ASF/thirdparty/freertos/freertos-8.0.1/Source/timers.o
 .text.prvCheckForValidListAndQueue
                0x0000475c       0x80 src/ASF/thirdparty/freertos/freertos-8.0.1/Source/timers.o
 .text.xTimerCreateTimerTask
                0x000047dc       0x5c src/ASF/thirdparty/freertos/freertos-8.0.1/Source/timers.o
                0x000047dc                xTimerCreateTimerTask
 .text.xTimerCreate
                0x00004838       0x68 src/ASF/thirdparty/freertos/freertos-8.0.1/Source/timers.o
                0x00004838                xTimerCreate
 .text.xTimerGenericCommand
                0x000048a0       0x88 src/ASF/thirdparty/freertos/freertos-8.0.1/Source/timers.o
                0x000048a0                xTimerGenericCommand
 .text.prvSampleTimeNow
                0x00004928       0xe8 src/ASF/thirdparty/freertos/freertos-8.0.1/Source/timers.o
 .text.prvTimerTask
                0x00004a10      0x200 src/ASF/thirdparty/freertos/freertos-8.0.1/Source/timers.o
 .text.Dummy_Handler
                0x00004c10        0x4 src/ASF/sam0/utils/cmsis/samd21/source/gcc/startup_samd21.o
                0x00004c10                DMAC_Handler
                0x00004c10                HardFault_Handler
                0x00004c10                AC_Handler
                0x00004c10                NMI_Handler
                0x00004c10                ADC_Handler
                0x00004c10                TCC1_Handler
                0x00004c10                TCC0_Handler
                0x00004c10                RTC_Handler
                0x00004c10                EIC_Handler
                0x00004c10                WDT_Handler
                0x00004c10                TC4_Handler
                0x00004c10                USB_Handler
                0x00004c10                TC3_Handler
                0x00004c10                Dummy_Handler
                0x00004c10                PM_Handler
                0x00004c10                TCC2_Handler
                0x00004c10                EVSYS_Handler
                0x00004c10                I2S_Handler
                0x00004c10                NVMCTRL_Handler
                0x00004c10                DAC_Handler
                0x00004c10                PTC_Handler
                0x00004c10                TC5_Handler
                0x00004c10                SYSCTRL_Handler
 .text.Reset_Handler
                0x00004c14      0x12c src/ASF/sam0/utils/cmsis/samd21/source/gcc/startup_samd21.o
                0x00004c14                Reset_Handler
 .text.system_clock_source_get_hz
                0x00004d40       0xc0 src/ASF/sam0/drivers/system/clock/clock_samd21_r21_da/clock.o
                0x00004d40                system_clock_source_get_hz
 .text.system_clock_source_osc8m_set_config
                0x00004e00       0x3c src/ASF/sam0/drivers/system/clock/clock_samd21_r21_da/clock.o
                0x00004e00                system_clock_source_osc8m_set_config
 .text.system_clock_source_xosc32k_set_config
                0x00004e3c       0xb8 src/ASF/sam0/drivers/system/clock/clock_samd21_r21_da/clock.o
                0x00004e3c                system_clock_source_xosc32k_set_config
 .text.system_clock_source_dpll_set_config
                0x00004ef4       0xb4 src/ASF/sam0/drivers/system/clock/clock_samd21_r21_da/clock.o
                0x00004ef4                system_clock_source_dpll_set_config
 .text.system_clock_source_enable
                0x00004fa8       0xbc src/ASF/sam0/drivers/system/clock/clock_samd21_r21_da/clock.o
                0x00004fa8                system_clock_source_enable
 .text.system_clock_source_is_ready
                0x00005064       0x58 src/ASF/sam0/drivers/system/clock/clock_samd21_r21_da/clock.o
                0x00005064                system_clock_source_is_ready
 .text.system_clock_init
                0x000050bc      0x160 src/ASF/sam0/drivers/system/clock/clock_samd21_r21_da/clock.o
                0x000050bc                system_clock_init
 .text.system_gclk_init
                0x0000521c       0x24 src/ASF/sam0/drivers/system/clock/clock_samd21_r21_da/gclk.o
                0x0000521c                system_gclk_init
 .text.system_gclk_gen_set_config
                0x00005240       0xd4 src/ASF/sam0/drivers/system/clock/clock_samd21_r21_da/gclk.o
                0x00005240                system_gclk_gen_set_config
 .text.system_gclk_gen_enable
                0x00005314       0x54 src/ASF/sam0/drivers/system/clock/clock_samd21_r21_da/gclk.o
                0x00005314                system_gclk_gen_enable
 .text.system_gclk_gen_get_hz
                0x00005368       0xa0 src/ASF/sam0/drivers/system/clock/clock_samd21_r21_da/gclk.o
                0x00005368                system_gclk_gen_get_hz
 .text.system_gclk_chan_enable
                0x00005408       0x40 src/ASF/sam0/drivers/system/clock/clock_samd21_r21_da/gclk.o
                0x00005408                system_gclk_chan_enable
 .text.system_gclk_chan_disable
                0x00005448       0x6c src/ASF/sam0/drivers/system/clock/clock_samd21_r21_da/gclk.o
                0x00005448                system_gclk_chan_disable
 .text.system_gclk_chan_set_config
                0x000054b4       0x2c src/ASF/sam0/drivers/system/clock/clock_samd21_r21_da/gclk.o
                0x000054b4                system_gclk_chan_set_config
 .text.system_gclk_chan_get_hz
                0x000054e0       0x48 src/ASF/sam0/drivers/system/clock/clock_samd21_r21_da/gclk.o
                0x000054e0                system_gclk_chan_get_hz
 .text._system_dummy_init
                0x00005528        0x4 src/ASF/sam0/drivers/system/system.o
                0x00005528                _system_extint_init
                0x00005528                system_board_init
                0x00005528                _system_events_init
                0x00005528                _system_dummy_init
                0x00005528                _system_divas_init
 .text.system_init
                0x0000552c       0x44 src/ASF/sam0/drivers/system/system.o
                0x0000552c                system_init
 .text.cpu_irq_enter_critical
                0x00005570       0x60 src/ASF/common/utils/interrupt/interrupt_sam_nvic.o
                0x00005570                cpu_irq_enter_critical
 .text.cpu_irq_leave_critical
                0x000055d0       0x48 src/ASF/common/utils/interrupt/interrupt_sam_nvic.o
                0x000055d0                cpu_irq_leave_critical
 .text.port_pin_set_config
                0x00005618       0x30 src/ASF/sam0/drivers/port/port.o
                0x00005618                port_pin_set_config
 .text._system_pinmux_config
                0x00005648       0x8c src/ASF/sam0/drivers/system/pinmux/pinmux.o
 .text.system_pinmux_pin_set_config
                0x000056d4       0x30 src/ASF/sam0/drivers/system/pinmux/pinmux.o
                0x000056d4                system_pinmux_pin_set_config
 .text          0x00005704       0x14 c:/program files (x86)/atmel/atmel toolchain/arm gcc/native/4.8.1443/arm-gnu-toolchain/bin/../lib/gcc/arm-none-eabi/4.8.4/armv6-m\libgcc.a(_thumb1_case_uqi.o)
                0x00005704                __gnu_thumb1_case_uqi
 .text          0x00005718       0x9c c:/program files (x86)/atmel/atmel toolchain/arm gcc/native/4.8.1443/arm-gnu-toolchain/bin/../lib/gcc/arm-none-eabi/4.8.4/armv6-m\libgcc.a(_udivsi3.o)
                0x00005718                __aeabi_uidiv
                0x00005718                __udivsi3
                0x000057a0                __aeabi_uidivmod
 .text          0x000057b4        0x4 c:/program files (x86)/atmel/atmel toolchain/arm gcc/native/4.8.1443/arm-gnu-toolchain/bin/../lib/gcc/arm-none-eabi/4.8.4/armv6-m\libgcc.a(_dvmd_tls.o)
                0x000057b4                __aeabi_idiv0
                0x000057b4                __aeabi_ldiv0
 .text          0x000057b8       0x44 c:/program files (x86)/atmel/atmel toolchain/arm gcc/native/4.8.1443/arm-gnu-toolchain/bin/../lib/gcc/arm-none-eabi/4.8.4/armv6-m\libgcc.a(_muldi3.o)
                0x000057b8                __muldi3
                0x000057b8                __aeabi_lmul
 .text.__libc_init_array
                0x000057fc       0x48 c:/program files (x86)/atmel/atmel toolchain/arm gcc/native/4.8.1443/arm-gnu-toolchain/bin/../lib/gcc/arm-none-eabi/4.8.4/../../../../arm-none-eabi/lib/armv6-m\libc.a(lib_a-init.o)
                0x000057fc                __libc_init_array
 .text.memcpy   0x00005844       0x84 c:/program files (x86)/atmel/atmel toolchain/arm gcc/native/4.8.1443/arm-gnu-toolchain/bin/../lib/gcc/arm-none-eabi/4.8.4/../../../../arm-none-eabi/lib/armv6-m\libc.a(lib_a-memcpy-stub.o)
                0x00005844                memcpy
 .text.startup.register_fini
                0x000058c8       0x18 c:/program files (x86)/atmel/atmel toolchain/arm gcc/native/4.8.1443/arm-gnu-toolchain/bin/../lib/gcc/arm-none-eabi/4.8.4/../../../../arm-none-eabi/lib/armv6-m\libc.a(lib_a-__call_atexit.o)
 .text.atexit   0x000058e0       0x10 c:/program files (x86)/atmel/atmel toolchain/arm gcc/native/4.8.1443/arm-gnu-toolchain/bin/../lib/gcc/arm-none-eabi/4.8.4/../../../../arm-none-eabi/lib/armv6-m\libc.a(lib_a-atexit.o)
                0x000058e0                atexit
 .text.__libc_fini_array
                0x000058f0       0x30 c:/program files (x86)/atmel/atmel toolchain/arm gcc/native/4.8.1443/arm-gnu-toolchain/bin/../lib/gcc/arm-none-eabi/4.8.4/../../../../arm-none-eabi/lib/armv6-m\libc.a(lib_a-fini.o)
                0x000058f0                __libc_fini_array
 .text.__register_exitproc
                0x00005920       0xc0 c:/program files (x86)/atmel/atmel toolchain/arm gcc/native/4.8.1443/arm-gnu-toolchain/bin/../lib/gcc/arm-none-eabi/4.8.4/../../../../arm-none-eabi/lib/armv6-m\libc.a(lib_a-__atexit.o)
                0x00005920                __register_exitproc
 *(.glue_7t)
 .glue_7t       0x00000000        0x0 linker stubs
 *(.glue_7)
 .glue_7        0x00000000        0x0 linker stubs
 *(.rodata .rodata* .gnu.linkonce.r.*)
 .rodata.str1.4
                0x000059e0        0xd Bastian_freeRTOS-TRACE.o
                                 0x10 (size before relaxing)
 *fill*         0x000059ed        0x3 
 .rodata        0x000059f0       0x10 src/ASF/sam0/drivers/sercom/sercom.o
 .rodata.str1.4
                0x00005a00        0x9 src/Peripherals/ebm_papst_motor.o
                                  0xc (size before relaxing)
 *fill*         0x00005a09        0x3 
 .rodata        0x00005a0c        0x4 src/ASF/sam0/drivers/sercom/sercom_interrupt.o
 .rodata.str1.4
                0x00005a10        0x5 src/ASF/thirdparty/freertos/freertos-8.0.1/Source/tasks.o
                                  0x8 (size before relaxing)
 *fill*         0x00005a15        0x3 
 .rodata.str1.4
                0x00005a18        0x8 src/ASF/thirdparty/freertos/freertos-8.0.1/Source/timers.o
 .rodata.str1.4
                0x00005a20        0x4 c:/program files (x86)/atmel/atmel toolchain/arm gcc/native/4.8.1443/arm-gnu-toolchain/bin/../lib/gcc/arm-none-eabi/4.8.4/../../../../arm-none-eabi/lib/armv6-m\libc.a(lib_a-impure.o)
 .rodata._global_impure_ptr
                0x00005a24        0x4 c:/program files (x86)/atmel/atmel toolchain/arm gcc/native/4.8.1443/arm-gnu-toolchain/bin/../lib/gcc/arm-none-eabi/4.8.4/../../../../arm-none-eabi/lib/armv6-m\libc.a(lib_a-impure.o)
                0x00005a24                _global_impure_ptr
 *(.ARM.extab* .gnu.linkonce.armextab.*)
                0x00005a28                . = ALIGN (0x4)
 *(.init)
 .init          0x00005a28        0x4 c:/program files (x86)/atmel/atmel toolchain/arm gcc/native/4.8.1443/arm-gnu-toolchain/bin/../lib/gcc/arm-none-eabi/4.8.4/armv6-m/crti.o
                0x00005a28                _init
 .init          0x00005a2c        0x8 c:/program files (x86)/atmel/atmel toolchain/arm gcc/native/4.8.1443/arm-gnu-toolchain/bin/../lib/gcc/arm-none-eabi/4.8.4/armv6-m/crtn.o
                0x00005a34                . = ALIGN (0x4)
                0x00005a34                __preinit_array_start = .
 *(.preinit_array)
                0x00005a34                __preinit_array_end = .
                0x00005a34                . = ALIGN (0x4)
                0x00005a34                __init_array_start = .
 *(SORT(.init_array.*))
 .init_array.00000
                0x00005a34        0x4 c:/program files (x86)/atmel/atmel toolchain/arm gcc/native/4.8.1443/arm-gnu-toolchain/bin/../lib/gcc/arm-none-eabi/4.8.4/../../../../arm-none-eabi/lib/armv6-m\libc.a(lib_a-__call_atexit.o)
 *(.init_array)
 .init_array    0x00005a38        0x4 c:/program files (x86)/atmel/atmel toolchain/arm gcc/native/4.8.1443/arm-gnu-toolchain/bin/../lib/gcc/arm-none-eabi/4.8.4/armv6-m/crtbegin.o
                0x00005a3c                __init_array_end = .
                0x00005a3c                . = ALIGN (0x4)
 *crtbegin.o(.ctors)
 *(EXCLUDE_FILE(*crtend.o) .ctors)
 *(SORT(.ctors.*))
 *crtend.o(.ctors)
                0x00005a3c                . = ALIGN (0x4)
 *(.fini)
 .fini          0x00005a3c        0x4 c:/program files (x86)/atmel/atmel toolchain/arm gcc/native/4.8.1443/arm-gnu-toolchain/bin/../lib/gcc/arm-none-eabi/4.8.4/armv6-m/crti.o
                0x00005a3c                _fini
 .fini          0x00005a40        0x8 c:/program files (x86)/atmel/atmel toolchain/arm gcc/native/4.8.1443/arm-gnu-toolchain/bin/../lib/gcc/arm-none-eabi/4.8.4/armv6-m/crtn.o
                0x00005a48                . = ALIGN (0x4)
                0x00005a48                __fini_array_start = .
 *(.fini_array)
 .fini_array    0x00005a48        0x4 c:/program files (x86)/atmel/atmel toolchain/arm gcc/native/4.8.1443/arm-gnu-toolchain/bin/../lib/gcc/arm-none-eabi/4.8.4/armv6-m/crtbegin.o
 *(SORT(.fini_array.*))
                0x00005a4c                __fini_array_end = .
 *crtbegin.o(.dtors)
 *(EXCLUDE_FILE(*crtend.o) .dtors)
 *(SORT(.dtors.*))
 *crtend.o(.dtors)
                0x00005a4c                . = ALIGN (0x4)
                0x00005a4c                _efixed = .
                0x00005a4c                PROVIDE (__exidx_start, .)

.vfp11_veneer   0x00005a4c        0x0
 .vfp11_veneer  0x00000000        0x0 linker stubs

.v4_bx          0x00005a4c        0x0
 .v4_bx         0x00000000        0x0 linker stubs

.iplt           0x00005a4c        0x0
 .iplt          0x00000000        0x0 c:/program files (x86)/atmel/atmel toolchain/arm gcc/native/4.8.1443/arm-gnu-toolchain/bin/../lib/gcc/arm-none-eabi/4.8.4/armv6-m/crtbegin.o

.eh_frame       0x00005a4c        0x0
 .eh_frame      0x00005a4c        0x0 c:/program files (x86)/atmel/atmel toolchain/arm gcc/native/4.8.1443/arm-gnu-toolchain/bin/../lib/gcc/arm-none-eabi/4.8.4/armv6-m/crtbegin.o

.rel.dyn        0x00005a4c        0x0
 .rel.iplt      0x00000000        0x0 c:/program files (x86)/atmel/atmel toolchain/arm gcc/native/4.8.1443/arm-gnu-toolchain/bin/../lib/gcc/arm-none-eabi/4.8.4/armv6-m/crtbegin.o
 .rel.got       0x00000000        0x0 c:/program files (x86)/atmel/atmel toolchain/arm gcc/native/4.8.1443/arm-gnu-toolchain/bin/../lib/gcc/arm-none-eabi/4.8.4/armv6-m/crtbegin.o

.jcr            0x00005a4c        0x0
 .jcr           0x00005a4c        0x0 c:/program files (x86)/atmel/atmel toolchain/arm gcc/native/4.8.1443/arm-gnu-toolchain/bin/../lib/gcc/arm-none-eabi/4.8.4/armv6-m/crtbegin.o

.igot.plt       0x00005a4c        0x0
 .igot.plt      0x00000000        0x0 c:/program files (x86)/atmel/atmel toolchain/arm gcc/native/4.8.1443/arm-gnu-toolchain/bin/../lib/gcc/arm-none-eabi/4.8.4/armv6-m/crtbegin.o

.got            0x00005a4c      0x208
 .got           0x00005a4c      0x208 c:/program files (x86)/atmel/atmel toolchain/arm gcc/native/4.8.1443/arm-gnu-toolchain/bin/../lib/gcc/arm-none-eabi/4.8.4/armv6-m/crtbegin.o

.got.plt        0x00005c54        0xc
 .got.plt       0x00005c54        0xc c:/program files (x86)/atmel/atmel toolchain/arm gcc/native/4.8.1443/arm-gnu-toolchain/bin/../lib/gcc/arm-none-eabi/4.8.4/armv6-m/crtbegin.o
                0x00005c54                _GLOBAL_OFFSET_TABLE_

.ARM.exidx
 *(.ARM.exidx* .gnu.linkonce.armexidx.*)
                0x00005c60                PROVIDE (__exidx_end, .)
                0x00005c60                . = ALIGN (0x4)
                0x00005c60                _etext = .

.relocate       0x20000000      0x438 load address 0x00005c60
                0x20000000                . = ALIGN (0x4)
                0x20000000                _srelocate = .
 *(.ramfunc .ramfunc.*)
 *(.data .data.*)
 .data          0x20000000        0x4 src/Peripherals/bastian_sercom.o
                0x20000000                lock_allow_main_discovery
 .data          0x20000004        0x4 src/ASF/thirdparty/freertos/freertos-8.0.1/Source/portable/GCC/ARM_CM0/port.o
 .data          0x20000008        0x4 src/ASF/thirdparty/freertos/freertos-8.0.1/Source/tasks.o
 .data          0x2000000c        0x1 src/ASF/common/utils/interrupt/interrupt_sam_nvic.o
                0x2000000c                g_interrupt_enabled
 *fill*         0x2000000d        0x3 
 .data.impure_data
                0x20000010      0x428 c:/program files (x86)/atmel/atmel toolchain/arm gcc/native/4.8.1443/arm-gnu-toolchain/bin/../lib/gcc/arm-none-eabi/4.8.4/../../../../arm-none-eabi/lib/armv6-m\libc.a(lib_a-impure.o)
                0x20000438                . = ALIGN (0x4)
                0x20000438                _erelocate = .

.bss            0x20000438     0x1a68 load address 0x00006098
                0x20000438                . = ALIGN (0x4)
                0x20000438                _sbss = .
                0x20000438                _szero = .
 *(.bss .bss.*)
 .bss           0x20000438       0x1c c:/program files (x86)/atmel/atmel toolchain/arm gcc/native/4.8.1443/arm-gnu-toolchain/bin/../lib/gcc/arm-none-eabi/4.8.4/armv6-m/crtbegin.o
 .bss           0x20000454       0x14 Bastian_freeRTOS-TRACE.o
                0x20000454                irda_rx_array
                0x2000045c                irda_tx_array
 .bss           0x20000468        0x8 src/ASF/sam0/drivers/sercom/sercom.o
 .bss           0x20000470       0x10 src/Peripherals/bastian_sercom.o
                0x20000470                irda_timed_out
                0x20000474                lock_trace
 .bss           0x20000480       0x1c src/ASF/sam0/drivers/sercom/sercom_interrupt.o
 .bss           0x2000049c     0x1778 src/ASF/thirdparty/freertos/freertos-8.0.1/Source/portable/MemMang/heap_1.o
 .bss           0x20001c14       0xfc src/ASF/thirdparty/freertos/freertos-8.0.1/Source/tasks.o
                0x20001d0c                pxCurrentTCB
 .bss           0x20001d10       0x38 src/ASF/thirdparty/freertos/freertos-8.0.1/Source/timers.o
 .bss           0x20001d48       0x20 src/ASF/sam0/drivers/system/clock/clock_samd21_r21_da/clock.o
 .bss           0x20001d68        0x8 src/ASF/common/utils/interrupt/interrupt_sam_nvic.o
 *(COMMON)
 COMMON         0x20001d70       0x74 Bastian_freeRTOS-TRACE.o
                0x20001d70                slat
                0x20001d71                irda_comm_state
                0x20001d74                ser_master
                0x20001da8                irda_master
                0x20001ddc                timer_IrDA_Ping
                0x20001de0                irda_task_handler
 COMMON         0x20001de4        0x8 src/Peripherals/bastian_sercom.o
                0x20001de4                unlock_count
                0x20001de8                lock_main_discovery_count
 COMMON         0x20001dec       0xa4 src/Peripherals/ebm_papst_motor.o
                0x20001dec                timer_motor_comm
                0x20001df0                current_consumption
                0x20001df4                motor_serial
                0x20001e28                motor
                0x20001e8c                motor_task_handler
 COMMON         0x20001e90       0x10 src/ASF/sam0/drivers/sercom/sercom_interrupt.o
                0x20001e90                _sercom_instances
                0x20001ea0                . = ALIGN (0x4)
                0x20001ea0                _ebss = .
                0x20001ea0                _ezero = .

.stack          0x20001ea0     0x2000 load address 0x00007b00
                0x20001ea0                . = ALIGN (0x8)
                0x20001ea0                _sstack = .
                0x20003ea0                . = (. + STACK_SIZE)
 *fill*         0x20001ea0     0x2000 
                0x20003ea0                . = ALIGN (0x8)
                0x20003ea0                _estack = .
                0x20003ea0                . = ALIGN (0x4)
                0x20003ea0                _end = .
OUTPUT(Bastian_freeRTOS-TRACE.elf elf32-littlearm)

.ARM.attributes
                0x00000000       0x28
 .ARM.attributes
                0x00000000       0x1e c:/program files (x86)/atmel/atmel toolchain/arm gcc/native/4.8.1443/arm-gnu-toolchain/bin/../lib/gcc/arm-none-eabi/4.8.4/armv6-m/crti.o
 .ARM.attributes
                0x0000001e       0x2c c:/program files (x86)/atmel/atmel toolchain/arm gcc/native/4.8.1443/arm-gnu-toolchain/bin/../lib/gcc/arm-none-eabi/4.8.4/armv6-m/crtbegin.o
 .ARM.attributes
                0x0000004a       0x32 Bastian_freeRTOS-TRACE.o
 .ARM.attributes
                0x0000007c       0x32 src/ASF/sam0/drivers/sercom/sercom.o
 .ARM.attributes
                0x000000ae       0x32 src/Peripherals/bastian_sercom.o
 .ARM.attributes
                0x000000e0       0x32 src/Peripherals/crc_utility.o
 .ARM.attributes
                0x00000112       0x32 src/Peripherals/ebm_papst_motor.o
 .ARM.attributes
                0x00000144       0x32 src/ASF/sam0/drivers/sercom/sercom_interrupt.o
 .ARM.attributes
                0x00000176       0x32 src/ASF/sam0/drivers/sercom/usart/usart.o
 .ARM.attributes
                0x000001a8       0x32 src/ASF/sam0/drivers/sercom/usart/usart_interrupt.o
 .ARM.attributes
                0x000001da       0x32 src/ASF/thirdparty/freertos/freertos-8.0.1/Source/list.o
 .ARM.attributes
                0x0000020c       0x32 src/ASF/thirdparty/freertos/freertos-8.0.1/Source/portable/GCC/ARM_CM0/port.o
 .ARM.attributes
                0x0000023e       0x32 src/ASF/thirdparty/freertos/freertos-8.0.1/Source/portable/MemMang/heap_1.o
 .ARM.attributes
                0x00000270       0x32 src/ASF/thirdparty/freertos/freertos-8.0.1/Source/queue.o
 .ARM.attributes
                0x000002a2       0x32 src/ASF/thirdparty/freertos/freertos-8.0.1/Source/tasks.o
 .ARM.attributes
                0x000002d4       0x32 src/ASF/thirdparty/freertos/freertos-8.0.1/Source/timers.o
 .ARM.attributes
                0x00000306       0x32 src/ASF/sam0/utils/cmsis/samd21/source/gcc/startup_samd21.o
 .ARM.attributes
                0x00000338       0x32 src/ASF/sam0/drivers/system/clock/clock_samd21_r21_da/clock.o
 .ARM.attributes
                0x0000036a       0x32 src/ASF/sam0/drivers/system/clock/clock_samd21_r21_da/gclk.o
 .ARM.attributes
                0x0000039c       0x32 src/ASF/sam0/drivers/system/system.o
 .ARM.attributes
                0x000003ce       0x32 src/ASF/common/utils/interrupt/interrupt_sam_nvic.o
 .ARM.attributes
                0x00000400       0x32 src/ASF/sam0/drivers/port/port.o
 .ARM.attributes
                0x00000432       0x32 src/ASF/sam0/drivers/system/pinmux/pinmux.o
 .ARM.attributes
                0x00000464       0x1e c:/program files (x86)/atmel/atmel toolchain/arm gcc/native/4.8.1443/arm-gnu-toolchain/bin/../lib/gcc/arm-none-eabi/4.8.4/armv6-m\libgcc.a(_thumb1_case_uqi.o)
 .ARM.attributes
                0x00000482       0x1e c:/program files (x86)/atmel/atmel toolchain/arm gcc/native/4.8.1443/arm-gnu-toolchain/bin/../lib/gcc/arm-none-eabi/4.8.4/armv6-m\libgcc.a(_udivsi3.o)
 .ARM.attributes
                0x000004a0       0x1e c:/program files (x86)/atmel/atmel toolchain/arm gcc/native/4.8.1443/arm-gnu-toolchain/bin/../lib/gcc/arm-none-eabi/4.8.4/armv6-m\libgcc.a(_dvmd_tls.o)
 .ARM.attributes
                0x000004be       0x2c c:/program files (x86)/atmel/atmel toolchain/arm gcc/native/4.8.1443/arm-gnu-toolchain/bin/../lib/gcc/arm-none-eabi/4.8.4/armv6-m\libgcc.a(_muldi3.o)
 .ARM.attributes
                0x000004ea       0x2c c:/program files (x86)/atmel/atmel toolchain/arm gcc/native/4.8.1443/arm-gnu-toolchain/bin/../lib/gcc/arm-none-eabi/4.8.4/../../../../arm-none-eabi/lib/armv6-m\libc.a(lib_a-impure.o)
 .ARM.attributes
                0x00000516       0x2c c:/program files (x86)/atmel/atmel toolchain/arm gcc/native/4.8.1443/arm-gnu-toolchain/bin/../lib/gcc/arm-none-eabi/4.8.4/../../../../arm-none-eabi/lib/armv6-m\libc.a(lib_a-init.o)
 .ARM.attributes
                0x00000542       0x2c c:/program files (x86)/atmel/atmel toolchain/arm gcc/native/4.8.1443/arm-gnu-toolchain/bin/../lib/gcc/arm-none-eabi/4.8.4/../../../../arm-none-eabi/lib/armv6-m\libc.a(lib_a-memcpy-stub.o)
 .ARM.attributes
                0x0000056e       0x2c c:/program files (x86)/atmel/atmel toolchain/arm gcc/native/4.8.1443/arm-gnu-toolchain/bin/../lib/gcc/arm-none-eabi/4.8.4/../../../../arm-none-eabi/lib/armv6-m\libc.a(lib_a-__call_atexit.o)
 .ARM.attributes
                0x0000059a       0x2c c:/program files (x86)/atmel/atmel toolchain/arm gcc/native/4.8.1443/arm-gnu-toolchain/bin/../lib/gcc/arm-none-eabi/4.8.4/../../../../arm-none-eabi/lib/armv6-m\libc.a(lib_a-atexit.o)
 .ARM.attributes
                0x000005c6       0x2c c:/program files (x86)/atmel/atmel toolchain/arm gcc/native/4.8.1443/arm-gnu-toolchain/bin/../lib/gcc/arm-none-eabi/4.8.4/../../../../arm-none-eabi/lib/armv6-m\libc.a(lib_a-fini.o)
 .ARM.attributes
                0x000005f2       0x2c c:/program files (x86)/atmel/atmel toolchain/arm gcc/native/4.8.1443/arm-gnu-toolchain/bin/../lib/gcc/arm-none-eabi/4.8.4/../../../../arm-none-eabi/lib/armv6-m\libc.a(lib_a-__atexit.o)
 .ARM.attributes
                0x0000061e       0x1e c:/program files (x86)/atmel/atmel toolchain/arm gcc/native/4.8.1443/arm-gnu-toolchain/bin/../lib/gcc/arm-none-eabi/4.8.4/armv6-m/crtn.o

.comment        0x00000000       0x5b
 .comment       0x00000000       0x5b Bastian_freeRTOS-TRACE.o
                                 0x5c (size before relaxing)
 .comment       0x00000000       0x5c src/ASF/sam0/drivers/sercom/sercom.o
 .comment       0x00000000       0x5c src/Peripherals/bastian_sercom.o
 .comment       0x00000000       0x5c src/Peripherals/crc_utility.o
 .comment       0x00000000       0x5c src/Peripherals/ebm_papst_motor.o
 .comment       0x00000000       0x5c src/ASF/sam0/drivers/sercom/sercom_interrupt.o
 .comment       0x00000000       0x5c src/ASF/sam0/drivers/sercom/usart/usart.o
 .comment       0x00000000       0x5c src/ASF/sam0/drivers/sercom/usart/usart_interrupt.o
 .comment       0x00000000       0x5c src/ASF/thirdparty/freertos/freertos-8.0.1/Source/list.o
 .comment       0x00000000       0x5c src/ASF/thirdparty/freertos/freertos-8.0.1/Source/portable/GCC/ARM_CM0/port.o
 .comment       0x00000000       0x5c src/ASF/thirdparty/freertos/freertos-8.0.1/Source/portable/MemMang/heap_1.o
 .comment       0x00000000       0x5c src/ASF/thirdparty/freertos/freertos-8.0.1/Source/queue.o
 .comment       0x00000000       0x5c src/ASF/thirdparty/freertos/freertos-8.0.1/Source/tasks.o
 .comment       0x00000000       0x5c src/ASF/thirdparty/freertos/freertos-8.0.1/Source/timers.o
 .comment       0x00000000       0x5c src/ASF/sam0/utils/cmsis/samd21/source/gcc/startup_samd21.o
 .comment       0x00000000       0x5c src/ASF/sam0/drivers/system/clock/clock_samd21_r21_da/clock.o
 .comment       0x00000000       0x5c src/ASF/sam0/drivers/system/clock/clock_samd21_r21_da/gclk.o
 .comment       0x00000000       0x5c src/ASF/sam0/drivers/system/system.o
 .comment       0x00000000       0x5c src/ASF/common/utils/interrupt/interrupt_sam_nvic.o
 .comment       0x00000000       0x5c src/ASF/sam0/drivers/port/port.o
 .comment       0x00000000       0x5c src/ASF/sam0/drivers/system/pinmux/pinmux.o

.debug_info     0x00000000    0x2535e
 .debug_info    0x00000000     0x353b Bastian_freeRTOS-TRACE.o
 .debug_info    0x0000353b     0x252e src/ASF/sam0/drivers/sercom/sercom.o
 .debug_info    0x00005a69     0x37e8 src/Peripherals/bastian_sercom.o
 .debug_info    0x00009251     0x234b src/Peripherals/crc_utility.o
 .debug_info    0x0000b59c     0x45ea src/Peripherals/ebm_papst_motor.o
 .debug_info    0x0000fb86     0x22b0 src/ASF/sam0/drivers/sercom/sercom_interrupt.o
 .debug_info    0x00011e36     0x412b src/ASF/sam0/drivers/sercom/usart/usart.o
 .debug_info    0x00015f61     0x2731 src/ASF/sam0/drivers/sercom/usart/usart_interrupt.o
 .debug_info    0x00018692      0x2c9 src/ASF/thirdparty/freertos/freertos-8.0.1/Source/list.o
 .debug_info    0x0001895b      0x2a1 src/ASF/thirdparty/freertos/freertos-8.0.1/Source/portable/GCC/ARM_CM0/port.o
 .debug_info    0x00018bfc      0x192 src/ASF/thirdparty/freertos/freertos-8.0.1/Source/portable/MemMang/heap_1.o
 .debug_info    0x00018d8e     0x115a src/ASF/thirdparty/freertos/freertos-8.0.1/Source/queue.o
 .debug_info    0x00019ee8     0x141a src/ASF/thirdparty/freertos/freertos-8.0.1/Source/tasks.o
 .debug_info    0x0001b302      0xbad src/ASF/thirdparty/freertos/freertos-8.0.1/Source/timers.o
 .debug_info    0x0001beaf     0x3a64 src/ASF/sam0/utils/cmsis/samd21/source/gcc/startup_samd21.o
 .debug_info    0x0001f913     0x2f03 src/ASF/sam0/drivers/system/clock/clock_samd21_r21_da/clock.o
 .debug_info    0x00022816     0x1485 src/ASF/sam0/drivers/system/clock/clock_samd21_r21_da/gclk.o
 .debug_info    0x00023c9b      0x13a src/ASF/sam0/drivers/system/system.o
 .debug_info    0x00023dd5      0x1ea src/ASF/common/utils/interrupt/interrupt_sam_nvic.o
 .debug_info    0x00023fbf      0x962 src/ASF/sam0/drivers/port/port.o
 .debug_info    0x00024921      0xa3d src/ASF/sam0/drivers/system/pinmux/pinmux.o

.debug_abbrev   0x00000000     0x33f9
 .debug_abbrev  0x00000000      0x389 Bastian_freeRTOS-TRACE.o
 .debug_abbrev  0x00000389      0x2de src/ASF/sam0/drivers/sercom/sercom.o
 .debug_abbrev  0x00000667      0x350 src/Peripherals/bastian_sercom.o
 .debug_abbrev  0x000009b7      0x210 src/Peripherals/crc_utility.o
 .debug_abbrev  0x00000bc7      0x436 src/Peripherals/ebm_papst_motor.o
 .debug_abbrev  0x00000ffd      0x22b src/ASF/sam0/drivers/sercom/sercom_interrupt.o
 .debug_abbrev  0x00001228      0x3d6 src/ASF/sam0/drivers/sercom/usart/usart.o
 .debug_abbrev  0x000015fe      0x37a src/ASF/sam0/drivers/sercom/usart/usart_interrupt.o
 .debug_abbrev  0x00001978       0xf8 src/ASF/thirdparty/freertos/freertos-8.0.1/Source/list.o
 .debug_abbrev  0x00001a70      0x18e src/ASF/thirdparty/freertos/freertos-8.0.1/Source/portable/GCC/ARM_CM0/port.o
 .debug_abbrev  0x00001bfe       0xff src/ASF/thirdparty/freertos/freertos-8.0.1/Source/portable/MemMang/heap_1.o
 .debug_abbrev  0x00001cfd      0x26c src/ASF/thirdparty/freertos/freertos-8.0.1/Source/queue.o
 .debug_abbrev  0x00001f69      0x33d src/ASF/thirdparty/freertos/freertos-8.0.1/Source/tasks.o
 .debug_abbrev  0x000022a6      0x2a3 src/ASF/thirdparty/freertos/freertos-8.0.1/Source/timers.o
 .debug_abbrev  0x00002549      0x207 src/ASF/sam0/utils/cmsis/samd21/source/gcc/startup_samd21.o
 .debug_abbrev  0x00002750      0x3b5 src/ASF/sam0/drivers/system/clock/clock_samd21_r21_da/clock.o
 .debug_abbrev  0x00002b05      0x301 src/ASF/sam0/drivers/system/clock/clock_samd21_r21_da/gclk.o
 .debug_abbrev  0x00002e06       0xa8 src/ASF/sam0/drivers/system/system.o
 .debug_abbrev  0x00002eae       0xf3 src/ASF/common/utils/interrupt/interrupt_sam_nvic.o
 .debug_abbrev  0x00002fa1      0x1d7 src/ASF/sam0/drivers/port/port.o
 .debug_abbrev  0x00003178      0x281 src/ASF/sam0/drivers/system/pinmux/pinmux.o

.debug_loc      0x00000000     0x800f
 .debug_loc     0x00000000      0x235 Bastian_freeRTOS-TRACE.o
 .debug_loc     0x00000235      0x773 src/ASF/sam0/drivers/sercom/sercom.o
 .debug_loc     0x000009a8      0x33f src/Peripherals/bastian_sercom.o
 .debug_loc     0x00000ce7      0x193 src/Peripherals/crc_utility.o
 .debug_loc     0x00000e7a      0xb0f src/Peripherals/ebm_papst_motor.o
 .debug_loc     0x00001989      0x170 src/ASF/sam0/drivers/sercom/sercom_interrupt.o
 .debug_loc     0x00001af9      0xedd src/ASF/sam0/drivers/sercom/usart/usart.o
 .debug_loc     0x000029d6      0x5e5 src/ASF/sam0/drivers/sercom/usart/usart_interrupt.o
 .debug_loc     0x00002fbb       0x85 src/ASF/thirdparty/freertos/freertos-8.0.1/Source/list.o
 .debug_loc     0x00003040      0x12b src/ASF/thirdparty/freertos/freertos-8.0.1/Source/portable/GCC/ARM_CM0/port.o
 .debug_loc     0x0000316b       0x8b src/ASF/thirdparty/freertos/freertos-8.0.1/Source/portable/MemMang/heap_1.o
 .debug_loc     0x000031f6     0x1525 src/ASF/thirdparty/freertos/freertos-8.0.1/Source/queue.o
 .debug_loc     0x0000471b     0x119c src/ASF/thirdparty/freertos/freertos-8.0.1/Source/tasks.o
 .debug_loc     0x000058b7      0x9c8 src/ASF/thirdparty/freertos/freertos-8.0.1/Source/timers.o
 .debug_loc     0x0000627f       0x88 src/ASF/sam0/utils/cmsis/samd21/source/gcc/startup_samd21.o
 .debug_loc     0x00006307     0x127f src/ASF/sam0/drivers/system/clock/clock_samd21_r21_da/clock.o
 .debug_loc     0x00007586      0x5af src/ASF/sam0/drivers/system/clock/clock_samd21_r21_da/gclk.o
 .debug_loc     0x00007b35       0x2c src/ASF/sam0/drivers/system/system.o
 .debug_loc     0x00007b61       0x5e src/ASF/common/utils/interrupt/interrupt_sam_nvic.o
 .debug_loc     0x00007bbf      0x16d src/ASF/sam0/drivers/port/port.o
 .debug_loc     0x00007d2c      0x2e3 src/ASF/sam0/drivers/system/pinmux/pinmux.o

.debug_aranges  0x00000000      0x798
 .debug_aranges
                0x00000000       0x40 Bastian_freeRTOS-TRACE.o
 .debug_aranges
                0x00000040       0x40 src/ASF/sam0/drivers/sercom/sercom.o
 .debug_aranges
                0x00000080       0x30 src/Peripherals/bastian_sercom.o
 .debug_aranges
                0x000000b0       0x28 src/Peripherals/crc_utility.o
 .debug_aranges
                0x000000d8       0x68 src/Peripherals/ebm_papst_motor.o
 .debug_aranges
                0x00000140       0x50 src/ASF/sam0/drivers/sercom/sercom_interrupt.o
 .debug_aranges
                0x00000190       0x40 src/ASF/sam0/drivers/sercom/usart/usart.o
 .debug_aranges
                0x000001d0       0x70 src/ASF/sam0/drivers/sercom/usart/usart_interrupt.o
 .debug_aranges
                0x00000240       0x40 src/ASF/thirdparty/freertos/freertos-8.0.1/Source/list.o
 .debug_aranges
                0x00000280       0x88 src/ASF/thirdparty/freertos/freertos-8.0.1/Source/portable/GCC/ARM_CM0/port.o
 .debug_aranges
                0x00000308       0x38 src/ASF/thirdparty/freertos/freertos-8.0.1/Source/portable/MemMang/heap_1.o
 .debug_aranges
                0x00000340       0xf0 src/ASF/thirdparty/freertos/freertos-8.0.1/Source/queue.o
 .debug_aranges
                0x00000430      0x130 src/ASF/thirdparty/freertos/freertos-8.0.1/Source/tasks.o
 .debug_aranges
                0x00000560       0x68 src/ASF/thirdparty/freertos/freertos-8.0.1/Source/timers.o
 .debug_aranges
                0x000005c8       0x28 src/ASF/sam0/utils/cmsis/samd21/source/gcc/startup_samd21.o
 .debug_aranges
                0x000005f0       0x78 src/ASF/sam0/drivers/system/clock/clock_samd21_r21_da/clock.o
 .debug_aranges
                0x00000668       0x80 src/ASF/sam0/drivers/system/clock/clock_samd21_r21_da/gclk.o
 .debug_aranges
                0x000006e8       0x28 src/ASF/sam0/drivers/system/system.o
 .debug_aranges
                0x00000710       0x28 src/ASF/common/utils/interrupt/interrupt_sam_nvic.o
 .debug_aranges
                0x00000738       0x28 src/ASF/sam0/drivers/port/port.o
 .debug_aranges
                0x00000760       0x38 src/ASF/sam0/drivers/system/pinmux/pinmux.o

.debug_ranges   0x00000000      0x828
 .debug_ranges  0x00000000       0x30 Bastian_freeRTOS-TRACE.o
 .debug_ranges  0x00000030       0x60 src/ASF/sam0/drivers/sercom/sercom.o
 .debug_ranges  0x00000090       0x20 src/Peripherals/bastian_sercom.o
 .debug_ranges  0x000000b0       0x18 src/Peripherals/crc_utility.o
 .debug_ranges  0x000000c8       0x58 src/Peripherals/ebm_papst_motor.o
 .debug_ranges  0x00000120       0x40 src/ASF/sam0/drivers/sercom/sercom_interrupt.o
 .debug_ranges  0x00000160       0xf8 src/ASF/sam0/drivers/sercom/usart/usart.o
 .debug_ranges  0x00000258       0x60 src/ASF/sam0/drivers/sercom/usart/usart_interrupt.o
 .debug_ranges  0x000002b8       0x30 src/ASF/thirdparty/freertos/freertos-8.0.1/Source/list.o
 .debug_ranges  0x000002e8       0x78 src/ASF/thirdparty/freertos/freertos-8.0.1/Source/portable/GCC/ARM_CM0/port.o
 .debug_ranges  0x00000360       0x28 src/ASF/thirdparty/freertos/freertos-8.0.1/Source/portable/MemMang/heap_1.o
 .debug_ranges  0x00000388       0xe0 src/ASF/thirdparty/freertos/freertos-8.0.1/Source/queue.o
 .debug_ranges  0x00000468      0x1c0 src/ASF/thirdparty/freertos/freertos-8.0.1/Source/tasks.o
 .debug_ranges  0x00000628       0xa0 src/ASF/thirdparty/freertos/freertos-8.0.1/Source/timers.o
 .debug_ranges  0x000006c8       0x18 src/ASF/sam0/utils/cmsis/samd21/source/gcc/startup_samd21.o
 .debug_ranges  0x000006e0       0x68 src/ASF/sam0/drivers/system/clock/clock_samd21_r21_da/clock.o
 .debug_ranges  0x00000748       0x70 src/ASF/sam0/drivers/system/clock/clock_samd21_r21_da/gclk.o
 .debug_ranges  0x000007b8       0x18 src/ASF/sam0/drivers/system/system.o
 .debug_ranges  0x000007d0       0x18 src/ASF/common/utils/interrupt/interrupt_sam_nvic.o
 .debug_ranges  0x000007e8       0x18 src/ASF/sam0/drivers/port/port.o
 .debug_ranges  0x00000800       0x28 src/ASF/sam0/drivers/system/pinmux/pinmux.o

.debug_line     0x00000000     0x6430
 .debug_line    0x00000000      0x693 Bastian_freeRTOS-TRACE.o
 .debug_line    0x00000693      0x3e7 src/ASF/sam0/drivers/sercom/sercom.o
 .debug_line    0x00000a7a      0x6c6 src/Peripherals/bastian_sercom.o
 .debug_line    0x00001140      0x3c2 src/Peripherals/crc_utility.o
 .debug_line    0x00001502      0xade src/Peripherals/ebm_papst_motor.o
 .debug_line    0x00001fe0      0x3b0 src/ASF/sam0/drivers/sercom/sercom_interrupt.o
 .debug_line    0x00002390      0x5ef src/ASF/sam0/drivers/sercom/usart/usart.o
 .debug_line    0x0000297f      0x4c3 src/ASF/sam0/drivers/sercom/usart/usart_interrupt.o
 .debug_line    0x00002e42      0x27f src/ASF/thirdparty/freertos/freertos-8.0.1/Source/list.o
 .debug_line    0x000030c1      0x2f4 src/ASF/thirdparty/freertos/freertos-8.0.1/Source/portable/GCC/ARM_CM0/port.o
 .debug_line    0x000033b5      0x25d src/ASF/thirdparty/freertos/freertos-8.0.1/Source/portable/MemMang/heap_1.o
 .debug_line    0x00003612      0x794 src/ASF/thirdparty/freertos/freertos-8.0.1/Source/queue.o
 .debug_line    0x00003da6      0x93a src/ASF/thirdparty/freertos/freertos-8.0.1/Source/tasks.o
 .debug_line    0x000046e0      0x39a src/ASF/thirdparty/freertos/freertos-8.0.1/Source/timers.o
 .debug_line    0x00004a7a      0x332 src/ASF/sam0/utils/cmsis/samd21/source/gcc/startup_samd21.o
 .debug_line    0x00004dac      0x5a9 src/ASF/sam0/drivers/system/clock/clock_samd21_r21_da/clock.o
 .debug_line    0x00005355      0x630 src/ASF/sam0/drivers/system/clock/clock_samd21_r21_da/gclk.o
 .debug_line    0x00005985      0x1d2 src/ASF/sam0/drivers/system/system.o
 .debug_line    0x00005b57      0x279 src/ASF/common/utils/interrupt/interrupt_sam_nvic.o
 .debug_line    0x00005dd0      0x321 src/ASF/sam0/drivers/port/port.o
 .debug_line    0x000060f1      0x33f src/ASF/sam0/drivers/system/pinmux/pinmux.o

.debug_str      0x00000000     0x6c88
 .debug_str     0x00000000     0x1690 Bastian_freeRTOS-TRACE.o
                               0x17e0 (size before relaxing)
 .debug_str     0x00001690      0x386 src/ASF/sam0/drivers/sercom/sercom.o
                               0x10df (size before relaxing)
 .debug_str     0x00001a16      0x9e6 src/Peripherals/bastian_sercom.o
                               0x20ac (size before relaxing)
 .debug_str     0x000023fc       0x43 src/Peripherals/crc_utility.o
                               0x10c3 (size before relaxing)
 .debug_str     0x0000243f      0x19c src/Peripherals/ebm_papst_motor.o
                               0x223f (size before relaxing)
 .debug_str     0x000025db       0xf6 src/ASF/sam0/drivers/sercom/sercom_interrupt.o
                                0xf4b (size before relaxing)
 .debug_str     0x000026d1      0x6c0 src/ASF/sam0/drivers/sercom/usart/usart.o
                               0x1d94 (size before relaxing)
 .debug_str     0x00002d91      0x199 src/ASF/sam0/drivers/sercom/usart/usart_interrupt.o
                               0x10a5 (size before relaxing)
 .debug_str     0x00002f2a      0x165 src/ASF/thirdparty/freertos/freertos-8.0.1/Source/list.o
                                0x30a (size before relaxing)
 .debug_str     0x0000308f      0x194 src/ASF/thirdparty/freertos/freertos-8.0.1/Source/portable/GCC/ARM_CM0/port.o
                                0x370 (size before relaxing)
 .debug_str     0x00003223       0xd1 src/ASF/thirdparty/freertos/freertos-8.0.1/Source/portable/MemMang/heap_1.o
                                0x272 (size before relaxing)
 .debug_str     0x000032f4      0x51d src/ASF/thirdparty/freertos/freertos-8.0.1/Source/queue.o
                                0x7ca (size before relaxing)
 .debug_str     0x00003811      0x747 src/ASF/thirdparty/freertos/freertos-8.0.1/Source/tasks.o
                                0xa6f (size before relaxing)
 .debug_str     0x00003f58      0x3aa src/ASF/thirdparty/freertos/freertos-8.0.1/Source/timers.o
                                0x6a9 (size before relaxing)
 .debug_str     0x00004302     0x100d src/ASF/sam0/utils/cmsis/samd21/source/gcc/startup_samd21.o
                               0x1344 (size before relaxing)
 .debug_str     0x0000530f     0x14bc src/ASF/sam0/drivers/system/clock/clock_samd21_r21_da/clock.o
                               0x201d (size before relaxing)
 .debug_str     0x000067cb      0x285 src/ASF/sam0/drivers/system/clock/clock_samd21_r21_da/gclk.o
                                0xd90 (size before relaxing)
 .debug_str     0x00006a50       0x47 src/ASF/sam0/drivers/system/system.o
                                0x2b5 (size before relaxing)
 .debug_str     0x00006a97       0x73 src/ASF/common/utils/interrupt/interrupt_sam_nvic.o
                                0x309 (size before relaxing)
 .debug_str     0x00006b0a       0x4e src/ASF/sam0/drivers/port/port.o
                                0x669 (size before relaxing)
 .debug_str     0x00006b58      0x130 src/ASF/sam0/drivers/system/pinmux/pinmux.o
                                0x6d1 (size before relaxing)

.debug_frame    0x00000000     0x1604
 .debug_frame   0x00000000       0xa4 Bastian_freeRTOS-TRACE.o
 .debug_frame   0x000000a4       0xa8 src/ASF/sam0/drivers/sercom/sercom.o
 .debug_frame   0x0000014c       0x6c src/Peripherals/bastian_sercom.o
 .debug_frame   0x000001b8       0x44 src/Peripherals/crc_utility.o
 .debug_frame   0x000001fc      0x114 src/Peripherals/ebm_papst_motor.o
 .debug_frame   0x00000310       0xbc src/ASF/sam0/drivers/sercom/sercom_interrupt.o
 .debug_frame   0x000003cc       0xc4 src/ASF/sam0/drivers/sercom/usart/usart.o
 .debug_frame   0x00000490      0x130 src/ASF/sam0/drivers/sercom/usart/usart_interrupt.o
 .debug_frame   0x000005c0       0x6c src/ASF/thirdparty/freertos/freertos-8.0.1/Source/list.o
 .debug_frame   0x0000062c      0x10c src/ASF/thirdparty/freertos/freertos-8.0.1/Source/portable/GCC/ARM_CM0/port.o
 .debug_frame   0x00000738       0x60 src/ASF/thirdparty/freertos/freertos-8.0.1/Source/portable/MemMang/heap_1.o
 .debug_frame   0x00000798      0x34c src/ASF/thirdparty/freertos/freertos-8.0.1/Source/queue.o
 .debug_frame   0x00000ae4      0x3ec src/ASF/thirdparty/freertos/freertos-8.0.1/Source/tasks.o
 .debug_frame   0x00000ed0      0x144 src/ASF/thirdparty/freertos/freertos-8.0.1/Source/timers.o
 .debug_frame   0x00001014       0x40 src/ASF/sam0/utils/cmsis/samd21/source/gcc/startup_samd21.o
 .debug_frame   0x00001054      0x16c src/ASF/sam0/drivers/system/clock/clock_samd21_r21_da/clock.o
 .debug_frame   0x000011c0      0x180 src/ASF/sam0/drivers/system/clock/clock_samd21_r21_da/gclk.o
 .debug_frame   0x00001340       0x3c src/ASF/sam0/drivers/system/system.o
 .debug_frame   0x0000137c       0x38 src/ASF/common/utils/interrupt/interrupt_sam_nvic.o
 .debug_frame   0x000013b4       0x48 src/ASF/sam0/drivers/port/port.o
 .debug_frame   0x000013fc       0x7c src/ASF/sam0/drivers/system/pinmux/pinmux.o
 .debug_frame   0x00001478       0x20 c:/program files (x86)/atmel/atmel toolchain/arm gcc/native/4.8.1443/arm-gnu-toolchain/bin/../lib/gcc/arm-none-eabi/4.8.4/armv6-m\libgcc.a(_udivsi3.o)
 .debug_frame   0x00001498       0x30 c:/program files (x86)/atmel/atmel toolchain/arm gcc/native/4.8.1443/arm-gnu-toolchain/bin/../lib/gcc/arm-none-eabi/4.8.4/armv6-m\libgcc.a(_muldi3.o)
 .debug_frame   0x000014c8       0x2c c:/program files (x86)/atmel/atmel toolchain/arm gcc/native/4.8.1443/arm-gnu-toolchain/bin/../lib/gcc/arm-none-eabi/4.8.4/../../../../arm-none-eabi/lib/armv6-m\libc.a(lib_a-init.o)
 .debug_frame   0x000014f4       0x30 c:/program files (x86)/atmel/atmel toolchain/arm gcc/native/4.8.1443/arm-gnu-toolchain/bin/../lib/gcc/arm-none-eabi/4.8.4/../../../../arm-none-eabi/lib/armv6-m\libc.a(lib_a-memcpy-stub.o)
 .debug_frame   0x00001524       0x54 c:/program files (x86)/atmel/atmel toolchain/arm gcc/native/4.8.1443/arm-gnu-toolchain/bin/../lib/gcc/arm-none-eabi/4.8.4/../../../../arm-none-eabi/lib/armv6-m\libc.a(lib_a-__call_atexit.o)
 .debug_frame   0x00001578       0x28 c:/program files (x86)/atmel/atmel toolchain/arm gcc/native/4.8.1443/arm-gnu-toolchain/bin/../lib/gcc/arm-none-eabi/4.8.4/../../../../arm-none-eabi/lib/armv6-m\libc.a(lib_a-atexit.o)
 .debug_frame   0x000015a0       0x2c c:/program files (x86)/atmel/atmel toolchain/arm gcc/native/4.8.1443/arm-gnu-toolchain/bin/../lib/gcc/arm-none-eabi/4.8.4/../../../../arm-none-eabi/lib/armv6-m\libc.a(lib_a-fini.o)
 .debug_frame   0x000015cc       0x38 c:/program files (x86)/atmel/atmel toolchain/arm gcc/native/4.8.1443/arm-gnu-toolchain/bin/../lib/gcc/arm-none-eabi/4.8.4/../../../../arm-none-eabi/lib/armv6-m\libc.a(lib_a-__atexit.o)
