Archive member included because of file (symbol)

c:/program files (x86)/atmel/atmel toolchain/arm gcc/native/4.8.1443/arm-gnu-toolchain/bin/../lib/gcc/arm-none-eabi/4.8.4/armv6-m\libgcc.a(_thumb1_case_uqi.o)
                              Bastian_freeRTOS-TRACE.o (__gnu_thumb1_case_uqi)
c:/program files (x86)/atmel/atmel toolchain/arm gcc/native/4.8.1443/arm-gnu-toolchain/bin/../lib/gcc/arm-none-eabi/4.8.4/armv6-m\libgcc.a(_udivsi3.o)
                              src/ASF/sam0/drivers/system/clock/clock_samd21_r21_da/clock.o (__aeabi_uidiv)
c:/program files (x86)/atmel/atmel toolchain/arm gcc/native/4.8.1443/arm-gnu-toolchain/bin/../lib/gcc/arm-none-eabi/4.8.4/armv6-m\libgcc.a(_dvmd_tls.o)
                              c:/program files (x86)/atmel/atmel toolchain/arm gcc/native/4.8.1443/arm-gnu-toolchain/bin/../lib/gcc/arm-none-eabi/4.8.4/armv6-m\libgcc.a(_udivsi3.o) (__aeabi_idiv0)
c:/program files (x86)/atmel/atmel toolchain/arm gcc/native/4.8.1443/arm-gnu-toolchain/bin/../lib/gcc/arm-none-eabi/4.8.4/armv6-m\libgcc.a(_muldi3.o)
                              src/ASF/sam0/drivers/sercom/sercom.o (__aeabi_lmul)
c:/program files (x86)/atmel/atmel toolchain/arm gcc/native/4.8.1443/arm-gnu-toolchain/bin/../lib/gcc/arm-none-eabi/4.8.4/../../../../arm-none-eabi/lib/armv6-m\libc.a(lib_a-exit.o)
                              c:/program files (x86)/atmel/atmel toolchain/arm gcc/native/4.8.1443/arm-gnu-toolchain/bin/../lib/gcc/arm-none-eabi/4.8.4/../../../../arm-none-eabi/lib/armv6-m/crt0.o (exit)
c:/program files (x86)/atmel/atmel toolchain/arm gcc/native/4.8.1443/arm-gnu-toolchain/bin/../lib/gcc/arm-none-eabi/4.8.4/../../../../arm-none-eabi/lib/armv6-m\libc.a(lib_a-impure.o)
                              c:/program files (x86)/atmel/atmel toolchain/arm gcc/native/4.8.1443/arm-gnu-toolchain/bin/../lib/gcc/arm-none-eabi/4.8.4/../../../../arm-none-eabi/lib/armv6-m\libc.a(lib_a-exit.o) (_global_impure_ptr)
c:/program files (x86)/atmel/atmel toolchain/arm gcc/native/4.8.1443/arm-gnu-toolchain/bin/../lib/gcc/arm-none-eabi/4.8.4/../../../../arm-none-eabi/lib/armv6-m\libc.a(lib_a-init.o)
                              c:/program files (x86)/atmel/atmel toolchain/arm gcc/native/4.8.1443/arm-gnu-toolchain/bin/../lib/gcc/arm-none-eabi/4.8.4/../../../../arm-none-eabi/lib/armv6-m/crt0.o (__libc_init_array)
c:/program files (x86)/atmel/atmel toolchain/arm gcc/native/4.8.1443/arm-gnu-toolchain/bin/../lib/gcc/arm-none-eabi/4.8.4/../../../../arm-none-eabi/lib/armv6-m\libc.a(lib_a-memcpy-stub.o)
                              src/ASF/sam0/drivers/sercom/sercom_interrupt.o (memcpy)
c:/program files (x86)/atmel/atmel toolchain/arm gcc/native/4.8.1443/arm-gnu-toolchain/bin/../lib/gcc/arm-none-eabi/4.8.4/../../../../arm-none-eabi/lib/armv6-m\libc.a(lib_a-memset.o)
                              c:/program files (x86)/atmel/atmel toolchain/arm gcc/native/4.8.1443/arm-gnu-toolchain/bin/../lib/gcc/arm-none-eabi/4.8.4/../../../../arm-none-eabi/lib/armv6-m/crt0.o (memset)
c:/program files (x86)/atmel/atmel toolchain/arm gcc/native/4.8.1443/arm-gnu-toolchain/bin/../lib/gcc/arm-none-eabi/4.8.4/../../../../arm-none-eabi/lib/armv6-m\libc.a(lib_a-printf.o)
                              src/ASF/sam0/utils/syscalls/gcc/syscalls.o (printf)
c:/program files (x86)/atmel/atmel toolchain/arm gcc/native/4.8.1443/arm-gnu-toolchain/bin/../lib/gcc/arm-none-eabi/4.8.4/../../../../arm-none-eabi/lib/armv6-m\libc.a(lib_a-vfprintf.o)
                              c:/program files (x86)/atmel/atmel toolchain/arm gcc/native/4.8.1443/arm-gnu-toolchain/bin/../lib/gcc/arm-none-eabi/4.8.4/../../../../arm-none-eabi/lib/armv6-m\libc.a(lib_a-printf.o) (_vfprintf_r)
c:/program files (x86)/atmel/atmel toolchain/arm gcc/native/4.8.1443/arm-gnu-toolchain/bin/../lib/gcc/arm-none-eabi/4.8.4/../../../../arm-none-eabi/lib/armv6-m\libc.a(lib_a-wsetup.o)
                              c:/program files (x86)/atmel/atmel toolchain/arm gcc/native/4.8.1443/arm-gnu-toolchain/bin/../lib/gcc/arm-none-eabi/4.8.4/../../../../arm-none-eabi/lib/armv6-m\libc.a(lib_a-vfprintf.o) (__swsetup_r)
c:/program files (x86)/atmel/atmel toolchain/arm gcc/native/4.8.1443/arm-gnu-toolchain/bin/../lib/gcc/arm-none-eabi/4.8.4/../../../../arm-none-eabi/lib/armv6-m\libc.a(lib_a-__call_atexit.o)
                              c:/program files (x86)/atmel/atmel toolchain/arm gcc/native/4.8.1443/arm-gnu-toolchain/bin/../lib/gcc/arm-none-eabi/4.8.4/../../../../arm-none-eabi/lib/armv6-m\libc.a(lib_a-exit.o) (__call_exitprocs)
c:/program files (x86)/atmel/atmel toolchain/arm gcc/native/4.8.1443/arm-gnu-toolchain/bin/../lib/gcc/arm-none-eabi/4.8.4/../../../../arm-none-eabi/lib/armv6-m\libc.a(lib_a-atexit.o)
                              c:/program files (x86)/atmel/atmel toolchain/arm gcc/native/4.8.1443/arm-gnu-toolchain/bin/../lib/gcc/arm-none-eabi/4.8.4/../../../../arm-none-eabi/lib/armv6-m\libc.a(lib_a-__call_atexit.o) (atexit)
[...]
Memory Configuration

Name             Origin             Length             Attributes
rom              0x00000000         0x00040000         xr
ram              0x20000000         0x00008000         xrw
*default*        0x00000000         0xffffffff

Linker script and memory map

LOAD c:/program files (x86)/atmel/atmel toolchain/arm gcc/native/4.8.1443/arm-gnu-toolchain/bin/../lib/gcc/arm-none-eabi/4.8.4/armv6-m/crti.o
LOAD c:/program files (x86)/atmel/atmel toolchain/arm gcc/native/4.8.1443/arm-gnu-toolchain/bin/../lib/gcc/arm-none-eabi/4.8.4/armv6-m/crtbegin.o
LOAD c:/program files (x86)/atmel/atmel toolchain/arm gcc/native/4.8.1443/arm-gnu-toolchain/bin/../lib/gcc/arm-none-eabi/4.8.4/../../../../arm-none-eabi/lib/armv6-m/crt0.o
LOAD Bastian_freeRTOS-TRACE.o
LOAD src/ASF/sam0/drivers/sercom/sercom.o
LOAD src/Peripherals/bastian_sercom.o
LOAD src/Peripherals/crc_utility.o
LOAD src/Peripherals/ebm_papst_motor.o
LOAD src/ASF/sam0/drivers/sercom/sercom_interrupt.o
LOAD src/ASF/sam0/drivers/sercom/usart/usart.o
LOAD src/ASF/sam0/drivers/sercom/usart/usart_interrupt.o
LOAD src/ASF/thirdparty/freertos/freertos-8.0.1/Source/croutine.o
LOAD src/ASF/thirdparty/freertos/freertos-8.0.1/Source/event_groups.o
LOAD src/ASF/thirdparty/freertos/trace/trcBase.o
LOAD src/ASF/thirdparty/freertos/trace/trcHardwarePort.o
LOAD src/ASF/thirdparty/freertos/trace/trcKernel.o
LOAD src/ASF/thirdparty/freertos/trace/trcKernelPort.o
LOAD src/ASF/thirdparty/freertos/trace/trcUser.o
LOAD src/ASF/thirdparty/freertos/freertos-8.0.1/Source/list.o
LOAD src/ASF/thirdparty/freertos/freertos-8.0.1/Source/portable/GCC/ARM_CM0/port.o
LOAD src/ASF/thirdparty/freertos/freertos-8.0.1/Source/portable/MemMang/heap_1.o
LOAD src/ASF/thirdparty/freertos/freertos-8.0.1/Source/queue.o
LOAD src/ASF/thirdparty/freertos/freertos-8.0.1/Source/tasks.o
LOAD src/ASF/thirdparty/freertos/freertos-8.0.1/Source/timers.o
LOAD src/ASF/sam0/utils/cmsis/samd21/source/gcc/startup_samd21.o
LOAD src/ASF/sam0/utils/cmsis/samd21/source/system_samd21.o
LOAD src/ASF/sam0/utils/syscalls/gcc/syscalls.o
LOAD src/ASF/sam0/drivers/system/clock/clock_samd21_r21_da/clock.o
LOAD src/ASF/sam0/drivers/system/clock/clock_samd21_r21_da/gclk.o
LOAD src/ASF/sam0/drivers/system/interrupt/system_interrupt.o
LOAD src/ASF/sam0/drivers/system/system.o
LOAD src/ASF/common/utils/interrupt/interrupt_sam_nvic.o
LOAD src/ASF/sam0/drivers/port/port.o
LOAD src/ASF/sam0/drivers/system/pinmux/pinmux.o
START GROUP
LOAD ../src/ASF/thirdparty/CMSIS/Lib/GCC\libarm_cortexM0l_math.a
LOAD c:/program files (x86)/atmel/atmel toolchain/arm gcc/native/4.8.1443/arm-gnu-toolchain/bin/../lib/gcc/arm-none-eabi/4.8.4/../../../../arm-none-eabi/lib/armv6-m\libm.a
END GROUP
START GROUP
LOAD c:/program files (x86)/atmel/atmel toolchain/arm gcc/native/4.8.1443/arm-gnu-toolchain/bin/../lib/gcc/arm-none-eabi/4.8.4/armv6-m\libgcc.a
LOAD c:/program files (x86)/atmel/atmel toolchain/arm gcc/native/4.8.1443/arm-gnu-toolchain/bin/../lib/gcc/arm-none-eabi/4.8.4/../../../../arm-none-eabi/lib/armv6-m\libc.a
END GROUP
LOAD c:/program files (x86)/atmel/atmel toolchain/arm gcc/native/4.8.1443/arm-gnu-toolchain/bin/../lib/gcc/arm-none-eabi/4.8.4/armv6-m/crtend.o
LOAD c:/program files (x86)/atmel/atmel toolchain/arm gcc/native/4.8.1443/arm-gnu-toolchain/bin/../lib/gcc/arm-none-eabi/4.8.4/armv6-m/crtn.o
                0x00002000                STACK_SIZE = DEFINED (STACK_SIZE)?STACK_SIZE:DEFINED (__stack_size__)?__stack_size__:0x2000

.text           0x00000000     0x4e98
                0x00000000                . = ALIGN (0x4)
                0x00000000                _sfixed = .
 *(.vectors .vectors.*)
 .vectors       0x00000000       0xb0 src/ASF/sam0/utils/cmsis/samd21/source/gcc/startup_samd21.o
                0x00000000                exception_table
 *(.text .text.* .gnu.linkonce.t.*)
 .text          0x000000b0       0x60 c:/program files (x86)/atmel/atmel toolchain/arm gcc/native/4.8.1443/arm-gnu-toolchain/bin/../lib/gcc/arm-none-eabi/4.8.4/armv6-m/crtbegin.o
 .text.irda_communication_task
                0x00000110      0x194 Bastian_freeRTOS-TRACE.o
                0x00000110                irda_communication_task
 .text.timer_irda_ping_callback
                0x000002a4       0xac Bastian_freeRTOS-TRACE.o
                0x000002a4                timer_irda_ping_callback
 .text.get_system_address
                0x00000350       0xc4 Bastian_freeRTOS-TRACE.o
                0x00000350                get_system_address
 .text.main     0x00000414      0x144 Bastian_freeRTOS-TRACE.o
                0x00000414                main
 .text._sercom_get_sync_baud_val
                0x00000558       0x28 src/ASF/sam0/drivers/sercom/sercom.o
                0x00000558                _sercom_get_sync_baud_val
 .text._sercom_get_async_baud_val
                0x00000580      0x1c8 src/ASF/sam0/drivers/sercom/sercom.o
                0x00000580                _sercom_get_async_baud_val
 .text.sercom_set_gclk_generator
                0x00000748       0x68 src/ASF/sam0/drivers/sercom/sercom.o
                0x00000748                sercom_set_gclk_generator
 .text._sercom_get_default_pad
                0x000007b0       0xf0 src/ASF/sam0/drivers/sercom/sercom.o
                0x000007b0                _sercom_get_default_pad
 .text._sercom_get_sercom_inst_index
                0x000008a0       0x48 src/ASF/sam0/drivers/sercom/sercom.o
                0x000008a0                _sercom_get_sercom_inst_index
 .text.irda_master_callback_received
                0x000008e8      0x218 src/Peripherals/bastian_sercom.o
 .text.irda_master_callback_transmitted
                0x00000b00      0x110 src/Peripherals/bastian_sercom.o
 .text.bastian_IrDA_configuration
                0x00000c10       0xf8 src/Peripherals/bastian_sercom.o
                0x00000c10                bastian_IrDA_configuration
 .text.crc_check
                0x00000d08       0x30 src/Peripherals/crc_utility.o
                0x00000d08                crc_check
 .text.crc_generate
                0x00000d38       0x30 src/Peripherals/crc_utility.o
                0x00000d38                crc_generate
 .text.motor_callback_received
                0x00000d68      0x4ec src/Peripherals/ebm_papst_motor.o
 .text.motor_comm_ping_callback
                0x00001254      0x118 src/Peripherals/ebm_papst_motor.o
                0x00001254                motor_comm_ping_callback
 .text.ebp_papst_motor_task_setup
                0x0000136c       0x48 src/Peripherals/ebm_papst_motor.o
                0x0000136c                ebp_papst_motor_task_setup
 .text.motor_enable_TX
                0x000013b4       0x10 src/Peripherals/ebm_papst_motor.o
                0x000013b4                motor_enable_TX
 .text.motor_task
                0x000013c4      0x430 src/Peripherals/ebm_papst_motor.o
                0x000013c4                motor_task
 .text.motor_enable_RX
                0x000017f4       0x10 src/Peripherals/ebm_papst_motor.o
                0x000017f4                motor_enable_RX
 .text.motor_callback_transmitted
                0x00001804       0xe4 src/Peripherals/ebm_papst_motor.o
 .text.motor_disable_A
                0x000018e8       0x10 src/Peripherals/ebm_papst_motor.o
                0x000018e8                motor_disable_A
 .text.ebp_papst_motor_setup
                0x000018f8      0x138 src/Peripherals/ebm_papst_motor.o
                0x000018f8                ebp_papst_motor_setup
 .text._sercom_default_handler
                0x00001a30        0x4 src/ASF/sam0/drivers/sercom/sercom_interrupt.o
 .text._sercom_set_handler
                0x00001a34       0x58 src/ASF/sam0/drivers/sercom/sercom_interrupt.o
                0x00001a34                _sercom_set_handler
 .text._sercom_get_interrupt_vector
                0x00001a8c       0x38 src/ASF/sam0/drivers/sercom/sercom_interrupt.o
                0x00001a8c                _sercom_get_interrupt_vector
 .text.SERCOM0_Handler
                0x00001ac4       0x14 src/ASF/sam0/drivers/sercom/sercom_interrupt.o
                0x00001ac4                SERCOM0_Handler
 .text.SERCOM1_Handler
                0x00001ad8       0x14 src/ASF/sam0/drivers/sercom/sercom_interrupt.o
                0x00001ad8                SERCOM1_Handler
 .text.SERCOM2_Handler
                0x00001aec       0x14 src/ASF/sam0/drivers/sercom/sercom_interrupt.o
                0x00001aec                SERCOM2_Handler
 .text.SERCOM3_Handler
                0x00001b00       0x14 src/ASF/sam0/drivers/sercom/sercom_interrupt.o
                0x00001b00                SERCOM3_Handler
 .text.usart_init
                0x00001b14      0x36c src/ASF/sam0/drivers/sercom/usart/usart.o
                0x00001b14                usart_init
 .text._usart_write_buffer
                0x00001e80       0x58 src/ASF/sam0/drivers/sercom/usart/usart_interrupt.o
                0x00001e80                _usart_write_buffer
 .text._usart_read_buffer
                0x00001ed8       0x6c src/ASF/sam0/drivers/sercom/usart/usart_interrupt.o
                0x00001ed8                _usart_read_buffer
 .text.usart_register_callback
                0x00001f44       0x18 src/ASF/sam0/drivers/sercom/usart/usart_interrupt.o
                0x00001f44                usart_register_callback
 .text.usart_write_buffer_job
                0x00001f5c       0x2c src/ASF/sam0/drivers/sercom/usart/usart_interrupt.o
                0x00001f5c                usart_write_buffer_job
 .text.usart_read_buffer_job
                0x00001f88       0x2c src/ASF/sam0/drivers/sercom/usart/usart_interrupt.o
                0x00001f88                usart_read_buffer_job
 .text.usart_abort_job
                0x00001fb4       0x20 src/ASF/sam0/drivers/sercom/usart/usart_interrupt.o
                0x00001fb4                usart_abort_job
 .text._usart_interrupt_handler
                0x00001fd4      0x1a8 src/ASF/sam0/drivers/sercom/usart/usart_interrupt.o
                0x00001fd4                _usart_interrupt_handler
 .text.vListInitialise
                0x0000217c       0x18 src/ASF/thirdparty/freertos/freertos-8.0.1/Source/list.o
                0x0000217c                vListInitialise
 .text.vListInitialiseItem
                0x00002194        0x8 src/ASF/thirdparty/freertos/freertos-8.0.1/Source/list.o
                0x00002194                vListInitialiseItem
 .text.vListInsertEnd
                0x0000219c       0x18 src/ASF/thirdparty/freertos/freertos-8.0.1/Source/list.o
                0x0000219c                vListInsertEnd
 .text.vListInsert
                0x000021b4       0x30 src/ASF/thirdparty/freertos/freertos-8.0.1/Source/list.o
                0x000021b4                vListInsert
 .text.uxListRemove
                0x000021e4       0x24 src/ASF/thirdparty/freertos/freertos-8.0.1/Source/list.o
                0x000021e4                uxListRemove
 .text.prvTaskExitError
                0x00002208       0x18 src/ASF/thirdparty/freertos/freertos-8.0.1/Source/portable/GCC/ARM_CM0/port.o
 .text.vPortStartFirstTask
                0x00002220       0x20 src/ASF/thirdparty/freertos/freertos-8.0.1/Source/portable/GCC/ARM_CM0/port.o
 .text.pxPortInitialiseStack
                0x00002240       0x24 src/ASF/thirdparty/freertos/freertos-8.0.1/Source/portable/GCC/ARM_CM0/port.o
                0x00002240                pxPortInitialiseStack
 .text.SVC_Handler
                0x00002264        0x4 src/ASF/thirdparty/freertos/freertos-8.0.1/Source/portable/GCC/ARM_CM0/port.o
                0x00002264                SVC_Handler
 .text.vPortYield
                0x00002268       0x18 src/ASF/thirdparty/freertos/freertos-8.0.1/Source/portable/GCC/ARM_CM0/port.o
                0x00002268                vPortYield
 .text.vPortEnterCritical
                0x00002280       0x1c src/ASF/thirdparty/freertos/freertos-8.0.1/Source/portable/GCC/ARM_CM0/port.o
                0x00002280                vPortEnterCritical
 .text.vPortExitCritical
                0x0000229c       0x28 src/ASF/thirdparty/freertos/freertos-8.0.1/Source/portable/GCC/ARM_CM0/port.o
                0x0000229c                vPortExitCritical
 .text.ulSetInterruptMaskFromISR
                0x000022c4        0xc src/ASF/thirdparty/freertos/freertos-8.0.1/Source/portable/GCC/ARM_CM0/port.o
                0x000022c4                ulSetInterruptMaskFromISR
 .text.vClearInterruptMaskFromISR
                0x000022d0        0x8 src/ASF/thirdparty/freertos/freertos-8.0.1/Source/portable/GCC/ARM_CM0/port.o
                0x000022d0                vClearInterruptMaskFromISR
 .text.PendSV_Handler
                0x000022d8       0x44 src/ASF/thirdparty/freertos/freertos-8.0.1/Source/portable/GCC/ARM_CM0/port.o
                0x000022d8                PendSV_Handler
 .text.SysTick_Handler
                0x0000231c       0x44 src/ASF/thirdparty/freertos/freertos-8.0.1/Source/portable/GCC/ARM_CM0/port.o
                0x0000231c                SysTick_Handler
 .text.vPortSetupTimerInterrupt
                0x00002360       0x24 src/ASF/thirdparty/freertos/freertos-8.0.1/Source/portable/GCC/ARM_CM0/port.o
                0x00002360                vPortSetupTimerInterrupt
 .text.xPortStartScheduler
                0x00002384       0x50 src/ASF/thirdparty/freertos/freertos-8.0.1/Source/portable/GCC/ARM_CM0/port.o
                0x00002384                xPortStartScheduler
 .text.pvPortMalloc
                0x000023d4       0x8c src/ASF/thirdparty/freertos/freertos-8.0.1/Source/portable/MemMang/heap_1.o
                0x000023d4                pvPortMalloc
 .text.vPortFree
                0x00002460        0xc src/ASF/thirdparty/freertos/freertos-8.0.1/Source/portable/MemMang/heap_1.o
                0x00002460                vPortFree
 .text.prvCopyDataToQueue
                0x0000246c       0x90 src/ASF/thirdparty/freertos/freertos-8.0.1/Source/queue.o
 .text.prvNotifyQueueSetContainer
                0x000024fc       0x5c src/ASF/thirdparty/freertos/freertos-8.0.1/Source/queue.o
 .text.prvCopyDataFromQueue
                0x00002558       0x38 src/ASF/thirdparty/freertos/freertos-8.0.1/Source/queue.o
 .text.prvUnlockQueue
                0x00002590       0xcc src/ASF/thirdparty/freertos/freertos-8.0.1/Source/queue.o
 .text.xQueueGenericReset
                0x0000265c       0x90 src/ASF/thirdparty/freertos/freertos-8.0.1/Source/queue.o
                0x0000265c                xQueueGenericReset
 .text.xQueueGenericCreate
                0x000026ec       0x68 src/ASF/thirdparty/freertos/freertos-8.0.1/Source/queue.o
                0x000026ec                xQueueGenericCreate
 .text.xQueueGenericSend
                0x00002754      0x1c8 src/ASF/thirdparty/freertos/freertos-8.0.1/Source/queue.o
                0x00002754                xQueueGenericSend
 .text.xQueueGenericSendFromISR
                0x0000291c       0xec src/ASF/thirdparty/freertos/freertos-8.0.1/Source/queue.o
                0x0000291c                xQueueGenericSendFromISR
 .text.xQueueGenericReceive
                0x00002a08      0x1ec src/ASF/thirdparty/freertos/freertos-8.0.1/Source/queue.o
                0x00002a08                xQueueGenericReceive
 .text.vQueueWaitForMessageRestricted
                0x00002bf4       0x60 src/ASF/thirdparty/freertos/freertos-8.0.1/Source/queue.o
                0x00002bf4                vQueueWaitForMessageRestricted
 .text.prvTaskIsTaskSuspended
                0x00002c54       0x34 src/ASF/thirdparty/freertos/freertos-8.0.1/Source/tasks.o
 .text.prvResetNextTaskUnblockTime
                0x00002c88       0x3c src/ASF/thirdparty/freertos/freertos-8.0.1/Source/tasks.o
 .text.prvAddCurrentTaskToDelayedList
                0x00002cc4       0x80 src/ASF/thirdparty/freertos/freertos-8.0.1/Source/tasks.o
 .text.xTaskGenericCreate
                0x00002d44      0x244 src/ASF/thirdparty/freertos/freertos-8.0.1/Source/tasks.o
                0x00002d44                xTaskGenericCreate
 .text.vTaskResume
                0x00002f88       0xac src/ASF/thirdparty/freertos/freertos-8.0.1/Source/tasks.o
                0x00002f88                vTaskResume
 .text.xTaskResumeFromISR
                0x00003034       0xcc src/ASF/thirdparty/freertos/freertos-8.0.1/Source/tasks.o
                0x00003034                xTaskResumeFromISR
 .text.vTaskStartScheduler
                0x00003100       0x78 src/ASF/thirdparty/freertos/freertos-8.0.1/Source/tasks.o
                0x00003100                vTaskStartScheduler
 .text.vTaskSuspendAll
                0x00003178       0x10 src/ASF/thirdparty/freertos/freertos-8.0.1/Source/tasks.o
                0x00003178                vTaskSuspendAll
 .text.xTaskGetTickCount
                0x00003188       0x30 src/ASF/thirdparty/freertos/freertos-8.0.1/Source/tasks.o
                0x00003188                xTaskGetTickCount
 .text.xTaskGetTickCountFromISR
                0x000031b8       0x30 src/ASF/thirdparty/freertos/freertos-8.0.1/Source/tasks.o
                0x000031b8                xTaskGetTickCountFromISR
 .text.xTaskIncrementTick
                0x000031e8      0x18c src/ASF/thirdparty/freertos/freertos-8.0.1/Source/tasks.o
                0x000031e8                xTaskIncrementTick
 .text.xTaskResumeAll
                0x00003374      0x160 src/ASF/thirdparty/freertos/freertos-8.0.1/Source/tasks.o
                0x00003374                xTaskResumeAll
 .text.vTaskDelay
                0x000034d4       0x78 src/ASF/thirdparty/freertos/freertos-8.0.1/Source/tasks.o
                0x000034d4                vTaskDelay
 .text.prvIdleTask
                0x0000354c       0xb8 src/ASF/thirdparty/freertos/freertos-8.0.1/Source/tasks.o
 .text.vTaskSwitchContext
                0x00003604       0xd0 src/ASF/thirdparty/freertos/freertos-8.0.1/Source/tasks.o
                0x00003604                vTaskSwitchContext
 .text.vTaskSuspend
                0x000036d4       0xe8 src/ASF/thirdparty/freertos/freertos-8.0.1/Source/tasks.o
                0x000036d4                vTaskSuspend
 .text.vTaskPlaceOnEventList
                0x000037bc       0x74 src/ASF/thirdparty/freertos/freertos-8.0.1/Source/tasks.o
                0x000037bc                vTaskPlaceOnEventList
 .text.vTaskPlaceOnEventListRestricted
                0x00003830       0x54 src/ASF/thirdparty/freertos/freertos-8.0.1/Source/tasks.o
                0x00003830                vTaskPlaceOnEventListRestricted
 .text.xTaskRemoveFromEventList
                0x00003884       0xb4 src/ASF/thirdparty/freertos/freertos-8.0.1/Source/tasks.o
                0x00003884                xTaskRemoveFromEventList
 .text.vTaskSetTimeOutState
                0x00003938       0x24 src/ASF/thirdparty/freertos/freertos-8.0.1/Source/tasks.o
                0x00003938                vTaskSetTimeOutState
 .text.xTaskCheckForTimeOut
                0x0000395c       0x84 src/ASF/thirdparty/freertos/freertos-8.0.1/Source/tasks.o
                0x0000395c                xTaskCheckForTimeOut
 .text.vTaskMissedYield
                0x000039e0       0x10 src/ASF/thirdparty/freertos/freertos-8.0.1/Source/tasks.o
                0x000039e0                vTaskMissedYield
 .text.xTaskGetCurrentTaskHandle
                0x000039f0       0x14 src/ASF/thirdparty/freertos/freertos-8.0.1/Source/tasks.o
                0x000039f0                xTaskGetCurrentTaskHandle
 .text.xTaskGetSchedulerState
                0x00003a04       0x24 src/ASF/thirdparty/freertos/freertos-8.0.1/Source/tasks.o
                0x00003a04                xTaskGetSchedulerState
 .text.vTaskPriorityInherit
                0x00003a28       0xb0 src/ASF/thirdparty/freertos/freertos-8.0.1/Source/tasks.o
                0x00003a28                vTaskPriorityInherit
 .text.vTaskPriorityDisinherit
                0x00003ad8       0x74 src/ASF/thirdparty/freertos/freertos-8.0.1/Source/tasks.o
                0x00003ad8                vTaskPriorityDisinherit
 .text.prvInsertTimerInActiveList
                0x00003b4c       0x5c src/ASF/thirdparty/freertos/freertos-8.0.1/Source/timers.o
 .text.prvCheckForValidListAndQueue
                0x00003ba8       0x80 src/ASF/thirdparty/freertos/freertos-8.0.1/Source/timers.o
 .text.xTimerCreateTimerTask
                0x00003c28       0x5c src/ASF/thirdparty/freertos/freertos-8.0.1/Source/timers.o
                0x00003c28                xTimerCreateTimerTask
 .text.xTimerCreate
                0x00003c84       0x68 src/ASF/thirdparty/freertos/freertos-8.0.1/Source/timers.o
                0x00003c84                xTimerCreate
 .text.xTimerGenericCommand
                0x00003cec       0x88 src/ASF/thirdparty/freertos/freertos-8.0.1/Source/timers.o
                0x00003cec                xTimerGenericCommand
 .text.prvSampleTimeNow
                0x00003d74       0xe8 src/ASF/thirdparty/freertos/freertos-8.0.1/Source/timers.o
 .text.prvTimerTask
                0x00003e5c      0x200 src/ASF/thirdparty/freertos/freertos-8.0.1/Source/timers.o
 .text.Dummy_Handler
                0x0000405c        0x4 src/ASF/sam0/utils/cmsis/samd21/source/gcc/startup_samd21.o
                0x0000405c                DMAC_Handler
                0x0000405c                HardFault_Handler
                0x0000405c                AC_Handler
                0x0000405c                NMI_Handler
                0x0000405c                ADC_Handler
                0x0000405c                TCC1_Handler
                0x0000405c                TCC0_Handler
                0x0000405c                RTC_Handler
                0x0000405c                EIC_Handler
                0x0000405c                WDT_Handler
                0x0000405c                TC4_Handler
                0x0000405c                USB_Handler
                0x0000405c                TC3_Handler
                0x0000405c                Dummy_Handler
                0x0000405c                PM_Handler
                0x0000405c                TCC2_Handler
                0x0000405c                EVSYS_Handler
                0x0000405c                I2S_Handler
                0x0000405c                NVMCTRL_Handler
                0x0000405c                DAC_Handler
                0x0000405c                PTC_Handler
                0x0000405c                TC5_Handler
                0x0000405c                SYSCTRL_Handler
 .text.Reset_Handler
                0x00004060      0x12c src/ASF/sam0/utils/cmsis/samd21/source/gcc/startup_samd21.o
                0x00004060                Reset_Handler
 .text.system_clock_source_get_hz
                0x0000418c       0xc0 src/ASF/sam0/drivers/system/clock/clock_samd21_r21_da/clock.o
                0x0000418c                system_clock_source_get_hz
 .text.system_clock_source_osc8m_set_config
                0x0000424c       0x3c src/ASF/sam0/drivers/system/clock/clock_samd21_r21_da/clock.o
                0x0000424c                system_clock_source_osc8m_set_config
 .text.system_clock_source_xosc32k_set_config
                0x00004288       0xb8 src/ASF/sam0/drivers/system/clock/clock_samd21_r21_da/clock.o
                0x00004288                system_clock_source_xosc32k_set_config
 .text.system_clock_source_dpll_set_config
                0x00004340       0xb4 src/ASF/sam0/drivers/system/clock/clock_samd21_r21_da/clock.o
                0x00004340                system_clock_source_dpll_set_config
 .text.system_clock_source_enable
                0x000043f4       0xbc src/ASF/sam0/drivers/system/clock/clock_samd21_r21_da/clock.o
                0x000043f4                system_clock_source_enable
 .text.system_clock_source_is_ready
                0x000044b0       0x58 src/ASF/sam0/drivers/system/clock/clock_samd21_r21_da/clock.o
                0x000044b0                system_clock_source_is_ready
 .text.system_clock_init
                0x00004508      0x160 src/ASF/sam0/drivers/system/clock/clock_samd21_r21_da/clock.o
                0x00004508                system_clock_init
 .text.system_gclk_init
                0x00004668       0x24 src/ASF/sam0/drivers/system/clock/clock_samd21_r21_da/gclk.o
                0x00004668                system_gclk_init
 .text.system_gclk_gen_set_config
                0x0000468c       0xd4 src/ASF/sam0/drivers/system/clock/clock_samd21_r21_da/gclk.o
                0x0000468c                system_gclk_gen_set_config
 .text.system_gclk_gen_enable
                0x00004760       0x54 src/ASF/sam0/drivers/system/clock/clock_samd21_r21_da/gclk.o
                0x00004760                system_gclk_gen_enable
 .text.system_gclk_gen_get_hz
                0x000047b4       0xa0 src/ASF/sam0/drivers/system/clock/clock_samd21_r21_da/gclk.o
                0x000047b4                system_gclk_gen_get_hz
 .text.system_gclk_chan_enable
                0x00004854       0x40 src/ASF/sam0/drivers/system/clock/clock_samd21_r21_da/gclk.o
                0x00004854                system_gclk_chan_enable
 .text.system_gclk_chan_disable
                0x00004894       0x6c src/ASF/sam0/drivers/system/clock/clock_samd21_r21_da/gclk.o
                0x00004894                system_gclk_chan_disable
 .text.system_gclk_chan_set_config
                0x00004900       0x2c src/ASF/sam0/drivers/system/clock/clock_samd21_r21_da/gclk.o
                0x00004900                system_gclk_chan_set_config
 .text.system_gclk_chan_get_hz
                0x0000492c       0x48 src/ASF/sam0/drivers/system/clock/clock_samd21_r21_da/gclk.o
                0x0000492c                system_gclk_chan_get_hz
 .text._system_dummy_init
                0x00004974        0x4 src/ASF/sam0/drivers/system/system.o
                0x00004974                _system_extint_init
                0x00004974                system_board_init
                0x00004974                _system_events_init
                0x00004974                _system_dummy_init
                0x00004974                _system_divas_init
 .text.system_init
                0x00004978       0x44 src/ASF/sam0/drivers/system/system.o
                0x00004978                system_init
 .text.cpu_irq_enter_critical
                0x000049bc       0x60 src/ASF/common/utils/interrupt/interrupt_sam_nvic.o
                0x000049bc                cpu_irq_enter_critical
 .text.cpu_irq_leave_critical
                0x00004a1c       0x48 src/ASF/common/utils/interrupt/interrupt_sam_nvic.o
                0x00004a1c                cpu_irq_leave_critical
 .text.port_pin_set_config
                0x00004a64       0x30 src/ASF/sam0/drivers/port/port.o
                0x00004a64                port_pin_set_config
 .text._system_pinmux_config
                0x00004a94       0x8c src/ASF/sam0/drivers/system/pinmux/pinmux.o
 .text.system_pinmux_pin_set_config
                0x00004b20       0x30 src/ASF/sam0/drivers/system/pinmux/pinmux.o
                0x00004b20                system_pinmux_pin_set_config
 .text          0x00004b50       0x14 c:/program files (x86)/atmel/atmel toolchain/arm gcc/native/4.8.1443/arm-gnu-toolchain/bin/../lib/gcc/arm-none-eabi/4.8.4/armv6-m\libgcc.a(_thumb1_case_uqi.o)
                0x00004b50                __gnu_thumb1_case_uqi
 .text          0x00004b64       0x9c c:/program files (x86)/atmel/atmel toolchain/arm gcc/native/4.8.1443/arm-gnu-toolchain/bin/../lib/gcc/arm-none-eabi/4.8.4/armv6-m\libgcc.a(_udivsi3.o)
                0x00004b64                __aeabi_uidiv
                0x00004b64                __udivsi3
                0x00004bec                __aeabi_uidivmod
 .text          0x00004c00        0x4 c:/program files (x86)/atmel/atmel toolchain/arm gcc/native/4.8.1443/arm-gnu-toolchain/bin/../lib/gcc/arm-none-eabi/4.8.4/armv6-m\libgcc.a(_dvmd_tls.o)
                0x00004c00                __aeabi_idiv0
                0x00004c00                __aeabi_ldiv0
 .text          0x00004c04       0x44 c:/program files (x86)/atmel/atmel toolchain/arm gcc/native/4.8.1443/arm-gnu-toolchain/bin/../lib/gcc/arm-none-eabi/4.8.4/armv6-m\libgcc.a(_muldi3.o)
                0x00004c04                __muldi3
                0x00004c04                __aeabi_lmul
 .text.__libc_init_array
                0x00004c48       0x48 c:/program files (x86)/atmel/atmel toolchain/arm gcc/native/4.8.1443/arm-gnu-toolchain/bin/../lib/gcc/arm-none-eabi/4.8.4/../../../../arm-none-eabi/lib/armv6-m\libc.a(lib_a-init.o)
                0x00004c48                __libc_init_array
 .text.memcpy   0x00004c90       0x84 c:/program files (x86)/atmel/atmel toolchain/arm gcc/native/4.8.1443/arm-gnu-toolchain/bin/../lib/gcc/arm-none-eabi/4.8.4/../../../../arm-none-eabi/lib/armv6-m\libc.a(lib_a-memcpy-stub.o)
                0x00004c90                memcpy
 .text.startup.register_fini
                0x00004d14       0x18 c:/program files (x86)/atmel/atmel toolchain/arm gcc/native/4.8.1443/arm-gnu-toolchain/bin/../lib/gcc/arm-none-eabi/4.8.4/../../../../arm-none-eabi/lib/armv6-m\libc.a(lib_a-__call_atexit.o)
 .text.atexit   0x00004d2c       0x10 c:/program files (x86)/atmel/atmel toolchain/arm gcc/native/4.8.1443/arm-gnu-toolchain/bin/../lib/gcc/arm-none-eabi/4.8.4/../../../../arm-none-eabi/lib/armv6-m\libc.a(lib_a-atexit.o)
                0x00004d2c                atexit
 .text.__libc_fini_array
                0x00004d3c       0x30 c:/program files (x86)/atmel/atmel toolchain/arm gcc/native/4.8.1443/arm-gnu-toolchain/bin/../lib/gcc/arm-none-eabi/4.8.4/../../../../arm-none-eabi/lib/armv6-m\libc.a(lib_a-fini.o)
                0x00004d3c                __libc_fini_array
 .text.__register_exitproc
                0x00004d6c       0xc0 c:/program files (x86)/atmel/atmel toolchain/arm gcc/native/4.8.1443/arm-gnu-toolchain/bin/../lib/gcc/arm-none-eabi/4.8.4/../../../../arm-none-eabi/lib/armv6-m\libc.a(lib_a-__atexit.o)
                0x00004d6c                __register_exitproc
 *(.glue_7t)
 .glue_7t       0x00000000        0x0 linker stubs
 *(.glue_7)
 .glue_7        0x00000000        0x0 linker stubs
 *(.rodata .rodata* .gnu.linkonce.r.*)
 .rodata.str1.4
                0x00004e2c        0xd Bastian_freeRTOS-TRACE.o
                                 0x10 (size before relaxing)
 *fill*         0x00004e39        0x3 
 .rodata        0x00004e3c       0x10 src/ASF/sam0/drivers/sercom/sercom.o
 .rodata.str1.4
                0x00004e4c        0x9 src/Peripherals/ebm_papst_motor.o
                                  0xc (size before relaxing)
 *fill*         0x00004e55        0x3 
 .rodata        0x00004e58        0x4 src/ASF/sam0/drivers/sercom/sercom_interrupt.o
 .rodata.str1.4
                0x00004e5c        0x5 src/ASF/thirdparty/freertos/freertos-8.0.1/Source/tasks.o
                                  0x8 (size before relaxing)
 *fill*         0x00004e61        0x3 
 .rodata.str1.4
                0x00004e64        0x8 src/ASF/thirdparty/freertos/freertos-8.0.1/Source/timers.o
 .rodata.str1.4
                0x00004e6c        0x4 c:/program files (x86)/atmel/atmel toolchain/arm gcc/native/4.8.1443/arm-gnu-toolchain/bin/../lib/gcc/arm-none-eabi/4.8.4/../../../../arm-none-eabi/lib/armv6-m\libc.a(lib_a-impure.o)
 .rodata._global_impure_ptr
                0x00004e70        0x4 c:/program files (x86)/atmel/atmel toolchain/arm gcc/native/4.8.1443/arm-gnu-toolchain/bin/../lib/gcc/arm-none-eabi/4.8.4/../../../../arm-none-eabi/lib/armv6-m\libc.a(lib_a-impure.o)
                0x00004e70                _global_impure_ptr
 *(.ARM.extab* .gnu.linkonce.armextab.*)
                0x00004e74                . = ALIGN (0x4)
 *(.init)
 .init          0x00004e74        0x4 c:/program files (x86)/atmel/atmel toolchain/arm gcc/native/4.8.1443/arm-gnu-toolchain/bin/../lib/gcc/arm-none-eabi/4.8.4/armv6-m/crti.o
                0x00004e74                _init
 .init          0x00004e78        0x8 c:/program files (x86)/atmel/atmel toolchain/arm gcc/native/4.8.1443/arm-gnu-toolchain/bin/../lib/gcc/arm-none-eabi/4.8.4/armv6-m/crtn.o
                0x00004e80                . = ALIGN (0x4)
                0x00004e80                __preinit_array_start = .
 *(.preinit_array)
                0x00004e80                __preinit_array_end = .
                0x00004e80                . = ALIGN (0x4)
                0x00004e80                __init_array_start = .
 *(SORT(.init_array.*))
 .init_array.00000
                0x00004e80        0x4 c:/program files (x86)/atmel/atmel toolchain/arm gcc/native/4.8.1443/arm-gnu-toolchain/bin/../lib/gcc/arm-none-eabi/4.8.4/../../../../arm-none-eabi/lib/armv6-m\libc.a(lib_a-__call_atexit.o)
 *(.init_array)
 .init_array    0x00004e84        0x4 c:/program files (x86)/atmel/atmel toolchain/arm gcc/native/4.8.1443/arm-gnu-toolchain/bin/../lib/gcc/arm-none-eabi/4.8.4/armv6-m/crtbegin.o
                0x00004e88                __init_array_end = .
                0x00004e88                . = ALIGN (0x4)
 *crtbegin.o(.ctors)
 *(EXCLUDE_FILE(*crtend.o) .ctors)
 *(SORT(.ctors.*))
 *crtend.o(.ctors)
                0x00004e88                . = ALIGN (0x4)
 *(.fini)
 .fini          0x00004e88        0x4 c:/program files (x86)/atmel/atmel toolchain/arm gcc/native/4.8.1443/arm-gnu-toolchain/bin/../lib/gcc/arm-none-eabi/4.8.4/armv6-m/crti.o
                0x00004e88                _fini
 .fini          0x00004e8c        0x8 c:/program files (x86)/atmel/atmel toolchain/arm gcc/native/4.8.1443/arm-gnu-toolchain/bin/../lib/gcc/arm-none-eabi/4.8.4/armv6-m/crtn.o
                0x00004e94                . = ALIGN (0x4)
                0x00004e94                __fini_array_start = .
 *(.fini_array)
 .fini_array    0x00004e94        0x4 c:/program files (x86)/atmel/atmel toolchain/arm gcc/native/4.8.1443/arm-gnu-toolchain/bin/../lib/gcc/arm-none-eabi/4.8.4/armv6-m/crtbegin.o
 *(SORT(.fini_array.*))
                0x00004e98                __fini_array_end = .
 *crtbegin.o(.dtors)
 *(EXCLUDE_FILE(*crtend.o) .dtors)
 *(SORT(.dtors.*))
 *crtend.o(.dtors)
                0x00004e98                . = ALIGN (0x4)
                0x00004e98                _efixed = .
                0x00004e98                PROVIDE (__exidx_start, .)

.vfp11_veneer   0x00004e98        0x0
 .vfp11_veneer  0x00000000        0x0 linker stubs

.v4_bx          0x00004e98        0x0
 .v4_bx         0x00000000        0x0 linker stubs

.iplt           0x00004e98        0x0
 .iplt          0x00000000        0x0 c:/program files (x86)/atmel/atmel toolchain/arm gcc/native/4.8.1443/arm-gnu-toolchain/bin/../lib/gcc/arm-none-eabi/4.8.4/armv6-m/crtbegin.o

.eh_frame       0x00004e98        0x0
 .eh_frame      0x00004e98        0x0 c:/program files (x86)/atmel/atmel toolchain/arm gcc/native/4.8.1443/arm-gnu-toolchain/bin/../lib/gcc/arm-none-eabi/4.8.4/armv6-m/crtbegin.o

.rel.dyn        0x00004e98        0x0
 .rel.iplt      0x00000000        0x0 c:/program files (x86)/atmel/atmel toolchain/arm gcc/native/4.8.1443/arm-gnu-toolchain/bin/../lib/gcc/arm-none-eabi/4.8.4/armv6-m/crtbegin.o
 .rel.got       0x00000000        0x0 c:/program files (x86)/atmel/atmel toolchain/arm gcc/native/4.8.1443/arm-gnu-toolchain/bin/../lib/gcc/arm-none-eabi/4.8.4/armv6-m/crtbegin.o

.jcr            0x00004e98        0x0
 .jcr           0x00004e98        0x0 c:/program files (x86)/atmel/atmel toolchain/arm gcc/native/4.8.1443/arm-gnu-toolchain/bin/../lib/gcc/arm-none-eabi/4.8.4/armv6-m/crtbegin.o

.igot.plt       0x00004e98        0x0
 .igot.plt      0x00000000        0x0 c:/program files (x86)/atmel/atmel toolchain/arm gcc/native/4.8.1443/arm-gnu-toolchain/bin/../lib/gcc/arm-none-eabi/4.8.4/armv6-m/crtbegin.o

.got            0x00004e98      0x200
 .got           0x00004e98      0x200 c:/program files (x86)/atmel/atmel toolchain/arm gcc/native/4.8.1443/arm-gnu-toolchain/bin/../lib/gcc/arm-none-eabi/4.8.4/armv6-m/crtbegin.o

.got.plt        0x00005098        0xc
 .got.plt       0x00005098        0xc c:/program files (x86)/atmel/atmel toolchain/arm gcc/native/4.8.1443/arm-gnu-toolchain/bin/../lib/gcc/arm-none-eabi/4.8.4/armv6-m/crtbegin.o
                0x00005098                _GLOBAL_OFFSET_TABLE_

.ARM.exidx
 *(.ARM.exidx* .gnu.linkonce.armexidx.*)
                0x000050a4                PROVIDE (__exidx_end, .)
                0x000050a4                . = ALIGN (0x4)
                0x000050a4                _etext = .

.relocate       0x20000000      0x438 load address 0x000050a4
                0x20000000                . = ALIGN (0x4)
                0x20000000                _srelocate = .
 *(.ramfunc .ramfunc.*)
 *(.data .data.*)
 .data          0x20000000        0x4 src/Peripherals/bastian_sercom.o
                0x20000000                lock_allow_main_discovery
 .data          0x20000004        0x4 src/ASF/thirdparty/freertos/freertos-8.0.1/Source/portable/GCC/ARM_CM0/port.o
 .data          0x20000008        0x4 src/ASF/thirdparty/freertos/freertos-8.0.1/Source/tasks.o
 .data          0x2000000c        0x1 src/ASF/common/utils/interrupt/interrupt_sam_nvic.o
                0x2000000c                g_interrupt_enabled
 *fill*         0x2000000d        0x3 
 .data.impure_data
                0x20000010      0x428 c:/program files (x86)/atmel/atmel toolchain/arm gcc/native/4.8.1443/arm-gnu-toolchain/bin/../lib/gcc/arm-none-eabi/4.8.4/../../../../arm-none-eabi/lib/armv6-m\libc.a(lib_a-impure.o)
                0x20000438                . = ALIGN (0x4)
                0x20000438                _erelocate = .

.bss            0x20000438     0x1a18 load address 0x000054dc
                0x20000438                . = ALIGN (0x4)
                0x20000438                _sbss = .
                0x20000438                _szero = .
 *(.bss .bss.*)
 .bss           0x20000438       0x1c c:/program files (x86)/atmel/atmel toolchain/arm gcc/native/4.8.1443/arm-gnu-toolchain/bin/../lib/gcc/arm-none-eabi/4.8.4/armv6-m/crtbegin.o
 .bss           0x20000454       0x14 Bastian_freeRTOS-TRACE.o
                0x20000454                irda_rx_array
                0x2000045c                irda_tx_array
 .bss           0x20000468        0x8 src/ASF/sam0/drivers/sercom/sercom.o
 .bss           0x20000470       0x10 src/Peripherals/bastian_sercom.o
                0x20000470                irda_timed_out
                0x20000474                lock_trace
 .bss           0x20000480       0x1c src/ASF/sam0/drivers/sercom/sercom_interrupt.o
 .bss           0x2000049c     0x1778 src/ASF/thirdparty/freertos/freertos-8.0.1/Source/portable/MemMang/heap_1.o
 .bss           0x20001c14       0xfc src/ASF/thirdparty/freertos/freertos-8.0.1/Source/tasks.o
                0x20001d0c                pxCurrentTCB
 .bss           0x20001d10       0x38 src/ASF/thirdparty/freertos/freertos-8.0.1/Source/timers.o
 .bss           0x20001d48       0x20 src/ASF/sam0/drivers/system/clock/clock_samd21_r21_da/clock.o
 .bss           0x20001d68        0x8 src/ASF/common/utils/interrupt/interrupt_sam_nvic.o
 *(COMMON)
 COMMON         0x20001d70       0x74 Bastian_freeRTOS-TRACE.o
                0x20001d70                slat
                0x20001d71                irda_comm_state
                0x20001d74                ser_master
                0x20001da8                irda_master
                0x20001ddc                timer_IrDA_Ping
                0x20001de0                irda_task_handler
 COMMON         0x20001de4        0x8 src/Peripherals/bastian_sercom.o
                0x20001de4                unlock_count
                0x20001de8                lock_main_discovery_count
 COMMON         0x20001dec       0x54 src/Peripherals/ebm_papst_motor.o
                0x20001dec                timer_motor_comm
                0x20001df0                motor_serial
                0x20001e24                motor
                0x20001e3c                motor_task_handler
 COMMON         0x20001e40       0x10 src/ASF/sam0/drivers/sercom/sercom_interrupt.o
                0x20001e40                _sercom_instances
                0x20001e50                . = ALIGN (0x4)
                0x20001e50                _ebss = .
                0x20001e50                _ezero = .

.stack          0x20001e50     0x2000 load address 0x00006ef4
                0x20001e50                . = ALIGN (0x8)
                0x20001e50                _sstack = .
                0x20003e50                . = (. + STACK_SIZE)
 *fill*         0x20001e50     0x2000 
                0x20003e50                . = ALIGN (0x8)
                0x20003e50                _estack = .
                0x20003e50                . = ALIGN (0x4)
                0x20003e50                _end = .
OUTPUT(Bastian_freeRTOS-TRACE.elf elf32-littlearm)

.ARM.attributes
                0x00000000       0x28
 .ARM.attributes
                0x00000000       0x1e c:/program files (x86)/atmel/atmel toolchain/arm gcc/native/4.8.1443/arm-gnu-toolchain/bin/../lib/gcc/arm-none-eabi/4.8.4/armv6-m/crti.o
 .ARM.attributes
                0x0000001e       0x2c c:/program files (x86)/atmel/atmel toolchain/arm gcc/native/4.8.1443/arm-gnu-toolchain/bin/../lib/gcc/arm-none-eabi/4.8.4/armv6-m/crtbegin.o
 .ARM.attributes
                0x0000004a       0x32 Bastian_freeRTOS-TRACE.o
 .ARM.attributes
                0x0000007c       0x32 src/ASF/sam0/drivers/sercom/sercom.o
 .ARM.attributes
                0x000000ae       0x32 src/Peripherals/bastian_sercom.o
 .ARM.attributes
                0x000000e0       0x32 src/Peripherals/crc_utility.o
 .ARM.attributes
                0x00000112       0x32 src/Peripherals/ebm_papst_motor.o
 .ARM.attributes
                0x00000144       0x32 src/ASF/sam0/drivers/sercom/sercom_interrupt.o
 .ARM.attributes
                0x00000176       0x32 src/ASF/sam0/drivers/sercom/usart/usart.o
 .ARM.attributes
                0x000001a8       0x32 src/ASF/sam0/drivers/sercom/usart/usart_interrupt.o
 .ARM.attributes
                0x000001da       0x32 src/ASF/thirdparty/freertos/freertos-8.0.1/Source/list.o
 .ARM.attributes
                0x0000020c       0x32 src/ASF/thirdparty/freertos/freertos-8.0.1/Source/portable/GCC/ARM_CM0/port.o
 .ARM.attributes
                0x0000023e       0x32 src/ASF/thirdparty/freertos/freertos-8.0.1/Source/portable/MemMang/heap_1.o
 .ARM.attributes
                0x00000270       0x32 src/ASF/thirdparty/freertos/freertos-8.0.1/Source/queue.o
 .ARM.attributes
                0x000002a2       0x32 src/ASF/thirdparty/freertos/freertos-8.0.1/Source/tasks.o
 .ARM.attributes
                0x000002d4       0x32 src/ASF/thirdparty/freertos/freertos-8.0.1/Source/timers.o
 .ARM.attributes
                0x00000306       0x32 src/ASF/sam0/utils/cmsis/samd21/source/gcc/startup_samd21.o
 .ARM.attributes
                0x00000338       0x32 src/ASF/sam0/drivers/system/clock/clock_samd21_r21_da/clock.o
 .ARM.attributes
                0x0000036a       0x32 src/ASF/sam0/drivers/system/clock/clock_samd21_r21_da/gclk.o
 .ARM.attributes
                0x0000039c       0x32 src/ASF/sam0/drivers/system/system.o
 .ARM.attributes
                0x000003ce       0x32 src/ASF/common/utils/interrupt/interrupt_sam_nvic.o
 .ARM.attributes
                0x00000400       0x32 src/ASF/sam0/drivers/port/port.o
 .ARM.attributes
                0x00000432       0x32 src/ASF/sam0/drivers/system/pinmux/pinmux.o
 .ARM.attributes
                0x00000464       0x1e c:/program files (x86)/atmel/atmel toolchain/arm gcc/native/4.8.1443/arm-gnu-toolchain/bin/../lib/gcc/arm-none-eabi/4.8.4/armv6-m\libgcc.a(_thumb1_case_uqi.o)
 .ARM.attributes
                0x00000482       0x1e c:/program files (x86)/atmel/atmel toolchain/arm gcc/native/4.8.1443/arm-gnu-toolchain/bin/../lib/gcc/arm-none-eabi/4.8.4/armv6-m\libgcc.a(_udivsi3.o)
 .ARM.attributes
                0x000004a0       0x1e c:/program files (x86)/atmel/atmel toolchain/arm gcc/native/4.8.1443/arm-gnu-toolchain/bin/../lib/gcc/arm-none-eabi/4.8.4/armv6-m\libgcc.a(_dvmd_tls.o)
 .ARM.attributes
                0x000004be       0x2c c:/program files (x86)/atmel/atmel toolchain/arm gcc/native/4.8.1443/arm-gnu-toolchain/bin/../lib/gcc/arm-none-eabi/4.8.4/armv6-m\libgcc.a(_muldi3.o)
 .ARM.attributes
                0x000004ea       0x2c c:/program files (x86)/atmel/atmel toolchain/arm gcc/native/4.8.1443/arm-gnu-toolchain/bin/../lib/gcc/arm-none-eabi/4.8.4/../../../../arm-none-eabi/lib/armv6-m\libc.a(lib_a-impure.o)
 .ARM.attributes
                0x00000516       0x2c c:/program files (x86)/atmel/atmel toolchain/arm gcc/native/4.8.1443/arm-gnu-toolchain/bin/../lib/gcc/arm-none-eabi/4.8.4/../../../../arm-none-eabi/lib/armv6-m\libc.a(lib_a-init.o)
 .ARM.attributes
                0x00000542       0x2c c:/program files (x86)/atmel/atmel toolchain/arm gcc/native/4.8.1443/arm-gnu-toolchain/bin/../lib/gcc/arm-none-eabi/4.8.4/../../../../arm-none-eabi/lib/armv6-m\libc.a(lib_a-memcpy-stub.o)
 .ARM.attributes
                0x0000056e       0x2c c:/program files (x86)/atmel/atmel toolchain/arm gcc/native/4.8.1443/arm-gnu-toolchain/bin/../lib/gcc/arm-none-eabi/4.8.4/../../../../arm-none-eabi/lib/armv6-m\libc.a(lib_a-__call_atexit.o)
 .ARM.attributes
                0x0000059a       0x2c c:/program files (x86)/atmel/atmel toolchain/arm gcc/native/4.8.1443/arm-gnu-toolchain/bin/../lib/gcc/arm-none-eabi/4.8.4/../../../../arm-none-eabi/lib/armv6-m\libc.a(lib_a-atexit.o)
 .ARM.attributes
                0x000005c6       0x2c c:/program files (x86)/atmel/atmel toolchain/arm gcc/native/4.8.1443/arm-gnu-toolchain/bin/../lib/gcc/arm-none-eabi/4.8.4/../../../../arm-none-eabi/lib/armv6-m\libc.a(lib_a-fini.o)
 .ARM.attributes
                0x000005f2       0x2c c:/program files (x86)/atmel/atmel toolchain/arm gcc/native/4.8.1443/arm-gnu-toolchain/bin/../lib/gcc/arm-none-eabi/4.8.4/../../../../arm-none-eabi/lib/armv6-m\libc.a(lib_a-__atexit.o)
 .ARM.attributes
                0x0000061e       0x1e c:/program files (x86)/atmel/atmel toolchain/arm gcc/native/4.8.1443/arm-gnu-toolchain/bin/../lib/gcc/arm-none-eabi/4.8.4/armv6-m/crtn.o

.comment        0x00000000       0x5b
 .comment       0x00000000       0x5b Bastian_freeRTOS-TRACE.o
                                 0x5c (size before relaxing)
 .comment       0x00000000       0x5c src/ASF/sam0/drivers/sercom/sercom.o
 .comment       0x00000000       0x5c src/Peripherals/bastian_sercom.o
 .comment       0x00000000       0x5c src/Peripherals/crc_utility.o
 .comment       0x00000000       0x5c src/Peripherals/ebm_papst_motor.o
 .comment       0x00000000       0x5c src/ASF/sam0/drivers/sercom/sercom_interrupt.o
 .comment       0x00000000       0x5c src/ASF/sam0/drivers/sercom/usart/usart.o
 .comment       0x00000000       0x5c src/ASF/sam0/drivers/sercom/usart/usart_interrupt.o
 .comment       0x00000000       0x5c src/ASF/thirdparty/freertos/freertos-8.0.1/Source/list.o
 .comment       0x00000000       0x5c src/ASF/thirdparty/freertos/freertos-8.0.1/Source/portable/GCC/ARM_CM0/port.o
 .comment       0x00000000       0x5c src/ASF/thirdparty/freertos/freertos-8.0.1/Source/portable/MemMang/heap_1.o
 .comment       0x00000000       0x5c src/ASF/thirdparty/freertos/freertos-8.0.1/Source/queue.o
 .comment       0x00000000       0x5c src/ASF/thirdparty/freertos/freertos-8.0.1/Source/tasks.o
 .comment       0x00000000       0x5c src/ASF/thirdparty/freertos/freertos-8.0.1/Source/timers.o
 .comment       0x00000000       0x5c src/ASF/sam0/utils/cmsis/samd21/source/gcc/startup_samd21.o
 .comment       0x00000000       0x5c src/ASF/sam0/drivers/system/clock/clock_samd21_r21_da/clock.o
 .comment       0x00000000       0x5c src/ASF/sam0/drivers/system/clock/clock_samd21_r21_da/gclk.o
 .comment       0x00000000       0x5c src/ASF/sam0/drivers/system/system.o
 .comment       0x00000000       0x5c src/ASF/common/utils/interrupt/interrupt_sam_nvic.o
 .comment       0x00000000       0x5c src/ASF/sam0/drivers/port/port.o
 .comment       0x00000000       0x5c src/ASF/sam0/drivers/system/pinmux/pinmux.o

.debug_info     0x00000000    0x246f6
 .debug_info    0x00000000     0x3325 Bastian_freeRTOS-TRACE.o
 .debug_info    0x00003325     0x252e src/ASF/sam0/drivers/sercom/sercom.o
 .debug_info    0x00005853     0x35b6 src/Peripherals/bastian_sercom.o
 .debug_info    0x00008e09     0x234b src/Peripherals/crc_utility.o
 .debug_info    0x0000b154     0x3dca src/Peripherals/ebm_papst_motor.o
 .debug_info    0x0000ef1e     0x22b0 src/ASF/sam0/drivers/sercom/sercom_interrupt.o
 .debug_info    0x000111ce     0x412b src/ASF/sam0/drivers/sercom/usart/usart.o
 .debug_info    0x000152f9     0x2731 src/ASF/sam0/drivers/sercom/usart/usart_interrupt.o
 .debug_info    0x00017a2a      0x2c9 src/ASF/thirdparty/freertos/freertos-8.0.1/Source/list.o
 .debug_info    0x00017cf3      0x2a1 src/ASF/thirdparty/freertos/freertos-8.0.1/Source/portable/GCC/ARM_CM0/port.o
 .debug_info    0x00017f94      0x192 src/ASF/thirdparty/freertos/freertos-8.0.1/Source/portable/MemMang/heap_1.o
 .debug_info    0x00018126     0x115a src/ASF/thirdparty/freertos/freertos-8.0.1/Source/queue.o
 .debug_info    0x00019280     0x141a src/ASF/thirdparty/freertos/freertos-8.0.1/Source/tasks.o
 .debug_info    0x0001a69a      0xbad src/ASF/thirdparty/freertos/freertos-8.0.1/Source/timers.o
 .debug_info    0x0001b247     0x3a64 src/ASF/sam0/utils/cmsis/samd21/source/gcc/startup_samd21.o
 .debug_info    0x0001ecab     0x2f03 src/ASF/sam0/drivers/system/clock/clock_samd21_r21_da/clock.o
 .debug_info    0x00021bae     0x1485 src/ASF/sam0/drivers/system/clock/clock_samd21_r21_da/gclk.o
 .debug_info    0x00023033      0x13a src/ASF/sam0/drivers/system/system.o
 .debug_info    0x0002316d      0x1ea src/ASF/common/utils/interrupt/interrupt_sam_nvic.o
 .debug_info    0x00023357      0x962 src/ASF/sam0/drivers/port/port.o
 .debug_info    0x00023cb9      0xa3d src/ASF/sam0/drivers/system/pinmux/pinmux.o

.debug_abbrev   0x00000000     0x33c1
 .debug_abbrev  0x00000000      0x398 Bastian_freeRTOS-TRACE.o
 .debug_abbrev  0x00000398      0x2de src/ASF/sam0/drivers/sercom/sercom.o
 .debug_abbrev  0x00000676      0x326 src/Peripherals/bastian_sercom.o
 .debug_abbrev  0x0000099c      0x210 src/Peripherals/crc_utility.o
 .debug_abbrev  0x00000bac      0x419 src/Peripherals/ebm_papst_motor.o
 .debug_abbrev  0x00000fc5      0x22b src/ASF/sam0/drivers/sercom/sercom_interrupt.o
 .debug_abbrev  0x000011f0      0x3d6 src/ASF/sam0/drivers/sercom/usart/usart.o
 .debug_abbrev  0x000015c6      0x37a src/ASF/sam0/drivers/sercom/usart/usart_interrupt.o
 .debug_abbrev  0x00001940       0xf8 src/ASF/thirdparty/freertos/freertos-8.0.1/Source/list.o
 .debug_abbrev  0x00001a38      0x18e src/ASF/thirdparty/freertos/freertos-8.0.1/Source/portable/GCC/ARM_CM0/port.o
 .debug_abbrev  0x00001bc6       0xff src/ASF/thirdparty/freertos/freertos-8.0.1/Source/portable/MemMang/heap_1.o
 .debug_abbrev  0x00001cc5      0x26c src/ASF/thirdparty/freertos/freertos-8.0.1/Source/queue.o
 .debug_abbrev  0x00001f31      0x33d src/ASF/thirdparty/freertos/freertos-8.0.1/Source/tasks.o
 .debug_abbrev  0x0000226e      0x2a3 src/ASF/thirdparty/freertos/freertos-8.0.1/Source/timers.o
 .debug_abbrev  0x00002511      0x207 src/ASF/sam0/utils/cmsis/samd21/source/gcc/startup_samd21.o
 .debug_abbrev  0x00002718      0x3b5 src/ASF/sam0/drivers/system/clock/clock_samd21_r21_da/clock.o
 .debug_abbrev  0x00002acd      0x301 src/ASF/sam0/drivers/system/clock/clock_samd21_r21_da/gclk.o
 .debug_abbrev  0x00002dce       0xa8 src/ASF/sam0/drivers/system/system.o
 .debug_abbrev  0x00002e76       0xf3 src/ASF/common/utils/interrupt/interrupt_sam_nvic.o
 .debug_abbrev  0x00002f69      0x1d7 src/ASF/sam0/drivers/port/port.o
 .debug_abbrev  0x00003140      0x281 src/ASF/sam0/drivers/system/pinmux/pinmux.o

.debug_loc      0x00000000     0x7ad0
 .debug_loc     0x00000000      0x235 Bastian_freeRTOS-TRACE.o
 .debug_loc     0x00000235      0x773 src/ASF/sam0/drivers/sercom/sercom.o
 .debug_loc     0x000009a8      0x33f src/Peripherals/bastian_sercom.o
 .debug_loc     0x00000ce7      0x193 src/Peripherals/crc_utility.o
 .debug_loc     0x00000e7a      0x5d0 src/Peripherals/ebm_papst_motor.o
 .debug_loc     0x0000144a      0x170 src/ASF/sam0/drivers/sercom/sercom_interrupt.o
 .debug_loc     0x000015ba      0xedd src/ASF/sam0/drivers/sercom/usart/usart.o
 .debug_loc     0x00002497      0x5e5 src/ASF/sam0/drivers/sercom/usart/usart_interrupt.o
 .debug_loc     0x00002a7c       0x85 src/ASF/thirdparty/freertos/freertos-8.0.1/Source/list.o
 .debug_loc     0x00002b01      0x12b src/ASF/thirdparty/freertos/freertos-8.0.1/Source/portable/GCC/ARM_CM0/port.o
 .debug_loc     0x00002c2c       0x8b src/ASF/thirdparty/freertos/freertos-8.0.1/Source/portable/MemMang/heap_1.o
 .debug_loc     0x00002cb7     0x1525 src/ASF/thirdparty/freertos/freertos-8.0.1/Source/queue.o
 .debug_loc     0x000041dc     0x119c src/ASF/thirdparty/freertos/freertos-8.0.1/Source/tasks.o
 .debug_loc     0x00005378      0x9c8 src/ASF/thirdparty/freertos/freertos-8.0.1/Source/timers.o
 .debug_loc     0x00005d40       0x88 src/ASF/sam0/utils/cmsis/samd21/source/gcc/startup_samd21.o
 .debug_loc     0x00005dc8     0x127f src/ASF/sam0/drivers/system/clock/clock_samd21_r21_da/clock.o
 .debug_loc     0x00007047      0x5af src/ASF/sam0/drivers/system/clock/clock_samd21_r21_da/gclk.o
 .debug_loc     0x000075f6       0x2c src/ASF/sam0/drivers/system/system.o
 .debug_loc     0x00007622       0x5e src/ASF/common/utils/interrupt/interrupt_sam_nvic.o
 .debug_loc     0x00007680      0x16d src/ASF/sam0/drivers/port/port.o
 .debug_loc     0x000077ed      0x2e3 src/ASF/sam0/drivers/system/pinmux/pinmux.o

.debug_aranges  0x00000000      0x798
 .debug_aranges
                0x00000000       0x40 Bastian_freeRTOS-TRACE.o
 .debug_aranges
                0x00000040       0x40 src/ASF/sam0/drivers/sercom/sercom.o
 .debug_aranges
                0x00000080       0x30 src/Peripherals/bastian_sercom.o
 .debug_aranges
                0x000000b0       0x28 src/Peripherals/crc_utility.o
 .debug_aranges
                0x000000d8       0x68 src/Peripherals/ebm_papst_motor.o
 .debug_aranges
                0x00000140       0x50 src/ASF/sam0/drivers/sercom/sercom_interrupt.o
 .debug_aranges
                0x00000190       0x40 src/ASF/sam0/drivers/sercom/usart/usart.o
 .debug_aranges
                0x000001d0       0x70 src/ASF/sam0/drivers/sercom/usart/usart_interrupt.o
 .debug_aranges
                0x00000240       0x40 src/ASF/thirdparty/freertos/freertos-8.0.1/Source/list.o
 .debug_aranges
                0x00000280       0x88 src/ASF/thirdparty/freertos/freertos-8.0.1/Source/portable/GCC/ARM_CM0/port.o
 .debug_aranges
                0x00000308       0x38 src/ASF/thirdparty/freertos/freertos-8.0.1/Source/portable/MemMang/heap_1.o
 .debug_aranges
                0x00000340       0xf0 src/ASF/thirdparty/freertos/freertos-8.0.1/Source/queue.o
 .debug_aranges
                0x00000430      0x130 src/ASF/thirdparty/freertos/freertos-8.0.1/Source/tasks.o
 .debug_aranges
                0x00000560       0x68 src/ASF/thirdparty/freertos/freertos-8.0.1/Source/timers.o
 .debug_aranges
                0x000005c8       0x28 src/ASF/sam0/utils/cmsis/samd21/source/gcc/startup_samd21.o
 .debug_aranges
                0x000005f0       0x78 src/ASF/sam0/drivers/system/clock/clock_samd21_r21_da/clock.o
 .debug_aranges
                0x00000668       0x80 src/ASF/sam0/drivers/system/clock/clock_samd21_r21_da/gclk.o
 .debug_aranges
                0x000006e8       0x28 src/ASF/sam0/drivers/system/system.o
 .debug_aranges
                0x00000710       0x28 src/ASF/common/utils/interrupt/interrupt_sam_nvic.o
 .debug_aranges
                0x00000738       0x28 src/ASF/sam0/drivers/port/port.o
 .debug_aranges
                0x00000760       0x38 src/ASF/sam0/drivers/system/pinmux/pinmux.o

.debug_ranges   0x00000000      0x828
 .debug_ranges  0x00000000       0x30 Bastian_freeRTOS-TRACE.o
 .debug_ranges  0x00000030       0x60 src/ASF/sam0/drivers/sercom/sercom.o
 .debug_ranges  0x00000090       0x20 src/Peripherals/bastian_sercom.o
 .debug_ranges  0x000000b0       0x18 src/Peripherals/crc_utility.o
 .debug_ranges  0x000000c8       0x58 src/Peripherals/ebm_papst_motor.o
 .debug_ranges  0x00000120       0x40 src/ASF/sam0/drivers/sercom/sercom_interrupt.o
 .debug_ranges  0x00000160       0xf8 src/ASF/sam0/drivers/sercom/usart/usart.o
 .debug_ranges  0x00000258       0x60 src/ASF/sam0/drivers/sercom/usart/usart_interrupt.o
 .debug_ranges  0x000002b8       0x30 src/ASF/thirdparty/freertos/freertos-8.0.1/Source/list.o
 .debug_ranges  0x000002e8       0x78 src/ASF/thirdparty/freertos/freertos-8.0.1/Source/portable/GCC/ARM_CM0/port.o
 .debug_ranges  0x00000360       0x28 src/ASF/thirdparty/freertos/freertos-8.0.1/Source/portable/MemMang/heap_1.o
 .debug_ranges  0x00000388       0xe0 src/ASF/thirdparty/freertos/freertos-8.0.1/Source/queue.o
 .debug_ranges  0x00000468      0x1c0 src/ASF/thirdparty/freertos/freertos-8.0.1/Source/tasks.o
 .debug_ranges  0x00000628       0xa0 src/ASF/thirdparty/freertos/freertos-8.0.1/Source/timers.o
 .debug_ranges  0x000006c8       0x18 src/ASF/sam0/utils/cmsis/samd21/source/gcc/startup_samd21.o
 .debug_ranges  0x000006e0       0x68 src/ASF/sam0/drivers/system/clock/clock_samd21_r21_da/clock.o
 .debug_ranges  0x00000748       0x70 src/ASF/sam0/drivers/system/clock/clock_samd21_r21_da/gclk.o
 .debug_ranges  0x000007b8       0x18 src/ASF/sam0/drivers/system/system.o
 .debug_ranges  0x000007d0       0x18 src/ASF/common/utils/interrupt/interrupt_sam_nvic.o
 .debug_ranges  0x000007e8       0x18 src/ASF/sam0/drivers/port/port.o
 .debug_ranges  0x00000800       0x28 src/ASF/sam0/drivers/system/pinmux/pinmux.o

.debug_line     0x00000000     0x61f1
 .debug_line    0x00000000      0x690 Bastian_freeRTOS-TRACE.o
 .debug_line    0x00000690      0x3e7 src/ASF/sam0/drivers/sercom/sercom.o
 .debug_line    0x00000a77      0x698 src/Peripherals/bastian_sercom.o
 .debug_line    0x0000110f      0x3c2 src/Peripherals/crc_utility.o
 .debug_line    0x000014d1      0x8d0 src/Peripherals/ebm_papst_motor.o
 .debug_line    0x00001da1      0x3b0 src/ASF/sam0/drivers/sercom/sercom_interrupt.o
 .debug_line    0x00002151      0x5ef src/ASF/sam0/drivers/sercom/usart/usart.o
 .debug_line    0x00002740      0x4c3 src/ASF/sam0/drivers/sercom/usart/usart_interrupt.o
 .debug_line    0x00002c03      0x27f src/ASF/thirdparty/freertos/freertos-8.0.1/Source/list.o
 .debug_line    0x00002e82      0x2f4 src/ASF/thirdparty/freertos/freertos-8.0.1/Source/portable/GCC/ARM_CM0/port.o
 .debug_line    0x00003176      0x25d src/ASF/thirdparty/freertos/freertos-8.0.1/Source/portable/MemMang/heap_1.o
 .debug_line    0x000033d3      0x794 src/ASF/thirdparty/freertos/freertos-8.0.1/Source/queue.o
 .debug_line    0x00003b67      0x93a src/ASF/thirdparty/freertos/freertos-8.0.1/Source/tasks.o
 .debug_line    0x000044a1      0x39a src/ASF/thirdparty/freertos/freertos-8.0.1/Source/timers.o
 .debug_line    0x0000483b      0x332 src/ASF/sam0/utils/cmsis/samd21/source/gcc/startup_samd21.o
 .debug_line    0x00004b6d      0x5a9 src/ASF/sam0/drivers/system/clock/clock_samd21_r21_da/clock.o
 .debug_line    0x00005116      0x630 src/ASF/sam0/drivers/system/clock/clock_samd21_r21_da/gclk.o
 .debug_line    0x00005746      0x1d2 src/ASF/sam0/drivers/system/system.o
 .debug_line    0x00005918      0x279 src/ASF/common/utils/interrupt/interrupt_sam_nvic.o
 .debug_line    0x00005b91      0x321 src/ASF/sam0/drivers/port/port.o
 .debug_line    0x00005eb2      0x33f src/ASF/sam0/drivers/system/pinmux/pinmux.o

.debug_str      0x00000000     0x6a75
 .debug_str     0x00000000     0x1478 Bastian_freeRTOS-TRACE.o
                               0x15ba (size before relaxing)
 .debug_str     0x00001478      0x386 src/ASF/sam0/drivers/sercom/sercom.o
                               0x10df (size before relaxing)
 .debug_str     0x000017fe      0x9f1 src/Peripherals/bastian_sercom.o
                               0x1e91 (size before relaxing)
 .debug_str     0x000021ef       0x43 src/Peripherals/crc_utility.o
                               0x10c3 (size before relaxing)
 .debug_str     0x00002232      0x191 src/Peripherals/ebm_papst_motor.o
                               0x201f (size before relaxing)
 .debug_str     0x000023c3       0xf6 src/ASF/sam0/drivers/sercom/sercom_interrupt.o
                                0xf4b (size before relaxing)
 .debug_str     0x000024b9      0x6c0 src/ASF/sam0/drivers/sercom/usart/usart.o
                               0x1d94 (size before relaxing)
 .debug_str     0x00002b79      0x199 src/ASF/sam0/drivers/sercom/usart/usart_interrupt.o
                               0x10a5 (size before relaxing)
 .debug_str     0x00002d12      0x165 src/ASF/thirdparty/freertos/freertos-8.0.1/Source/list.o
                                0x30a (size before relaxing)
 .debug_str     0x00002e77      0x194 src/ASF/thirdparty/freertos/freertos-8.0.1/Source/portable/GCC/ARM_CM0/port.o
                                0x370 (size before relaxing)
 .debug_str     0x0000300b       0xd1 src/ASF/thirdparty/freertos/freertos-8.0.1/Source/portable/MemMang/heap_1.o
                                0x272 (size before relaxing)
 .debug_str     0x000030dc      0x51d src/ASF/thirdparty/freertos/freertos-8.0.1/Source/queue.o
                                0x7ca (size before relaxing)
 .debug_str     0x000035f9      0x747 src/ASF/thirdparty/freertos/freertos-8.0.1/Source/tasks.o
                                0xa6f (size before relaxing)
 .debug_str     0x00003d40      0x3aa src/ASF/thirdparty/freertos/freertos-8.0.1/Source/timers.o
                                0x6a9 (size before relaxing)
 .debug_str     0x000040ea     0x100d src/ASF/sam0/utils/cmsis/samd21/source/gcc/startup_samd21.o
                               0x1344 (size before relaxing)
 .debug_str     0x000050f7     0x14bc src/ASF/sam0/drivers/system/clock/clock_samd21_r21_da/clock.o
                               0x201d (size before relaxing)
 .debug_str     0x000065b3      0x285 src/ASF/sam0/drivers/system/clock/clock_samd21_r21_da/gclk.o
                                0xd90 (size before relaxing)
 .debug_str     0x00006838       0x47 src/ASF/sam0/drivers/system/system.o
                                0x2b5 (size before relaxing)
 .debug_str     0x0000687f       0x73 src/ASF/common/utils/interrupt/interrupt_sam_nvic.o
                                0x309 (size before relaxing)
 .debug_str     0x000068f2       0x53 src/ASF/sam0/drivers/port/port.o
                                0x669 (size before relaxing)
 .debug_str     0x00006945      0x130 src/ASF/sam0/drivers/system/pinmux/pinmux.o
                                0x6d1 (size before relaxing)

.debug_frame    0x00000000     0x1600
 .debug_frame   0x00000000       0xa4 Bastian_freeRTOS-TRACE.o
 .debug_frame   0x000000a4       0xa8 src/ASF/sam0/drivers/sercom/sercom.o
 .debug_frame   0x0000014c       0x68 src/Peripherals/bastian_sercom.o
 .debug_frame   0x000001b4       0x44 src/Peripherals/crc_utility.o
 .debug_frame   0x000001f8      0x114 src/Peripherals/ebm_papst_motor.o
 .debug_frame   0x0000030c       0xbc src/ASF/sam0/drivers/sercom/sercom_interrupt.o
 .debug_frame   0x000003c8       0xc4 src/ASF/sam0/drivers/sercom/usart/usart.o
 .debug_frame   0x0000048c      0x130 src/ASF/sam0/drivers/sercom/usart/usart_interrupt.o
 .debug_frame   0x000005bc       0x6c src/ASF/thirdparty/freertos/freertos-8.0.1/Source/list.o
 .debug_frame   0x00000628      0x10c src/ASF/thirdparty/freertos/freertos-8.0.1/Source/portable/GCC/ARM_CM0/port.o
 .debug_frame   0x00000734       0x60 src/ASF/thirdparty/freertos/freertos-8.0.1/Source/portable/MemMang/heap_1.o
 .debug_frame   0x00000794      0x34c src/ASF/thirdparty/freertos/freertos-8.0.1/Source/queue.o
 .debug_frame   0x00000ae0      0x3ec src/ASF/thirdparty/freertos/freertos-8.0.1/Source/tasks.o
 .debug_frame   0x00000ecc      0x144 src/ASF/thirdparty/freertos/freertos-8.0.1/Source/timers.o
 .debug_frame   0x00001010       0x40 src/ASF/sam0/utils/cmsis/samd21/source/gcc/startup_samd21.o
 .debug_frame   0x00001050      0x16c src/ASF/sam0/drivers/system/clock/clock_samd21_r21_da/clock.o
 .debug_frame   0x000011bc      0x180 src/ASF/sam0/drivers/system/clock/clock_samd21_r21_da/gclk.o
 .debug_frame   0x0000133c       0x3c src/ASF/sam0/drivers/system/system.o
 .debug_frame   0x00001378       0x38 src/ASF/common/utils/interrupt/interrupt_sam_nvic.o
 .debug_frame   0x000013b0       0x48 src/ASF/sam0/drivers/port/port.o
 .debug_frame   0x000013f8       0x7c src/ASF/sam0/drivers/system/pinmux/pinmux.o
 .debug_frame   0x00001474       0x20 c:/program files (x86)/atmel/atmel toolchain/arm gcc/native/4.8.1443/arm-gnu-toolchain/bin/../lib/gcc/arm-none-eabi/4.8.4/armv6-m\libgcc.a(_udivsi3.o)
 .debug_frame   0x00001494       0x30 c:/program files (x86)/atmel/atmel toolchain/arm gcc/native/4.8.1443/arm-gnu-toolchain/bin/../lib/gcc/arm-none-eabi/4.8.4/armv6-m\libgcc.a(_muldi3.o)
 .debug_frame   0x000014c4       0x2c c:/program files (x86)/atmel/atmel toolchain/arm gcc/native/4.8.1443/arm-gnu-toolchain/bin/../lib/gcc/arm-none-eabi/4.8.4/../../../../arm-none-eabi/lib/armv6-m\libc.a(lib_a-init.o)
 .debug_frame   0x000014f0       0x30 c:/program files (x86)/atmel/atmel toolchain/arm gcc/native/4.8.1443/arm-gnu-toolchain/bin/../lib/gcc/arm-none-eabi/4.8.4/../../../../arm-none-eabi/lib/armv6-m\libc.a(lib_a-memcpy-stub.o)
 .debug_frame   0x00001520       0x54 c:/program files (x86)/atmel/atmel toolchain/arm gcc/native/4.8.1443/arm-gnu-toolchain/bin/../lib/gcc/arm-none-eabi/4.8.4/../../../../arm-none-eabi/lib/armv6-m\libc.a(lib_a-__call_atexit.o)
 .debug_frame   0x00001574       0x28 c:/program files (x86)/atmel/atmel toolchain/arm gcc/native/4.8.1443/arm-gnu-toolchain/bin/../lib/gcc/arm-none-eabi/4.8.4/../../../../arm-none-eabi/lib/armv6-m\libc.a(lib_a-atexit.o)
 .debug_frame   0x0000159c       0x2c c:/program files (x86)/atmel/atmel toolchain/arm gcc/native/4.8.1443/arm-gnu-toolchain/bin/../lib/gcc/arm-none-eabi/4.8.4/../../../../arm-none-eabi/lib/armv6-m\libc.a(lib_a-fini.o)
 .debug_frame   0x000015c8       0x38 c:/program files (x86)/atmel/atmel toolchain/arm gcc/native/4.8.1443/arm-gnu-toolchain/bin/../lib/gcc/arm-none-eabi/4.8.4/../../../../arm-none-eabi/lib/armv6-m\libc.a(lib_a-__atexit.o)
