Archive member included because of file (symbol)

c:/program files (x86)/atmel/atmel toolchain/arm gcc/native/4.8.1443/arm-gnu-toolchain/bin/../lib/gcc/arm-none-eabi/4.8.4/armv6-m\libgcc.a(_thumb1_case_uqi.o)
                              Bastian_freeRTOS-TRACE.o (__gnu_thumb1_case_uqi)
c:/program files (x86)/atmel/atmel toolchain/arm gcc/native/4.8.1443/arm-gnu-toolchain/bin/../lib/gcc/arm-none-eabi/4.8.4/armv6-m\libgcc.a(_udivsi3.o)
                              src/ASF/sam0/drivers/system/clock/clock_samd21_r21_da/clock.o (__aeabi_uidiv)
c:/program files (x86)/atmel/atmel toolchain/arm gcc/native/4.8.1443/arm-gnu-toolchain/bin/../lib/gcc/arm-none-eabi/4.8.4/armv6-m\libgcc.a(_dvmd_tls.o)
                              c:/program files (x86)/atmel/atmel toolchain/arm gcc/native/4.8.1443/arm-gnu-toolchain/bin/../lib/gcc/arm-none-eabi/4.8.4/armv6-m\libgcc.a(_udivsi3.o) (__aeabi_idiv0)
c:/program files (x86)/atmel/atmel toolchain/arm gcc/native/4.8.1443/arm-gnu-toolchain/bin/../lib/gcc/arm-none-eabi/4.8.4/armv6-m\libgcc.a(_muldi3.o)
                              src/ASF/sam0/drivers/sercom/sercom.o (__aeabi_lmul)
c:/program files (x86)/atmel/atmel toolchain/arm gcc/native/4.8.1443/arm-gnu-toolchain/bin/../lib/gcc/arm-none-eabi/4.8.4/../../../../arm-none-eabi/lib/armv6-m\libc.a(lib_a-exit.o)
                              c:/program files (x86)/atmel/atmel toolchain/arm gcc/native/4.8.1443/arm-gnu-toolchain/bin/../lib/gcc/arm-none-eabi/4.8.4/../../../../arm-none-eabi/lib/armv6-m/crt0.o (exit)
c:/program files (x86)/atmel/atmel toolchain/arm gcc/native/4.8.1443/arm-gnu-toolchain/bin/../lib/gcc/arm-none-eabi/4.8.4/../../../../arm-none-eabi/lib/armv6-m\libc.a(lib_a-impure.o)
                              c:/program files (x86)/atmel/atmel toolchain/arm gcc/native/4.8.1443/arm-gnu-toolchain/bin/../lib/gcc/arm-none-eabi/4.8.4/../../../../arm-none-eabi/lib/armv6-m\libc.a(lib_a-exit.o) (_global_impure_ptr)
c:/program files (x86)/atmel/atmel toolchain/arm gcc/native/4.8.1443/arm-gnu-toolchain/bin/../lib/gcc/arm-none-eabi/4.8.4/../../../../arm-none-eabi/lib/armv6-m\libc.a(lib_a-init.o)
                              c:/program files (x86)/atmel/atmel toolchain/arm gcc/native/4.8.1443/arm-gnu-toolchain/bin/../lib/gcc/arm-none-eabi/4.8.4/../../../../arm-none-eabi/lib/armv6-m/crt0.o (__libc_init_array)
c:/program files (x86)/atmel/atmel toolchain/arm gcc/native/4.8.1443/arm-gnu-toolchain/bin/../lib/gcc/arm-none-eabi/4.8.4/../../../../arm-none-eabi/lib/armv6-m\libc.a(lib_a-memcpy-stub.o)
                              src/ASF/sam0/drivers/sercom/sercom_interrupt.o (memcpy)
c:/program files (x86)/atmel/atmel toolchain/arm gcc/native/4.8.1443/arm-gnu-toolchain/bin/../lib/gcc/arm-none-eabi/4.8.4/../../../../arm-none-eabi/lib/armv6-m\libc.a(lib_a-memset.o)
                              c:/program files (x86)/atmel/atmel toolchain/arm gcc/native/4.8.1443/arm-gnu-toolchain/bin/../lib/gcc/arm-none-eabi/4.8.4/../../../../arm-none-eabi/lib/armv6-m/crt0.o (memset)
c:/program files (x86)/atmel/atmel toolchain/arm gcc/native/4.8.1443/arm-gnu-toolchain/bin/../lib/gcc/arm-none-eabi/4.8.4/../../../../arm-none-eabi/lib/armv6-m\libc.a(lib_a-printf.o)
                              src/ASF/sam0/utils/syscalls/gcc/syscalls.o (printf)
c:/program files (x86)/atmel/atmel toolchain/arm gcc/native/4.8.1443/arm-gnu-toolchain/bin/../lib/gcc/arm-none-eabi/4.8.4/../../../../arm-none-eabi/lib/armv6-m\libc.a(lib_a-vfprintf.o)
                              c:/program files (x86)/atmel/atmel toolchain/arm gcc/native/4.8.1443/arm-gnu-toolchain/bin/../lib/gcc/arm-none-eabi/4.8.4/../../../../arm-none-eabi/lib/armv6-m\libc.a(lib_a-printf.o) (_vfprintf_r)
c:/program files (x86)/atmel/atmel toolchain/arm gcc/native/4.8.1443/arm-gnu-toolchain/bin/../lib/gcc/arm-none-eabi/4.8.4/../../../../arm-none-eabi/lib/armv6-m\libc.a(lib_a-wsetup.o)
                              c:/program files (x86)/atmel/atmel toolchain/arm gcc/native/4.8.1443/arm-gnu-toolchain/bin/../lib/gcc/arm-none-eabi/4.8.4/../../../../arm-none-eabi/lib/armv6-m\libc.a(lib_a-vfprintf.o) (__swsetup_r)
c:/program files (x86)/atmel/atmel toolchain/arm gcc/native/4.8.1443/arm-gnu-toolchain/bin/../lib/gcc/arm-none-eabi/4.8.4/../../../../arm-none-eabi/lib/armv6-m\libc.a(lib_a-__call_atexit.o)
                              c:/program files (x86)/atmel/atmel toolchain/arm gcc/native/4.8.1443/arm-gnu-toolchain/bin/../lib/gcc/arm-none-eabi/4.8.4/../../../../arm-none-eabi/lib/armv6-m\libc.a(lib_a-exit.o) (__call_exitprocs)
c:/program files (x86)/atmel/atmel toolchain/arm gcc/native/4.8.1443/arm-gnu-toolchain/bin/../lib/gcc/arm-none-eabi/4.8.4/../../../../arm-none-eabi/lib/armv6-m\libc.a(lib_a-atexit.o)
                              c:/program files (x86)/atmel/atmel toolchain/arm gcc/native/4.8.1443/arm-gnu-toolchain/bin/../lib/gcc/arm-none-eabi/4.8.4/../../../../arm-none-eabi/lib/armv6-m\libc.a(lib_a-__call_atexit.o) (atexit)
[...]
Memory Configuration

Name             Origin             Length             Attributes
rom              0x00000000         0x00040000         xr
ram              0x20000000         0x00008000         xrw
*default*        0x00000000         0xffffffff

Linker script and memory map

LOAD c:/program files (x86)/atmel/atmel toolchain/arm gcc/native/4.8.1443/arm-gnu-toolchain/bin/../lib/gcc/arm-none-eabi/4.8.4/armv6-m/crti.o
LOAD c:/program files (x86)/atmel/atmel toolchain/arm gcc/native/4.8.1443/arm-gnu-toolchain/bin/../lib/gcc/arm-none-eabi/4.8.4/armv6-m/crtbegin.o
LOAD c:/program files (x86)/atmel/atmel toolchain/arm gcc/native/4.8.1443/arm-gnu-toolchain/bin/../lib/gcc/arm-none-eabi/4.8.4/../../../../arm-none-eabi/lib/armv6-m/crt0.o
LOAD Bastian_freeRTOS-TRACE.o
LOAD src/ASF/sam0/drivers/sercom/sercom.o
LOAD src/Peripherals/bastian_sercom.o
LOAD src/Peripherals/crc_utility.o
LOAD src/Peripherals/ebm_papst_motor.o
LOAD src/ASF/sam0/drivers/sercom/sercom_interrupt.o
LOAD src/ASF/sam0/drivers/sercom/usart/usart.o
LOAD src/ASF/sam0/drivers/sercom/usart/usart_interrupt.o
LOAD src/ASF/thirdparty/freertos/freertos-8.0.1/Source/croutine.o
LOAD src/ASF/thirdparty/freertos/freertos-8.0.1/Source/event_groups.o
LOAD src/ASF/thirdparty/freertos/trace/trcBase.o
LOAD src/ASF/thirdparty/freertos/trace/trcHardwarePort.o
LOAD src/ASF/thirdparty/freertos/trace/trcKernel.o
LOAD src/ASF/thirdparty/freertos/trace/trcKernelPort.o
LOAD src/ASF/thirdparty/freertos/trace/trcUser.o
LOAD src/ASF/thirdparty/freertos/freertos-8.0.1/Source/list.o
LOAD src/ASF/thirdparty/freertos/freertos-8.0.1/Source/portable/GCC/ARM_CM0/port.o
LOAD src/ASF/thirdparty/freertos/freertos-8.0.1/Source/portable/MemMang/heap_1.o
LOAD src/ASF/thirdparty/freertos/freertos-8.0.1/Source/queue.o
LOAD src/ASF/thirdparty/freertos/freertos-8.0.1/Source/tasks.o
LOAD src/ASF/thirdparty/freertos/freertos-8.0.1/Source/timers.o
LOAD src/ASF/sam0/utils/cmsis/samd21/source/gcc/startup_samd21.o
LOAD src/ASF/sam0/utils/cmsis/samd21/source/system_samd21.o
LOAD src/ASF/sam0/utils/syscalls/gcc/syscalls.o
LOAD src/ASF/sam0/drivers/system/clock/clock_samd21_r21_da/clock.o
LOAD src/ASF/sam0/drivers/system/clock/clock_samd21_r21_da/gclk.o
LOAD src/ASF/sam0/drivers/system/interrupt/system_interrupt.o
LOAD src/ASF/sam0/drivers/system/system.o
LOAD src/ASF/common/utils/interrupt/interrupt_sam_nvic.o
LOAD src/ASF/sam0/drivers/port/port.o
LOAD src/ASF/sam0/drivers/system/pinmux/pinmux.o
START GROUP
LOAD ../src/ASF/thirdparty/CMSIS/Lib/GCC\libarm_cortexM0l_math.a
LOAD c:/program files (x86)/atmel/atmel toolchain/arm gcc/native/4.8.1443/arm-gnu-toolchain/bin/../lib/gcc/arm-none-eabi/4.8.4/../../../../arm-none-eabi/lib/armv6-m\libm.a
END GROUP
START GROUP
LOAD c:/program files (x86)/atmel/atmel toolchain/arm gcc/native/4.8.1443/arm-gnu-toolchain/bin/../lib/gcc/arm-none-eabi/4.8.4/armv6-m\libgcc.a
LOAD c:/program files (x86)/atmel/atmel toolchain/arm gcc/native/4.8.1443/arm-gnu-toolchain/bin/../lib/gcc/arm-none-eabi/4.8.4/../../../../arm-none-eabi/lib/armv6-m\libc.a
END GROUP
LOAD c:/program files (x86)/atmel/atmel toolchain/arm gcc/native/4.8.1443/arm-gnu-toolchain/bin/../lib/gcc/arm-none-eabi/4.8.4/armv6-m/crtend.o
LOAD c:/program files (x86)/atmel/atmel toolchain/arm gcc/native/4.8.1443/arm-gnu-toolchain/bin/../lib/gcc/arm-none-eabi/4.8.4/armv6-m/crtn.o
                0x00002000                STACK_SIZE = DEFINED (STACK_SIZE)?STACK_SIZE:DEFINED (__stack_size__)?__stack_size__:0x2000

.text           0x00000000     0x46b8
                0x00000000                . = ALIGN (0x4)
                0x00000000                _sfixed = .
 *(.vectors .vectors.*)
 .vectors       0x00000000       0xb0 src/ASF/sam0/utils/cmsis/samd21/source/gcc/startup_samd21.o
                0x00000000                exception_table
 *(.text .text.* .gnu.linkonce.t.*)
 .text          0x000000b0       0x60 c:/program files (x86)/atmel/atmel toolchain/arm gcc/native/4.8.1443/arm-gnu-toolchain/bin/../lib/gcc/arm-none-eabi/4.8.4/armv6-m/crtbegin.o
 .text.irda_communication_task
                0x00000110      0x194 Bastian_freeRTOS-TRACE.o
                0x00000110                irda_communication_task
 .text.timer_irda_ping_callback
                0x000002a4       0xac Bastian_freeRTOS-TRACE.o
                0x000002a4                timer_irda_ping_callback
 .text.get_system_address
                0x00000350       0xc4 Bastian_freeRTOS-TRACE.o
                0x00000350                get_system_address
 .text.main     0x00000414      0x144 Bastian_freeRTOS-TRACE.o
                0x00000414                main
 .text._sercom_get_sync_baud_val
                0x00000558       0x28 src/ASF/sam0/drivers/sercom/sercom.o
                0x00000558                _sercom_get_sync_baud_val
 .text._sercom_get_async_baud_val
                0x00000580      0x1c8 src/ASF/sam0/drivers/sercom/sercom.o
                0x00000580                _sercom_get_async_baud_val
 .text.sercom_set_gclk_generator
                0x00000748       0x68 src/ASF/sam0/drivers/sercom/sercom.o
                0x00000748                sercom_set_gclk_generator
 .text._sercom_get_default_pad
                0x000007b0       0xf0 src/ASF/sam0/drivers/sercom/sercom.o
                0x000007b0                _sercom_get_default_pad
 .text._sercom_get_sercom_inst_index
                0x000008a0       0x48 src/ASF/sam0/drivers/sercom/sercom.o
                0x000008a0                _sercom_get_sercom_inst_index
 .text.irda_master_callback_received
                0x000008e8      0x218 src/Peripherals/bastian_sercom.o
 .text.irda_master_callback_transmitted
                0x00000b00      0x110 src/Peripherals/bastian_sercom.o
 .text.bastian_IrDA_configuration
                0x00000c10       0xf8 src/Peripherals/bastian_sercom.o
                0x00000c10                bastian_IrDA_configuration
 .text.crc_check
                0x00000d08       0x34 src/Peripherals/crc_utility.o
                0x00000d08                crc_check
 .text.crc_generate
                0x00000d3c       0x30 src/Peripherals/crc_utility.o
                0x00000d3c                crc_generate
 .text.motor_callback_received
                0x00000d6c       0xb8 src/Peripherals/ebm_papst_motor.o
 .text.motor_comm_ping_callback
                0x00000e24       0x94 src/Peripherals/ebm_papst_motor.o
                0x00000e24                motor_comm_ping_callback
 .text.ebp_papst_motor_task_setup
                0x00000eb8       0x48 src/Peripherals/ebm_papst_motor.o
                0x00000eb8                ebp_papst_motor_task_setup
 .text.motor_enable_TX
                0x00000f00       0x10 src/Peripherals/ebm_papst_motor.o
                0x00000f00                motor_enable_TX
 .text.motor_task
                0x00000f10      0x174 src/Peripherals/ebm_papst_motor.o
                0x00000f10                motor_task
 .text.motor_enable_RX
                0x00001084       0x10 src/Peripherals/ebm_papst_motor.o
                0x00001084                motor_enable_RX
 .text.motor_callback_transmitted
                0x00001094       0x74 src/Peripherals/ebm_papst_motor.o
 .text.motor_disable_A
                0x00001108       0x10 src/Peripherals/ebm_papst_motor.o
                0x00001108                motor_disable_A
 .text.ebp_papst_motor_setup
                0x00001118      0x138 src/Peripherals/ebm_papst_motor.o
                0x00001118                ebp_papst_motor_setup
 .text._sercom_default_handler
                0x00001250        0x4 src/ASF/sam0/drivers/sercom/sercom_interrupt.o
 .text._sercom_set_handler
                0x00001254       0x58 src/ASF/sam0/drivers/sercom/sercom_interrupt.o
                0x00001254                _sercom_set_handler
 .text._sercom_get_interrupt_vector
                0x000012ac       0x38 src/ASF/sam0/drivers/sercom/sercom_interrupt.o
                0x000012ac                _sercom_get_interrupt_vector
 .text.SERCOM0_Handler
                0x000012e4       0x14 src/ASF/sam0/drivers/sercom/sercom_interrupt.o
                0x000012e4                SERCOM0_Handler
 .text.SERCOM1_Handler
                0x000012f8       0x14 src/ASF/sam0/drivers/sercom/sercom_interrupt.o
                0x000012f8                SERCOM1_Handler
 .text.SERCOM2_Handler
                0x0000130c       0x14 src/ASF/sam0/drivers/sercom/sercom_interrupt.o
                0x0000130c                SERCOM2_Handler
 .text.SERCOM3_Handler
                0x00001320       0x14 src/ASF/sam0/drivers/sercom/sercom_interrupt.o
                0x00001320                SERCOM3_Handler
 .text.usart_init
                0x00001334      0x36c src/ASF/sam0/drivers/sercom/usart/usart.o
                0x00001334                usart_init
 .text._usart_write_buffer
                0x000016a0       0x58 src/ASF/sam0/drivers/sercom/usart/usart_interrupt.o
                0x000016a0                _usart_write_buffer
 .text._usart_read_buffer
                0x000016f8       0x6c src/ASF/sam0/drivers/sercom/usart/usart_interrupt.o
                0x000016f8                _usart_read_buffer
 .text.usart_register_callback
                0x00001764       0x18 src/ASF/sam0/drivers/sercom/usart/usart_interrupt.o
                0x00001764                usart_register_callback
 .text.usart_write_buffer_job
                0x0000177c       0x2c src/ASF/sam0/drivers/sercom/usart/usart_interrupt.o
                0x0000177c                usart_write_buffer_job
 .text.usart_read_buffer_job
                0x000017a8       0x2c src/ASF/sam0/drivers/sercom/usart/usart_interrupt.o
                0x000017a8                usart_read_buffer_job
 .text.usart_abort_job
                0x000017d4       0x20 src/ASF/sam0/drivers/sercom/usart/usart_interrupt.o
                0x000017d4                usart_abort_job
 .text._usart_interrupt_handler
                0x000017f4      0x1a8 src/ASF/sam0/drivers/sercom/usart/usart_interrupt.o
                0x000017f4                _usart_interrupt_handler
 .text.vListInitialise
                0x0000199c       0x18 src/ASF/thirdparty/freertos/freertos-8.0.1/Source/list.o
                0x0000199c                vListInitialise
 .text.vListInitialiseItem
                0x000019b4        0x8 src/ASF/thirdparty/freertos/freertos-8.0.1/Source/list.o
                0x000019b4                vListInitialiseItem
 .text.vListInsertEnd
                0x000019bc       0x18 src/ASF/thirdparty/freertos/freertos-8.0.1/Source/list.o
                0x000019bc                vListInsertEnd
 .text.vListInsert
                0x000019d4       0x30 src/ASF/thirdparty/freertos/freertos-8.0.1/Source/list.o
                0x000019d4                vListInsert
 .text.uxListRemove
                0x00001a04       0x24 src/ASF/thirdparty/freertos/freertos-8.0.1/Source/list.o
                0x00001a04                uxListRemove
 .text.prvTaskExitError
                0x00001a28       0x18 src/ASF/thirdparty/freertos/freertos-8.0.1/Source/portable/GCC/ARM_CM0/port.o
 .text.vPortStartFirstTask
                0x00001a40       0x20 src/ASF/thirdparty/freertos/freertos-8.0.1/Source/portable/GCC/ARM_CM0/port.o
 .text.pxPortInitialiseStack
                0x00001a60       0x24 src/ASF/thirdparty/freertos/freertos-8.0.1/Source/portable/GCC/ARM_CM0/port.o
                0x00001a60                pxPortInitialiseStack
 .text.SVC_Handler
                0x00001a84        0x4 src/ASF/thirdparty/freertos/freertos-8.0.1/Source/portable/GCC/ARM_CM0/port.o
                0x00001a84                SVC_Handler
 .text.vPortYield
                0x00001a88       0x18 src/ASF/thirdparty/freertos/freertos-8.0.1/Source/portable/GCC/ARM_CM0/port.o
                0x00001a88                vPortYield
 .text.vPortEnterCritical
                0x00001aa0       0x1c src/ASF/thirdparty/freertos/freertos-8.0.1/Source/portable/GCC/ARM_CM0/port.o
                0x00001aa0                vPortEnterCritical
 .text.vPortExitCritical
                0x00001abc       0x28 src/ASF/thirdparty/freertos/freertos-8.0.1/Source/portable/GCC/ARM_CM0/port.o
                0x00001abc                vPortExitCritical
 .text.ulSetInterruptMaskFromISR
                0x00001ae4        0xc src/ASF/thirdparty/freertos/freertos-8.0.1/Source/portable/GCC/ARM_CM0/port.o
                0x00001ae4                ulSetInterruptMaskFromISR
 .text.vClearInterruptMaskFromISR
                0x00001af0        0x8 src/ASF/thirdparty/freertos/freertos-8.0.1/Source/portable/GCC/ARM_CM0/port.o
                0x00001af0                vClearInterruptMaskFromISR
 .text.PendSV_Handler
                0x00001af8       0x44 src/ASF/thirdparty/freertos/freertos-8.0.1/Source/portable/GCC/ARM_CM0/port.o
                0x00001af8                PendSV_Handler
 .text.SysTick_Handler
                0x00001b3c       0x44 src/ASF/thirdparty/freertos/freertos-8.0.1/Source/portable/GCC/ARM_CM0/port.o
                0x00001b3c                SysTick_Handler
 .text.vPortSetupTimerInterrupt
                0x00001b80       0x24 src/ASF/thirdparty/freertos/freertos-8.0.1/Source/portable/GCC/ARM_CM0/port.o
                0x00001b80                vPortSetupTimerInterrupt
 .text.xPortStartScheduler
                0x00001ba4       0x50 src/ASF/thirdparty/freertos/freertos-8.0.1/Source/portable/GCC/ARM_CM0/port.o
                0x00001ba4                xPortStartScheduler
 .text.pvPortMalloc
                0x00001bf4       0x8c src/ASF/thirdparty/freertos/freertos-8.0.1/Source/portable/MemMang/heap_1.o
                0x00001bf4                pvPortMalloc
 .text.vPortFree
                0x00001c80        0xc src/ASF/thirdparty/freertos/freertos-8.0.1/Source/portable/MemMang/heap_1.o
                0x00001c80                vPortFree
 .text.prvCopyDataToQueue
                0x00001c8c       0x90 src/ASF/thirdparty/freertos/freertos-8.0.1/Source/queue.o
 .text.prvNotifyQueueSetContainer
                0x00001d1c       0x5c src/ASF/thirdparty/freertos/freertos-8.0.1/Source/queue.o
 .text.prvCopyDataFromQueue
                0x00001d78       0x38 src/ASF/thirdparty/freertos/freertos-8.0.1/Source/queue.o
 .text.prvUnlockQueue
                0x00001db0       0xcc src/ASF/thirdparty/freertos/freertos-8.0.1/Source/queue.o
 .text.xQueueGenericReset
                0x00001e7c       0x90 src/ASF/thirdparty/freertos/freertos-8.0.1/Source/queue.o
                0x00001e7c                xQueueGenericReset
 .text.xQueueGenericCreate
                0x00001f0c       0x68 src/ASF/thirdparty/freertos/freertos-8.0.1/Source/queue.o
                0x00001f0c                xQueueGenericCreate
 .text.xQueueGenericSend
                0x00001f74      0x1c8 src/ASF/thirdparty/freertos/freertos-8.0.1/Source/queue.o
                0x00001f74                xQueueGenericSend
 .text.xQueueGenericSendFromISR
                0x0000213c       0xec src/ASF/thirdparty/freertos/freertos-8.0.1/Source/queue.o
                0x0000213c                xQueueGenericSendFromISR
 .text.xQueueGenericReceive
                0x00002228      0x1ec src/ASF/thirdparty/freertos/freertos-8.0.1/Source/queue.o
                0x00002228                xQueueGenericReceive
 .text.vQueueWaitForMessageRestricted
                0x00002414       0x60 src/ASF/thirdparty/freertos/freertos-8.0.1/Source/queue.o
                0x00002414                vQueueWaitForMessageRestricted
 .text.prvTaskIsTaskSuspended
                0x00002474       0x34 src/ASF/thirdparty/freertos/freertos-8.0.1/Source/tasks.o
 .text.prvResetNextTaskUnblockTime
                0x000024a8       0x3c src/ASF/thirdparty/freertos/freertos-8.0.1/Source/tasks.o
 .text.prvAddCurrentTaskToDelayedList
                0x000024e4       0x80 src/ASF/thirdparty/freertos/freertos-8.0.1/Source/tasks.o
 .text.xTaskGenericCreate
                0x00002564      0x244 src/ASF/thirdparty/freertos/freertos-8.0.1/Source/tasks.o
                0x00002564                xTaskGenericCreate
 .text.vTaskResume
                0x000027a8       0xac src/ASF/thirdparty/freertos/freertos-8.0.1/Source/tasks.o
                0x000027a8                vTaskResume
 .text.xTaskResumeFromISR
                0x00002854       0xcc src/ASF/thirdparty/freertos/freertos-8.0.1/Source/tasks.o
                0x00002854                xTaskResumeFromISR
 .text.vTaskStartScheduler
                0x00002920       0x78 src/ASF/thirdparty/freertos/freertos-8.0.1/Source/tasks.o
                0x00002920                vTaskStartScheduler
 .text.vTaskSuspendAll
                0x00002998       0x10 src/ASF/thirdparty/freertos/freertos-8.0.1/Source/tasks.o
                0x00002998                vTaskSuspendAll
 .text.xTaskGetTickCount
                0x000029a8       0x30 src/ASF/thirdparty/freertos/freertos-8.0.1/Source/tasks.o
                0x000029a8                xTaskGetTickCount
 .text.xTaskGetTickCountFromISR
                0x000029d8       0x30 src/ASF/thirdparty/freertos/freertos-8.0.1/Source/tasks.o
                0x000029d8                xTaskGetTickCountFromISR
 .text.xTaskIncrementTick
                0x00002a08      0x18c src/ASF/thirdparty/freertos/freertos-8.0.1/Source/tasks.o
                0x00002a08                xTaskIncrementTick
 .text.xTaskResumeAll
                0x00002b94      0x160 src/ASF/thirdparty/freertos/freertos-8.0.1/Source/tasks.o
                0x00002b94                xTaskResumeAll
 .text.vTaskDelay
                0x00002cf4       0x78 src/ASF/thirdparty/freertos/freertos-8.0.1/Source/tasks.o
                0x00002cf4                vTaskDelay
 .text.prvIdleTask
                0x00002d6c       0xb8 src/ASF/thirdparty/freertos/freertos-8.0.1/Source/tasks.o
 .text.vTaskSwitchContext
                0x00002e24       0xd0 src/ASF/thirdparty/freertos/freertos-8.0.1/Source/tasks.o
                0x00002e24                vTaskSwitchContext
 .text.vTaskSuspend
                0x00002ef4       0xe8 src/ASF/thirdparty/freertos/freertos-8.0.1/Source/tasks.o
                0x00002ef4                vTaskSuspend
 .text.vTaskPlaceOnEventList
                0x00002fdc       0x74 src/ASF/thirdparty/freertos/freertos-8.0.1/Source/tasks.o
                0x00002fdc                vTaskPlaceOnEventList
 .text.vTaskPlaceOnEventListRestricted
                0x00003050       0x54 src/ASF/thirdparty/freertos/freertos-8.0.1/Source/tasks.o
                0x00003050                vTaskPlaceOnEventListRestricted
 .text.xTaskRemoveFromEventList
                0x000030a4       0xb4 src/ASF/thirdparty/freertos/freertos-8.0.1/Source/tasks.o
                0x000030a4                xTaskRemoveFromEventList
 .text.vTaskSetTimeOutState
                0x00003158       0x24 src/ASF/thirdparty/freertos/freertos-8.0.1/Source/tasks.o
                0x00003158                vTaskSetTimeOutState
 .text.xTaskCheckForTimeOut
                0x0000317c       0x84 src/ASF/thirdparty/freertos/freertos-8.0.1/Source/tasks.o
                0x0000317c                xTaskCheckForTimeOut
 .text.vTaskMissedYield
                0x00003200       0x10 src/ASF/thirdparty/freertos/freertos-8.0.1/Source/tasks.o
                0x00003200                vTaskMissedYield
 .text.xTaskGetCurrentTaskHandle
                0x00003210       0x14 src/ASF/thirdparty/freertos/freertos-8.0.1/Source/tasks.o
                0x00003210                xTaskGetCurrentTaskHandle
 .text.xTaskGetSchedulerState
                0x00003224       0x24 src/ASF/thirdparty/freertos/freertos-8.0.1/Source/tasks.o
                0x00003224                xTaskGetSchedulerState
 .text.vTaskPriorityInherit
                0x00003248       0xb0 src/ASF/thirdparty/freertos/freertos-8.0.1/Source/tasks.o
                0x00003248                vTaskPriorityInherit
 .text.vTaskPriorityDisinherit
                0x000032f8       0x74 src/ASF/thirdparty/freertos/freertos-8.0.1/Source/tasks.o
                0x000032f8                vTaskPriorityDisinherit
 .text.prvInsertTimerInActiveList
                0x0000336c       0x5c src/ASF/thirdparty/freertos/freertos-8.0.1/Source/timers.o
 .text.prvCheckForValidListAndQueue
                0x000033c8       0x80 src/ASF/thirdparty/freertos/freertos-8.0.1/Source/timers.o
 .text.xTimerCreateTimerTask
                0x00003448       0x5c src/ASF/thirdparty/freertos/freertos-8.0.1/Source/timers.o
                0x00003448                xTimerCreateTimerTask
 .text.xTimerCreate
                0x000034a4       0x68 src/ASF/thirdparty/freertos/freertos-8.0.1/Source/timers.o
                0x000034a4                xTimerCreate
 .text.xTimerGenericCommand
                0x0000350c       0x88 src/ASF/thirdparty/freertos/freertos-8.0.1/Source/timers.o
                0x0000350c                xTimerGenericCommand
 .text.prvSampleTimeNow
                0x00003594       0xe8 src/ASF/thirdparty/freertos/freertos-8.0.1/Source/timers.o
 .text.prvTimerTask
                0x0000367c      0x200 src/ASF/thirdparty/freertos/freertos-8.0.1/Source/timers.o
 .text.Dummy_Handler
                0x0000387c        0x4 src/ASF/sam0/utils/cmsis/samd21/source/gcc/startup_samd21.o
                0x0000387c                DMAC_Handler
                0x0000387c                HardFault_Handler
                0x0000387c                AC_Handler
                0x0000387c                NMI_Handler
                0x0000387c                ADC_Handler
                0x0000387c                TCC1_Handler
                0x0000387c                TCC0_Handler
                0x0000387c                RTC_Handler
                0x0000387c                EIC_Handler
                0x0000387c                WDT_Handler
                0x0000387c                TC4_Handler
                0x0000387c                USB_Handler
                0x0000387c                TC3_Handler
                0x0000387c                Dummy_Handler
                0x0000387c                PM_Handler
                0x0000387c                TCC2_Handler
                0x0000387c                EVSYS_Handler
                0x0000387c                I2S_Handler
                0x0000387c                NVMCTRL_Handler
                0x0000387c                DAC_Handler
                0x0000387c                PTC_Handler
                0x0000387c                TC5_Handler
                0x0000387c                SYSCTRL_Handler
 .text.Reset_Handler
                0x00003880      0x12c src/ASF/sam0/utils/cmsis/samd21/source/gcc/startup_samd21.o
                0x00003880                Reset_Handler
 .text.system_clock_source_get_hz
                0x000039ac       0xc0 src/ASF/sam0/drivers/system/clock/clock_samd21_r21_da/clock.o
                0x000039ac                system_clock_source_get_hz
 .text.system_clock_source_osc8m_set_config
                0x00003a6c       0x3c src/ASF/sam0/drivers/system/clock/clock_samd21_r21_da/clock.o
                0x00003a6c                system_clock_source_osc8m_set_config
 .text.system_clock_source_xosc32k_set_config
                0x00003aa8       0xb8 src/ASF/sam0/drivers/system/clock/clock_samd21_r21_da/clock.o
                0x00003aa8                system_clock_source_xosc32k_set_config
 .text.system_clock_source_dpll_set_config
                0x00003b60       0xb4 src/ASF/sam0/drivers/system/clock/clock_samd21_r21_da/clock.o
                0x00003b60                system_clock_source_dpll_set_config
 .text.system_clock_source_enable
                0x00003c14       0xbc src/ASF/sam0/drivers/system/clock/clock_samd21_r21_da/clock.o
                0x00003c14                system_clock_source_enable
 .text.system_clock_source_is_ready
                0x00003cd0       0x58 src/ASF/sam0/drivers/system/clock/clock_samd21_r21_da/clock.o
                0x00003cd0                system_clock_source_is_ready
 .text.system_clock_init
                0x00003d28      0x160 src/ASF/sam0/drivers/system/clock/clock_samd21_r21_da/clock.o
                0x00003d28                system_clock_init
 .text.system_gclk_init
                0x00003e88       0x24 src/ASF/sam0/drivers/system/clock/clock_samd21_r21_da/gclk.o
                0x00003e88                system_gclk_init
 .text.system_gclk_gen_set_config
                0x00003eac       0xd4 src/ASF/sam0/drivers/system/clock/clock_samd21_r21_da/gclk.o
                0x00003eac                system_gclk_gen_set_config
 .text.system_gclk_gen_enable
                0x00003f80       0x54 src/ASF/sam0/drivers/system/clock/clock_samd21_r21_da/gclk.o
                0x00003f80                system_gclk_gen_enable
 .text.system_gclk_gen_get_hz
                0x00003fd4       0xa0 src/ASF/sam0/drivers/system/clock/clock_samd21_r21_da/gclk.o
                0x00003fd4                system_gclk_gen_get_hz
 .text.system_gclk_chan_enable
                0x00004074       0x40 src/ASF/sam0/drivers/system/clock/clock_samd21_r21_da/gclk.o
                0x00004074                system_gclk_chan_enable
 .text.system_gclk_chan_disable
                0x000040b4       0x6c src/ASF/sam0/drivers/system/clock/clock_samd21_r21_da/gclk.o
                0x000040b4                system_gclk_chan_disable
 .text.system_gclk_chan_set_config
                0x00004120       0x2c src/ASF/sam0/drivers/system/clock/clock_samd21_r21_da/gclk.o
                0x00004120                system_gclk_chan_set_config
 .text.system_gclk_chan_get_hz
                0x0000414c       0x48 src/ASF/sam0/drivers/system/clock/clock_samd21_r21_da/gclk.o
                0x0000414c                system_gclk_chan_get_hz
 .text._system_dummy_init
                0x00004194        0x4 src/ASF/sam0/drivers/system/system.o
                0x00004194                _system_extint_init
                0x00004194                system_board_init
                0x00004194                _system_events_init
                0x00004194                _system_dummy_init
                0x00004194                _system_divas_init
 .text.system_init
                0x00004198       0x44 src/ASF/sam0/drivers/system/system.o
                0x00004198                system_init
 .text.cpu_irq_enter_critical
                0x000041dc       0x60 src/ASF/common/utils/interrupt/interrupt_sam_nvic.o
                0x000041dc                cpu_irq_enter_critical
 .text.cpu_irq_leave_critical
                0x0000423c       0x48 src/ASF/common/utils/interrupt/interrupt_sam_nvic.o
                0x0000423c                cpu_irq_leave_critical
 .text.port_pin_set_config
                0x00004284       0x30 src/ASF/sam0/drivers/port/port.o
                0x00004284                port_pin_set_config
 .text._system_pinmux_config
                0x000042b4       0x8c src/ASF/sam0/drivers/system/pinmux/pinmux.o
 .text.system_pinmux_pin_set_config
                0x00004340       0x30 src/ASF/sam0/drivers/system/pinmux/pinmux.o
                0x00004340                system_pinmux_pin_set_config
 .text          0x00004370       0x14 c:/program files (x86)/atmel/atmel toolchain/arm gcc/native/4.8.1443/arm-gnu-toolchain/bin/../lib/gcc/arm-none-eabi/4.8.4/armv6-m\libgcc.a(_thumb1_case_uqi.o)
                0x00004370                __gnu_thumb1_case_uqi
 .text          0x00004384       0x9c c:/program files (x86)/atmel/atmel toolchain/arm gcc/native/4.8.1443/arm-gnu-toolchain/bin/../lib/gcc/arm-none-eabi/4.8.4/armv6-m\libgcc.a(_udivsi3.o)
                0x00004384                __aeabi_uidiv
                0x00004384                __udivsi3
                0x0000440c                __aeabi_uidivmod
 .text          0x00004420        0x4 c:/program files (x86)/atmel/atmel toolchain/arm gcc/native/4.8.1443/arm-gnu-toolchain/bin/../lib/gcc/arm-none-eabi/4.8.4/armv6-m\libgcc.a(_dvmd_tls.o)
                0x00004420                __aeabi_idiv0
                0x00004420                __aeabi_ldiv0
 .text          0x00004424       0x44 c:/program files (x86)/atmel/atmel toolchain/arm gcc/native/4.8.1443/arm-gnu-toolchain/bin/../lib/gcc/arm-none-eabi/4.8.4/armv6-m\libgcc.a(_muldi3.o)
                0x00004424                __muldi3
                0x00004424                __aeabi_lmul
 .text.__libc_init_array
                0x00004468       0x48 c:/program files (x86)/atmel/atmel toolchain/arm gcc/native/4.8.1443/arm-gnu-toolchain/bin/../lib/gcc/arm-none-eabi/4.8.4/../../../../arm-none-eabi/lib/armv6-m\libc.a(lib_a-init.o)
                0x00004468                __libc_init_array
 .text.memcpy   0x000044b0       0x84 c:/program files (x86)/atmel/atmel toolchain/arm gcc/native/4.8.1443/arm-gnu-toolchain/bin/../lib/gcc/arm-none-eabi/4.8.4/../../../../arm-none-eabi/lib/armv6-m\libc.a(lib_a-memcpy-stub.o)
                0x000044b0                memcpy
 .text.startup.register_fini
                0x00004534       0x18 c:/program files (x86)/atmel/atmel toolchain/arm gcc/native/4.8.1443/arm-gnu-toolchain/bin/../lib/gcc/arm-none-eabi/4.8.4/../../../../arm-none-eabi/lib/armv6-m\libc.a(lib_a-__call_atexit.o)
 .text.atexit   0x0000454c       0x10 c:/program files (x86)/atmel/atmel toolchain/arm gcc/native/4.8.1443/arm-gnu-toolchain/bin/../lib/gcc/arm-none-eabi/4.8.4/../../../../arm-none-eabi/lib/armv6-m\libc.a(lib_a-atexit.o)
                0x0000454c                atexit
 .text.__libc_fini_array
                0x0000455c       0x30 c:/program files (x86)/atmel/atmel toolchain/arm gcc/native/4.8.1443/arm-gnu-toolchain/bin/../lib/gcc/arm-none-eabi/4.8.4/../../../../arm-none-eabi/lib/armv6-m\libc.a(lib_a-fini.o)
                0x0000455c                __libc_fini_array
 .text.__register_exitproc
                0x0000458c       0xc0 c:/program files (x86)/atmel/atmel toolchain/arm gcc/native/4.8.1443/arm-gnu-toolchain/bin/../lib/gcc/arm-none-eabi/4.8.4/../../../../arm-none-eabi/lib/armv6-m\libc.a(lib_a-__atexit.o)
                0x0000458c                __register_exitproc
 *(.glue_7t)
 .glue_7t       0x00000000        0x0 linker stubs
 *(.glue_7)
 .glue_7        0x00000000        0x0 linker stubs
 *(.rodata .rodata* .gnu.linkonce.r.*)
 .rodata.str1.4
                0x0000464c        0xd Bastian_freeRTOS-TRACE.o
                                 0x10 (size before relaxing)
 *fill*         0x00004659        0x3 
 .rodata        0x0000465c       0x10 src/ASF/sam0/drivers/sercom/sercom.o
 .rodata.str1.4
                0x0000466c        0x9 src/Peripherals/ebm_papst_motor.o
                                  0xc (size before relaxing)
 *fill*         0x00004675        0x3 
 .rodata        0x00004678        0x4 src/ASF/sam0/drivers/sercom/sercom_interrupt.o
 .rodata.str1.4
                0x0000467c        0x5 src/ASF/thirdparty/freertos/freertos-8.0.1/Source/tasks.o
                                  0x8 (size before relaxing)
 *fill*         0x00004681        0x3 
 .rodata.str1.4
                0x00004684        0x8 src/ASF/thirdparty/freertos/freertos-8.0.1/Source/timers.o
 .rodata.str1.4
                0x0000468c        0x4 c:/program files (x86)/atmel/atmel toolchain/arm gcc/native/4.8.1443/arm-gnu-toolchain/bin/../lib/gcc/arm-none-eabi/4.8.4/../../../../arm-none-eabi/lib/armv6-m\libc.a(lib_a-impure.o)
 .rodata._global_impure_ptr
                0x00004690        0x4 c:/program files (x86)/atmel/atmel toolchain/arm gcc/native/4.8.1443/arm-gnu-toolchain/bin/../lib/gcc/arm-none-eabi/4.8.4/../../../../arm-none-eabi/lib/armv6-m\libc.a(lib_a-impure.o)
                0x00004690                _global_impure_ptr
 *(.ARM.extab* .gnu.linkonce.armextab.*)
                0x00004694                . = ALIGN (0x4)
 *(.init)
 .init          0x00004694        0x4 c:/program files (x86)/atmel/atmel toolchain/arm gcc/native/4.8.1443/arm-gnu-toolchain/bin/../lib/gcc/arm-none-eabi/4.8.4/armv6-m/crti.o
                0x00004694                _init
 .init          0x00004698        0x8 c:/program files (x86)/atmel/atmel toolchain/arm gcc/native/4.8.1443/arm-gnu-toolchain/bin/../lib/gcc/arm-none-eabi/4.8.4/armv6-m/crtn.o
                0x000046a0                . = ALIGN (0x4)
                0x000046a0                __preinit_array_start = .
 *(.preinit_array)
                0x000046a0                __preinit_array_end = .
                0x000046a0                . = ALIGN (0x4)
                0x000046a0                __init_array_start = .
 *(SORT(.init_array.*))
 .init_array.00000
                0x000046a0        0x4 c:/program files (x86)/atmel/atmel toolchain/arm gcc/native/4.8.1443/arm-gnu-toolchain/bin/../lib/gcc/arm-none-eabi/4.8.4/../../../../arm-none-eabi/lib/armv6-m\libc.a(lib_a-__call_atexit.o)
 *(.init_array)
 .init_array    0x000046a4        0x4 c:/program files (x86)/atmel/atmel toolchain/arm gcc/native/4.8.1443/arm-gnu-toolchain/bin/../lib/gcc/arm-none-eabi/4.8.4/armv6-m/crtbegin.o
                0x000046a8                __init_array_end = .
                0x000046a8                . = ALIGN (0x4)
 *crtbegin.o(.ctors)
 *(EXCLUDE_FILE(*crtend.o) .ctors)
 *(SORT(.ctors.*))
 *crtend.o(.ctors)
                0x000046a8                . = ALIGN (0x4)
 *(.fini)
 .fini          0x000046a8        0x4 c:/program files (x86)/atmel/atmel toolchain/arm gcc/native/4.8.1443/arm-gnu-toolchain/bin/../lib/gcc/arm-none-eabi/4.8.4/armv6-m/crti.o
                0x000046a8                _fini
 .fini          0x000046ac        0x8 c:/program files (x86)/atmel/atmel toolchain/arm gcc/native/4.8.1443/arm-gnu-toolchain/bin/../lib/gcc/arm-none-eabi/4.8.4/armv6-m/crtn.o
                0x000046b4                . = ALIGN (0x4)
                0x000046b4                __fini_array_start = .
 *(.fini_array)
 .fini_array    0x000046b4        0x4 c:/program files (x86)/atmel/atmel toolchain/arm gcc/native/4.8.1443/arm-gnu-toolchain/bin/../lib/gcc/arm-none-eabi/4.8.4/armv6-m/crtbegin.o
 *(SORT(.fini_array.*))
                0x000046b8                __fini_array_end = .
 *crtbegin.o(.dtors)
 *(EXCLUDE_FILE(*crtend.o) .dtors)
 *(SORT(.dtors.*))
 *crtend.o(.dtors)
                0x000046b8                . = ALIGN (0x4)
                0x000046b8                _efixed = .
                0x000046b8                PROVIDE (__exidx_start, .)

.vfp11_veneer   0x000046b8        0x0
 .vfp11_veneer  0x00000000        0x0 linker stubs

.v4_bx          0x000046b8        0x0
 .v4_bx         0x00000000        0x0 linker stubs

.iplt           0x000046b8        0x0
 .iplt          0x00000000        0x0 c:/program files (x86)/atmel/atmel toolchain/arm gcc/native/4.8.1443/arm-gnu-toolchain/bin/../lib/gcc/arm-none-eabi/4.8.4/armv6-m/crtbegin.o

.eh_frame       0x000046b8        0x0
 .eh_frame      0x000046b8        0x0 c:/program files (x86)/atmel/atmel toolchain/arm gcc/native/4.8.1443/arm-gnu-toolchain/bin/../lib/gcc/arm-none-eabi/4.8.4/armv6-m/crtbegin.o

.rel.dyn        0x000046b8        0x0
 .rel.iplt      0x00000000        0x0 c:/program files (x86)/atmel/atmel toolchain/arm gcc/native/4.8.1443/arm-gnu-toolchain/bin/../lib/gcc/arm-none-eabi/4.8.4/armv6-m/crtbegin.o
 .rel.got       0x00000000        0x0 c:/program files (x86)/atmel/atmel toolchain/arm gcc/native/4.8.1443/arm-gnu-toolchain/bin/../lib/gcc/arm-none-eabi/4.8.4/armv6-m/crtbegin.o

.jcr            0x000046b8        0x0
 .jcr           0x000046b8        0x0 c:/program files (x86)/atmel/atmel toolchain/arm gcc/native/4.8.1443/arm-gnu-toolchain/bin/../lib/gcc/arm-none-eabi/4.8.4/armv6-m/crtbegin.o

.igot.plt       0x000046b8        0x0
 .igot.plt      0x00000000        0x0 c:/program files (x86)/atmel/atmel toolchain/arm gcc/native/4.8.1443/arm-gnu-toolchain/bin/../lib/gcc/arm-none-eabi/4.8.4/armv6-m/crtbegin.o

.got            0x000046b8      0x200
 .got           0x000046b8      0x200 c:/program files (x86)/atmel/atmel toolchain/arm gcc/native/4.8.1443/arm-gnu-toolchain/bin/../lib/gcc/arm-none-eabi/4.8.4/armv6-m/crtbegin.o

.got.plt        0x000048b8        0xc
 .got.plt       0x000048b8        0xc c:/program files (x86)/atmel/atmel toolchain/arm gcc/native/4.8.1443/arm-gnu-toolchain/bin/../lib/gcc/arm-none-eabi/4.8.4/armv6-m/crtbegin.o
                0x000048b8                _GLOBAL_OFFSET_TABLE_

.ARM.exidx
 *(.ARM.exidx* .gnu.linkonce.armexidx.*)
                0x000048c4                PROVIDE (__exidx_end, .)
                0x000048c4                . = ALIGN (0x4)
                0x000048c4                _etext = .

.relocate       0x20000000      0x438 load address 0x000048c4
                0x20000000                . = ALIGN (0x4)
                0x20000000                _srelocate = .
 *(.ramfunc .ramfunc.*)
 *(.data .data.*)
 .data          0x20000000        0x4 src/Peripherals/bastian_sercom.o
                0x20000000                lock_allow_main_discovery
 .data          0x20000004        0x4 src/ASF/thirdparty/freertos/freertos-8.0.1/Source/portable/GCC/ARM_CM0/port.o
 .data          0x20000008        0x4 src/ASF/thirdparty/freertos/freertos-8.0.1/Source/tasks.o
 .data          0x2000000c        0x1 src/ASF/common/utils/interrupt/interrupt_sam_nvic.o
                0x2000000c                g_interrupt_enabled
 *fill*         0x2000000d        0x3 
 .data.impure_data
                0x20000010      0x428 c:/program files (x86)/atmel/atmel toolchain/arm gcc/native/4.8.1443/arm-gnu-toolchain/bin/../lib/gcc/arm-none-eabi/4.8.4/../../../../arm-none-eabi/lib/armv6-m\libc.a(lib_a-impure.o)
                0x20000438                . = ALIGN (0x4)
                0x20000438                _erelocate = .

.bss            0x20000438     0x1a18 load address 0x00004cfc
                0x20000438                . = ALIGN (0x4)
                0x20000438                _sbss = .
                0x20000438                _szero = .
 *(.bss .bss.*)
 .bss           0x20000438       0x1c c:/program files (x86)/atmel/atmel toolchain/arm gcc/native/4.8.1443/arm-gnu-toolchain/bin/../lib/gcc/arm-none-eabi/4.8.4/armv6-m/crtbegin.o
 .bss           0x20000454       0x14 Bastian_freeRTOS-TRACE.o
                0x20000454                irda_rx_array
                0x2000045c                irda_tx_array
 .bss           0x20000468        0x8 src/ASF/sam0/drivers/sercom/sercom.o
 .bss           0x20000470       0x10 src/Peripherals/bastian_sercom.o
                0x20000470                irda_timed_out
                0x20000474                lock_trace
 .bss           0x20000480       0x1c src/ASF/sam0/drivers/sercom/sercom_interrupt.o
 .bss           0x2000049c     0x1778 src/ASF/thirdparty/freertos/freertos-8.0.1/Source/portable/MemMang/heap_1.o
 .bss           0x20001c14       0xfc src/ASF/thirdparty/freertos/freertos-8.0.1/Source/tasks.o
                0x20001d0c                pxCurrentTCB
 .bss           0x20001d10       0x38 src/ASF/thirdparty/freertos/freertos-8.0.1/Source/timers.o
 .bss           0x20001d48       0x20 src/ASF/sam0/drivers/system/clock/clock_samd21_r21_da/clock.o
 .bss           0x20001d68        0x8 src/ASF/common/utils/interrupt/interrupt_sam_nvic.o
 *(COMMON)
 COMMON         0x20001d70       0x74 Bastian_freeRTOS-TRACE.o
                0x20001d70                slat
                0x20001d71                irda_comm_state
                0x20001d74                ser_master
                0x20001da8                irda_master
                0x20001ddc                timer_IrDA_Ping
                0x20001de0                irda_task_handler
 COMMON         0x20001de4        0x8 src/Peripherals/bastian_sercom.o
                0x20001de4                unlock_count
                0x20001de8                lock_main_discovery_count
 COMMON         0x20001dec       0x54 src/Peripherals/ebm_papst_motor.o
                0x20001dec                timer_motor_comm
                0x20001df0                motor_serial
                0x20001e24                motor
                0x20001e3c                motor_task_handler
 COMMON         0x20001e40       0x10 src/ASF/sam0/drivers/sercom/sercom_interrupt.o
                0x20001e40                _sercom_instances
                0x20001e50                . = ALIGN (0x4)
                0x20001e50                _ebss = .
                0x20001e50                _ezero = .

.stack          0x20001e50     0x2000 load address 0x00006714
                0x20001e50                . = ALIGN (0x8)
                0x20001e50                _sstack = .
                0x20003e50                . = (. + STACK_SIZE)
 *fill*         0x20001e50     0x2000 
                0x20003e50                . = ALIGN (0x8)
                0x20003e50                _estack = .
                0x20003e50                . = ALIGN (0x4)
                0x20003e50                _end = .
OUTPUT(Bastian_freeRTOS-TRACE.elf elf32-littlearm)

.ARM.attributes
                0x00000000       0x28
 .ARM.attributes
                0x00000000       0x1e c:/program files (x86)/atmel/atmel toolchain/arm gcc/native/4.8.1443/arm-gnu-toolchain/bin/../lib/gcc/arm-none-eabi/4.8.4/armv6-m/crti.o
 .ARM.attributes
                0x0000001e       0x2c c:/program files (x86)/atmel/atmel toolchain/arm gcc/native/4.8.1443/arm-gnu-toolchain/bin/../lib/gcc/arm-none-eabi/4.8.4/armv6-m/crtbegin.o
 .ARM.attributes
                0x0000004a       0x32 Bastian_freeRTOS-TRACE.o
 .ARM.attributes
                0x0000007c       0x32 src/ASF/sam0/drivers/sercom/sercom.o
 .ARM.attributes
                0x000000ae       0x32 src/Peripherals/bastian_sercom.o
 .ARM.attributes
                0x000000e0       0x32 src/Peripherals/crc_utility.o
 .ARM.attributes
                0x00000112       0x32 src/Peripherals/ebm_papst_motor.o
 .ARM.attributes
                0x00000144       0x32 src/ASF/sam0/drivers/sercom/sercom_interrupt.o
 .ARM.attributes
                0x00000176       0x32 src/ASF/sam0/drivers/sercom/usart/usart.o
 .ARM.attributes
                0x000001a8       0x32 src/ASF/sam0/drivers/sercom/usart/usart_interrupt.o
 .ARM.attributes
                0x000001da       0x32 src/ASF/thirdparty/freertos/freertos-8.0.1/Source/list.o
 .ARM.attributes
                0x0000020c       0x32 src/ASF/thirdparty/freertos/freertos-8.0.1/Source/portable/GCC/ARM_CM0/port.o
 .ARM.attributes
                0x0000023e       0x32 src/ASF/thirdparty/freertos/freertos-8.0.1/Source/portable/MemMang/heap_1.o
 .ARM.attributes
                0x00000270       0x32 src/ASF/thirdparty/freertos/freertos-8.0.1/Source/queue.o
 .ARM.attributes
                0x000002a2       0x32 src/ASF/thirdparty/freertos/freertos-8.0.1/Source/tasks.o
 .ARM.attributes
                0x000002d4       0x32 src/ASF/thirdparty/freertos/freertos-8.0.1/Source/timers.o
 .ARM.attributes
                0x00000306       0x32 src/ASF/sam0/utils/cmsis/samd21/source/gcc/startup_samd21.o
 .ARM.attributes
                0x00000338       0x32 src/ASF/sam0/drivers/system/clock/clock_samd21_r21_da/clock.o
 .ARM.attributes
                0x0000036a       0x32 src/ASF/sam0/drivers/system/clock/clock_samd21_r21_da/gclk.o
 .ARM.attributes
                0x0000039c       0x32 src/ASF/sam0/drivers/system/system.o
 .ARM.attributes
                0x000003ce       0x32 src/ASF/common/utils/interrupt/interrupt_sam_nvic.o
 .ARM.attributes
                0x00000400       0x32 src/ASF/sam0/drivers/port/port.o
 .ARM.attributes
                0x00000432       0x32 src/ASF/sam0/drivers/system/pinmux/pinmux.o
 .ARM.attributes
                0x00000464       0x1e c:/program files (x86)/atmel/atmel toolchain/arm gcc/native/4.8.1443/arm-gnu-toolchain/bin/../lib/gcc/arm-none-eabi/4.8.4/armv6-m\libgcc.a(_thumb1_case_uqi.o)
 .ARM.attributes
                0x00000482       0x1e c:/program files (x86)/atmel/atmel toolchain/arm gcc/native/4.8.1443/arm-gnu-toolchain/bin/../lib/gcc/arm-none-eabi/4.8.4/armv6-m\libgcc.a(_udivsi3.o)
 .ARM.attributes
                0x000004a0       0x1e c:/program files (x86)/atmel/atmel toolchain/arm gcc/native/4.8.1443/arm-gnu-toolchain/bin/../lib/gcc/arm-none-eabi/4.8.4/armv6-m\libgcc.a(_dvmd_tls.o)
 .ARM.attributes
                0x000004be       0x2c c:/program files (x86)/atmel/atmel toolchain/arm gcc/native/4.8.1443/arm-gnu-toolchain/bin/../lib/gcc/arm-none-eabi/4.8.4/armv6-m\libgcc.a(_muldi3.o)
 .ARM.attributes
                0x000004ea       0x2c c:/program files (x86)/atmel/atmel toolchain/arm gcc/native/4.8.1443/arm-gnu-toolchain/bin/../lib/gcc/arm-none-eabi/4.8.4/../../../../arm-none-eabi/lib/armv6-m\libc.a(lib_a-impure.o)
 .ARM.attributes
                0x00000516       0x2c c:/program files (x86)/atmel/atmel toolchain/arm gcc/native/4.8.1443/arm-gnu-toolchain/bin/../lib/gcc/arm-none-eabi/4.8.4/../../../../arm-none-eabi/lib/armv6-m\libc.a(lib_a-init.o)
 .ARM.attributes
                0x00000542       0x2c c:/program files (x86)/atmel/atmel toolchain/arm gcc/native/4.8.1443/arm-gnu-toolchain/bin/../lib/gcc/arm-none-eabi/4.8.4/../../../../arm-none-eabi/lib/armv6-m\libc.a(lib_a-memcpy-stub.o)
 .ARM.attributes
                0x0000056e       0x2c c:/program files (x86)/atmel/atmel toolchain/arm gcc/native/4.8.1443/arm-gnu-toolchain/bin/../lib/gcc/arm-none-eabi/4.8.4/../../../../arm-none-eabi/lib/armv6-m\libc.a(lib_a-__call_atexit.o)
 .ARM.attributes
                0x0000059a       0x2c c:/program files (x86)/atmel/atmel toolchain/arm gcc/native/4.8.1443/arm-gnu-toolchain/bin/../lib/gcc/arm-none-eabi/4.8.4/../../../../arm-none-eabi/lib/armv6-m\libc.a(lib_a-atexit.o)
 .ARM.attributes
                0x000005c6       0x2c c:/program files (x86)/atmel/atmel toolchain/arm gcc/native/4.8.1443/arm-gnu-toolchain/bin/../lib/gcc/arm-none-eabi/4.8.4/../../../../arm-none-eabi/lib/armv6-m\libc.a(lib_a-fini.o)
 .ARM.attributes
                0x000005f2       0x2c c:/program files (x86)/atmel/atmel toolchain/arm gcc/native/4.8.1443/arm-gnu-toolchain/bin/../lib/gcc/arm-none-eabi/4.8.4/../../../../arm-none-eabi/lib/armv6-m\libc.a(lib_a-__atexit.o)
 .ARM.attributes
                0x0000061e       0x1e c:/program files (x86)/atmel/atmel toolchain/arm gcc/native/4.8.1443/arm-gnu-toolchain/bin/../lib/gcc/arm-none-eabi/4.8.4/armv6-m/crtn.o

.comment        0x00000000       0x5b
 .comment       0x00000000       0x5b Bastian_freeRTOS-TRACE.o
                                 0x5c (size before relaxing)
 .comment       0x00000000       0x5c src/ASF/sam0/drivers/sercom/sercom.o
 .comment       0x00000000       0x5c src/Peripherals/bastian_sercom.o
 .comment       0x00000000       0x5c src/Peripherals/crc_utility.o
 .comment       0x00000000       0x5c src/Peripherals/ebm_papst_motor.o
 .comment       0x00000000       0x5c src/ASF/sam0/drivers/sercom/sercom_interrupt.o
 .comment       0x00000000       0x5c src/ASF/sam0/drivers/sercom/usart/usart.o
 .comment       0x00000000       0x5c src/ASF/sam0/drivers/sercom/usart/usart_interrupt.o
 .comment       0x00000000       0x5c src/ASF/thirdparty/freertos/freertos-8.0.1/Source/list.o
 .comment       0x00000000       0x5c src/ASF/thirdparty/freertos/freertos-8.0.1/Source/portable/GCC/ARM_CM0/port.o
 .comment       0x00000000       0x5c src/ASF/thirdparty/freertos/freertos-8.0.1/Source/portable/MemMang/heap_1.o
 .comment       0x00000000       0x5c src/ASF/thirdparty/freertos/freertos-8.0.1/Source/queue.o
 .comment       0x00000000       0x5c src/ASF/thirdparty/freertos/freertos-8.0.1/Source/tasks.o
 .comment       0x00000000       0x5c src/ASF/thirdparty/freertos/freertos-8.0.1/Source/timers.o
 .comment       0x00000000       0x5c src/ASF/sam0/utils/cmsis/samd21/source/gcc/startup_samd21.o
 .comment       0x00000000       0x5c src/ASF/sam0/drivers/system/clock/clock_samd21_r21_da/clock.o
 .comment       0x00000000       0x5c src/ASF/sam0/drivers/system/clock/clock_samd21_r21_da/gclk.o
 .comment       0x00000000       0x5c src/ASF/sam0/drivers/system/system.o
 .comment       0x00000000       0x5c src/ASF/common/utils/interrupt/interrupt_sam_nvic.o
 .comment       0x00000000       0x5c src/ASF/sam0/drivers/port/port.o
 .comment       0x00000000       0x5c src/ASF/sam0/drivers/system/pinmux/pinmux.o

.debug_info     0x00000000    0x241e5
 .debug_info    0x00000000     0x3325 Bastian_freeRTOS-TRACE.o
 .debug_info    0x00003325     0x252e src/ASF/sam0/drivers/sercom/sercom.o
 .debug_info    0x00005853     0x35b6 src/Peripherals/bastian_sercom.o
 .debug_info    0x00008e09     0x234b src/Peripherals/crc_utility.o
 .debug_info    0x0000b154     0x38b9 src/Peripherals/ebm_papst_motor.o
 .debug_info    0x0000ea0d     0x22b0 src/ASF/sam0/drivers/sercom/sercom_interrupt.o
 .debug_info    0x00010cbd     0x412b src/ASF/sam0/drivers/sercom/usart/usart.o
 .debug_info    0x00014de8     0x2731 src/ASF/sam0/drivers/sercom/usart/usart_interrupt.o
 .debug_info    0x00017519      0x2c9 src/ASF/thirdparty/freertos/freertos-8.0.1/Source/list.o
 .debug_info    0x000177e2      0x2a1 src/ASF/thirdparty/freertos/freertos-8.0.1/Source/portable/GCC/ARM_CM0/port.o
 .debug_info    0x00017a83      0x192 src/ASF/thirdparty/freertos/freertos-8.0.1/Source/portable/MemMang/heap_1.o
 .debug_info    0x00017c15     0x115a src/ASF/thirdparty/freertos/freertos-8.0.1/Source/queue.o
 .debug_info    0x00018d6f     0x141a src/ASF/thirdparty/freertos/freertos-8.0.1/Source/tasks.o
 .debug_info    0x0001a189      0xbad src/ASF/thirdparty/freertos/freertos-8.0.1/Source/timers.o
 .debug_info    0x0001ad36     0x3a64 src/ASF/sam0/utils/cmsis/samd21/source/gcc/startup_samd21.o
 .debug_info    0x0001e79a     0x2f03 src/ASF/sam0/drivers/system/clock/clock_samd21_r21_da/clock.o
 .debug_info    0x0002169d     0x1485 src/ASF/sam0/drivers/system/clock/clock_samd21_r21_da/gclk.o
 .debug_info    0x00022b22      0x13a src/ASF/sam0/drivers/system/system.o
 .debug_info    0x00022c5c      0x1ea src/ASF/common/utils/interrupt/interrupt_sam_nvic.o
 .debug_info    0x00022e46      0x962 src/ASF/sam0/drivers/port/port.o
 .debug_info    0x000237a8      0xa3d src/ASF/sam0/drivers/system/pinmux/pinmux.o

.debug_abbrev   0x00000000     0x337a
 .debug_abbrev  0x00000000      0x398 Bastian_freeRTOS-TRACE.o
 .debug_abbrev  0x00000398      0x2de src/ASF/sam0/drivers/sercom/sercom.o
 .debug_abbrev  0x00000676      0x326 src/Peripherals/bastian_sercom.o
 .debug_abbrev  0x0000099c      0x210 src/Peripherals/crc_utility.o
 .debug_abbrev  0x00000bac      0x3d2 src/Peripherals/ebm_papst_motor.o
 .debug_abbrev  0x00000f7e      0x22b src/ASF/sam0/drivers/sercom/sercom_interrupt.o
 .debug_abbrev  0x000011a9      0x3d6 src/ASF/sam0/drivers/sercom/usart/usart.o
 .debug_abbrev  0x0000157f      0x37a src/ASF/sam0/drivers/sercom/usart/usart_interrupt.o
 .debug_abbrev  0x000018f9       0xf8 src/ASF/thirdparty/freertos/freertos-8.0.1/Source/list.o
 .debug_abbrev  0x000019f1      0x18e src/ASF/thirdparty/freertos/freertos-8.0.1/Source/portable/GCC/ARM_CM0/port.o
 .debug_abbrev  0x00001b7f       0xff src/ASF/thirdparty/freertos/freertos-8.0.1/Source/portable/MemMang/heap_1.o
 .debug_abbrev  0x00001c7e      0x26c src/ASF/thirdparty/freertos/freertos-8.0.1/Source/queue.o
 .debug_abbrev  0x00001eea      0x33d src/ASF/thirdparty/freertos/freertos-8.0.1/Source/tasks.o
 .debug_abbrev  0x00002227      0x2a3 src/ASF/thirdparty/freertos/freertos-8.0.1/Source/timers.o
 .debug_abbrev  0x000024ca      0x207 src/ASF/sam0/utils/cmsis/samd21/source/gcc/startup_samd21.o
 .debug_abbrev  0x000026d1      0x3b5 src/ASF/sam0/drivers/system/clock/clock_samd21_r21_da/clock.o
 .debug_abbrev  0x00002a86      0x301 src/ASF/sam0/drivers/system/clock/clock_samd21_r21_da/gclk.o
 .debug_abbrev  0x00002d87       0xa8 src/ASF/sam0/drivers/system/system.o
 .debug_abbrev  0x00002e2f       0xf3 src/ASF/common/utils/interrupt/interrupt_sam_nvic.o
 .debug_abbrev  0x00002f22      0x1d7 src/ASF/sam0/drivers/port/port.o
 .debug_abbrev  0x000030f9      0x281 src/ASF/sam0/drivers/system/pinmux/pinmux.o

.debug_loc      0x00000000     0x77d5
 .debug_loc     0x00000000      0x235 Bastian_freeRTOS-TRACE.o
 .debug_loc     0x00000235      0x773 src/ASF/sam0/drivers/sercom/sercom.o
 .debug_loc     0x000009a8      0x33f src/Peripherals/bastian_sercom.o
 .debug_loc     0x00000ce7      0x18e src/Peripherals/crc_utility.o
 .debug_loc     0x00000e75      0x2da src/Peripherals/ebm_papst_motor.o
 .debug_loc     0x0000114f      0x170 src/ASF/sam0/drivers/sercom/sercom_interrupt.o
 .debug_loc     0x000012bf      0xedd src/ASF/sam0/drivers/sercom/usart/usart.o
 .debug_loc     0x0000219c      0x5e5 src/ASF/sam0/drivers/sercom/usart/usart_interrupt.o
 .debug_loc     0x00002781       0x85 src/ASF/thirdparty/freertos/freertos-8.0.1/Source/list.o
 .debug_loc     0x00002806      0x12b src/ASF/thirdparty/freertos/freertos-8.0.1/Source/portable/GCC/ARM_CM0/port.o
 .debug_loc     0x00002931       0x8b src/ASF/thirdparty/freertos/freertos-8.0.1/Source/portable/MemMang/heap_1.o
 .debug_loc     0x000029bc     0x1525 src/ASF/thirdparty/freertos/freertos-8.0.1/Source/queue.o
 .debug_loc     0x00003ee1     0x119c src/ASF/thirdparty/freertos/freertos-8.0.1/Source/tasks.o
 .debug_loc     0x0000507d      0x9c8 src/ASF/thirdparty/freertos/freertos-8.0.1/Source/timers.o
 .debug_loc     0x00005a45       0x88 src/ASF/sam0/utils/cmsis/samd21/source/gcc/startup_samd21.o
 .debug_loc     0x00005acd     0x127f src/ASF/sam0/drivers/system/clock/clock_samd21_r21_da/clock.o
 .debug_loc     0x00006d4c      0x5af src/ASF/sam0/drivers/system/clock/clock_samd21_r21_da/gclk.o
 .debug_loc     0x000072fb       0x2c src/ASF/sam0/drivers/system/system.o
 .debug_loc     0x00007327       0x5e src/ASF/common/utils/interrupt/interrupt_sam_nvic.o
 .debug_loc     0x00007385      0x16d src/ASF/sam0/drivers/port/port.o
 .debug_loc     0x000074f2      0x2e3 src/ASF/sam0/drivers/system/pinmux/pinmux.o

.debug_aranges  0x00000000      0x798
 .debug_aranges
                0x00000000       0x40 Bastian_freeRTOS-TRACE.o
 .debug_aranges
                0x00000040       0x40 src/ASF/sam0/drivers/sercom/sercom.o
 .debug_aranges
                0x00000080       0x30 src/Peripherals/bastian_sercom.o
 .debug_aranges
                0x000000b0       0x28 src/Peripherals/crc_utility.o
 .debug_aranges
                0x000000d8       0x68 src/Peripherals/ebm_papst_motor.o
 .debug_aranges
                0x00000140       0x50 src/ASF/sam0/drivers/sercom/sercom_interrupt.o
 .debug_aranges
                0x00000190       0x40 src/ASF/sam0/drivers/sercom/usart/usart.o
 .debug_aranges
                0x000001d0       0x70 src/ASF/sam0/drivers/sercom/usart/usart_interrupt.o
 .debug_aranges
                0x00000240       0x40 src/ASF/thirdparty/freertos/freertos-8.0.1/Source/list.o
 .debug_aranges
                0x00000280       0x88 src/ASF/thirdparty/freertos/freertos-8.0.1/Source/portable/GCC/ARM_CM0/port.o
 .debug_aranges
                0x00000308       0x38 src/ASF/thirdparty/freertos/freertos-8.0.1/Source/portable/MemMang/heap_1.o
 .debug_aranges
                0x00000340       0xf0 src/ASF/thirdparty/freertos/freertos-8.0.1/Source/queue.o
 .debug_aranges
                0x00000430      0x130 src/ASF/thirdparty/freertos/freertos-8.0.1/Source/tasks.o
 .debug_aranges
                0x00000560       0x68 src/ASF/thirdparty/freertos/freertos-8.0.1/Source/timers.o
 .debug_aranges
                0x000005c8       0x28 src/ASF/sam0/utils/cmsis/samd21/source/gcc/startup_samd21.o
 .debug_aranges
                0x000005f0       0x78 src/ASF/sam0/drivers/system/clock/clock_samd21_r21_da/clock.o
 .debug_aranges
                0x00000668       0x80 src/ASF/sam0/drivers/system/clock/clock_samd21_r21_da/gclk.o
 .debug_aranges
                0x000006e8       0x28 src/ASF/sam0/drivers/system/system.o
 .debug_aranges
                0x00000710       0x28 src/ASF/common/utils/interrupt/interrupt_sam_nvic.o
 .debug_aranges
                0x00000738       0x28 src/ASF/sam0/drivers/port/port.o
 .debug_aranges
                0x00000760       0x38 src/ASF/sam0/drivers/system/pinmux/pinmux.o

.debug_ranges   0x00000000      0x828
 .debug_ranges  0x00000000       0x30 Bastian_freeRTOS-TRACE.o
 .debug_ranges  0x00000030       0x60 src/ASF/sam0/drivers/sercom/sercom.o
 .debug_ranges  0x00000090       0x20 src/Peripherals/bastian_sercom.o
 .debug_ranges  0x000000b0       0x18 src/Peripherals/crc_utility.o
 .debug_ranges  0x000000c8       0x58 src/Peripherals/ebm_papst_motor.o
 .debug_ranges  0x00000120       0x40 src/ASF/sam0/drivers/sercom/sercom_interrupt.o
 .debug_ranges  0x00000160       0xf8 src/ASF/sam0/drivers/sercom/usart/usart.o
 .debug_ranges  0x00000258       0x60 src/ASF/sam0/drivers/sercom/usart/usart_interrupt.o
 .debug_ranges  0x000002b8       0x30 src/ASF/thirdparty/freertos/freertos-8.0.1/Source/list.o
 .debug_ranges  0x000002e8       0x78 src/ASF/thirdparty/freertos/freertos-8.0.1/Source/portable/GCC/ARM_CM0/port.o
 .debug_ranges  0x00000360       0x28 src/ASF/thirdparty/freertos/freertos-8.0.1/Source/portable/MemMang/heap_1.o
 .debug_ranges  0x00000388       0xe0 src/ASF/thirdparty/freertos/freertos-8.0.1/Source/queue.o
 .debug_ranges  0x00000468      0x1c0 src/ASF/thirdparty/freertos/freertos-8.0.1/Source/tasks.o
 .debug_ranges  0x00000628       0xa0 src/ASF/thirdparty/freertos/freertos-8.0.1/Source/timers.o
 .debug_ranges  0x000006c8       0x18 src/ASF/sam0/utils/cmsis/samd21/source/gcc/startup_samd21.o
 .debug_ranges  0x000006e0       0x68 src/ASF/sam0/drivers/system/clock/clock_samd21_r21_da/clock.o
 .debug_ranges  0x00000748       0x70 src/ASF/sam0/drivers/system/clock/clock_samd21_r21_da/gclk.o
 .debug_ranges  0x000007b8       0x18 src/ASF/sam0/drivers/system/system.o
 .debug_ranges  0x000007d0       0x18 src/ASF/common/utils/interrupt/interrupt_sam_nvic.o
 .debug_ranges  0x000007e8       0x18 src/ASF/sam0/drivers/port/port.o
 .debug_ranges  0x00000800       0x28 src/ASF/sam0/drivers/system/pinmux/pinmux.o

.debug_line     0x00000000     0x6096
 .debug_line    0x00000000      0x690 Bastian_freeRTOS-TRACE.o
 .debug_line    0x00000690      0x3e7 src/ASF/sam0/drivers/sercom/sercom.o
 .debug_line    0x00000a77      0x698 src/Peripherals/bastian_sercom.o
 .debug_line    0x0000110f      0x3c2 src/Peripherals/crc_utility.o
 .debug_line    0x000014d1      0x775 src/Peripherals/ebm_papst_motor.o
 .debug_line    0x00001c46      0x3b0 src/ASF/sam0/drivers/sercom/sercom_interrupt.o
 .debug_line    0x00001ff6      0x5ef src/ASF/sam0/drivers/sercom/usart/usart.o
 .debug_line    0x000025e5      0x4c3 src/ASF/sam0/drivers/sercom/usart/usart_interrupt.o
 .debug_line    0x00002aa8      0x27f src/ASF/thirdparty/freertos/freertos-8.0.1/Source/list.o
 .debug_line    0x00002d27      0x2f4 src/ASF/thirdparty/freertos/freertos-8.0.1/Source/portable/GCC/ARM_CM0/port.o
 .debug_line    0x0000301b      0x25d src/ASF/thirdparty/freertos/freertos-8.0.1/Source/portable/MemMang/heap_1.o
 .debug_line    0x00003278      0x794 src/ASF/thirdparty/freertos/freertos-8.0.1/Source/queue.o
 .debug_line    0x00003a0c      0x93a src/ASF/thirdparty/freertos/freertos-8.0.1/Source/tasks.o
 .debug_line    0x00004346      0x39a src/ASF/thirdparty/freertos/freertos-8.0.1/Source/timers.o
 .debug_line    0x000046e0      0x332 src/ASF/sam0/utils/cmsis/samd21/source/gcc/startup_samd21.o
 .debug_line    0x00004a12      0x5a9 src/ASF/sam0/drivers/system/clock/clock_samd21_r21_da/clock.o
 .debug_line    0x00004fbb      0x630 src/ASF/sam0/drivers/system/clock/clock_samd21_r21_da/gclk.o
 .debug_line    0x000055eb      0x1d2 src/ASF/sam0/drivers/system/system.o
 .debug_line    0x000057bd      0x279 src/ASF/common/utils/interrupt/interrupt_sam_nvic.o
 .debug_line    0x00005a36      0x321 src/ASF/sam0/drivers/port/port.o
 .debug_line    0x00005d57      0x33f src/ASF/sam0/drivers/system/pinmux/pinmux.o

.debug_str      0x00000000     0x6a65
 .debug_str     0x00000000     0x1478 Bastian_freeRTOS-TRACE.o
                               0x15ba (size before relaxing)
 .debug_str     0x00001478      0x386 src/ASF/sam0/drivers/sercom/sercom.o
                               0x10df (size before relaxing)
 .debug_str     0x000017fe      0x9f1 src/Peripherals/bastian_sercom.o
                               0x1e91 (size before relaxing)
 .debug_str     0x000021ef       0x43 src/Peripherals/crc_utility.o
                               0x10c3 (size before relaxing)
 .debug_str     0x00002232      0x181 src/Peripherals/ebm_papst_motor.o
                               0x200f (size before relaxing)
 .debug_str     0x000023b3       0xf6 src/ASF/sam0/drivers/sercom/sercom_interrupt.o
                                0xf4b (size before relaxing)
 .debug_str     0x000024a9      0x6c0 src/ASF/sam0/drivers/sercom/usart/usart.o
                               0x1d94 (size before relaxing)
 .debug_str     0x00002b69      0x199 src/ASF/sam0/drivers/sercom/usart/usart_interrupt.o
                               0x10a5 (size before relaxing)
 .debug_str     0x00002d02      0x165 src/ASF/thirdparty/freertos/freertos-8.0.1/Source/list.o
                                0x30a (size before relaxing)
 .debug_str     0x00002e67      0x194 src/ASF/thirdparty/freertos/freertos-8.0.1/Source/portable/GCC/ARM_CM0/port.o
                                0x370 (size before relaxing)
 .debug_str     0x00002ffb       0xd1 src/ASF/thirdparty/freertos/freertos-8.0.1/Source/portable/MemMang/heap_1.o
                                0x272 (size before relaxing)
 .debug_str     0x000030cc      0x51d src/ASF/thirdparty/freertos/freertos-8.0.1/Source/queue.o
                                0x7ca (size before relaxing)
 .debug_str     0x000035e9      0x747 src/ASF/thirdparty/freertos/freertos-8.0.1/Source/tasks.o
                                0xa6f (size before relaxing)
 .debug_str     0x00003d30      0x3aa src/ASF/thirdparty/freertos/freertos-8.0.1/Source/timers.o
                                0x6a9 (size before relaxing)
 .debug_str     0x000040da     0x100d src/ASF/sam0/utils/cmsis/samd21/source/gcc/startup_samd21.o
                               0x1344 (size before relaxing)
 .debug_str     0x000050e7     0x14bc src/ASF/sam0/drivers/system/clock/clock_samd21_r21_da/clock.o
                               0x201d (size before relaxing)
 .debug_str     0x000065a3      0x285 src/ASF/sam0/drivers/system/clock/clock_samd21_r21_da/gclk.o
                                0xd90 (size before relaxing)
 .debug_str     0x00006828       0x47 src/ASF/sam0/drivers/system/system.o
                                0x2b5 (size before relaxing)
 .debug_str     0x0000686f       0x73 src/ASF/common/utils/interrupt/interrupt_sam_nvic.o
                                0x309 (size before relaxing)
 .debug_str     0x000068e2       0x53 src/ASF/sam0/drivers/port/port.o
                                0x669 (size before relaxing)
 .debug_str     0x00006935      0x130 src/ASF/sam0/drivers/system/pinmux/pinmux.o
                                0x6d1 (size before relaxing)

.debug_frame    0x00000000     0x15fc
 .debug_frame   0x00000000       0xa4 Bastian_freeRTOS-TRACE.o
 .debug_frame   0x000000a4       0xa8 src/ASF/sam0/drivers/sercom/sercom.o
 .debug_frame   0x0000014c       0x68 src/Peripherals/bastian_sercom.o
 .debug_frame   0x000001b4       0x44 src/Peripherals/crc_utility.o
 .debug_frame   0x000001f8      0x110 src/Peripherals/ebm_papst_motor.o
 .debug_frame   0x00000308       0xbc src/ASF/sam0/drivers/sercom/sercom_interrupt.o
 .debug_frame   0x000003c4       0xc4 src/ASF/sam0/drivers/sercom/usart/usart.o
 .debug_frame   0x00000488      0x130 src/ASF/sam0/drivers/sercom/usart/usart_interrupt.o
 .debug_frame   0x000005b8       0x6c src/ASF/thirdparty/freertos/freertos-8.0.1/Source/list.o
 .debug_frame   0x00000624      0x10c src/ASF/thirdparty/freertos/freertos-8.0.1/Source/portable/GCC/ARM_CM0/port.o
 .debug_frame   0x00000730       0x60 src/ASF/thirdparty/freertos/freertos-8.0.1/Source/portable/MemMang/heap_1.o
 .debug_frame   0x00000790      0x34c src/ASF/thirdparty/freertos/freertos-8.0.1/Source/queue.o
 .debug_frame   0x00000adc      0x3ec src/ASF/thirdparty/freertos/freertos-8.0.1/Source/tasks.o
 .debug_frame   0x00000ec8      0x144 src/ASF/thirdparty/freertos/freertos-8.0.1/Source/timers.o
 .debug_frame   0x0000100c       0x40 src/ASF/sam0/utils/cmsis/samd21/source/gcc/startup_samd21.o
 .debug_frame   0x0000104c      0x16c src/ASF/sam0/drivers/system/clock/clock_samd21_r21_da/clock.o
 .debug_frame   0x000011b8      0x180 src/ASF/sam0/drivers/system/clock/clock_samd21_r21_da/gclk.o
 .debug_frame   0x00001338       0x3c src/ASF/sam0/drivers/system/system.o
 .debug_frame   0x00001374       0x38 src/ASF/common/utils/interrupt/interrupt_sam_nvic.o
 .debug_frame   0x000013ac       0x48 src/ASF/sam0/drivers/port/port.o
 .debug_frame   0x000013f4       0x7c src/ASF/sam0/drivers/system/pinmux/pinmux.o
 .debug_frame   0x00001470       0x20 c:/program files (x86)/atmel/atmel toolchain/arm gcc/native/4.8.1443/arm-gnu-toolchain/bin/../lib/gcc/arm-none-eabi/4.8.4/armv6-m\libgcc.a(_udivsi3.o)
 .debug_frame   0x00001490       0x30 c:/program files (x86)/atmel/atmel toolchain/arm gcc/native/4.8.1443/arm-gnu-toolchain/bin/../lib/gcc/arm-none-eabi/4.8.4/armv6-m\libgcc.a(_muldi3.o)
 .debug_frame   0x000014c0       0x2c c:/program files (x86)/atmel/atmel toolchain/arm gcc/native/4.8.1443/arm-gnu-toolchain/bin/../lib/gcc/arm-none-eabi/4.8.4/../../../../arm-none-eabi/lib/armv6-m\libc.a(lib_a-init.o)
 .debug_frame   0x000014ec       0x30 c:/program files (x86)/atmel/atmel toolchain/arm gcc/native/4.8.1443/arm-gnu-toolchain/bin/../lib/gcc/arm-none-eabi/4.8.4/../../../../arm-none-eabi/lib/armv6-m\libc.a(lib_a-memcpy-stub.o)
 .debug_frame   0x0000151c       0x54 c:/program files (x86)/atmel/atmel toolchain/arm gcc/native/4.8.1443/arm-gnu-toolchain/bin/../lib/gcc/arm-none-eabi/4.8.4/../../../../arm-none-eabi/lib/armv6-m\libc.a(lib_a-__call_atexit.o)
 .debug_frame   0x00001570       0x28 c:/program files (x86)/atmel/atmel toolchain/arm gcc/native/4.8.1443/arm-gnu-toolchain/bin/../lib/gcc/arm-none-eabi/4.8.4/../../../../arm-none-eabi/lib/armv6-m\libc.a(lib_a-atexit.o)
 .debug_frame   0x00001598       0x2c c:/program files (x86)/atmel/atmel toolchain/arm gcc/native/4.8.1443/arm-gnu-toolchain/bin/../lib/gcc/arm-none-eabi/4.8.4/../../../../arm-none-eabi/lib/armv6-m\libc.a(lib_a-fini.o)
 .debug_frame   0x000015c4       0x38 c:/program files (x86)/atmel/atmel toolchain/arm gcc/native/4.8.1443/arm-gnu-toolchain/bin/../lib/gcc/arm-none-eabi/4.8.4/../../../../arm-none-eabi/lib/armv6-m\libc.a(lib_a-__atexit.o)
